###############################################################################
#                                                                             #
# IAR ELF Linker V6.60.1.5097/W32 for ARM               13/Oct/2013  23:03:55 #
# Copyright 2007-2013 IAR Systems AB.                                         #
#                                                                             #
#    Output file  =  D:\qp\qpc\examples\arm-cm\vanilla\iar\game_ek-lm3s811\sp #
#                    y\game.out                                               #
#    Map file     =  D:\qp\qpc\examples\arm-cm\vanilla\iar\game_ek-lm3s811\sp #
#                    y\game.map                                               #
#    Command line =  D:\qp\qpc\examples\arm-cm\vanilla\iar\game_ek-lm3s811\sp #
#                    y\bsp.o D:\qp\qpc\examples\arm-cm\vanilla\iar\game_ek-lm #
#                    3s811\spy\display96x16x1.o D:\qp\qpc\examples\arm-cm\van #
#                    illa\iar\game_ek-lm3s811\spy\main.o                      #
#                    D:\qp\qpc\examples\arm-cm\vanilla\iar\game_ek-lm3s811\sp #
#                    y\mine1.o D:\qp\qpc\examples\arm-cm\vanilla\iar\game_ek- #
#                    lm3s811\spy\mine2.o D:\qp\qpc\examples\arm-cm\vanilla\ia #
#                    r\game_ek-lm3s811\spy\missile.o                          #
#                    D:\qp\qpc\examples\arm-cm\vanilla\iar\game_ek-lm3s811\sp #
#                    y\ship.o D:\qp\qpc\examples\arm-cm\vanilla\iar\game_ek-l #
#                    m3s811\spy\startup_lm3s.o D:\qp\qpc\examples\arm-cm\vani #
#                    lla\iar\game_ek-lm3s811\spy\system_lm3s.o                #
#                    D:\qp\qpc\examples\arm-cm\vanilla\iar\game_ek-lm3s811\sp #
#                    y\tunnel.o --redirect _Printf=_PrintfTiny --redirect     #
#                    _Scanf=_ScanfSmall -o D:\qp\qpc\examples\arm-cm\vanilla\ #
#                    iar\game_ek-lm3s811\spy\game.out --map                   #
#                    D:\qp\qpc\examples\arm-cm\vanilla\iar\game_ek-lm3s811\sp #
#                    y\game.map --config D:\qp\qpc\examples\arm-cm\vanilla\ia #
#                    r\game_ek-lm3s811\lm3s811.icf --semihosting              #
#                    D:\qp\qpc\ports\arm-cm\vanilla\iar\spy\libqp_cortex-m3.a #
#                     --entry __iar_program_start --vfe                       #
#                                                                             #
#                                                                             #
###############################################################################

*******************************************************************************
*** RUNTIME MODEL ATTRIBUTES
***

CppFlavor       = *
__SystemLibrary = DLib


*******************************************************************************
*** PLACEMENT SUMMARY
***

"A1":  place at start of [0x00000000-0x0000ffff] { ro section .intvec };
"P1":  place in [from 0x00000000 to 0x0000ffff] { ro };
"P2":  place in [from 0x20000000 to 0x20001fff] { rw, block HEAP };

  Section          Kind        Address    Size  Object
  -------          ----        -------    ----  ------
"A1":                                     0xf0
  .intvec          const    0x00000000    0xf0  startup_lm3s.o [1]
                          - 0x000000f0    0xf0

"P1":                                   0x5a20
  .text            ro code  0x000000f0   0xef0  tunnel.o [1]
  .text            ro code  0x00000fe0    0x28  qa_ctor.o [4]
  .text            ro code  0x00001008    0x44  qte_ctor.o [4]
  .text            ro code  0x0000104c   0x428  mine1.o [1]
  .text            ro code  0x00001474   0x428  mine2.o [1]
  .text            ro code  0x0000189c     0xc  memmove.o [5]
  .text            ro code  0x000018a8     0xc  memcpy.o [3]
  .text            ro code  0x000018b4   0x64c  qhsm_dis.o [4]
  .text            ro code  0x00001f00   0x7e4  bsp.o [1]
  .text            ro code  0x000026e4   0x19c  qhsm_ini.o [4]
  .text            ro code  0x00002880    0xc4  qa_sub.o [4]
  .text            ro code  0x00002944    0xa0  qs_dict.o [4]
  .text            ro code  0x000029e4    0xcc  qte_arm.o [4]
  .text            ro code  0x00002ab0    0xb8  qte_darm.o [4]
  .text            ro code  0x00002b68    0x14  memset.o [3]
  .text            ro code  0x00002b7c    0xdc  qvanilla.o [4]
  .text            ro code  0x00002c58    0xb8  qf_new.o [4]
  .text            ro code  0x00002d10    0x78  ABImemmove_unaligned.o [5]
  .text            ro code  0x00002d88    0x76  ABImemcpy_unaligned.o [5]
  .text            ro code  0x00002dfe    0x22  zero_init3.o [5]
  .text            ro code  0x00002e20   0x290  qs.o [4]
  .text            ro code  0x000030b0   0x2e4  qs_.o [4]
  .text            ro code  0x00003394   0x17c  qf_tick.o [4]
  .text            ro code  0x00003510   0x104  qf_pspub.o [4]
  .text            ro code  0x00003614   0x2a0  system_lm3s.o [1]
  .text            ro code  0x000038b4   0x548  display96x16x1.o [1]
  .text            ro code  0x00003dfc    0x44  qs_blk.o [4]
  .text            ro code  0x00003e40    0x66  ABImemset.o [5]
  .text            ro code  0x00003ea8   0x13c  qa_get_.o [4]
  .text            ro code  0x00003fe4    0xb4  qf_gc.o [4]
  .text            ro code  0x00004098    0x60  qeq_init.o [4]
  .text            ro code  0x000040f8    0x88  qf_act.o [4]
  .text            ro code  0x00004180    0xd4  qmp_get.o [4]
  .text            ro code  0x00004254    0x3a  ABImemset48.o [5]
  .text            ro code  0x00004290    0x8c  qmp_put.o [4]
  .text            ro code  0x0000431c   0x3b8  ship.o [1]
  .text            ro code  0x000046d4   0x26c  missile.o [1]
  .rodata          const    0x00004940   0x1dc  display96x16x1.o [1]
  .text            ro code  0x00004b1c   0x17c  qa_fifo.o [4]
  .text            ro code  0x00004c98   0x16c  main.o [1]
  .text            ro code  0x00004e04    0x78  qf_pool.o [4]
  .text            ro code  0x00004e7c    0x14  qf_psini.o [4]
  .text            ro code  0x00004e90    0xdc  qmp_init.o [4]
  .text            ro code  0x00004f6c    0xf8  qa_lifo.o [4]
  .rodata          const    0x00005064    0xcc  qf_pwr2.o [4]
  .rodata          const    0x00005130    0x74  display96x16x1.o [1]
  .rodata          const    0x000051a4    0x5c  system_lm3s.o [1]
  .rodata          const    0x00005200    0x50  display96x16x1.o [1]
  .rodata          const    0x00005250    0x50  tunnel.o [1]
  .rodata          const    0x000052a0    0x40  mine1.o [1]
  .rodata          const    0x000052e0    0x40  mine2.o [1]
  .rodata          const    0x00005320    0x40  tunnel.o [1]
  .rodata          const    0x00005360    0x3c  bsp.o [1]
  .rodata          const    0x0000539c    0x38  tunnel.o [1]
  .text            ro code  0x000053d4    0x28  data_init.o [5]
  .iar.init_table  const    0x000053fc    0x10  - Linker created -
  .text            ro code  0x0000540c    0x20  startup_lm3s.o [1]
  .rodata          const    0x0000542c    0x1c  tunnel.o [1]
  .rodata          const    0x00005448    0x1c  tunnel.o [1]
  .text            ro code  0x00005464    0x1a  cmain.o [5]
  .text            ro code  0x0000547e     0x4  low_level_init.o [3]
  .text            ro code  0x00005482     0x4  exit.o [3]
  .text            ro code  0x00005488     0xa  cexit.o [5]
  .text            ro code  0x00005494    0x14  exit.o [6]
  .rodata          const    0x000054a8    0x18  bsp.o [1]
  .rodata          const    0x000054c0    0x18  ship.o [1]
  .rodata          const    0x000054d8    0x18  tunnel.o [1]
  .rodata          const    0x000054f0    0x18  tunnel.o [1]
  .rodata          const    0x00005508    0x18  tunnel.o [1]
  .rodata          const    0x00005520    0x14  bsp.o [1]
  .rodata          const    0x00005534    0x14  main.o [1]
  .rodata          const    0x00005548    0x14  main.o [1]
  .rodata          const    0x0000555c    0x14  main.o [1]
  .rodata          const    0x00005570    0x14  mine1.o [1]
  .rodata          const    0x00005584    0x14  mine1.o [1]
  .rodata          const    0x00005598    0x14  mine1.o [1]
  .rodata          const    0x000055ac    0x14  mine2.o [1]
  .rodata          const    0x000055c0    0x14  mine2.o [1]
  .rodata          const    0x000055d4    0x14  mine2.o [1]
  .rodata          const    0x000055e8    0x14  missile.o [1]
  .rodata          const    0x000055fc    0x14  missile.o [1]
  .rodata          const    0x00005610    0x14  missile.o [1]
  .rodata          const    0x00005624    0x14  missile.o [1]
  .rodata          const    0x00005638    0x14  ship.o [1]
  .rodata          const    0x0000564c    0x14  startup_lm3s.o [1]
  .rodata          const    0x00005660    0x14  tunnel.o [1]
  .rodata          const    0x00005674    0x14  tunnel.o [1]
  .rodata          const    0x00005688    0x14  tunnel.o [1]
  .rodata          const    0x0000569c    0x14  tunnel.o [1]
  .rodata          const    0x000056b0    0x14  tunnel.o [1]
  .rodata          const    0x000056c4    0x14  tunnel.o [1]
  .rodata          const    0x000056d8    0x14  tunnel.o [1]
  .rodata          const    0x000056ec    0x14  tunnel.o [1]
  .rodata          const    0x00005700    0x10  main.o [1]
  .rodata          const    0x00005710    0x10  main.o [1]
  .rodata          const    0x00005720    0x10  main.o [1]
  .rodata          const    0x00005730    0x10  main.o [1]
  .rodata          const    0x00005740    0x10  main.o [1]
  .rodata          const    0x00005750    0x10  main.o [1]
  .rodata          const    0x00005760    0x10  mine1.o [1]
  .rodata          const    0x00005770    0x10  mine1.o [1]
  .rodata          const    0x00005780    0x10  mine1.o [1]
  .rodata          const    0x00005790    0x10  mine1.o [1]
  .rodata          const    0x000057a0    0x10  mine1.o [1]
  .rodata          const    0x000057b0    0x10  mine1.o [1]
  .rodata          const    0x000057c0    0x10  mine2.o [1]
  .rodata          const    0x000057d0    0x10  mine2.o [1]
  .rodata          const    0x000057e0    0x10  mine2.o [1]
  .rodata          const    0x000057f0    0x10  mine2.o [1]
  .rodata          const    0x00005800    0x10  mine2.o [1]
  .rodata          const    0x00005810    0x10  mine2.o [1]
  .rodata          const    0x00005820    0x10  missile.o [1]
  .rodata          const    0x00005830    0x10  missile.o [1]
  .rodata          const    0x00005840    0x10  missile.o [1]
  .rodata          const    0x00005850    0x10  ship.o [1]
  .rodata          const    0x00005860    0x10  ship.o [1]
  .rodata          const    0x00005870    0x10  ship.o [1]
  .rodata          const    0x00005880    0x10  ship.o [1]
  .rodata          const    0x00005890    0x10  ship.o [1]
  .rodata          const    0x000058a0    0x10  ship.o [1]
  .rodata          const    0x000058b0    0x10  ship.o [1]
  .rodata          const    0x000058c0    0x10  ship.o [1]
  .rodata          const    0x000058d0    0x10  tunnel.o [1]
  .rodata          const    0x000058e0    0x10  tunnel.o [1]
  .rodata          const    0x000058f0    0x10  tunnel.o [1]
  .rodata          const    0x00005900    0x10  tunnel.o [1]
  .rodata          const    0x00005910    0x10  tunnel.o [1]
  .rodata          const    0x00005920    0x10  tunnel.o [1]
  .rodata          const    0x00005930    0x10  tunnel.o [1]
  .rodata          const    0x00005940    0x10  tunnel.o [1]
  .rodata          const    0x00005950    0x10  tunnel.o [1]
  .rodata          const    0x00005960    0x10  qep.o [4]
  .rodata          const    0x00005970     0xc  mine1.o [1]
  .rodata          const    0x0000597c     0xc  mine1.o [1]
  .rodata          const    0x00005988     0xc  mine1.o [1]
  .rodata          const    0x00005994     0xc  mine1.o [1]
  .rodata          const    0x000059a0     0xc  mine1.o [1]
  .rodata          const    0x000059ac     0xc  mine1.o [1]
  .rodata          const    0x000059b8     0xc  mine2.o [1]
  .rodata          const    0x000059c4     0xc  mine2.o [1]
  .rodata          const    0x000059d0     0xc  mine2.o [1]
  .rodata          const    0x000059dc     0xc  mine2.o [1]
  .rodata          const    0x000059e8     0xc  mine2.o [1]
  .rodata          const    0x000059f4     0xc  mine2.o [1]
  .rodata          const    0x00005a00     0xc  missile.o [1]
  .rodata          const    0x00005a0c     0xc  startup_lm3s.o [1]
  .rodata          const    0x00005a18     0xc  tunnel.o [1]
  .rodata          const    0x00005a24     0xc  tunnel.o [1]
  .rodata          const    0x00005a30     0xc  tunnel.o [1]
  .rodata          const    0x00005a3c     0xc  tunnel.o [1]
  .text            ro code  0x00005a48     0xc  cstartup_M.o [5]
  .rodata          const    0x00005a54     0x8  display96x16x1.o [1]
  .rodata          const    0x00005a5c     0x8  display96x16x1.o [1]
  .rodata          const    0x00005a64     0x8  display96x16x1.o [1]
  .rodata          const    0x00005a6c     0x8  display96x16x1.o [1]
  .rodata          const    0x00005a74     0x8  mine1.o [1]
  .rodata          const    0x00005a7c     0x8  mine1.o [1]
  .rodata          const    0x00005a84     0x8  mine2.o [1]
  .rodata          const    0x00005a8c     0x8  mine2.o [1]
  .rodata          const    0x00005a94     0x8  ship.o [1]
  .rodata          const    0x00005a9c     0x8  tunnel.o [1]
  .rodata          const    0x00005aa4     0x8  tunnel.o [1]
  .rodata          const    0x00005aac     0x8  tunnel.o [1]
  .rodata          const    0x00005ab4     0x8  tunnel.o [1]
  .rodata          const    0x00005abc     0x8  tunnel.o [1]
  .rodata          const    0x00005ac4     0x8  tunnel.o [1]
  .rodata          const    0x00005acc     0x8  tunnel.o [1]
  .rodata          const    0x00005ad4     0x8  tunnel.o [1]
  .rodata          const    0x00005adc     0x4  bsp.o [1]
  .rodata          const    0x00005ae0     0x4  bsp.o [1]
  .rodata          const    0x00005ae4     0x4  missile.o [1]
  .rodata          const    0x00005ae8     0x4  ship.o [1]
  .rodata          const    0x00005aec     0x4  tunnel.o [1]
  .rodata          const    0x00005af0     0x4  tunnel.o [1]
  .rodata          const    0x00005af4     0x4  tunnel.o [1]
  .rodata          const    0x00005af8     0x4  tunnel.o [1]
  .rodata          const    0x00005afc     0x4  tunnel.o [1]
  .rodata          const    0x00005b00     0x4  tunnel.o [1]
  .rodata          const    0x00005b04     0x4  tunnel.o [1]
  .rodata          const    0x00005b08     0x4  tunnel.o [1]
  .text            ro code  0x00005b0c     0x4  qhsm_top.o [4]
  .rodata          const    0x00005b10     0x0  zero_init3.o [5]
                          - 0x00005b10  0x5a20

"P2", part 1 of 2:                       0xb74
  .bss             zero     0x20000000   0x600  bsp.o [1]
  .bss             zero     0x20000600    0xc0  tunnel.o [1]
  .bss             zero     0x200006c0    0xc0  tunnel.o [1]
  .bss             zero     0x20000780    0xa0  main.o [1]
  .bss             zero     0x20000820    0x84  tunnel.o [1]
  .bss             zero     0x200008a4    0x84  qf_act.o [4]
  .bss             zero     0x20000928    0x50  mine1.o [1]
  .bss             zero     0x20000978    0x50  mine2.o [1]
  .bss             zero     0x200009c8    0x40  qs.o [4]
  .bss             zero     0x20000a08    0x3c  qf_pool.o [4]
  .bss             zero     0x20000a44    0x28  main.o [1]
  .bss             zero     0x20000a6c    0x28  main.o [1]
  .bss             zero     0x20000a94    0x28  ship.o [1]
  .bss             zero     0x20000abc    0x24  missile.o [1]
  .bss             zero     0x20000ae0    0x20  main.o [1]
  .bss             zero     0x20000b00    0x20  qf_tick.o [4]
  .bss             zero     0x20000b20     0xc  main.o [1]
  .bss             zero     0x20000b2c     0xc  qvanilla.o [4]
  .bss             zero     0x20000b38     0x8  main.o [1]
  .bss             zero     0x20000b40     0x4  bsp.o [1]
  .bss             zero     0x20000b44     0x4  bsp.o [1]
  .bss             zero     0x20000b48     0x4  bsp.o [1]
  .bss             zero     0x20000b4c     0x4  bsp.o [1]
  .bss             zero     0x20000b50     0x4  bsp.o [1]
  .bss             zero     0x20000b54     0x4  display96x16x1.o [1]
  .bss             zero     0x20000b58     0x4  system_lm3s.o [1]
  .bss             zero     0x20000b5c     0x4  tunnel.o [1]
  .bss             zero     0x20000b60     0x4  qf_pool.o [4]
  .bss             zero     0x20000b64     0x4  qf_psini.o [4]
  .bss             zero     0x20000b68     0x4  qf_psini.o [4]
  .bss             zero     0x20000b6c     0x1  bsp.o [1]
  .bss             zero     0x20000b6d     0x1  bsp.o [1]
  .bss             zero     0x20000b6e     0x1  bsp.o [1]
  .bss             zero     0x20000b6f     0x1  bsp.o [1]
  .bss             zero     0x20000b70     0x1  display96x16x1.o [1]
  .bss             zero     0x20000b71     0x1  display96x16x1.o [1]
  .bss             zero     0x20000b72     0x1  mine1.o [1]
  .bss             zero     0x20000b73     0x1  mine2.o [1]
                          - 0x20000b74   0xb74

"P2", part 2 of 2:                       0x258
  .noinit          uninit   0x20000b74   0x258  startup_lm3s.o [1]
                          - 0x20000dcc   0x258


*******************************************************************************
*** INIT TABLE
***

          Address     Size
          -------     ----
Zero (__iar_zero_init3)
    1 destination range, total size 0xb74:
          0x20000000  0xb74



*******************************************************************************
*** MODULE SUMMARY
***

    Module                  ro code  ro data  rw data
    ------                  -------  -------  -------
D:\qp\qpc\examples\arm-cm\vanilla\iar\game_ek-lm3s811\spy: [1]
    bsp.o                     2 020      112    1 560
    display96x16x1.o          1 352      704        6
    main.o                      364      156      292
    mine1.o                   1 064      308       81
    mine2.o                   1 064      308       81
    missile.o                   620      144       36
    ship.o                      952      184       40
    startup_lm3s.o               32      272      600
    system_lm3s.o               672       92        4
    tunnel.o                  3 824      776      520
    -------------------------------------------------
    Total:                   11 964    3 056    3 220

command line: [2]
    -------------------------------------------------
    Total:

dl7M_tln.a: [3]
    exit.o                        4
    low_level_init.o              4
    memcpy.o                     12
    memset.o                     20
    -------------------------------------------------
    Total:                       40

libqp_cortex-m3.a: [4]
    qa_ctor.o                    40
    qa_fifo.o                   380
    qa_get_.o                   316
    qa_lifo.o                   248
    qa_sub.o                    196
    qep.o                                 16
    qeq_init.o                   96
    qf_act.o                    136               132
    qf_gc.o                     180
    qf_new.o                    184
    qf_pool.o                   120                64
    qf_psini.o                   20                 8
    qf_pspub.o                  260
    qf_pwr2.o                            204
    qf_tick.o                   380                32
    qhsm_dis.o                1 612
    qhsm_ini.o                  412
    qhsm_top.o                    4
    qmp_get.o                   212
    qmp_init.o                  220
    qmp_put.o                   140
    qs.o                        656                64
    qs_.o                       740
    qs_blk.o                     68
    qs_dict.o                   160
    qte_arm.o                   204
    qte_ctor.o                   68
    qte_darm.o                  184
    qvanilla.o                  220                12
    -------------------------------------------------
    Total:                    7 456      220      312

rt7M_tl.a: [5]
    ABImemcpy_unaligned.o       118
    ABImemmove_unaligned.o      120
    ABImemset.o                 102
    ABImemset48.o                58
    cexit.o                      10
    cmain.o                      26
    cstartup_M.o                 12
    data_init.o                  40
    memmove.o                    12
    zero_init3.o                 34
    -------------------------------------------------
    Total:                      532

shb_l.a: [6]
    exit.o                       20
    -------------------------------------------------
    Total:                       20

    Gaps                          8
    Linker created                        16
-----------------------------------------------------
    Grand Total:             20 020    3 292    3 532


*******************************************************************************
*** ENTRY LIST
***

Entry                      Address   Size  Type      Object
-----                      -------   ----  ----      ------
?main                   0x00005465         Code  Gb  cmain.o [5]
ADCSeq3_IRQHandler      0x00001fcf  0x126  Code  Gb  bsp.o [1]
AO_Missile              0x00005ae4    0x4  Data  Gb  missile.o [1]
AO_Ship                 0x00005ae8    0x4  Data  Gb  ship.o [1]
AO_Tunnel               0x00005aec    0x4  Data  Gb  tunnel.o [1]
BSP_displayOff          0x000022d1    0x8  Code  Gb  bsp.o [1]
BSP_displayOn           0x000022c9    0x8  Code  Gb  bsp.o [1]
BSP_drawBitmap          0x00002297   0x18  Code  Gb  bsp.o [1]
BSP_drawNString         0x000022af   0x18  Code  Gb  bsp.o [1]
BSP_init                0x0000211d  0x17a  Code  Gb  bsp.o [1]
BSP_updateScore         0x000022c7    0x2  Code  Gb  bsp.o [1]
Display96x16x1Clear     0x00003975   0x74  Code  Gb  display96x16x1.o [1]
Display96x16x1DisplayOff
                        0x00003dd5   0x28  Code  Gb  display96x16x1.o [1]
Display96x16x1DisplayOn
                        0x00003cc1   0x94  Code  Gb  display96x16x1.o [1]
Display96x16x1ImageDraw
                        0x00003aad   0x7a  Code  Gb  display96x16x1.o [1]
Display96x16x1Init      0x00003b27  0x19a  Code  Gb  display96x16x1.o [1]
Display96x16x1StringDraw
                        0x000039e9   0xc4  Code  Gb  display96x16x1.o [1]
Display96x16x1WriteArray
                        0x00003901   0x36  Code  Lc  display96x16x1.o [1]
Display96x16x1WriteByte
                        0x000038d7   0x2a  Code  Lc  display96x16x1.o [1]
Display96x16x1WriteFinal
                        0x00003937   0x3e  Code  Lc  display96x16x1.o [1]
Display96x16x1WriteFirst
                        0x000038bd   0x1a  Code  Lc  display96x16x1.o [1]
GPIOPortA_IRQHandler    0x000020f5   0x28  Code  Gb  bsp.o [1]
HardFault_Handler       0x00005419    0xc  Code  Gb  startup_lm3s.o [1]
Mine1_ctor              0x0000104d   0x2e  Code  Gb  mine1.o [1]
Mine1_exploding         0x00001239   0x92  Code  Lc  mine1.o [1]
Mine1_initial           0x0000107d  0x134  Code  Lc  mine1.o [1]
Mine1_planted           0x000012cd  0x124  Code  Lc  mine1.o [1]
Mine1_unused            0x000011b1   0x28  Code  Lc  mine1.o [1]
Mine1_used              0x000011d9   0x60  Code  Lc  mine1.o [1]
Mine2_ctor              0x00001475   0x2e  Code  Gb  mine2.o [1]
Mine2_exploding         0x00001789   0x92  Code  Lc  mine2.o [1]
Mine2_initial           0x000014a5  0x134  Code  Lc  mine2.o [1]
Mine2_planted           0x00001661  0x126  Code  Lc  mine2.o [1]
Mine2_unused            0x000015d9   0x28  Code  Lc  mine2.o [1]
Mine2_used              0x00001601   0x60  Code  Lc  mine2.o [1]
Missile_armed           0x00004789   0x2c  Code  Lc  missile.o [1]
Missile_ctor            0x000046d5   0x10  Code  Gb  missile.o [1]
Missile_exploding       0x00004861   0xa4  Code  Lc  missile.o [1]
Missile_flying          0x000047b5   0xaa  Code  Lc  missile.o [1]
Missile_initial         0x000046e5   0xa4  Code  Lc  missile.o [1]
NMI_Handler             0x0000540d    0xc  Code  Gb  startup_lm3s.o [1]
NVIC_EnableIRQ          0x00001f25   0x1a  Code  Lc  bsp.o [1]
NVIC_SetPriority        0x00001f3f   0x26  Code  Lc  bsp.o [1]
NVIC_SetPriorityGrouping
                        0x00001f01   0x24  Code  Lc  bsp.o [1]
QActive_ctor            0x00000fe1   0x12  Code  Gb  qa_ctor.o [4]
QActive_get_            0x00003ea9  0x122  Code  Gb  qa_get_.o [4]
QActive_post            0x00004b1d  0x164  Code  Gb  qa_fifo.o [4]
QActive_postLIFO        0x00004f6d   0xe0  Code  Gb  qa_lifo.o [4]
QActive_start           0x00002c01   0x4c  Code  Gb  qvanilla.o [4]
QActive_subscribe       0x00002881   0xa4  Code  Gb  qa_sub.o [4]
QEP_reservedEvt_        0x00005960   0x10  Data  Gb  qep.o [4]
QEQueue_init            0x00004099   0x60  Code  Gb  qeq_init.o [4]
QF_active_              0x200008a4   0x84  Data  Gb  qf_act.o [4]
QF_add_                 0x000040f9   0x76  Code  Gb  qf_act.o [4]
QF_div8Lkup             0x000050ec   0x44  Data  Gb  qf_pwr2.o [4]
QF_gc                   0x00003fe5   0xa0  Code  Gb  qf_gc.o [4]
QF_init                 0x00002b7d    0x2  Code  Gb  qvanilla.o [4]
QF_invPwr2Lkup          0x000050a8   0x44  Data  Gb  qf_pwr2.o [4]
QF_maxPool_             0x20000b60    0x4  Data  Gb  qf_pool.o [4]
QF_maxSignal_           0x20000b68    0x4  Data  Gb  qf_psini.o [4]
QF_newX_                0x00002c59   0xa4  Code  Gb  qf_new.o [4]
QF_onCleanup            0x00002333    0x2  Code  Gb  bsp.o [1]
QF_onIdle               0x00002335   0x54  Code  Gb  bsp.o [1]
QF_onStartup            0x000022d9   0x5a  Code  Gb  bsp.o [1]
QF_poolInit             0x00004e05   0x68  Code  Gb  qf_pool.o [4]
QF_pool_                0x20000a08   0x3c  Data  Gb  qf_pool.o [4]
QF_psInit               0x00004e7d   0x14  Code  Gb  qf_psini.o [4]
QF_publish              0x00003511   0xe2  Code  Gb  qf_pspub.o [4]
QF_pwr2Lkup             0x00005064   0x44  Data  Gb  qf_pwr2.o [4]
QF_readySet_            0x20000b2c    0xc  Data  Gb  qvanilla.o [4]
QF_run                  0x00002b87   0x70  Code  Gb  qvanilla.o [4]
QF_stop                 0x00002b7f    0x8  Code  Gb  qvanilla.o [4]
QF_subscrList_          0x20000b64    0x4  Data  Gb  qf_psini.o [4]
QF_tickX                0x00003395  0x16c  Code  Gb  qf_tick.o [4]
QF_timeEvtHead_         0x20000b00   0x20  Data  Gb  qf_tick.o [4]
QHsm_ctor               0x000026e5    0xe  Code  Gb  qhsm_ini.o [4]
QHsm_dispatch           0x000018b5  0x62a  Code  Gb  qhsm_dis.o [4]
QHsm_init               0x000026f3  0x164  Code  Gb  qhsm_ini.o [4]
QHsm_top                0x00005b0d    0x4  Code  Gb  qhsm_top.o [4]
QMPool_get              0x00004181   0xc6  Code  Gb  qmp_get.o [4]
QMPool_init             0x00004e91   0xcc  Code  Gb  qmp_init.o [4]
QMPool_put              0x00004291   0x80  Code  Gb  qmp_put.o [4]
QS_beginRec             0x00002fd9   0x66  Code  Gb  qs.o [4]
QS_endRec               0x0000303f   0x68  Code  Gb  qs.o [4]
QS_filterOff            0x00002f99   0x40  Code  Gb  qs.o [4]
QS_filterOn             0x00002f53   0x46  Code  Gb  qs.o [4]
QS_fun_dict             0x000029b1   0x34  Code  Gb  qs_dict.o [4]
QS_getBlock             0x00003dfd   0x44  Code  Gb  qs_blk.o [4]
QS_initBuf              0x00002e21  0x132  Code  Gb  qs.o [4]
QS_obj_dict             0x0000297d   0x34  Code  Gb  qs_dict.o [4]
QS_onFlush              0x00002595   0x5a  Code  Gb  bsp.o [1]
QS_onGetTime            0x0000256f   0x26  Code  Gb  bsp.o [1]
QS_onStartup            0x000023d3  0x19c  Code  Gb  bsp.o [1]
QS_priv_                0x200009c8   0x40  Data  Gb  qs.o [4]
QS_sig_dict             0x00002945   0x38  Code  Gb  qs_dict.o [4]
QS_str_ROM_             0x00003347   0x46  Code  Gb  qs_.o [4]
QS_tickPeriod_          0x20000b44    0x4  Data  Gb  bsp.o [1]
QS_tickTime_            0x20000b40    0x4  Data  Gb  bsp.o [1]
QS_u16_                 0x0000319f   0x96  Code  Gb  qs_.o [4]
QS_u32_                 0x00003235  0x112  Code  Gb  qs_.o [4]
QS_u8_                  0x000030b1   0x5c  Code  Gb  qs_.o [4]
QS_u8u8_                0x0000310d   0x92  Code  Gb  qs_.o [4]
QTimeEvt_armX           0x000029e5   0xbc  Code  Gb  qte_arm.o [4]
QTimeEvt_ctorX          0x00001009   0x36  Code  Gb  qte_ctor.o [4]
QTimeEvt_disarm         0x00002ab1   0xb8  Code  Gb  qte_darm.o [4]
Q_onAssert              0x00002389   0x3a  Code  Gb  bsp.o [1]
Q_this_module_          0x00005360   0x3c  Data  Lc  bsp.o [1]
Q_this_module_          0x000052a0   0x40  Data  Lc  mine1.o [1]
Q_this_module_          0x000052e0   0x40  Data  Lc  mine2.o [1]
Q_this_module_          0x00005320   0x40  Data  Lc  tunnel.o [1]
Q_this_module_          0x00002d08    0x8  Data  Lc  qf_new.o [4]
Q_this_module_          0x00003608    0xc  Data  Lc  qf_pspub.o [4]
Q_this_module_          0x00003508    0x8  Data  Lc  qf_tick.o [4]
Q_this_module_          0x000030ac    0x4  Data  Lc  qs.o [4]
Q_this_module_          0x00002c4c    0xc  Data  Lc  qvanilla.o [4]
Q_this_module_          0x00004e74    0x8  Data  Lc  qf_pool.o [4]
Q_this_module_          0x0000286c    0xc  Data  Lc  qhsm_ini.o [4]
Q_this_module_          0x0000293c    0x8  Data  Lc  qa_sub.o [4]
Q_this_module_          0x00001ef4    0xc  Data  Lc  qhsm_dis.o [4]
Q_this_module_          0x00002aa8    0x8  Data  Lc  qte_arm.o [4]
Q_this_module_          0x00001040    0xc  Data  Lc  qte_ctor.o [4]
Q_this_module_          0x0000424c    0x8  Data  Lc  qmp_get.o [4]
Q_this_module_          0x00004178    0x8  Data  Lc  qf_act.o [4]
Q_this_module_          0x00004090    0x8  Data  Lc  qf_gc.o [4]
Q_this_module_          0x00003fdc    0x8  Data  Lc  qa_get_.o [4]
Q_this_module_          0x00004f60    0xc  Data  Lc  qmp_init.o [4]
Q_this_module_          0x00004c90    0x8  Data  Lc  qa_fifo.o [4]
Q_this_module_          0x0000505c    0x8  Data  Lc  qa_lifo.o [4]
Q_this_module_          0x00004314    0x8  Data  Lc  qmp_put.o [4]
Region$$Table$$Base     0x000053fc          --   Gb  - Linker created -
Region$$Table$$Limit    0x0000540c          --   Gb  - Linker created -
Ship_active             0x00004421   0x38  Code  Lc  ship.o [1]
Ship_ctor               0x0000431d   0x1e  Code  Gb  ship.o [1]
Ship_exploding          0x000045cd   0xbc  Code  Lc  ship.o [1]
Ship_flying             0x00004479  0x152  Code  Lc  ship.o [1]
Ship_initial            0x0000433d   0xe2  Code  Lc  ship.o [1]
Ship_parked             0x00004459   0x20  Code  Lc  ship.o [1]
SysCtlDelay             0x000038b5    0x8  Code  Lc  display96x16x1.o [1]
SysTick_Config          0x00001f65   0x36  Code  Lc  bsp.o [1]
SysTick_Handler         0x00001f9b   0x34  Code  Gb  bsp.o [1]
SystemFrequency         0x20000b58    0x4  Data  Gb  system_lm3s.o [1]
SystemInit              0x00003615  0x2a0  Code  Gb  system_lm3s.o [1]
Tunnel_active           0x00000721   0x5a  Code  Lc  tunnel.o [1]
Tunnel_addImageAt       0x00000331   0xde  Code  Lc  tunnel.o [1]
Tunnel_advance          0x00000163  0x106  Code  Lc  tunnel.o [1]
Tunnel_ctor             0x000000f1   0x72  Code  Gb  tunnel.o [1]
Tunnel_demo             0x00000859   0xee  Code  Lc  tunnel.o [1]
Tunnel_dispatchToAllMines
                        0x0000040f   0x30  Code  Lc  tunnel.o [1]
Tunnel_final            0x00000d7d   0x34  Code  Lc  tunnel.o [1]
Tunnel_game_over        0x00000ba9   0xb0  Code  Lc  tunnel.o [1]
Tunnel_initial          0x000004e9  0x238  Code  Lc  tunnel.o [1]
Tunnel_isWallHit        0x0000043f   0xa8  Code  Lc  tunnel.o [1]
Tunnel_plantMine        0x00000269   0xc8  Code  Lc  tunnel.o [1]
Tunnel_playing          0x00000949  0x25e  Code  Lc  tunnel.o [1]
Tunnel_screen_saver     0x00000c59   0x30  Code  Lc  tunnel.o [1]
Tunnel_screen_saver_hide
                        0x00000c89   0x5a  Code  Lc  tunnel.o [1]
Tunnel_screen_saver_show
                        0x00000ce5   0x96  Code  Lc  tunnel.o [1]
Tunnel_show_logo        0x0000077d   0xdc  Code  Lc  tunnel.o [1]
__aeabi_memset          0x00003e41         Code  Gb  ABImemset.o [5]
__aeabi_memset4         0x00004255         Code  Gb  ABImemset48.o [5]
__aeabi_memset8         0x00004255         Code  Gb  ABImemset48.o [5]
__cmain                 0x00005465         Code  Gb  cmain.o [5]
__exit                  0x00005495   0x14  Code  Gb  exit.o [6]
__iar_Memset            0x00003e41         Code  Gb  ABImemset.o [5]
__iar_Memset4_word      0x0000425d         Code  Gb  ABImemset48.o [5]
__iar_Memset8_word      0x0000425d         Code  Gb  ABImemset48.o [5]
__iar_Memset_word       0x00003e49         Code  Gb  ABImemset.o [5]
__iar_data_init3        0x000053d5   0x28  Code  Gb  data_init.o [5]
__iar_program_start     0x00005a49         Code  Gb  cstartup_M.o [5]
__iar_unaligned___aeabi_memcpy
                        0x00002d89         Code  Gb  ABImemcpy_unaligned.o [5]
__iar_unaligned___aeabi_memcpy4
                        0x00002da9         Code  Gb  ABImemcpy_unaligned.o [5]
__iar_unaligned___aeabi_memcpy8
                        0x00002da9         Code  Gb  ABImemcpy_unaligned.o [5]
__iar_unaligned___aeabi_memmove
                        0x00002d11         Code  Gb  ABImemmove_unaligned.o [5]
__iar_unaligned___aeabi_memmove4
                        0x00002d11         Code  Gb  ABImemmove_unaligned.o [5]
__iar_unaligned___aeabi_memmove8
                        0x00002d11         Code  Gb  ABImemmove_unaligned.o [5]
__iar_zero_init3        0x00002dff   0x22  Code  Gb  zero_init3.o [5]
__low_level_init        0x0000547f    0x4  Code  Gb  low_level_init.o [3]
__vector_table          0x00000000   0xf0  Data  Gb  startup_lm3s.o [1]
_call_main              0x00005471         Code  Gb  cmain.o [5]
_exit                   0x00005489         Code  Gb  cexit.o [5]
_main                   0x0000547b         Code  Gb  cmain.o [5]
assert_failed           0x000023c3   0x10  Code  Gb  bsp.o [1]
do_bitmaps_overlap      0x00000dd9  0x148  Code  Gb  tunnel.o [1]
exit                    0x00005483    0x4  Code  Gb  exit.o [3]
explosion0_bits         0x00005abc    0x8  Data  Lc  tunnel.o [1]
explosion1_bits         0x00005ac4    0x8  Data  Lc  tunnel.o [1]
explosion2_bits         0x00005acc    0x8  Data  Lc  tunnel.o [1]
explosion3_bits         0x00005ad4    0x8  Data  Lc  tunnel.o [1]
g_pucFont               0x00004940  0x1dc  Data  Lc  display96x16x1.o [1]
g_pucOSRAMInit          0x00005130   0x74  Data  Lc  display96x16x1.o [1]
g_pucOSRAMRow1          0x00005a54    0x8  Data  Lc  display96x16x1.o [1]
g_pucOSRAMRow2          0x00005a5c    0x8  Data  Lc  display96x16x1.o [1]
g_pucRITInit            0x00005200   0x50  Data  Lc  display96x16x1.o [1]
g_pucRITRow1            0x00005a64    0x8  Data  Lc  display96x16x1.o [1]
g_pucRITRow2            0x00005a6c    0x8  Data  Lc  display96x16x1.o [1]
g_ucColumnAdjust        0x20000b71    0x1  Data  Lc  display96x16x1.o [1]
g_ucDisplayIsRIT        0x20000b70    0x1  Data  Lc  display96x16x1.o [1]
g_ulDelay               0x20000b54    0x4  Data  Lc  display96x16x1.o [1]
l_ADCSeq3_IRQHandler    0x20000b6d    0x1  Data  Lc  bsp.o [1]
l_GPIOPortA_IRQHandler  0x20000b6e    0x1  Data  Lc  bsp.o [1]
l_SysTick_Handler       0x20000b6c    0x1  Data  Lc  bsp.o [1]
l_bitmap                0x00005250   0x50  Data  Lc  tunnel.o [1]
l_frame                 0x200006c0   0xc0  Data  Lc  tunnel.o [1]
l_medPoolSto            0x20000780   0xa0  Data  Lc  main.o [1]
l_mine1                 0x20000928   0x50  Data  Lc  mine1.o [1]
l_mine2                 0x20000978   0x50  Data  Lc  mine2.o [1]
l_missile               0x20000abc   0x24  Data  Lc  missile.o [1]
l_missileQueueSto       0x20000b38    0x8  Data  Lc  main.o [1]
l_pulXtals              0x000051a4   0x5c  Data  Lc  system_lm3s.o [1]
l_rnd                   0x20000b5c    0x4  Data  Lc  tunnel.o [1]
l_ship                  0x20000a94   0x28  Data  Lc  ship.o [1]
l_shipQueueSto          0x20000b20    0xc  Data  Lc  main.o [1]
l_smlPoolSto            0x20000a6c   0x28  Data  Lc  main.o [1]
l_subscrSto             0x20000ae0   0x20  Data  Lc  main.o [1]
l_tunnel                0x20000820   0x84  Data  Lc  tunnel.o [1]
l_tunnelQueueSto        0x20000a44   0x28  Data  Lc  main.o [1]
l_walls                 0x20000600   0xc0  Data  Lc  tunnel.o [1]
main                    0x00004c99  0x16c  Code  Gb  main.o [1]
memcpy                  0x000018a9    0xc  Code  Gb  memcpy.o [3]
memmove                 0x0000189d    0xc  Code  Gb  memmove.o [5]
memset                  0x00002b69   0x14  Code  Gb  memset.o [3]
mine1_bits              0x00005af4    0x4  Data  Lc  tunnel.o [1]
mine2_bits              0x00005af8    0x4  Data  Lc  tunnel.o [1]
mine2_missile_bits      0x00005afc    0x4  Data  Lc  tunnel.o [1]
missile_bits            0x00005af0    0x4  Data  Lc  tunnel.o [1]
press_button_bits       0x0000539c   0x38  Data  Lc  tunnel.o [1]
pulStack                0x20000b74  0x258  Data  Lc  startup_lm3s.o [1]
random                  0x00000db1   0x14  Code  Lc  tunnel.o [1]
randomSeed              0x00000dc5    0x6  Code  Lc  tunnel.o [1]
ship_bits               0x00005ab4    0x8  Data  Lc  tunnel.o [1]


[1] = D:\qp\qpc\examples\arm-cm\vanilla\iar\game_ek-lm3s811\spy
[2] = command line
[3] = dl7M_tln.a
[4] = libqp_cortex-m3.a
[5] = rt7M_tl.a
[6] = shb_l.a

  20 020 bytes of readonly  code memory
   3 292 bytes of readonly  data memory
   3 532 bytes of readwrite data memory

Errors: none
Warnings: none
