Archive member included because of file (symbol)

D:\qp\qpc/ports/arm-cm/vanilla/gnu/dbg\libqp_cortex-m4f_cs.a(qhsm_top.o)
                              dbg/table.o (QHsm_top)
D:\qp\qpc/ports/arm-cm/vanilla/gnu/dbg\libqp_cortex-m4f_cs.a(qa_ctor.o)
                              dbg/table.o (QActive_ctor)
D:\qp\qpc/ports/arm-cm/vanilla/gnu/dbg\libqp_cortex-m4f_cs.a(qa_fifo.o)
                              D:\qp\qpc/ports/arm-cm/vanilla/gnu/dbg\libqp_cortex-m4f_cs.a(qa_ctor.o) (QActive_post)
D:\qp\qpc/ports/arm-cm/vanilla/gnu/dbg\libqp_cortex-m4f_cs.a(qa_lifo.o)
                              D:\qp\qpc/ports/arm-cm/vanilla/gnu/dbg\libqp_cortex-m4f_cs.a(qa_ctor.o) (QActive_postLIFO)
D:\qp\qpc/ports/arm-cm/vanilla/gnu/dbg\libqp_cortex-m4f_cs.a(qa_sub.o)
                              dbg/table.o (QActive_subscribe)
D:\qp\qpc/ports/arm-cm/vanilla/gnu/dbg\libqp_cortex-m4f_cs.a(qf_act.o)
                              D:\qp\qpc/ports/arm-cm/vanilla/gnu/dbg\libqp_cortex-m4f_cs.a(qa_sub.o) (QF_active_)
D:\qp\qpc/ports/arm-cm/vanilla/gnu/dbg\libqp_cortex-m4f_cs.a(qf_new.o)
                              dbg/table.o (QF_newX_)
D:\qp\qpc/ports/arm-cm/vanilla/gnu/dbg\libqp_cortex-m4f_cs.a(qf_pool.o)
                              dbg/main.o (QF_poolInit)
D:\qp\qpc/ports/arm-cm/vanilla/gnu/dbg\libqp_cortex-m4f_cs.a(qf_psini.o)
                              dbg/main.o (QF_psInit)
D:\qp\qpc/ports/arm-cm/vanilla/gnu/dbg\libqp_cortex-m4f_cs.a(qf_pspub.o)
                              dbg/table.o (QF_publish)
D:\qp\qpc/ports/arm-cm/vanilla/gnu/dbg\libqp_cortex-m4f_cs.a(qf_pwr2.o)
                              D:\qp\qpc/ports/arm-cm/vanilla/gnu/dbg\libqp_cortex-m4f_cs.a(qa_fifo.o) (QF_div8Lkup)
D:\qp\qpc/ports/arm-cm/vanilla/gnu/dbg\libqp_cortex-m4f_cs.a(qf_tick.o)
                              dbg/bsp.o (QF_tickX)
D:\qp\qpc/ports/arm-cm/vanilla/gnu/dbg\libqp_cortex-m4f_cs.a(qmp_get.o)
                              D:\qp\qpc/ports/arm-cm/vanilla/gnu/dbg\libqp_cortex-m4f_cs.a(qf_new.o) (QMPool_get)
D:\qp\qpc/ports/arm-cm/vanilla/gnu/dbg\libqp_cortex-m4f_cs.a(qmp_init.o)
                              D:\qp\qpc/ports/arm-cm/vanilla/gnu/dbg\libqp_cortex-m4f_cs.a(qf_pool.o) (QMPool_init)
D:\qp\qpc/ports/arm-cm/vanilla/gnu/dbg\libqp_cortex-m4f_cs.a(qte_ctor.o)
                              dbg/philo.o (QTimeEvt_ctorX)
D:\qp\qpc/ports/arm-cm/vanilla/gnu/dbg\libqp_cortex-m4f_cs.a(qte_arm.o)
                              dbg/philo.o (QTimeEvt_armX)
D:\qp\qpc/ports/arm-cm/vanilla/gnu/dbg\libqp_cortex-m4f_cs.a(qvanilla.o)
                              dbg/main.o (QF_init)
D:\qp\qpc/ports/arm-cm/vanilla/gnu/dbg\libqp_cortex-m4f_cs.a(qhsm_ini.o)
                              D:\qp\qpc/ports/arm-cm/vanilla/gnu/dbg\libqp_cortex-m4f_cs.a(qa_ctor.o) (QHsm_init)
D:\qp\qpc/ports/arm-cm/vanilla/gnu/dbg\libqp_cortex-m4f_cs.a(qhsm_dis.o)
                              D:\qp\qpc/ports/arm-cm/vanilla/gnu/dbg\libqp_cortex-m4f_cs.a(qa_ctor.o) (QHsm_dispatch)
D:\qp\qpc/ports/arm-cm/vanilla/gnu/dbg\libqp_cortex-m4f_cs.a(qa_get_.o)
                              D:\qp\qpc/ports/arm-cm/vanilla/gnu/dbg\libqp_cortex-m4f_cs.a(qvanilla.o) (QActive_get_)
D:\qp\qpc/ports/arm-cm/vanilla/gnu/dbg\libqp_cortex-m4f_cs.a(qeq_init.o)
                              D:\qp\qpc/ports/arm-cm/vanilla/gnu/dbg\libqp_cortex-m4f_cs.a(qvanilla.o) (QEQueue_init)
D:\qp\qpc/ports/arm-cm/vanilla/gnu/dbg\libqp_cortex-m4f_cs.a(qf_gc.o)
                              D:\qp\qpc/ports/arm-cm/vanilla/gnu/dbg\libqp_cortex-m4f_cs.a(qf_pspub.o) (QF_gc)
D:\qp\qpc/ports/arm-cm/vanilla/gnu/dbg\libqp_cortex-m4f_cs.a(qmp_put.o)
                              D:\qp\qpc/ports/arm-cm/vanilla/gnu/dbg\libqp_cortex-m4f_cs.a(qf_gc.o) (QMPool_put)
D:\qp\qpc/ports/arm-cm/vanilla/gnu/dbg\libqp_cortex-m4f_cs.a(qep.o)
                              D:\qp\qpc/ports/arm-cm/vanilla/gnu/dbg\libqp_cortex-m4f_cs.a(qhsm_ini.o) (QEP_reservedEvt_)

Memory Configuration

Name             Origin             Length             Attributes
ROM              0x00000000         0x00040000         xr
RAM              0x20000000         0x00008000         xrw
*default*        0x00000000         0xffffffff

Linker script and memory map

LOAD dbg/main.o
LOAD dbg/table.o
LOAD dbg/philo.o
LOAD dbg/bsp.o
LOAD dbg/startup_tm4c.o
LOAD D:\qp\qpc/ports/arm-cm/vanilla/gnu/dbg\libqp_cortex-m4f_cs.a
                0x000003e8                STACK_SIZE = 0x3e8
                0x00000000                HEAP_SIZE = 0x0

.isr_vector     0x00000000       0xf0
 *(.isr_vector)
 .isr_vector    0x00000000       0xf0 dbg/startup_tm4c.o
                0x00000000                g_pfnVectors
                0x000000f0                . = ALIGN (0x4)

.text           0x000000f0     0x1984
                0x000000f0                . = ALIGN (0x4)
 *(.text)
 .text          0x000000f0       0xa4 dbg/main.o
                0x000000f0                main
 .text          0x00000194      0x488 dbg/table.o
                0x000005d8                Table_ctor
 .text          0x0000061c      0x2a4 dbg/philo.o
                0x00000878                Philo_ctor
 .text          0x000008c0      0x298 dbg/bsp.o
                0x000008c0                SysTick_Handler
                0x00000950                GPIOPortA_IRQHandler
                0x0000097c                BSP_displayPhilStat
                0x00000990                BSP_displayPaused
                0x000009a4                BSP_random
                0x000009e0                BSP_randomSeed
                0x000009ec                BSP_init
                0x00000a8c                BSP_terminate
                0x00000a90                QF_onStartup
                0x00000b08                QF_onCleanup
                0x00000b0c                QF_onIdle
                0x00000b48                Q_onAssert
                0x00000b50                assert_failed
 .text          0x00000b58       0xb4 dbg/startup_tm4c.o
                0x00000b58                DebugMon_Handler
                0x00000b58                FlashCtrl_IRQHandler
                0x00000b58                Timer0B_IRQHandler
                0x00000b58                I2C0_IRQHandler
                0x00000b58                PendSV_Handler
                0x00000b58                NMI_Handler
                0x00000b58                I2C1_IRQHandler
                0x00000b58                PWMGen0_IRQHandler
                0x00000b58                UART1_IRQHandler
                0x00000b58                CAN1_IRQHandler
                0x00000b58                Timer1B_IRQHandler
                0x00000b58                Watchdog_IRQHandler
                0x00000b58                UART0_IRQHandler
                0x00000b58                SSI0_IRQHandler
                0x00000b58                UsageFault_Handler
                0x00000b58                ADCSeq1_IRQHandler
                0x00000b58                PWMFault_IRQHandler
                0x00000b58                PWMGen1_IRQHandler
                0x00000b58                SSI1_IRQHandler
                0x00000b58                SysCtrl_IRQHandler
                0x00000b58                Spurious_Handler
                0x00000b58                GPIOPortC_IRQHandler
                0x00000b58                ADCSeq2_IRQHandler
                0x00000b58                PWMGen2_IRQHandler
                0x00000b58                UART2_IRQHandler
                0x00000b58                QEI1_IRQHandler
                0x00000b58                QEI0_IRQHandler
                0x00000b58                GPIOPortD_IRQHandler
                0x00000b58                MemManage_Handler
                0x00000b58                Ethernet_IRQHandler
                0x00000b58                SVC_Handler
                0x00000b58                Timer3B_IRQHandler
                0x00000b58                Timer3A_IRQHandler
                0x00000b58                Timer0A_IRQHandler
                0x00000b58                ADCSeq0_IRQHandler
                0x00000b58                Timer1A_IRQHandler
                0x00000b58                GPIOPortG_IRQHandler
                0x00000b58                ADCSeq3_IRQHandler
                0x00000b58                GPIOPortE_IRQHandler
                0x00000b58                CAN0_IRQHandler
                0x00000b58                Comp0_IRQHandler
                0x00000b58                Comp1_IRQHandler
                0x00000b58                Comp2_IRQHandler
                0x00000b58                GPIOPortF_IRQHandler
                0x00000b58                GPIOPortB_IRQHandler
                0x00000b58                CAN2_IRQHandler
                0x00000b58                GPIOPortH_IRQHandler
                0x00000b58                BusFault_Handler
                0x00000b58                Timer2A_IRQHandler
                0x00000b58                Timer2B_IRQHandler
                0x00000b58                Hibernate_IRQHandler
                0x00000b74                Reset_Handler
                0x00000c08                _init
 .text          0x00000c0c        0x8 D:\qp\qpc/ports/arm-cm/vanilla/gnu/dbg\libqp_cortex-m4f_cs.a(qhsm_top.o)
                0x00000c0c                QHsm_top
 .text          0x00000c14       0x14 D:\qp\qpc/ports/arm-cm/vanilla/gnu/dbg\libqp_cortex-m4f_cs.a(qa_ctor.o)
                0x00000c14                QActive_ctor
 .text          0x00000c28       0xbc D:\qp\qpc/ports/arm-cm/vanilla/gnu/dbg\libqp_cortex-m4f_cs.a(qa_fifo.o)
                0x00000c28                QActive_post
 .text          0x00000ce4       0x98 D:\qp\qpc/ports/arm-cm/vanilla/gnu/dbg\libqp_cortex-m4f_cs.a(qa_lifo.o)
                0x00000ce4                QActive_postLIFO
 .text          0x00000d7c       0x68 D:\qp\qpc/ports/arm-cm/vanilla/gnu/dbg\libqp_cortex-m4f_cs.a(qa_sub.o)
                0x00000d7c                QActive_subscribe
 .text          0x00000de4       0x84 D:\qp\qpc/ports/arm-cm/vanilla/gnu/dbg\libqp_cortex-m4f_cs.a(qf_act.o)
                0x00000de4                QF_add_
                0x00000e24                QF_remove_
 .text          0x00000e68       0x8c D:\qp\qpc/ports/arm-cm/vanilla/gnu/dbg\libqp_cortex-m4f_cs.a(qf_new.o)
                0x00000e68                QF_newX_
 .text          0x00000ef4       0x70 D:\qp\qpc/ports/arm-cm/vanilla/gnu/dbg\libqp_cortex-m4f_cs.a(qf_pool.o)
                0x00000ef4                QF_poolInit
 .text          0x00000f64        0xc D:\qp\qpc/ports/arm-cm/vanilla/gnu/dbg\libqp_cortex-m4f_cs.a(qf_psini.o)
                0x00000f64                QF_psInit
 .text          0x00000f70       0xb8 D:\qp\qpc/ports/arm-cm/vanilla/gnu/dbg\libqp_cortex-m4f_cs.a(qf_pspub.o)
                0x00000f70                QF_publish
 .text          0x00001028        0x0 D:\qp\qpc/ports/arm-cm/vanilla/gnu/dbg\libqp_cortex-m4f_cs.a(qf_pwr2.o)
 .text          0x00001028       0xf0 D:\qp\qpc/ports/arm-cm/vanilla/gnu/dbg\libqp_cortex-m4f_cs.a(qf_tick.o)
                0x00001028                QF_tickX
                0x000010dc                QF_noTimeEvtsActiveX
 .text          0x00001118       0x94 D:\qp\qpc/ports/arm-cm/vanilla/gnu/dbg\libqp_cortex-m4f_cs.a(qmp_get.o)
                0x00001118                QMPool_get
                0x00001168                QF_getPoolMin
 .text          0x000011ac       0xac D:\qp\qpc/ports/arm-cm/vanilla/gnu/dbg\libqp_cortex-m4f_cs.a(qmp_init.o)
                0x000011ac                QMPool_init
 .text          0x00001258       0x34 D:\qp\qpc/ports/arm-cm/vanilla/gnu/dbg\libqp_cortex-m4f_cs.a(qte_ctor.o)
                0x00001258                QTimeEvt_ctorX
 .text          0x0000128c       0x64 D:\qp\qpc/ports/arm-cm/vanilla/gnu/dbg\libqp_cortex-m4f_cs.a(qte_arm.o)
                0x0000128c                QTimeEvt_armX
 .text          0x000012f0       0xd0 D:\qp\qpc/ports/arm-cm/vanilla/gnu/dbg\libqp_cortex-m4f_cs.a(qvanilla.o)
                0x000012f0                QF_init
                0x000012f4                QF_stop
                0x000012fc                QF_run
                0x00001370                QActive_start
                0x000013b8                QActive_stop
 .text          0x000013c0       0xdc D:\qp\qpc/ports/arm-cm/vanilla/gnu/dbg\libqp_cortex-m4f_cs.a(qhsm_ini.o)
                0x000013c0                QHsm_init
                0x00001488                QHsm_ctor
 .text          0x0000149c      0x218 D:\qp\qpc/ports/arm-cm/vanilla/gnu/dbg\libqp_cortex-m4f_cs.a(qhsm_dis.o)
                0x0000149c                QHsm_dispatch
 .text          0x000016b4       0xd4 D:\qp\qpc/ports/arm-cm/vanilla/gnu/dbg\libqp_cortex-m4f_cs.a(qa_get_.o)
                0x000016b4                QActive_get_
                0x00001750                QF_getQueueMin
 .text          0x00001788       0x1c D:\qp\qpc/ports/arm-cm/vanilla/gnu/dbg\libqp_cortex-m4f_cs.a(qeq_init.o)
                0x00001788                QEQueue_init
 .text          0x000017a4       0x60 D:\qp\qpc/ports/arm-cm/vanilla/gnu/dbg\libqp_cortex-m4f_cs.a(qf_gc.o)
                0x000017a4                QF_gc
 .text          0x00001804       0x54 D:\qp\qpc/ports/arm-cm/vanilla/gnu/dbg\libqp_cortex-m4f_cs.a(qmp_put.o)
                0x00001804                QMPool_put
 .text          0x00001858        0x0 D:\qp\qpc/ports/arm-cm/vanilla/gnu/dbg\libqp_cortex-m4f_cs.a(qep.o)
 *(.text*)
 *(.rodata)
 .rodata        0x00001858        0xc dbg/table.o
                0x00001860                AO_Table
 .rodata        0x00001864       0x1c dbg/philo.o
                0x0000186c                AO_Philo
 .rodata        0x00001880        0x8 dbg/bsp.o
 .rodata        0x00001888       0x14 D:\qp\qpc/ports/arm-cm/vanilla/gnu/dbg\libqp_cortex-m4f_cs.a(qa_ctor.o)
 .rodata        0x0000189c        0x8 D:\qp\qpc/ports/arm-cm/vanilla/gnu/dbg\libqp_cortex-m4f_cs.a(qa_fifo.o)
 .rodata        0x000018a4        0x8 D:\qp\qpc/ports/arm-cm/vanilla/gnu/dbg\libqp_cortex-m4f_cs.a(qa_lifo.o)
 .rodata        0x000018ac        0x8 D:\qp\qpc/ports/arm-cm/vanilla/gnu/dbg\libqp_cortex-m4f_cs.a(qa_sub.o)
 .rodata        0x000018b4        0x8 D:\qp\qpc/ports/arm-cm/vanilla/gnu/dbg\libqp_cortex-m4f_cs.a(qf_act.o)
 .rodata        0x000018bc        0x8 D:\qp\qpc/ports/arm-cm/vanilla/gnu/dbg\libqp_cortex-m4f_cs.a(qf_new.o)
 .rodata        0x000018c4        0x8 D:\qp\qpc/ports/arm-cm/vanilla/gnu/dbg\libqp_cortex-m4f_cs.a(qf_pool.o)
 .rodata        0x000018cc        0xc D:\qp\qpc/ports/arm-cm/vanilla/gnu/dbg\libqp_cortex-m4f_cs.a(qf_pspub.o)
 .rodata        0x000018d8       0xcc D:\qp\qpc/ports/arm-cm/vanilla/gnu/dbg\libqp_cortex-m4f_cs.a(qf_pwr2.o)
                0x000018d8                QF_div8Lkup
                0x0000191c                QF_invPwr2Lkup
                0x00001960                QF_pwr2Lkup
 .rodata        0x000019a4        0x8 D:\qp\qpc/ports/arm-cm/vanilla/gnu/dbg\libqp_cortex-m4f_cs.a(qf_tick.o)
 .rodata        0x000019ac        0x8 D:\qp\qpc/ports/arm-cm/vanilla/gnu/dbg\libqp_cortex-m4f_cs.a(qmp_get.o)
 .rodata        0x000019b4        0xc D:\qp\qpc/ports/arm-cm/vanilla/gnu/dbg\libqp_cortex-m4f_cs.a(qmp_init.o)
 .rodata        0x000019c0        0xc D:\qp\qpc/ports/arm-cm/vanilla/gnu/dbg\libqp_cortex-m4f_cs.a(qte_ctor.o)
 .rodata        0x000019cc        0x8 D:\qp\qpc/ports/arm-cm/vanilla/gnu/dbg\libqp_cortex-m4f_cs.a(qte_arm.o)
 .rodata        0x000019d4        0xc D:\qp\qpc/ports/arm-cm/vanilla/gnu/dbg\libqp_cortex-m4f_cs.a(qvanilla.o)
 .rodata        0x000019e0       0x14 D:\qp\qpc/ports/arm-cm/vanilla/gnu/dbg\libqp_cortex-m4f_cs.a(qhsm_ini.o)
 .rodata        0x000019f4        0xc D:\qp\qpc/ports/arm-cm/vanilla/gnu/dbg\libqp_cortex-m4f_cs.a(qhsm_dis.o)
 .rodata        0x00001a00        0x8 D:\qp\qpc/ports/arm-cm/vanilla/gnu/dbg\libqp_cortex-m4f_cs.a(qa_get_.o)
 .rodata        0x00001a08        0x8 D:\qp\qpc/ports/arm-cm/vanilla/gnu/dbg\libqp_cortex-m4f_cs.a(qf_gc.o)
 .rodata        0x00001a10        0x8 D:\qp\qpc/ports/arm-cm/vanilla/gnu/dbg\libqp_cortex-m4f_cs.a(qmp_put.o)
 .rodata        0x00001a18       0x10 D:\qp\qpc/ports/arm-cm/vanilla/gnu/dbg\libqp_cortex-m4f_cs.a(qep.o)
                0x00001a18                QEP_reservedEvt_
 *(.rodata*)
 .rodata.str1.4
                0x00001a28       0x21 dbg/table.o
                                 0x24 (size before relaxing)
 *fill*         0x00001a49        0x3 
 .rodata.str1.4
                0x00001a4c       0x28 dbg/startup_tm4c.o
 *(.init)
 *(.fini)
                0x00001a74                . = ALIGN (0x4)

.glue_7         0x00001a74        0x0
 .glue_7        0x00000000        0x0 linker stubs

.glue_7t        0x00001a74        0x0
 .glue_7t       0x00000000        0x0 linker stubs

.vfp11_veneer   0x00001a74        0x0
 .vfp11_veneer  0x00000000        0x0 linker stubs

.v4_bx          0x00001a74        0x0
 .v4_bx         0x00000000        0x0 linker stubs

.iplt           0x00001a74        0x0
 .iplt          0x00000000        0x0 dbg/main.o

.rel.dyn        0x00001a74        0x0
 .rel.iplt      0x00000000        0x0 dbg/main.o

.preinit_array  0x00001a74        0x0
                0x00001a74                PROVIDE (__preinit_array_start, .)
 *(.preinit_array*)
                0x00001a74                PROVIDE (__preinit_array_end, .)

.init_array     0x00001a74        0x0
                0x00001a74                PROVIDE (__init_array_start, .)
 *(SORT(.init_array.*))
 *(.init_array*)
                0x00001a74                PROVIDE (__init_array_end, .)

.fini_array     0x00001a74        0x0
                0x00001a74                PROVIDE (__fini_array_start, .)
 *(.fini_array*)
 *(SORT(.fini_array.*))
                0x00001a74                PROVIDE (__fini_array_end, .)
                0x00001a74                _etext = .

.data           0x20000000        0x4 load address 0x00001a74
                0x00001a74                __data_load = LOADADDR (.data)
                0x20000000                __data_start = .
 *(.data)
 .data          0x20000000        0x0 dbg/main.o
 .data          0x20000000        0x0 dbg/table.o
 .data          0x20000000        0x0 dbg/philo.o
 .data          0x20000000        0x4 dbg/bsp.o
 .data          0x20000004        0x0 dbg/startup_tm4c.o
 .data          0x20000004        0x0 D:\qp\qpc/ports/arm-cm/vanilla/gnu/dbg\libqp_cortex-m4f_cs.a(qhsm_top.o)
 .data          0x20000004        0x0 D:\qp\qpc/ports/arm-cm/vanilla/gnu/dbg\libqp_cortex-m4f_cs.a(qa_ctor.o)
 .data          0x20000004        0x0 D:\qp\qpc/ports/arm-cm/vanilla/gnu/dbg\libqp_cortex-m4f_cs.a(qa_fifo.o)
 .data          0x20000004        0x0 D:\qp\qpc/ports/arm-cm/vanilla/gnu/dbg\libqp_cortex-m4f_cs.a(qa_lifo.o)
 .data          0x20000004        0x0 D:\qp\qpc/ports/arm-cm/vanilla/gnu/dbg\libqp_cortex-m4f_cs.a(qa_sub.o)
 .data          0x20000004        0x0 D:\qp\qpc/ports/arm-cm/vanilla/gnu/dbg\libqp_cortex-m4f_cs.a(qf_act.o)
 .data          0x20000004        0x0 D:\qp\qpc/ports/arm-cm/vanilla/gnu/dbg\libqp_cortex-m4f_cs.a(qf_new.o)
 .data          0x20000004        0x0 D:\qp\qpc/ports/arm-cm/vanilla/gnu/dbg\libqp_cortex-m4f_cs.a(qf_pool.o)
 .data          0x20000004        0x0 D:\qp\qpc/ports/arm-cm/vanilla/gnu/dbg\libqp_cortex-m4f_cs.a(qf_psini.o)
 .data          0x20000004        0x0 D:\qp\qpc/ports/arm-cm/vanilla/gnu/dbg\libqp_cortex-m4f_cs.a(qf_pspub.o)
 .data          0x20000004        0x0 D:\qp\qpc/ports/arm-cm/vanilla/gnu/dbg\libqp_cortex-m4f_cs.a(qf_pwr2.o)
 .data          0x20000004        0x0 D:\qp\qpc/ports/arm-cm/vanilla/gnu/dbg\libqp_cortex-m4f_cs.a(qf_tick.o)
 .data          0x20000004        0x0 D:\qp\qpc/ports/arm-cm/vanilla/gnu/dbg\libqp_cortex-m4f_cs.a(qmp_get.o)
 .data          0x20000004        0x0 D:\qp\qpc/ports/arm-cm/vanilla/gnu/dbg\libqp_cortex-m4f_cs.a(qmp_init.o)
 .data          0x20000004        0x0 D:\qp\qpc/ports/arm-cm/vanilla/gnu/dbg\libqp_cortex-m4f_cs.a(qte_ctor.o)
 .data          0x20000004        0x0 D:\qp\qpc/ports/arm-cm/vanilla/gnu/dbg\libqp_cortex-m4f_cs.a(qte_arm.o)
 .data          0x20000004        0x0 D:\qp\qpc/ports/arm-cm/vanilla/gnu/dbg\libqp_cortex-m4f_cs.a(qvanilla.o)
 .data          0x20000004        0x0 D:\qp\qpc/ports/arm-cm/vanilla/gnu/dbg\libqp_cortex-m4f_cs.a(qhsm_ini.o)
 .data          0x20000004        0x0 D:\qp\qpc/ports/arm-cm/vanilla/gnu/dbg\libqp_cortex-m4f_cs.a(qhsm_dis.o)
 .data          0x20000004        0x0 D:\qp\qpc/ports/arm-cm/vanilla/gnu/dbg\libqp_cortex-m4f_cs.a(qa_get_.o)
 .data          0x20000004        0x0 D:\qp\qpc/ports/arm-cm/vanilla/gnu/dbg\libqp_cortex-m4f_cs.a(qeq_init.o)
 .data          0x20000004        0x0 D:\qp\qpc/ports/arm-cm/vanilla/gnu/dbg\libqp_cortex-m4f_cs.a(qf_gc.o)
 .data          0x20000004        0x0 D:\qp\qpc/ports/arm-cm/vanilla/gnu/dbg\libqp_cortex-m4f_cs.a(qmp_put.o)
 .data          0x20000004        0x0 D:\qp\qpc/ports/arm-cm/vanilla/gnu/dbg\libqp_cortex-m4f_cs.a(qep.o)
 *(.data*)
                0x20000004                . = ALIGN (0x4)
                0x20000004                __data_end__ = .
                0x20000004                _edata = __data_end__

.igot.plt       0x20000004        0x0 load address 0x00001a78
 .igot.plt      0x00000000        0x0 dbg/main.o

.bss            0x20000004      0x30c load address 0x00001a78
                0x20000004                __bss_start__ = .
 *(.bss)
 .bss           0x20000004       0xe8 dbg/main.o
 .bss           0x200000ec       0x2c dbg/table.o
 .bss           0x20000118       0xf4 dbg/philo.o
 .bss           0x2000020c        0x8 dbg/bsp.o
 .bss           0x20000214        0x0 dbg/startup_tm4c.o
 .bss           0x20000214        0x0 D:\qp\qpc/ports/arm-cm/vanilla/gnu/dbg\libqp_cortex-m4f_cs.a(qhsm_top.o)
 .bss           0x20000214        0x0 D:\qp\qpc/ports/arm-cm/vanilla/gnu/dbg\libqp_cortex-m4f_cs.a(qa_ctor.o)
 .bss           0x20000214        0x0 D:\qp\qpc/ports/arm-cm/vanilla/gnu/dbg\libqp_cortex-m4f_cs.a(qa_fifo.o)
 .bss           0x20000214        0x0 D:\qp\qpc/ports/arm-cm/vanilla/gnu/dbg\libqp_cortex-m4f_cs.a(qa_lifo.o)
 .bss           0x20000214        0x0 D:\qp\qpc/ports/arm-cm/vanilla/gnu/dbg\libqp_cortex-m4f_cs.a(qa_sub.o)
 .bss           0x20000214       0x88 D:\qp\qpc/ports/arm-cm/vanilla/gnu/dbg\libqp_cortex-m4f_cs.a(qf_act.o)
                0x20000214                QF_active_
                0x20000298                QF_intLockNest_
 .bss           0x2000029c        0x0 D:\qp\qpc/ports/arm-cm/vanilla/gnu/dbg\libqp_cortex-m4f_cs.a(qf_new.o)
 .bss           0x2000029c       0x40 D:\qp\qpc/ports/arm-cm/vanilla/gnu/dbg\libqp_cortex-m4f_cs.a(qf_pool.o)
                0x2000029c                QF_maxPool_
                0x200002a0                QF_pool_
 .bss           0x200002dc        0x8 D:\qp\qpc/ports/arm-cm/vanilla/gnu/dbg\libqp_cortex-m4f_cs.a(qf_psini.o)
                0x200002dc                QF_subscrList_
                0x200002e0                QF_maxSignal_
 .bss           0x200002e4        0x0 D:\qp\qpc/ports/arm-cm/vanilla/gnu/dbg\libqp_cortex-m4f_cs.a(qf_pspub.o)
 .bss           0x200002e4        0x0 D:\qp\qpc/ports/arm-cm/vanilla/gnu/dbg\libqp_cortex-m4f_cs.a(qf_pwr2.o)
 .bss           0x200002e4       0x20 D:\qp\qpc/ports/arm-cm/vanilla/gnu/dbg\libqp_cortex-m4f_cs.a(qf_tick.o)
                0x200002e4                QF_timeEvtHead_
 .bss           0x20000304        0x0 D:\qp\qpc/ports/arm-cm/vanilla/gnu/dbg\libqp_cortex-m4f_cs.a(qmp_get.o)
 .bss           0x20000304        0x0 D:\qp\qpc/ports/arm-cm/vanilla/gnu/dbg\libqp_cortex-m4f_cs.a(qmp_init.o)
 .bss           0x20000304        0x0 D:\qp\qpc/ports/arm-cm/vanilla/gnu/dbg\libqp_cortex-m4f_cs.a(qte_ctor.o)
 .bss           0x20000304        0x0 D:\qp\qpc/ports/arm-cm/vanilla/gnu/dbg\libqp_cortex-m4f_cs.a(qte_arm.o)
 .bss           0x20000304        0xc D:\qp\qpc/ports/arm-cm/vanilla/gnu/dbg\libqp_cortex-m4f_cs.a(qvanilla.o)
                0x20000304                QF_readySet_
 .bss           0x20000310        0x0 D:\qp\qpc/ports/arm-cm/vanilla/gnu/dbg\libqp_cortex-m4f_cs.a(qhsm_ini.o)
 .bss           0x20000310        0x0 D:\qp\qpc/ports/arm-cm/vanilla/gnu/dbg\libqp_cortex-m4f_cs.a(qhsm_dis.o)
 .bss           0x20000310        0x0 D:\qp\qpc/ports/arm-cm/vanilla/gnu/dbg\libqp_cortex-m4f_cs.a(qa_get_.o)
 .bss           0x20000310        0x0 D:\qp\qpc/ports/arm-cm/vanilla/gnu/dbg\libqp_cortex-m4f_cs.a(qeq_init.o)
 .bss           0x20000310        0x0 D:\qp\qpc/ports/arm-cm/vanilla/gnu/dbg\libqp_cortex-m4f_cs.a(qf_gc.o)
 .bss           0x20000310        0x0 D:\qp\qpc/ports/arm-cm/vanilla/gnu/dbg\libqp_cortex-m4f_cs.a(qmp_put.o)
 .bss           0x20000310        0x0 D:\qp\qpc/ports/arm-cm/vanilla/gnu/dbg\libqp_cortex-m4f_cs.a(qep.o)
 *(.bss*)
 *(COMMON)
                0x20000310                . = ALIGN (0x4)
                0x20000310                _ebss = .
                0x20000310                __bss_end__ = .
                0x20000310                PROVIDE (end, _ebss)
                0x20000310                PROVIDE (_end, _ebss)
                0x20000310                PROVIDE (__end__, _ebss)

.heap           0x20000310        0x0
                0x20000310                __heap_start__ = .
                0x20000310                . = (. + HEAP_SIZE)
                0x20000310                . = ALIGN (0x4)
                0x20000310                __heap_end__ = .

.stack          0x20000310      0x3e8 load address 0x00001d84
                0x20000310                __stack_start__ = .
                0x200006f8                . = (. + STACK_SIZE)
 *fill*         0x20000310      0x3e8 
                0x200006f8                . = ALIGN (0x4)
                0x200006f8                __c_stack_top__ = .
                0x200006f8                __stack_end__ = .

/DISCARD/
 libc.a(*)
 libm.a(*)
 libgcc.a(*)
OUTPUT(dbg/dpp.elf elf32-littlearm)

.debug_info     0x00000000     0x92a7
 .debug_info    0x00000000      0x6cb dbg/main.o
 .debug_info    0x000006cb      0xb61 dbg/table.o
 .debug_info    0x0000122c      0xa6e dbg/philo.o
 .debug_info    0x00001c9a     0x16e8 dbg/bsp.o
 .debug_info    0x00003382      0x235 dbg/startup_tm4c.o
 .debug_info    0x000035b7      0x185 D:\qp\qpc/ports/arm-cm/vanilla/gnu/dbg\libqp_cortex-m4f_cs.a(qhsm_top.o)
 .debug_info    0x0000373c      0x4d6 D:\qp\qpc/ports/arm-cm/vanilla/gnu/dbg\libqp_cortex-m4f_cs.a(qa_ctor.o)
 .debug_info    0x00003c12      0x532 D:\qp\qpc/ports/arm-cm/vanilla/gnu/dbg\libqp_cortex-m4f_cs.a(qa_fifo.o)
 .debug_info    0x00004144      0x4ff D:\qp\qpc/ports/arm-cm/vanilla/gnu/dbg\libqp_cortex-m4f_cs.a(qa_lifo.o)
 .debug_info    0x00004643      0x543 D:\qp\qpc/ports/arm-cm/vanilla/gnu/dbg\libqp_cortex-m4f_cs.a(qa_sub.o)
 .debug_info    0x00004b86      0x4ca D:\qp\qpc/ports/arm-cm/vanilla/gnu/dbg\libqp_cortex-m4f_cs.a(qf_act.o)
 .debug_info    0x00005050      0x338 D:\qp\qpc/ports/arm-cm/vanilla/gnu/dbg\libqp_cortex-m4f_cs.a(qf_new.o)
 .debug_info    0x00005388      0x2cc D:\qp\qpc/ports/arm-cm/vanilla/gnu/dbg\libqp_cortex-m4f_cs.a(qf_pool.o)
 .debug_info    0x00005654      0x14a D:\qp\qpc/ports/arm-cm/vanilla/gnu/dbg\libqp_cortex-m4f_cs.a(qf_psini.o)
 .debug_info    0x0000579e      0x63d D:\qp\qpc/ports/arm-cm/vanilla/gnu/dbg\libqp_cortex-m4f_cs.a(qf_pspub.o)
 .debug_info    0x00005ddb       0xe0 D:\qp\qpc/ports/arm-cm/vanilla/gnu/dbg\libqp_cortex-m4f_cs.a(qf_pwr2.o)
 .debug_info    0x00005ebb      0x64a D:\qp\qpc/ports/arm-cm/vanilla/gnu/dbg\libqp_cortex-m4f_cs.a(qf_tick.o)
 .debug_info    0x00006505      0x2cf D:\qp\qpc/ports/arm-cm/vanilla/gnu/dbg\libqp_cortex-m4f_cs.a(qmp_get.o)
 .debug_info    0x000067d4      0x28d D:\qp\qpc/ports/arm-cm/vanilla/gnu/dbg\libqp_cortex-m4f_cs.a(qmp_init.o)
 .debug_info    0x00006a61      0x520 D:\qp\qpc/ports/arm-cm/vanilla/gnu/dbg\libqp_cortex-m4f_cs.a(qte_ctor.o)
 .debug_info    0x00006f81      0x2ac D:\qp\qpc/ports/arm-cm/vanilla/gnu/dbg\libqp_cortex-m4f_cs.a(qte_arm.o)
 .debug_info    0x0000722d      0x72a D:\qp\qpc/ports/arm-cm/vanilla/gnu/dbg\libqp_cortex-m4f_cs.a(qvanilla.o)
 .debug_info    0x00007957      0x52d D:\qp\qpc/ports/arm-cm/vanilla/gnu/dbg\libqp_cortex-m4f_cs.a(qhsm_ini.o)
 .debug_info    0x00007e84      0x652 D:\qp\qpc/ports/arm-cm/vanilla/gnu/dbg\libqp_cortex-m4f_cs.a(qhsm_dis.o)
 .debug_info    0x000084d6      0x595 D:\qp\qpc/ports/arm-cm/vanilla/gnu/dbg\libqp_cortex-m4f_cs.a(qa_get_.o)
 .debug_info    0x00008a6b      0x1e2 D:\qp\qpc/ports/arm-cm/vanilla/gnu/dbg\libqp_cortex-m4f_cs.a(qeq_init.o)
 .debug_info    0x00008c4d      0x2d0 D:\qp\qpc/ports/arm-cm/vanilla/gnu/dbg\libqp_cortex-m4f_cs.a(qf_gc.o)
 .debug_info    0x00008f1d      0x23c D:\qp\qpc/ports/arm-cm/vanilla/gnu/dbg\libqp_cortex-m4f_cs.a(qmp_put.o)
 .debug_info    0x00009159      0x14e D:\qp\qpc/ports/arm-cm/vanilla/gnu/dbg\libqp_cortex-m4f_cs.a(qep.o)

.debug_abbrev   0x00000000     0x2b68
 .debug_abbrev  0x00000000      0x1f4 dbg/main.o
 .debug_abbrev  0x000001f4      0x234 dbg/table.o
 .debug_abbrev  0x00000428      0x26f dbg/philo.o
 .debug_abbrev  0x00000697      0x3d8 dbg/bsp.o
 .debug_abbrev  0x00000a6f      0x149 dbg/startup_tm4c.o
 .debug_abbrev  0x00000bb8       0xd2 D:\qp\qpc/ports/arm-cm/vanilla/gnu/dbg\libqp_cortex-m4f_cs.a(qhsm_top.o)
 .debug_abbrev  0x00000c8a      0x12a D:\qp\qpc/ports/arm-cm/vanilla/gnu/dbg\libqp_cortex-m4f_cs.a(qa_ctor.o)
 .debug_abbrev  0x00000db4      0x196 D:\qp\qpc/ports/arm-cm/vanilla/gnu/dbg\libqp_cortex-m4f_cs.a(qa_fifo.o)
 .debug_abbrev  0x00000f4a      0x178 D:\qp\qpc/ports/arm-cm/vanilla/gnu/dbg\libqp_cortex-m4f_cs.a(qa_lifo.o)
 .debug_abbrev  0x000010c2      0x1a1 D:\qp\qpc/ports/arm-cm/vanilla/gnu/dbg\libqp_cortex-m4f_cs.a(qa_sub.o)
 .debug_abbrev  0x00001263      0x14d D:\qp\qpc/ports/arm-cm/vanilla/gnu/dbg\libqp_cortex-m4f_cs.a(qf_act.o)
 .debug_abbrev  0x000013b0      0x150 D:\qp\qpc/ports/arm-cm/vanilla/gnu/dbg\libqp_cortex-m4f_cs.a(qf_new.o)
 .debug_abbrev  0x00001500      0x11b D:\qp\qpc/ports/arm-cm/vanilla/gnu/dbg\libqp_cortex-m4f_cs.a(qf_pool.o)
 .debug_abbrev  0x0000161b       0xbe D:\qp\qpc/ports/arm-cm/vanilla/gnu/dbg\libqp_cortex-m4f_cs.a(qf_psini.o)
 .debug_abbrev  0x000016d9      0x1cb D:\qp\qpc/ports/arm-cm/vanilla/gnu/dbg\libqp_cortex-m4f_cs.a(qf_pspub.o)
 .debug_abbrev  0x000018a4       0x5d D:\qp\qpc/ports/arm-cm/vanilla/gnu/dbg\libqp_cortex-m4f_cs.a(qf_pwr2.o)
 .debug_abbrev  0x00001901      0x1d2 D:\qp\qpc/ports/arm-cm/vanilla/gnu/dbg\libqp_cortex-m4f_cs.a(qf_tick.o)
 .debug_abbrev  0x00001ad3      0x13d D:\qp\qpc/ports/arm-cm/vanilla/gnu/dbg\libqp_cortex-m4f_cs.a(qmp_get.o)
 .debug_abbrev  0x00001c10      0x137 D:\qp\qpc/ports/arm-cm/vanilla/gnu/dbg\libqp_cortex-m4f_cs.a(qmp_init.o)
 .debug_abbrev  0x00001d47      0x18e D:\qp\qpc/ports/arm-cm/vanilla/gnu/dbg\libqp_cortex-m4f_cs.a(qte_ctor.o)
 .debug_abbrev  0x00001ed5      0x17e D:\qp\qpc/ports/arm-cm/vanilla/gnu/dbg\libqp_cortex-m4f_cs.a(qte_arm.o)
 .debug_abbrev  0x00002053      0x22f D:\qp\qpc/ports/arm-cm/vanilla/gnu/dbg\libqp_cortex-m4f_cs.a(qvanilla.o)
 .debug_abbrev  0x00002282      0x1e6 D:\qp\qpc/ports/arm-cm/vanilla/gnu/dbg\libqp_cortex-m4f_cs.a(qhsm_ini.o)
 .debug_abbrev  0x00002468      0x1a4 D:\qp\qpc/ports/arm-cm/vanilla/gnu/dbg\libqp_cortex-m4f_cs.a(qhsm_dis.o)
 .debug_abbrev  0x0000260c      0x1a5 D:\qp\qpc/ports/arm-cm/vanilla/gnu/dbg\libqp_cortex-m4f_cs.a(qa_get_.o)
 .debug_abbrev  0x000027b1       0xc2 D:\qp\qpc/ports/arm-cm/vanilla/gnu/dbg\libqp_cortex-m4f_cs.a(qeq_init.o)
 .debug_abbrev  0x00002873      0x133 D:\qp\qpc/ports/arm-cm/vanilla/gnu/dbg\libqp_cortex-m4f_cs.a(qf_gc.o)
 .debug_abbrev  0x000029a6      0x10a D:\qp\qpc/ports/arm-cm/vanilla/gnu/dbg\libqp_cortex-m4f_cs.a(qmp_put.o)
 .debug_abbrev  0x00002ab0       0xb8 D:\qp\qpc/ports/arm-cm/vanilla/gnu/dbg\libqp_cortex-m4f_cs.a(qep.o)

.debug_loc      0x00000000     0x207f
 .debug_loc     0x00000000       0x5a dbg/main.o
 .debug_loc     0x0000005a      0x6cd dbg/table.o
 .debug_loc     0x00000727      0x479 dbg/philo.o
 .debug_loc     0x00000ba0      0x280 dbg/bsp.o
 .debug_loc     0x00000e20       0x40 dbg/startup_tm4c.o
 .debug_loc     0x00000e60       0x21 D:\qp\qpc/ports/arm-cm/vanilla/gnu/dbg\libqp_cortex-m4f_cs.a(qhsm_top.o)
 .debug_loc     0x00000e81       0x5f D:\qp\qpc/ports/arm-cm/vanilla/gnu/dbg\libqp_cortex-m4f_cs.a(qa_ctor.o)
 .debug_loc     0x00000ee0      0x10d D:\qp\qpc/ports/arm-cm/vanilla/gnu/dbg\libqp_cortex-m4f_cs.a(qa_fifo.o)
 .debug_loc     0x00000fed      0x128 D:\qp\qpc/ports/arm-cm/vanilla/gnu/dbg\libqp_cortex-m4f_cs.a(qa_lifo.o)
 .debug_loc     0x00001115       0xbe D:\qp\qpc/ports/arm-cm/vanilla/gnu/dbg\libqp_cortex-m4f_cs.a(qa_sub.o)
 .debug_loc     0x000011d3       0xd8 D:\qp\qpc/ports/arm-cm/vanilla/gnu/dbg\libqp_cortex-m4f_cs.a(qf_act.o)
 .debug_loc     0x000012ab      0x133 D:\qp\qpc/ports/arm-cm/vanilla/gnu/dbg\libqp_cortex-m4f_cs.a(qf_new.o)
 .debug_loc     0x000013de       0x7a D:\qp\qpc/ports/arm-cm/vanilla/gnu/dbg\libqp_cortex-m4f_cs.a(qf_pool.o)
 .debug_loc     0x00001458       0xa2 D:\qp\qpc/ports/arm-cm/vanilla/gnu/dbg\libqp_cortex-m4f_cs.a(qf_pspub.o)
 .debug_loc     0x000014fa      0x108 D:\qp\qpc/ports/arm-cm/vanilla/gnu/dbg\libqp_cortex-m4f_cs.a(qf_tick.o)
 .debug_loc     0x00001602       0xd4 D:\qp\qpc/ports/arm-cm/vanilla/gnu/dbg\libqp_cortex-m4f_cs.a(qmp_get.o)
 .debug_loc     0x000016d6       0xd1 D:\qp\qpc/ports/arm-cm/vanilla/gnu/dbg\libqp_cortex-m4f_cs.a(qmp_init.o)
 .debug_loc     0x000017a7       0x9b D:\qp\qpc/ports/arm-cm/vanilla/gnu/dbg\libqp_cortex-m4f_cs.a(qte_ctor.o)
 .debug_loc     0x00001842       0x9e D:\qp\qpc/ports/arm-cm/vanilla/gnu/dbg\libqp_cortex-m4f_cs.a(qte_arm.o)
 .debug_loc     0x000018e0      0x176 D:\qp\qpc/ports/arm-cm/vanilla/gnu/dbg\libqp_cortex-m4f_cs.a(qvanilla.o)
 .debug_loc     0x00001a56       0xd0 D:\qp\qpc/ports/arm-cm/vanilla/gnu/dbg\libqp_cortex-m4f_cs.a(qhsm_ini.o)
 .debug_loc     0x00001b26      0x3ba D:\qp\qpc/ports/arm-cm/vanilla/gnu/dbg\libqp_cortex-m4f_cs.a(qhsm_dis.o)
 .debug_loc     0x00001ee0       0xd3 D:\qp\qpc/ports/arm-cm/vanilla/gnu/dbg\libqp_cortex-m4f_cs.a(qa_get_.o)
 .debug_loc     0x00001fb3       0x1f D:\qp\qpc/ports/arm-cm/vanilla/gnu/dbg\libqp_cortex-m4f_cs.a(qeq_init.o)
 .debug_loc     0x00001fd2       0x51 D:\qp\qpc/ports/arm-cm/vanilla/gnu/dbg\libqp_cortex-m4f_cs.a(qf_gc.o)
 .debug_loc     0x00002023       0x5c D:\qp\qpc/ports/arm-cm/vanilla/gnu/dbg\libqp_cortex-m4f_cs.a(qmp_put.o)

.debug_aranges  0x00000000      0x390
 .debug_aranges
                0x00000000       0x20 dbg/main.o
 .debug_aranges
                0x00000020       0x20 dbg/table.o
 .debug_aranges
                0x00000040       0x20 dbg/philo.o
 .debug_aranges
                0x00000060       0x20 dbg/bsp.o
 .debug_aranges
                0x00000080       0x20 dbg/startup_tm4c.o
 .debug_aranges
                0x000000a0       0x20 D:\qp\qpc/ports/arm-cm/vanilla/gnu/dbg\libqp_cortex-m4f_cs.a(qhsm_top.o)
 .debug_aranges
                0x000000c0       0x20 D:\qp\qpc/ports/arm-cm/vanilla/gnu/dbg\libqp_cortex-m4f_cs.a(qa_ctor.o)
 .debug_aranges
                0x000000e0       0x20 D:\qp\qpc/ports/arm-cm/vanilla/gnu/dbg\libqp_cortex-m4f_cs.a(qa_fifo.o)
 .debug_aranges
                0x00000100       0x20 D:\qp\qpc/ports/arm-cm/vanilla/gnu/dbg\libqp_cortex-m4f_cs.a(qa_lifo.o)
 .debug_aranges
                0x00000120       0x20 D:\qp\qpc/ports/arm-cm/vanilla/gnu/dbg\libqp_cortex-m4f_cs.a(qa_sub.o)
 .debug_aranges
                0x00000140       0x20 D:\qp\qpc/ports/arm-cm/vanilla/gnu/dbg\libqp_cortex-m4f_cs.a(qf_act.o)
 .debug_aranges
                0x00000160       0x20 D:\qp\qpc/ports/arm-cm/vanilla/gnu/dbg\libqp_cortex-m4f_cs.a(qf_new.o)
 .debug_aranges
                0x00000180       0x20 D:\qp\qpc/ports/arm-cm/vanilla/gnu/dbg\libqp_cortex-m4f_cs.a(qf_pool.o)
 .debug_aranges
                0x000001a0       0x20 D:\qp\qpc/ports/arm-cm/vanilla/gnu/dbg\libqp_cortex-m4f_cs.a(qf_psini.o)
 .debug_aranges
                0x000001c0       0x20 D:\qp\qpc/ports/arm-cm/vanilla/gnu/dbg\libqp_cortex-m4f_cs.a(qf_pspub.o)
 .debug_aranges
                0x000001e0       0x18 D:\qp\qpc/ports/arm-cm/vanilla/gnu/dbg\libqp_cortex-m4f_cs.a(qf_pwr2.o)
 .debug_aranges
                0x000001f8       0x20 D:\qp\qpc/ports/arm-cm/vanilla/gnu/dbg\libqp_cortex-m4f_cs.a(qf_tick.o)
 .debug_aranges
                0x00000218       0x20 D:\qp\qpc/ports/arm-cm/vanilla/gnu/dbg\libqp_cortex-m4f_cs.a(qmp_get.o)
 .debug_aranges
                0x00000238       0x20 D:\qp\qpc/ports/arm-cm/vanilla/gnu/dbg\libqp_cortex-m4f_cs.a(qmp_init.o)
 .debug_aranges
                0x00000258       0x20 D:\qp\qpc/ports/arm-cm/vanilla/gnu/dbg\libqp_cortex-m4f_cs.a(qte_ctor.o)
 .debug_aranges
                0x00000278       0x20 D:\qp\qpc/ports/arm-cm/vanilla/gnu/dbg\libqp_cortex-m4f_cs.a(qte_arm.o)
 .debug_aranges
                0x00000298       0x20 D:\qp\qpc/ports/arm-cm/vanilla/gnu/dbg\libqp_cortex-m4f_cs.a(qvanilla.o)
 .debug_aranges
                0x000002b8       0x20 D:\qp\qpc/ports/arm-cm/vanilla/gnu/dbg\libqp_cortex-m4f_cs.a(qhsm_ini.o)
 .debug_aranges
                0x000002d8       0x20 D:\qp\qpc/ports/arm-cm/vanilla/gnu/dbg\libqp_cortex-m4f_cs.a(qhsm_dis.o)
 .debug_aranges
                0x000002f8       0x20 D:\qp\qpc/ports/arm-cm/vanilla/gnu/dbg\libqp_cortex-m4f_cs.a(qa_get_.o)
 .debug_aranges
                0x00000318       0x20 D:\qp\qpc/ports/arm-cm/vanilla/gnu/dbg\libqp_cortex-m4f_cs.a(qeq_init.o)
 .debug_aranges
                0x00000338       0x20 D:\qp\qpc/ports/arm-cm/vanilla/gnu/dbg\libqp_cortex-m4f_cs.a(qf_gc.o)
 .debug_aranges
                0x00000358       0x20 D:\qp\qpc/ports/arm-cm/vanilla/gnu/dbg\libqp_cortex-m4f_cs.a(qmp_put.o)
 .debug_aranges
                0x00000378       0x18 D:\qp\qpc/ports/arm-cm/vanilla/gnu/dbg\libqp_cortex-m4f_cs.a(qep.o)

.debug_line     0x00000000     0x21bb
 .debug_line    0x00000000      0x115 dbg/main.o
 .debug_line    0x00000115      0x24f dbg/table.o
 .debug_line    0x00000364      0x178 dbg/philo.o
 .debug_line    0x000004dc      0x1a5 dbg/bsp.o
 .debug_line    0x00000681       0x76 dbg/startup_tm4c.o
 .debug_line    0x000006f7       0xe0 D:\qp\qpc/ports/arm-cm/vanilla/gnu/dbg\libqp_cortex-m4f_cs.a(qhsm_top.o)
 .debug_line    0x000007d7       0xf4 D:\qp\qpc/ports/arm-cm/vanilla/gnu/dbg\libqp_cortex-m4f_cs.a(qa_ctor.o)
 .debug_line    0x000008cb      0x14c D:\qp\qpc/ports/arm-cm/vanilla/gnu/dbg\libqp_cortex-m4f_cs.a(qa_fifo.o)
 .debug_line    0x00000a17      0x133 D:\qp\qpc/ports/arm-cm/vanilla/gnu/dbg\libqp_cortex-m4f_cs.a(qa_lifo.o)
 .debug_line    0x00000b4a      0x12b D:\qp\qpc/ports/arm-cm/vanilla/gnu/dbg\libqp_cortex-m4f_cs.a(qa_sub.o)
 .debug_line    0x00000c75      0x121 D:\qp\qpc/ports/arm-cm/vanilla/gnu/dbg\libqp_cortex-m4f_cs.a(qf_act.o)
 .debug_line    0x00000d96      0x11b D:\qp\qpc/ports/arm-cm/vanilla/gnu/dbg\libqp_cortex-m4f_cs.a(qf_new.o)
 .debug_line    0x00000eb1      0x10c D:\qp\qpc/ports/arm-cm/vanilla/gnu/dbg\libqp_cortex-m4f_cs.a(qf_pool.o)
 .debug_line    0x00000fbd       0xdf D:\qp\qpc/ports/arm-cm/vanilla/gnu/dbg\libqp_cortex-m4f_cs.a(qf_psini.o)
 .debug_line    0x0000109c      0x139 D:\qp\qpc/ports/arm-cm/vanilla/gnu/dbg\libqp_cortex-m4f_cs.a(qf_pspub.o)
 .debug_line    0x000011d5       0xa7 D:\qp\qpc/ports/arm-cm/vanilla/gnu/dbg\libqp_cortex-m4f_cs.a(qf_pwr2.o)
 .debug_line    0x0000127c      0x13a D:\qp\qpc/ports/arm-cm/vanilla/gnu/dbg\libqp_cortex-m4f_cs.a(qf_tick.o)
 .debug_line    0x000013b6      0x121 D:\qp\qpc/ports/arm-cm/vanilla/gnu/dbg\libqp_cortex-m4f_cs.a(qmp_get.o)
 .debug_line    0x000014d7      0x12b D:\qp\qpc/ports/arm-cm/vanilla/gnu/dbg\libqp_cortex-m4f_cs.a(qmp_init.o)
 .debug_line    0x00001602      0x114 D:\qp\qpc/ports/arm-cm/vanilla/gnu/dbg\libqp_cortex-m4f_cs.a(qte_ctor.o)
 .debug_line    0x00001716      0x126 D:\qp\qpc/ports/arm-cm/vanilla/gnu/dbg\libqp_cortex-m4f_cs.a(qte_arm.o)
 .debug_line    0x0000183c      0x13f D:\qp\qpc/ports/arm-cm/vanilla/gnu/dbg\libqp_cortex-m4f_cs.a(qvanilla.o)
 .debug_line    0x0000197b      0x14f D:\qp\qpc/ports/arm-cm/vanilla/gnu/dbg\libqp_cortex-m4f_cs.a(qhsm_ini.o)
 .debug_line    0x00001aca      0x1c4 D:\qp\qpc/ports/arm-cm/vanilla/gnu/dbg\libqp_cortex-m4f_cs.a(qhsm_dis.o)
 .debug_line    0x00001c8e      0x152 D:\qp\qpc/ports/arm-cm/vanilla/gnu/dbg\libqp_cortex-m4f_cs.a(qa_get_.o)
 .debug_line    0x00001de0       0xe9 D:\qp\qpc/ports/arm-cm/vanilla/gnu/dbg\libqp_cortex-m4f_cs.a(qeq_init.o)
 .debug_line    0x00001ec9      0x107 D:\qp\qpc/ports/arm-cm/vanilla/gnu/dbg\libqp_cortex-m4f_cs.a(qf_gc.o)
 .debug_line    0x00001fd0      0x113 D:\qp\qpc/ports/arm-cm/vanilla/gnu/dbg\libqp_cortex-m4f_cs.a(qmp_put.o)
 .debug_line    0x000020e3       0xd8 D:\qp\qpc/ports/arm-cm/vanilla/gnu/dbg\libqp_cortex-m4f_cs.a(qep.o)

.debug_str      0x00000000     0x1800
 .debug_str     0x00000000      0x341 dbg/main.o
                                0x39b (size before relaxing)
 .debug_str     0x00000341      0x197 dbg/table.o
                                0x47b (size before relaxing)
 .debug_str     0x000004d8       0xf1 dbg/philo.o
                                0x4f9 (size before relaxing)
 .debug_str     0x000005c9      0xb9c dbg/bsp.o
                                0xfa6 (size before relaxing)
 .debug_str     0x00001165       0xcf dbg/startup_tm4c.o
                                0x147 (size before relaxing)
 .debug_str     0x00001234       0x4e D:\qp\qpc/ports/arm-cm/vanilla/gnu/dbg\libqp_cortex-m4f_cs.a(qhsm_top.o)
                                0x1aa (size before relaxing)
 .debug_str     0x00001282       0x2f D:\qp\qpc/ports/arm-cm/vanilla/gnu/dbg\libqp_cortex-m4f_cs.a(qa_ctor.o)
                                0x292 (size before relaxing)
 .debug_str     0x000012b1       0x72 D:\qp\qpc/ports/arm-cm/vanilla/gnu/dbg\libqp_cortex-m4f_cs.a(qa_fifo.o)
                                0x2bb (size before relaxing)
 .debug_str     0x00001323       0x31 D:\qp\qpc/ports/arm-cm/vanilla/gnu/dbg\libqp_cortex-m4f_cs.a(qa_lifo.o)
                                0x2b1 (size before relaxing)
 .debug_str     0x00001354       0x47 D:\qp\qpc/ports/arm-cm/vanilla/gnu/dbg\libqp_cortex-m4f_cs.a(qa_sub.o)
                                0x313 (size before relaxing)
 .debug_str     0x0000139b       0x42 D:\qp\qpc/ports/arm-cm/vanilla/gnu/dbg\libqp_cortex-m4f_cs.a(qf_act.o)
                                0x28a (size before relaxing)
 .debug_str     0x000013dd       0x8d D:\qp\qpc/ports/arm-cm/vanilla/gnu/dbg\libqp_cortex-m4f_cs.a(qf_new.o)
                                0x1e9 (size before relaxing)
 .debug_str     0x0000146a       0x3d D:\qp\qpc/ports/arm-cm/vanilla/gnu/dbg\libqp_cortex-m4f_cs.a(qf_pool.o)
                                0x1cd (size before relaxing)
 .debug_str     0x000014a7       0x2b D:\qp\qpc/ports/arm-cm/vanilla/gnu/dbg\libqp_cortex-m4f_cs.a(qf_psini.o)
                                0x162 (size before relaxing)
 .debug_str     0x000014d2       0x36 D:\qp\qpc/ports/arm-cm/vanilla/gnu/dbg\libqp_cortex-m4f_cs.a(qf_pspub.o)
                                0x30c (size before relaxing)
 .debug_str     0x00001508       0x20 D:\qp\qpc/ports/arm-cm/vanilla/gnu/dbg\libqp_cortex-m4f_cs.a(qf_pwr2.o)
                                0x11d (size before relaxing)
 .debug_str     0x00001528       0x5c D:\qp\qpc/ports/arm-cm/vanilla/gnu/dbg\libqp_cortex-m4f_cs.a(qf_tick.o)
                                0x309 (size before relaxing)
 .debug_str     0x00001584       0x4e D:\qp\qpc/ports/arm-cm/vanilla/gnu/dbg\libqp_cortex-m4f_cs.a(qmp_get.o)
                                0x1cf (size before relaxing)
 .debug_str     0x000015d2       0x29 D:\qp\qpc/ports/arm-cm/vanilla/gnu/dbg\libqp_cortex-m4f_cs.a(qmp_init.o)
                                0x1bb (size before relaxing)
 .debug_str     0x000015fb       0x21 D:\qp\qpc/ports/arm-cm/vanilla/gnu/dbg\libqp_cortex-m4f_cs.a(qte_ctor.o)
                                0x2ea (size before relaxing)
 .debug_str     0x0000161c       0x27 D:\qp\qpc/ports/arm-cm/vanilla/gnu/dbg\libqp_cortex-m4f_cs.a(qte_arm.o)
                                0x1ec (size before relaxing)
 .debug_str     0x00001643       0x69 D:\qp\qpc/ports/arm-cm/vanilla/gnu/dbg\libqp_cortex-m4f_cs.a(qvanilla.o)
                                0x347 (size before relaxing)
 .debug_str     0x000016ac       0x6e D:\qp\qpc/ports/arm-cm/vanilla/gnu/dbg\libqp_cortex-m4f_cs.a(qhsm_ini.o)
                                0x317 (size before relaxing)
 .debug_str     0x0000171a       0x30 D:\qp\qpc/ports/arm-cm/vanilla/gnu/dbg\libqp_cortex-m4f_cs.a(qhsm_dis.o)
                                0x304 (size before relaxing)
 .debug_str     0x0000174a       0x2f D:\qp\qpc/ports/arm-cm/vanilla/gnu/dbg\libqp_cortex-m4f_cs.a(qa_get_.o)
                                0x2ca (size before relaxing)
 .debug_str     0x00001779       0x21 D:\qp\qpc/ports/arm-cm/vanilla/gnu/dbg\libqp_cortex-m4f_cs.a(qeq_init.o)
                                0x17d (size before relaxing)
 .debug_str     0x0000179a       0x29 D:\qp\qpc/ports/arm-cm/vanilla/gnu/dbg\libqp_cortex-m4f_cs.a(qf_gc.o)
                                0x1c6 (size before relaxing)
 .debug_str     0x000017c3       0x20 D:\qp\qpc/ports/arm-cm/vanilla/gnu/dbg\libqp_cortex-m4f_cs.a(qmp_put.o)
                                0x197 (size before relaxing)
 .debug_str     0x000017e3       0x1d D:\qp\qpc/ports/arm-cm/vanilla/gnu/dbg\libqp_cortex-m4f_cs.a(qep.o)
                                0x19c (size before relaxing)

.comment        0x00000000       0x2b
 .comment       0x00000000       0x2b dbg/main.o
                                 0x2c (size before relaxing)
 .comment       0x00000000       0x2c dbg/table.o
 .comment       0x00000000       0x2c dbg/philo.o
 .comment       0x00000000       0x2c dbg/bsp.o
 .comment       0x00000000       0x2c dbg/startup_tm4c.o
 .comment       0x00000000       0x2c D:\qp\qpc/ports/arm-cm/vanilla/gnu/dbg\libqp_cortex-m4f_cs.a(qhsm_top.o)
 .comment       0x00000000       0x2c D:\qp\qpc/ports/arm-cm/vanilla/gnu/dbg\libqp_cortex-m4f_cs.a(qa_ctor.o)
 .comment       0x00000000       0x2c D:\qp\qpc/ports/arm-cm/vanilla/gnu/dbg\libqp_cortex-m4f_cs.a(qa_fifo.o)
 .comment       0x00000000       0x2c D:\qp\qpc/ports/arm-cm/vanilla/gnu/dbg\libqp_cortex-m4f_cs.a(qa_lifo.o)
 .comment       0x00000000       0x2c D:\qp\qpc/ports/arm-cm/vanilla/gnu/dbg\libqp_cortex-m4f_cs.a(qa_sub.o)
 .comment       0x00000000       0x2c D:\qp\qpc/ports/arm-cm/vanilla/gnu/dbg\libqp_cortex-m4f_cs.a(qf_act.o)
 .comment       0x00000000       0x2c D:\qp\qpc/ports/arm-cm/vanilla/gnu/dbg\libqp_cortex-m4f_cs.a(qf_new.o)
 .comment       0x00000000       0x2c D:\qp\qpc/ports/arm-cm/vanilla/gnu/dbg\libqp_cortex-m4f_cs.a(qf_pool.o)
 .comment       0x00000000       0x2c D:\qp\qpc/ports/arm-cm/vanilla/gnu/dbg\libqp_cortex-m4f_cs.a(qf_psini.o)
 .comment       0x00000000       0x2c D:\qp\qpc/ports/arm-cm/vanilla/gnu/dbg\libqp_cortex-m4f_cs.a(qf_pspub.o)
 .comment       0x00000000       0x2c D:\qp\qpc/ports/arm-cm/vanilla/gnu/dbg\libqp_cortex-m4f_cs.a(qf_pwr2.o)
 .comment       0x00000000       0x2c D:\qp\qpc/ports/arm-cm/vanilla/gnu/dbg\libqp_cortex-m4f_cs.a(qf_tick.o)
 .comment       0x00000000       0x2c D:\qp\qpc/ports/arm-cm/vanilla/gnu/dbg\libqp_cortex-m4f_cs.a(qmp_get.o)
 .comment       0x00000000       0x2c D:\qp\qpc/ports/arm-cm/vanilla/gnu/dbg\libqp_cortex-m4f_cs.a(qmp_init.o)
 .comment       0x00000000       0x2c D:\qp\qpc/ports/arm-cm/vanilla/gnu/dbg\libqp_cortex-m4f_cs.a(qte_ctor.o)
 .comment       0x00000000       0x2c D:\qp\qpc/ports/arm-cm/vanilla/gnu/dbg\libqp_cortex-m4f_cs.a(qte_arm.o)
 .comment       0x00000000       0x2c D:\qp\qpc/ports/arm-cm/vanilla/gnu/dbg\libqp_cortex-m4f_cs.a(qvanilla.o)
 .comment       0x00000000       0x2c D:\qp\qpc/ports/arm-cm/vanilla/gnu/dbg\libqp_cortex-m4f_cs.a(qhsm_ini.o)
 .comment       0x00000000       0x2c D:\qp\qpc/ports/arm-cm/vanilla/gnu/dbg\libqp_cortex-m4f_cs.a(qhsm_dis.o)
 .comment       0x00000000       0x2c D:\qp\qpc/ports/arm-cm/vanilla/gnu/dbg\libqp_cortex-m4f_cs.a(qa_get_.o)
 .comment       0x00000000       0x2c D:\qp\qpc/ports/arm-cm/vanilla/gnu/dbg\libqp_cortex-m4f_cs.a(qeq_init.o)
 .comment       0x00000000       0x2c D:\qp\qpc/ports/arm-cm/vanilla/gnu/dbg\libqp_cortex-m4f_cs.a(qf_gc.o)
 .comment       0x00000000       0x2c D:\qp\qpc/ports/arm-cm/vanilla/gnu/dbg\libqp_cortex-m4f_cs.a(qmp_put.o)
 .comment       0x00000000       0x2c D:\qp\qpc/ports/arm-cm/vanilla/gnu/dbg\libqp_cortex-m4f_cs.a(qep.o)

.ARM.attributes
                0x00000000       0x37
 .ARM.attributes
                0x00000000       0x37 dbg/main.o
 .ARM.attributes
                0x00000037       0x37 dbg/table.o
 .ARM.attributes
                0x0000006e       0x37 dbg/philo.o
 .ARM.attributes
                0x000000a5       0x37 dbg/bsp.o
 .ARM.attributes
                0x000000dc       0x37 dbg/startup_tm4c.o
 .ARM.attributes
                0x00000113       0x37 D:\qp\qpc/ports/arm-cm/vanilla/gnu/dbg\libqp_cortex-m4f_cs.a(qhsm_top.o)
 .ARM.attributes
                0x0000014a       0x37 D:\qp\qpc/ports/arm-cm/vanilla/gnu/dbg\libqp_cortex-m4f_cs.a(qa_ctor.o)
 .ARM.attributes
                0x00000181       0x37 D:\qp\qpc/ports/arm-cm/vanilla/gnu/dbg\libqp_cortex-m4f_cs.a(qa_fifo.o)
 .ARM.attributes
                0x000001b8       0x37 D:\qp\qpc/ports/arm-cm/vanilla/gnu/dbg\libqp_cortex-m4f_cs.a(qa_lifo.o)
 .ARM.attributes
                0x000001ef       0x37 D:\qp\qpc/ports/arm-cm/vanilla/gnu/dbg\libqp_cortex-m4f_cs.a(qa_sub.o)
 .ARM.attributes
                0x00000226       0x37 D:\qp\qpc/ports/arm-cm/vanilla/gnu/dbg\libqp_cortex-m4f_cs.a(qf_act.o)
 .ARM.attributes
                0x0000025d       0x37 D:\qp\qpc/ports/arm-cm/vanilla/gnu/dbg\libqp_cortex-m4f_cs.a(qf_new.o)
 .ARM.attributes
                0x00000294       0x37 D:\qp\qpc/ports/arm-cm/vanilla/gnu/dbg\libqp_cortex-m4f_cs.a(qf_pool.o)
 .ARM.attributes
                0x000002cb       0x37 D:\qp\qpc/ports/arm-cm/vanilla/gnu/dbg\libqp_cortex-m4f_cs.a(qf_psini.o)
 .ARM.attributes
                0x00000302       0x37 D:\qp\qpc/ports/arm-cm/vanilla/gnu/dbg\libqp_cortex-m4f_cs.a(qf_pspub.o)
 .ARM.attributes
                0x00000339       0x37 D:\qp\qpc/ports/arm-cm/vanilla/gnu/dbg\libqp_cortex-m4f_cs.a(qf_pwr2.o)
 .ARM.attributes
                0x00000370       0x37 D:\qp\qpc/ports/arm-cm/vanilla/gnu/dbg\libqp_cortex-m4f_cs.a(qf_tick.o)
 .ARM.attributes
                0x000003a7       0x37 D:\qp\qpc/ports/arm-cm/vanilla/gnu/dbg\libqp_cortex-m4f_cs.a(qmp_get.o)
 .ARM.attributes
                0x000003de       0x37 D:\qp\qpc/ports/arm-cm/vanilla/gnu/dbg\libqp_cortex-m4f_cs.a(qmp_init.o)
 .ARM.attributes
                0x00000415       0x37 D:\qp\qpc/ports/arm-cm/vanilla/gnu/dbg\libqp_cortex-m4f_cs.a(qte_ctor.o)
 .ARM.attributes
                0x0000044c       0x37 D:\qp\qpc/ports/arm-cm/vanilla/gnu/dbg\libqp_cortex-m4f_cs.a(qte_arm.o)
 .ARM.attributes
                0x00000483       0x37 D:\qp\qpc/ports/arm-cm/vanilla/gnu/dbg\libqp_cortex-m4f_cs.a(qvanilla.o)
 .ARM.attributes
                0x000004ba       0x37 D:\qp\qpc/ports/arm-cm/vanilla/gnu/dbg\libqp_cortex-m4f_cs.a(qhsm_ini.o)
 .ARM.attributes
                0x000004f1       0x37 D:\qp\qpc/ports/arm-cm/vanilla/gnu/dbg\libqp_cortex-m4f_cs.a(qhsm_dis.o)
 .ARM.attributes
                0x00000528       0x37 D:\qp\qpc/ports/arm-cm/vanilla/gnu/dbg\libqp_cortex-m4f_cs.a(qa_get_.o)
 .ARM.attributes
                0x0000055f       0x37 D:\qp\qpc/ports/arm-cm/vanilla/gnu/dbg\libqp_cortex-m4f_cs.a(qeq_init.o)
 .ARM.attributes
                0x00000596       0x37 D:\qp\qpc/ports/arm-cm/vanilla/gnu/dbg\libqp_cortex-m4f_cs.a(qf_gc.o)
 .ARM.attributes
                0x000005cd       0x37 D:\qp\qpc/ports/arm-cm/vanilla/gnu/dbg\libqp_cortex-m4f_cs.a(qmp_put.o)
 .ARM.attributes
                0x00000604       0x37 D:\qp\qpc/ports/arm-cm/vanilla/gnu/dbg\libqp_cortex-m4f_cs.a(qep.o)

.debug_frame    0x00000000      0x794
 .debug_frame   0x00000000       0x34 dbg/main.o
 .debug_frame   0x00000034       0xa4 dbg/table.o
 .debug_frame   0x000000d8       0x94 dbg/philo.o
 .debug_frame   0x0000016c      0x114 dbg/bsp.o
 .debug_frame   0x00000280       0x5c dbg/startup_tm4c.o
 .debug_frame   0x000002dc       0x20 D:\qp\qpc/ports/arm-cm/vanilla/gnu/dbg\libqp_cortex-m4f_cs.a(qhsm_top.o)
 .debug_frame   0x000002fc       0x28 D:\qp\qpc/ports/arm-cm/vanilla/gnu/dbg\libqp_cortex-m4f_cs.a(qa_ctor.o)
 .debug_frame   0x00000324       0x2c D:\qp\qpc/ports/arm-cm/vanilla/gnu/dbg\libqp_cortex-m4f_cs.a(qa_fifo.o)
 .debug_frame   0x00000350       0x2c D:\qp\qpc/ports/arm-cm/vanilla/gnu/dbg\libqp_cortex-m4f_cs.a(qa_lifo.o)
 .debug_frame   0x0000037c       0x2c D:\qp\qpc/ports/arm-cm/vanilla/gnu/dbg\libqp_cortex-m4f_cs.a(qa_sub.o)
 .debug_frame   0x000003a8       0x44 D:\qp\qpc/ports/arm-cm/vanilla/gnu/dbg\libqp_cortex-m4f_cs.a(qf_act.o)
 .debug_frame   0x000003ec       0x30 D:\qp\qpc/ports/arm-cm/vanilla/gnu/dbg\libqp_cortex-m4f_cs.a(qf_new.o)
 .debug_frame   0x0000041c       0x30 D:\qp\qpc/ports/arm-cm/vanilla/gnu/dbg\libqp_cortex-m4f_cs.a(qf_pool.o)
 .debug_frame   0x0000044c       0x20 D:\qp\qpc/ports/arm-cm/vanilla/gnu/dbg\libqp_cortex-m4f_cs.a(qf_psini.o)
 .debug_frame   0x0000046c       0x38 D:\qp\qpc/ports/arm-cm/vanilla/gnu/dbg\libqp_cortex-m4f_cs.a(qf_pspub.o)
 .debug_frame   0x000004a4       0x4c D:\qp\qpc/ports/arm-cm/vanilla/gnu/dbg\libqp_cortex-m4f_cs.a(qf_tick.o)
 .debug_frame   0x000004f0       0x44 D:\qp\qpc/ports/arm-cm/vanilla/gnu/dbg\libqp_cortex-m4f_cs.a(qmp_get.o)
 .debug_frame   0x00000534       0x34 D:\qp\qpc/ports/arm-cm/vanilla/gnu/dbg\libqp_cortex-m4f_cs.a(qmp_init.o)
 .debug_frame   0x00000568       0x30 D:\qp\qpc/ports/arm-cm/vanilla/gnu/dbg\libqp_cortex-m4f_cs.a(qte_ctor.o)
 .debug_frame   0x00000598       0x30 D:\qp\qpc/ports/arm-cm/vanilla/gnu/dbg\libqp_cortex-m4f_cs.a(qte_arm.o)
 .debug_frame   0x000005c8       0x90 D:\qp\qpc/ports/arm-cm/vanilla/gnu/dbg\libqp_cortex-m4f_cs.a(qvanilla.o)
 .debug_frame   0x00000658       0x48 D:\qp\qpc/ports/arm-cm/vanilla/gnu/dbg\libqp_cortex-m4f_cs.a(qhsm_ini.o)
 .debug_frame   0x000006a0       0x38 D:\qp\qpc/ports/arm-cm/vanilla/gnu/dbg\libqp_cortex-m4f_cs.a(qhsm_dis.o)
 .debug_frame   0x000006d8       0x44 D:\qp\qpc/ports/arm-cm/vanilla/gnu/dbg\libqp_cortex-m4f_cs.a(qa_get_.o)
 .debug_frame   0x0000071c       0x20 D:\qp\qpc/ports/arm-cm/vanilla/gnu/dbg\libqp_cortex-m4f_cs.a(qeq_init.o)
 .debug_frame   0x0000073c       0x2c D:\qp\qpc/ports/arm-cm/vanilla/gnu/dbg\libqp_cortex-m4f_cs.a(qf_gc.o)
 .debug_frame   0x00000768       0x2c D:\qp\qpc/ports/arm-cm/vanilla/gnu/dbg\libqp_cortex-m4f_cs.a(qmp_put.o)

.debug_ranges   0x00000000       0xa0
 .debug_ranges  0x00000000       0x48 dbg/table.o
 .debug_ranges  0x00000048       0x18 D:\qp\qpc/ports/arm-cm/vanilla/gnu/dbg\libqp_cortex-m4f_cs.a(qf_pspub.o)
 .debug_ranges  0x00000060       0x20 D:\qp\qpc/ports/arm-cm/vanilla/gnu/dbg\libqp_cortex-m4f_cs.a(qhsm_ini.o)
 .debug_ranges  0x00000080       0x20 D:\qp\qpc/ports/arm-cm/vanilla/gnu/dbg\libqp_cortex-m4f_cs.a(qhsm_dis.o)
