###############################################################################
#                                                                             #
# IAR ELF Linker V6.60.1.5097/W32 for ARM               13/Oct/2013  23:06:57 #
# Copyright 2007-2013 IAR Systems AB.                                         #
#                                                                             #
#    Output file  =  D:\qp\qpc\examples\arm-cm\qk\iar\dpp-qk_ek-lm3s811-lint\ #
#                    rel\dpp-qk.out                                           #
#    Map file     =  D:\qp\qpc\examples\arm-cm\qk\iar\dpp-qk_ek-lm3s811-lint\ #
#                    rel\dpp-qk.map                                           #
#    Command line =  D:\qp\qpc\examples\arm-cm\qk\iar\dpp-qk_ek-lm3s811-lint\ #
#                    rel\bsp.o D:\qp\qpc\examples\arm-cm\qk\iar\dpp-qk_ek-lm3 #
#                    s811-lint\rel\display96x16x1.o                           #
#                    D:\qp\qpc\examples\arm-cm\qk\iar\dpp-qk_ek-lm3s811-lint\ #
#                    rel\main.o D:\qp\qpc\examples\arm-cm\qk\iar\dpp-qk_ek-lm #
#                    3s811-lint\rel\philo.o D:\qp\qpc\examples\arm-cm\qk\iar\ #
#                    dpp-qk_ek-lm3s811-lint\rel\startup_lm3s.o                #
#                    D:\qp\qpc\examples\arm-cm\qk\iar\dpp-qk_ek-lm3s811-lint\ #
#                    rel\system_lm3s.o D:\qp\qpc\examples\arm-cm\qk\iar\dpp-q #
#                    k_ek-lm3s811-lint\rel\table.o --redirect                 #
#                    _Printf=_PrintfTiny --redirect _Scanf=_ScanfSmall -o     #
#                    D:\qp\qpc\examples\arm-cm\qk\iar\dpp-qk_ek-lm3s811-lint\ #
#                    rel\dpp-qk.out --map D:\qp\qpc\examples\arm-cm\qk\iar\dp #
#                    p-qk_ek-lm3s811-lint\rel\dpp-qk.map --config             #
#                    D:\qp\qpc\examples\arm-cm\qk\iar\dpp-qk_ek-lm3s811-lint\ #
#                    lm3s811.icf --semihosting D:\qp\qpc\ports\arm-cm\qk\iar\ #
#                    rel\libqp_cortex-m3.a --entry __iar_program_start        #
#                    --inline --vfe                                           #
#                                                                             #
#                                                                             #
###############################################################################

*******************************************************************************
*** RUNTIME MODEL ATTRIBUTES
***

CppFlavor       = *
__SystemLibrary = DLib


*******************************************************************************
*** PLACEMENT SUMMARY
***

"A1":  place at start of [0x00000000-0x0000ffff] { ro section .intvec };
"P1":  place in [from 0x00000000 to 0x0000ffff] { ro };
"P2":  place in [from 0x20000000 to 0x20001fff] { rw, block HEAP };

  Section            Kind        Address    Size  Object
  -------            ----        -------    ----  ------
"A1":                                       0xf0
  .intvec            const    0x00000000    0xf0  startup_lm3s.o [1]
                            - 0x000000f0    0xf0

"P1":                                     0x2410
  .text              ro code  0x000000f0   0x4ec  table.o [1]
  .text              ro code  0x000005dc    0x24  qa_ctor.o [4]
  .text              ro code  0x00000600    0x6c  qa_sub.o [4]
  .text              ro code  0x0000066c   0x334  bsp.o [1]
  .text              ro code  0x000009a0    0xa4  qf_new.o [4]
  .text              ro code  0x00000a44    0xb8  qf_pspub.o [4]
  .text              ro code  0x00000afc    0xd8  qhsm_ini.o [4]
  .text              ro code  0x00000bd4    0x98  qf_tick.o [4]
  .text              ro code  0x00000c6c   0x2a0  system_lm3s.o [1]
  .text              ro code  0x00000f0c   0x414  display96x16x1.o [1]
  .text              ro code  0x00001320    0x58  qmp_get.o [4]
  .text              ro code  0x00001378    0x6c  qf_gc.o [4]
  .text              ro code  0x000013e4    0x54  qmp_put.o [4]
  .text              ro code  0x00001438   0x22c  philo.o [1]
  .text              ro code  0x00001664    0x40  qte_ctor.o [4]
  .text              ro code  0x000016a4    0x68  qte_arm.o [4]
  .rodata            const    0x0000170c   0x1dc  display96x16x1.o [1]
  .text              ro code  0x000018e8   0x1cc  qhsm_dis.o [4]
  .text              ro code  0x00001ab4    0xe0  qmp_init.o [4]
  .rodata            const    0x00001b94    0xcc  qf_pwr2.o [4]
  .text              ro code  0x00001c60    0xc8  qk_sched.o [4]
  .text              ro code  0x00001d28    0x9c  qa_get_.o [4]
  .text              ro code  0x00001dc4    0xc8  qa_fifo.o [4]
  .text              ro code  0x00001e8c    0xac  qa_lifo.o [4]
  .text              ro code  0x00001f38    0x98  main.o [1]
  .text              ro code  0x00001fd0    0x90  qk.o [4]
  .text              ro code  0x00002060     0xc  qf_psini.o [4]
  .text              ro code  0x0000206c    0x68  qf_pool.o [4]
  CODE               ro code  0x000020d4    0x68  qk_port.o [4]
  .text              ro code  0x0000213c    0x16  qeq_init.o [4]
  .text              ro code  0x00002152    0x2e  copy_init3.o [5]
  .text              ro code  0x00002180    0x44  qf_act.o [4]
  .rodata            const    0x000021c4    0x74  display96x16x1.o [1]
  .rodata            const    0x00002238    0x5c  system_lm3s.o [1]
  .rodata            const    0x00002294    0x50  display96x16x1.o [1]
  .rodata            const    0x000022e4    0x40  philo.o [1]
  .rodata            const    0x00002324    0x40  table.o [1]
  .text              ro code  0x00002364    0x28  data_init.o [5]
  .text              ro code  0x0000238c    0x22  zero_init3.o [5]
  .iar.init_table    const    0x000023b0    0x24  - Linker created -
  .text              ro code  0x000023d4    0x20  startup_lm3s.o [1]
  .text              ro code  0x000023f4    0x1a  cmain.o [5]
  .text              ro code  0x0000240e     0x4  exit.o [3]
  .text              ro code  0x00002414     0xa  cexit.o [5]
  .text              ro code  0x00002420    0x14  exit.o [6]
  .rodata            const    0x00002434    0x14  philo.o [1]
  .rodata            const    0x00002448    0x14  startup_lm3s.o [1]
  .rodata            const    0x0000245c    0x10  bsp.o [1]
  .rodata            const    0x0000246c    0x10  bsp.o [1]
  .rodata            const    0x0000247c    0x10  qep.o [4]
  .rodata            const    0x0000248c     0xc  startup_lm3s.o [1]
  .rodata            const    0x00002498     0xc  table.o [1]
  .rodata            const    0x000024a4     0xc  table.o [1]
  .rodata            const    0x000024b0     0xc  table.o [1]
  .text              ro code  0x000024bc     0xc  cstartup_M.o [5]
  .rodata            const    0x000024c8     0x8  display96x16x1.o [1]
  .rodata            const    0x000024d0     0x8  display96x16x1.o [1]
  .rodata            const    0x000024d8     0x8  display96x16x1.o [1]
  .rodata            const    0x000024e0     0x8  display96x16x1.o [1]
  .rodata            const    0x000024e8     0x4  bsp.o [1]
  .rodata            const    0x000024ec     0x4  bsp.o [1]
  .rodata            const    0x000024f0     0x4  table.o [1]
  .text              ro code  0x000024f4     0x4  qhsm_top.o [4]
  .rodata            const    0x000024f8     0x0  zero_init3.o [5]
  .rodata            const    0x000024f8     0x0  copy_init3.o [5]
  Initializer bytes  ro data  0x000024f8     0x8  <for P2 s0>
                            - 0x00002500  0x2410

"P2", part 1 of 3:                           0x8
  P2 s0                       0x20000000     0x8  <Init block>
    .data            inited   0x20000000     0x4  bsp.o [1]
    .data            inited   0x20000004     0x1  qk.o [4]
                            - 0x20000008     0x8

"P2", part 2 of 3:                         0x310
  .bss               zero     0x20000008    0xf0  philo.o [1]
  .bss               zero     0x200000f8    0x84  qf_act.o [4]
  .bss               zero     0x2000017c    0x64  main.o [1]
  .bss               zero     0x200001e0    0x50  main.o [1]
  .bss               zero     0x20000230    0x40  qf_pool.o [4]
  .bss               zero     0x20000270    0x2c  table.o [1]
  .bss               zero     0x2000029c    0x20  main.o [1]
  .bss               zero     0x200002bc    0x20  qf_tick.o [4]
  .bss               zero     0x200002dc    0x14  main.o [1]
  .bss               zero     0x200002f0     0xc  qk.o [4]
  .bss               zero     0x200002fc     0x8  qf_psini.o [4]
  .bss               zero     0x20000304     0x4  bsp.o [1]
  .bss               zero     0x20000308     0x4  display96x16x1.o [1]
  .bss               zero     0x2000030c     0x4  system_lm3s.o [1]
  .bss               zero     0x20000310     0x1  bsp.o [1]
  .bss               zero     0x20000311     0x1  display96x16x1.o [1]
  .bss               zero     0x20000312     0x1  display96x16x1.o [1]
  .bss               zero     0x20000313     0x1  philo.o [1]
  .bss               zero     0x20000314     0x1  qk.o [4]
  .bss               zero     0x20000315     0x1  qk_mutex.o [4]
                            - 0x20000316   0x30e

"P2", part 3 of 3:                         0x258
  .noinit            uninit   0x20000318   0x258  startup_lm3s.o [1]
                            - 0x20000570   0x258


*******************************************************************************
*** INIT TABLE
***

          Address     Size
          -------     ----
Zero (__iar_zero_init3)
    1 destination range, total size 0x30e:
          0x20000008  0x30e

Copy (__iar_copy_init3)
    1 source range, total size 0x8 (160% of destination):
          0x000024f8    0x8
    1 destination range, total size 0x5:
          0x20000000    0x5



*******************************************************************************
*** MODULE SUMMARY
***

    Module            ro code  ro data  rw data
    ------            -------  -------  -------
D:\qp\qpc\examples\arm-cm\qk\iar\dpp-qk_ek-lm3s811-lint\rel: [1]
    bsp.o                 820       44        9
    display96x16x1.o    1 044      704        6
    main.o                152               232
    philo.o               556       84      241
    startup_lm3s.o         32      272      600
    system_lm3s.o         672       92        4
    table.o             1 260      104       44
    -------------------------------------------
    Total:              4 536    1 300    1 136

command line: [2]
    -------------------------------------------
    Total:

dl7M_tln.a: [3]
    exit.o                  4
    -------------------------------------------
    Total:                  4

libqp_cortex-m3.a: [4]
    qa_ctor.o              36
    qa_fifo.o             200
    qa_get_.o             156
    qa_lifo.o             172
    qa_sub.o              108
    qep.o                           16
    qeq_init.o             22
    qf_act.o               68               132
    qf_gc.o               108
    qf_new.o              164
    qf_pool.o             104                64
    qf_psini.o             12                 8
    qf_pspub.o            184
    qf_pwr2.o                      204
    qf_tick.o             152                32
    qhsm_dis.o            460
    qhsm_ini.o            216
    qhsm_top.o              4
    qk.o                  144        1       14
    qk_mutex.o                                1
    qk_port.o             104
    qk_sched.o            200
    qmp_get.o              88
    qmp_init.o            224
    qmp_put.o              84
    qte_arm.o             104
    qte_ctor.o             64
    -------------------------------------------
    Total:              3 178      221      251

rt7M_tl.a: [5]
    cexit.o                10
    cmain.o                26
    copy_init3.o           46
    cstartup_M.o           12
    data_init.o            40
    zero_init3.o           34
    -------------------------------------------
    Total:                168

shb_l.a: [6]
    exit.o                 20
    -------------------------------------------
    Total:                 20

    Gaps                    4        2
    Linker created                  39
-----------------------------------------------
    Grand Total:        7 910    1 562    1 387


*******************************************************************************
*** ENTRY LIST
***

Entry                    Address   Size  Type      Object
-----                    -------   ----  ----      ------
?main                 0x000023f5         Code  Gb  cmain.o [5]
AO_Philo              0x00002434   0x14  Data  Gb  philo.o [1]
AO_Table              0x000024f0    0x4  Data  Gb  table.o [1]
BSP_displayPaused     0x0000089d   0x1a  Code  Gb  bsp.o [1]
BSP_displayPhilStat   0x00000877   0x26  Code  Gb  bsp.o [1]
BSP_init              0x00000805   0x72  Code  Gb  bsp.o [1]
BSP_random            0x000008b7   0x14  Code  Gb  bsp.o [1]
BSP_randomSeed        0x000008cb    0x6  Code  Gb  bsp.o [1]
Display96x16x1Clear   0x00000fcd   0x74  Code  Gb  display96x16x1.o [1]
Display96x16x1Init    0x00001105  0x19a  Code  Gb  display96x16x1.o [1]
Display96x16x1StringDraw
                      0x00001041   0xc4  Code  Gb  display96x16x1.o [1]
Display96x16x1WriteArray
                      0x00000f59   0x36  Code  Lc  display96x16x1.o [1]
Display96x16x1WriteByte
                      0x00000f2f   0x2a  Code  Lc  display96x16x1.o [1]
Display96x16x1WriteFinal
                      0x00000f8f   0x3e  Code  Lc  display96x16x1.o [1]
Display96x16x1WriteFirst
                      0x00000f15   0x1a  Code  Lc  display96x16x1.o [1]
GPIOPortA_IRQHandler  0x000007b1   0x54  Code  Gb  bsp.o [1]
HardFault_Handler     0x000023e1    0xc  Code  Gb  startup_lm3s.o [1]
NMI_Handler           0x000023d5    0xc  Code  Gb  startup_lm3s.o [1]
NVIC_EnableIRQ        0x0000068b   0x18  Code  Lc  bsp.o [1]
NVIC_SetPriority      0x000006a3   0x22  Code  Lc  bsp.o [1]
NVIC_SetPriorityGrouping
                      0x0000066d   0x1e  Code  Lc  bsp.o [1]
PendSV_Handler        0x000020f5         Code  Gb  qk_port.o [4]
Philo_ctor            0x00001439   0x36  Code  Gb  philo.o [1]
Philo_eating          0x000015ad   0xa0  Code  Lc  philo.o [1]
Philo_hungry          0x00001515   0x98  Code  Lc  philo.o [1]
Philo_initial         0x00001471   0x26  Code  Lc  philo.o [1]
Philo_thinking        0x00001499   0x7a  Code  Lc  philo.o [1]
QActive_ctor          0x000005dd   0x10  Code  Gb  qa_ctor.o [4]
QActive_get_          0x00001d29   0x86  Code  Gb  qa_get_.o [4]
QActive_post          0x00001dc5   0xb0  Code  Gb  qa_fifo.o [4]
QActive_postLIFO      0x00001e8d   0x92  Code  Gb  qa_lifo.o [4]
QActive_start         0x00002005   0x56  Code  Gb  qk.o [4]
QActive_subscribe     0x00000601   0x50  Code  Gb  qa_sub.o [4]
QEP_reservedEvt_      0x0000247c   0x10  Data  Gb  qep.o [4]
QEQueue_init          0x0000213d   0x16  Code  Gb  qeq_init.o [4]
QF_active_            0x200000f8   0x84  Data  Gb  qf_act.o [4]
QF_add_               0x00002181   0x36  Code  Gb  qf_act.o [4]
QF_div8Lkup           0x00001c1c   0x44  Data  Gb  qf_pwr2.o [4]
QF_gc                 0x00001379   0x5a  Code  Gb  qf_gc.o [4]
QF_init               0x00001fd1    0x4  Code  Gb  qk.o [4]
QF_invPwr2Lkup        0x00001bd8   0x44  Data  Gb  qf_pwr2.o [4]
QF_maxPool_           0x20000230    0x4  Data  Gb  qf_pool.o [4]
QF_maxSignal_         0x20000300    0x4  Data  Gb  qf_psini.o [4]
QF_newX_              0x000009a1   0x92  Code  Gb  qf_new.o [4]
QF_onStartup          0x000008d1   0x30  Code  Gb  bsp.o [1]
QF_poolInit           0x0000206d   0x5c  Code  Gb  qf_pool.o [4]
QF_pool_              0x20000234   0x3c  Data  Gb  qf_pool.o [4]
QF_psInit             0x00002061    0xc  Code  Gb  qf_psini.o [4]
QF_publish            0x00000a45   0x9c  Code  Gb  qf_pspub.o [4]
QF_pwr2Lkup           0x00001b94   0x44  Data  Gb  qf_pwr2.o [4]
QF_run                0x00001fd5   0x2a  Code  Gb  qk.o [4]
QF_subscrList_        0x200002fc    0x4  Data  Gb  qf_psini.o [4]
QF_tickX              0x00000bd5   0x8c  Code  Gb  qf_tick.o [4]
QF_timeEvtHead_       0x200002bc   0x20  Data  Gb  qf_tick.o [4]
QHsm_ctor             0x00000afd    0xe  Code  Gb  qhsm_ini.o [4]
QHsm_dispatch         0x000018e9  0x1ba  Code  Gb  qhsm_dis.o [4]
QHsm_init             0x00000b0b   0xae  Code  Gb  qhsm_ini.o [4]
QHsm_top              0x000024f5    0x4  Code  Gb  qhsm_top.o [4]
QK_ceilingPrio_       0x20000315    0x1  Data  Gb  qk_mutex.o [4]
QK_currPrio_          0x20000004    0x1  Data  Gb  qk.o [4]
QK_init               0x000020d5         Code  Gb  qk_port.o [4]
QK_intNest_           0x20000314    0x1  Data  Gb  qk.o [4]
QK_onIdle             0x00000901   0x1c  Code  Gb  bsp.o [1]
QK_readySet_          0x200002f0    0xc  Data  Gb  qk.o [4]
QK_schedPrio_         0x00001c61   0x3a  Code  Gb  qk_sched.o [4]
QK_sched_             0x00001c9d   0x7a  Code  Gb  qk_sched.o [4]
QMPool_get            0x00001321   0x50  Code  Gb  qmp_get.o [4]
QMPool_init           0x00001ab5   0xd2  Code  Gb  qmp_init.o [4]
QMPool_put            0x000013e5   0x4c  Code  Gb  qmp_put.o [4]
QTimeEvt_armX         0x000016a5   0x5c  Code  Gb  qte_arm.o [4]
QTimeEvt_ctorX        0x00001665   0x32  Code  Gb  qte_ctor.o [4]
Q_onAssert            0x00000989    0x8  Code  Gb  bsp.o [1]
Q_this_module_        0x000022e4   0x40  Data  Lc  philo.o [1]
Q_this_module_        0x00002324   0x40  Data  Lc  table.o [1]
Q_this_module_        0x00000a3c    0x8  Data  Lc  qf_new.o [4]
Q_this_module_        0x00000af0    0xc  Data  Lc  qf_pspub.o [4]
Q_this_module_        0x00000c64    0x8  Data  Lc  qf_tick.o [4]
Q_this_module_        0x0000205c    0x4  Data  Lc  qk.o [4]
Q_this_module_        0x000020cc    0x8  Data  Lc  qf_pool.o [4]
Q_this_module_        0x00000664    0x8  Data  Lc  qa_sub.o [4]
Q_this_module_        0x00001704    0x8  Data  Lc  qte_arm.o [4]
Q_this_module_        0x00001698    0xc  Data  Lc  qte_ctor.o [4]
Q_this_module_        0x00001370    0x8  Data  Lc  qmp_get.o [4]
Q_this_module_        0x000021bc    0x8  Data  Lc  qf_act.o [4]
Q_this_module_        0x000013dc    0x8  Data  Lc  qf_gc.o [4]
Q_this_module_        0x00001b88    0xc  Data  Lc  qmp_init.o [4]
Q_this_module_        0x00001e84    0x8  Data  Lc  qa_fifo.o [4]
Q_this_module_        0x00001f30    0x8  Data  Lc  qa_lifo.o [4]
Q_this_module_        0x00000bc0    0xc  Data  Lc  qhsm_ini.o [4]
Q_this_module_        0x00001aa8    0xc  Data  Lc  qhsm_dis.o [4]
Q_this_module_        0x00001430    0x8  Data  Lc  qmp_put.o [4]
Q_this_module_        0x00001dbc    0x8  Data  Lc  qa_get_.o [4]
Region$$Table$$Base   0x000023b0          --   Gb  - Linker created -
Region$$Table$$Limit  0x000023d4          --   Gb  - Linker created -
SVC_Handler           0x0000212b         Code  Gb  qk_port.o [4]
SysCtlDelay           0x00000f0d    0x8  Code  Lc  display96x16x1.o [1]
SysTick_Config        0x000006c5   0x30  Code  Lc  bsp.o [1]
SysTick_Handler       0x000006f5   0xbc  Code  Gb  bsp.o [1]
SystemFrequency       0x2000030c    0x4  Data  Gb  system_lm3s.o [1]
SystemInit            0x00000c6d  0x2a0  Code  Gb  system_lm3s.o [1]
Table_active          0x0000017b   0x3c  Code  Lc  table.o [1]
Table_ctor            0x000000f1   0x34  Code  Gb  table.o [1]
Table_initial         0x00000125   0x56  Code  Lc  table.o [1]
Table_paused          0x000004b5  0x108  Code  Lc  table.o [1]
Table_serving         0x000001b9  0x2fa  Code  Lc  table.o [1]
__cmain               0x000023f5         Code  Gb  cmain.o [5]
__exit                0x00002421   0x14  Code  Gb  exit.o [6]
__iar_copy_init3      0x00002153   0x2e  Code  Gb  copy_init3.o [5]
__iar_data_init3      0x00002365   0x28  Code  Gb  data_init.o [5]
__iar_program_start   0x000024bd         Code  Gb  cstartup_M.o [5]
__iar_zero_init3      0x0000238d   0x22  Code  Gb  zero_init3.o [5]
__vector_table        0x00000000   0xf0  Data  Gb  startup_lm3s.o [1]
_call_main            0x00002401         Code  Gb  cmain.o [5]
_exit                 0x00002415         Code  Gb  cexit.o [5]
_main                 0x0000240b         Code  Gb  cmain.o [5]
assert_failed         0x00000991   0x10  Code  Gb  bsp.o [1]
exit                  0x0000240f    0x4  Code  Gb  exit.o [3]
g_pucFont             0x0000170c  0x1dc  Data  Lc  display96x16x1.o [1]
g_pucOSRAMInit        0x000021c4   0x74  Data  Lc  display96x16x1.o [1]
g_pucOSRAMRow1        0x000024c8    0x8  Data  Lc  display96x16x1.o [1]
g_pucOSRAMRow2        0x000024d0    0x8  Data  Lc  display96x16x1.o [1]
g_pucRITInit          0x00002294   0x50  Data  Lc  display96x16x1.o [1]
g_pucRITRow1          0x000024d8    0x8  Data  Lc  display96x16x1.o [1]
g_pucRITRow2          0x000024e0    0x8  Data  Lc  display96x16x1.o [1]
g_ucColumnAdjust      0x20000312    0x1  Data  Lc  display96x16x1.o [1]
g_ucDisplayIsRIT      0x20000311    0x1  Data  Lc  display96x16x1.o [1]
g_ulDelay             0x20000308    0x4  Data  Lc  display96x16x1.o [1]
l_philo               0x20000008   0xf0  Data  Lc  philo.o [1]
l_philoQueueSto       0x2000017c   0x64  Data  Lc  main.o [1]
l_pulXtals            0x00002238   0x5c  Data  Lc  system_lm3s.o [1]
l_rnd                 0x20000304    0x4  Data  Lc  bsp.o [1]
l_smlPoolSto          0x200001e0   0x50  Data  Lc  main.o [1]
l_subscrSto           0x2000029c   0x20  Data  Lc  main.o [1]
l_table               0x20000270   0x2c  Data  Lc  table.o [1]
l_tableQueueSto       0x200002dc   0x14  Data  Lc  main.o [1]
main                  0x00001f39   0x98  Code  Gb  main.o [1]
pulStack              0x20000318  0x258  Data  Lc  startup_lm3s.o [1]


[1] = D:\qp\qpc\examples\arm-cm\qk\iar\dpp-qk_ek-lm3s811-lint\rel
[2] = command line
[3] = dl7M_tln.a
[4] = libqp_cortex-m3.a
[5] = rt7M_tl.a
[6] = shb_l.a

  7 910 bytes of readonly  code memory
  1 562 bytes of readonly  data memory
  1 387 bytes of readwrite data memory

Errors: none
Warnings: none
