###############################################################################
#                                                                             #
# IAR ELF Linker V6.60.1.5097/W32 for ARM               13/Oct/2013  23:07:18 #
# Copyright 2007-2013 IAR Systems AB.                                         #
#                                                                             #
#    Output file  =  D:\qp\qpc\examples\arm-cm\qk\iar\game-qk_ek-lm3s811\spy\ #
#                    game-qk.out                                              #
#    Map file     =  D:\qp\qpc\examples\arm-cm\qk\iar\game-qk_ek-lm3s811\spy\ #
#                    game-qk.map                                              #
#    Command line =  D:\qp\qpc\examples\arm-cm\qk\iar\game-qk_ek-lm3s811\spy\ #
#                    bsp.o D:\qp\qpc\examples\arm-cm\qk\iar\game-qk_ek-lm3s81 #
#                    1\spy\display96x16x1.o D:\qp\qpc\examples\arm-cm\qk\iar\ #
#                    game-qk_ek-lm3s811\spy\main.o                            #
#                    D:\qp\qpc\examples\arm-cm\qk\iar\game-qk_ek-lm3s811\spy\ #
#                    mine1.o D:\qp\qpc\examples\arm-cm\qk\iar\game-qk_ek-lm3s #
#                    811\spy\mine2.o D:\qp\qpc\examples\arm-cm\qk\iar\game-qk #
#                    _ek-lm3s811\spy\missile.o D:\qp\qpc\examples\arm-cm\qk\i #
#                    ar\game-qk_ek-lm3s811\spy\ship.o                         #
#                    D:\qp\qpc\examples\arm-cm\qk\iar\game-qk_ek-lm3s811\spy\ #
#                    startup_lm3s.o D:\qp\qpc\examples\arm-cm\qk\iar\game-qk_ #
#                    ek-lm3s811\spy\system_lm3s.o                             #
#                    D:\qp\qpc\examples\arm-cm\qk\iar\game-qk_ek-lm3s811\spy\ #
#                    tunnel.o --redirect _Printf=_PrintfTiny --redirect       #
#                    _Scanf=_ScanfSmall -o D:\qp\qpc\examples\arm-cm\qk\iar\g #
#                    ame-qk_ek-lm3s811\spy\game-qk.out --map                  #
#                    D:\qp\qpc\examples\arm-cm\qk\iar\game-qk_ek-lm3s811\spy\ #
#                    game-qk.map --config D:\qp\qpc\examples\arm-cm\qk\iar\ga #
#                    me-qk_ek-lm3s811\lm3s811.icf --semihosting               #
#                    D:\qp\qpc\ports\arm-cm\qk\iar\spy\libqp_cortex-m3.a      #
#                    --entry __iar_program_start --vfe                        #
#                                                                             #
#                                                                             #
###############################################################################

*******************************************************************************
*** RUNTIME MODEL ATTRIBUTES
***

CppFlavor       = *
__SystemLibrary = DLib


*******************************************************************************
*** PLACEMENT SUMMARY
***

"A1":  place at start of [0x00000000-0x0000ffff] { ro section .intvec };
"P1":  place in [from 0x00000000 to 0x0000ffff] { ro };
"P2":  place in [from 0x20000000 to 0x20001fff] { rw, block HEAP };

  Section            Kind        Address    Size  Object
  -------            ----        -------    ----  ------
"A1":                                       0xf0
  .intvec            const    0x00000000    0xf0  startup_lm3s.o [1]
                            - 0x000000f0    0xf0

"P1":                                     0x5cb8
  .text              ro code  0x000000f0   0xef0  tunnel.o [1]
  .text              ro code  0x00000fe0    0x28  qa_ctor.o [4]
  .text              ro code  0x00001008    0x44  qte_ctor.o [4]
  .text              ro code  0x0000104c   0x428  mine1.o [1]
  .text              ro code  0x00001474   0x428  mine2.o [1]
  .text              ro code  0x0000189c     0xc  memmove.o [5]
  .text              ro code  0x000018a8     0xc  memcpy.o [3]
  .text              ro code  0x000018b4   0x64c  qhsm_dis.o [4]
  .text              ro code  0x00001f00   0x8ac  bsp.o [1]
  .text              ro code  0x000027ac   0x19c  qhsm_ini.o [4]
  .text              ro code  0x00002948    0xc4  qa_sub.o [4]
  .text              ro code  0x00002a0c    0xa0  qs_dict.o [4]
  .text              ro code  0x00002aac    0xcc  qte_arm.o [4]
  .text              ro code  0x00002b78    0xb8  qte_darm.o [4]
  .text              ro code  0x00002c30    0x14  memset.o [3]
  .text              ro code  0x00002c44    0xac  qk.o [4]
  .text              ro code  0x00002cf0    0xb8  qf_new.o [4]
  .text              ro code  0x00002da8    0x78  ABImemmove_unaligned.o [5]
  .text              ro code  0x00002e20    0x76  ABImemcpy_unaligned.o [5]
  .text              ro code  0x00002e96    0x2e  copy_init3.o [5]
  .text              ro code  0x00002ec4   0x290  qs.o [4]
  .text              ro code  0x00003154   0x2e4  qs_.o [4]
  .text              ro code  0x00003438   0x17c  qf_tick.o [4]
  .text              ro code  0x000035b4   0x104  qf_pspub.o [4]
  .text              ro code  0x000036b8   0x2a0  system_lm3s.o [1]
  .text              ro code  0x00003958   0x548  display96x16x1.o [1]
  .text              ro code  0x00003ea0    0x44  qs_blk.o [4]
  .text              ro code  0x00003ee4    0x66  ABImemset.o [5]
  .text              ro code  0x00003f4a    0x22  zero_init3.o [5]
  CODE               ro code  0x00003f6c    0x68  qk_port.o [4]
  .text              ro code  0x00003fd4   0x124  qk_sched.o [4]
  .text              ro code  0x000040f8    0x60  qeq_init.o [4]
  .text              ro code  0x00004158    0x88  qf_act.o [4]
  .text              ro code  0x000041e0    0xd4  qmp_get.o [4]
  .text              ro code  0x000042b4    0x3a  ABImemset48.o [5]
  .text              ro code  0x000042f0    0xb4  qf_gc.o [4]
  .text              ro code  0x000043a4   0x13c  qa_get_.o [4]
  .text              ro code  0x000044e0    0x8c  qmp_put.o [4]
  .text              ro code  0x0000456c   0x3b8  ship.o [1]
  .text              ro code  0x00004924   0x26c  missile.o [1]
  .rodata            const    0x00004b90   0x1dc  display96x16x1.o [1]
  .text              ro code  0x00004d6c   0x198  qa_fifo.o [4]
  .text              ro code  0x00004f04   0x16c  main.o [1]
  .text              ro code  0x00005070    0x78  qf_pool.o [4]
  .text              ro code  0x000050e8    0x14  qf_psini.o [4]
  .text              ro code  0x000050fc    0xdc  qmp_init.o [4]
  .text              ro code  0x000051d8   0x114  qa_lifo.o [4]
  .rodata            const    0x000052ec    0xcc  qf_pwr2.o [4]
  .rodata            const    0x000053b8    0x74  display96x16x1.o [1]
  .rodata            const    0x0000542c    0x5c  system_lm3s.o [1]
  .rodata            const    0x00005488    0x50  display96x16x1.o [1]
  .rodata            const    0x000054d8    0x50  tunnel.o [1]
  .rodata            const    0x00005528    0x40  tunnel.o [1]
  .rodata            const    0x00005568    0x3c  bsp.o [1]
  .rodata            const    0x000055a4    0x3c  mine1.o [1]
  .rodata            const    0x000055e0    0x3c  mine2.o [1]
  .rodata            const    0x0000561c    0x38  tunnel.o [1]
  .text              ro code  0x00005654    0x28  data_init.o [5]
  .iar.init_table    const    0x0000567c    0x24  - Linker created -
  .text              ro code  0x000056a0    0x20  startup_lm3s.o [1]
  .rodata            const    0x000056c0    0x1c  tunnel.o [1]
  .rodata            const    0x000056dc    0x1c  tunnel.o [1]
  .text              ro code  0x000056f8    0x1a  cmain.o [5]
  .text              ro code  0x00005712     0x4  low_level_init.o [3]
  .text              ro code  0x00005716     0x4  exit.o [3]
  .text              ro code  0x0000571c     0xa  cexit.o [5]
  .text              ro code  0x00005728    0x14  exit.o [6]
  .rodata            const    0x0000573c    0x18  bsp.o [1]
  .rodata            const    0x00005754    0x18  ship.o [1]
  .rodata            const    0x0000576c    0x18  tunnel.o [1]
  .rodata            const    0x00005784    0x18  tunnel.o [1]
  .rodata            const    0x0000579c    0x18  tunnel.o [1]
  .rodata            const    0x000057b4    0x14  bsp.o [1]
  .rodata            const    0x000057c8    0x14  main.o [1]
  .rodata            const    0x000057dc    0x14  main.o [1]
  .rodata            const    0x000057f0    0x14  main.o [1]
  .rodata            const    0x00005804    0x14  mine1.o [1]
  .rodata            const    0x00005818    0x14  mine1.o [1]
  .rodata            const    0x0000582c    0x14  mine1.o [1]
  .rodata            const    0x00005840    0x14  mine2.o [1]
  .rodata            const    0x00005854    0x14  mine2.o [1]
  .rodata            const    0x00005868    0x14  mine2.o [1]
  .rodata            const    0x0000587c    0x14  missile.o [1]
  .rodata            const    0x00005890    0x14  missile.o [1]
  .rodata            const    0x000058a4    0x14  missile.o [1]
  .rodata            const    0x000058b8    0x14  missile.o [1]
  .rodata            const    0x000058cc    0x14  ship.o [1]
  .rodata            const    0x000058e0    0x14  startup_lm3s.o [1]
  .rodata            const    0x000058f4    0x14  tunnel.o [1]
  .rodata            const    0x00005908    0x14  tunnel.o [1]
  .rodata            const    0x0000591c    0x14  tunnel.o [1]
  .rodata            const    0x00005930    0x14  tunnel.o [1]
  .rodata            const    0x00005944    0x14  tunnel.o [1]
  .rodata            const    0x00005958    0x14  tunnel.o [1]
  .rodata            const    0x0000596c    0x14  tunnel.o [1]
  .rodata            const    0x00005980    0x14  tunnel.o [1]
  .rodata            const    0x00005994    0x10  main.o [1]
  .rodata            const    0x000059a4    0x10  main.o [1]
  .rodata            const    0x000059b4    0x10  main.o [1]
  .rodata            const    0x000059c4    0x10  main.o [1]
  .rodata            const    0x000059d4    0x10  main.o [1]
  .rodata            const    0x000059e4    0x10  main.o [1]
  .rodata            const    0x000059f4    0x10  mine1.o [1]
  .rodata            const    0x00005a04    0x10  mine1.o [1]
  .rodata            const    0x00005a14    0x10  mine1.o [1]
  .rodata            const    0x00005a24    0x10  mine1.o [1]
  .rodata            const    0x00005a34    0x10  mine1.o [1]
  .rodata            const    0x00005a44    0x10  mine1.o [1]
  .rodata            const    0x00005a54    0x10  mine2.o [1]
  .rodata            const    0x00005a64    0x10  mine2.o [1]
  .rodata            const    0x00005a74    0x10  mine2.o [1]
  .rodata            const    0x00005a84    0x10  mine2.o [1]
  .rodata            const    0x00005a94    0x10  mine2.o [1]
  .rodata            const    0x00005aa4    0x10  mine2.o [1]
  .rodata            const    0x00005ab4    0x10  missile.o [1]
  .rodata            const    0x00005ac4    0x10  missile.o [1]
  .rodata            const    0x00005ad4    0x10  missile.o [1]
  .rodata            const    0x00005ae4    0x10  ship.o [1]
  .rodata            const    0x00005af4    0x10  ship.o [1]
  .rodata            const    0x00005b04    0x10  ship.o [1]
  .rodata            const    0x00005b14    0x10  ship.o [1]
  .rodata            const    0x00005b24    0x10  ship.o [1]
  .rodata            const    0x00005b34    0x10  ship.o [1]
  .rodata            const    0x00005b44    0x10  ship.o [1]
  .rodata            const    0x00005b54    0x10  ship.o [1]
  .rodata            const    0x00005b64    0x10  tunnel.o [1]
  .rodata            const    0x00005b74    0x10  tunnel.o [1]
  .rodata            const    0x00005b84    0x10  tunnel.o [1]
  .rodata            const    0x00005b94    0x10  tunnel.o [1]
  .rodata            const    0x00005ba4    0x10  tunnel.o [1]
  .rodata            const    0x00005bb4    0x10  tunnel.o [1]
  .rodata            const    0x00005bc4    0x10  tunnel.o [1]
  .rodata            const    0x00005bd4    0x10  tunnel.o [1]
  .rodata            const    0x00005be4    0x10  tunnel.o [1]
  .rodata            const    0x00005bf4    0x10  qep.o [4]
  .rodata            const    0x00005c04     0xc  mine1.o [1]
  .rodata            const    0x00005c10     0xc  mine1.o [1]
  .rodata            const    0x00005c1c     0xc  mine1.o [1]
  .rodata            const    0x00005c28     0xc  mine1.o [1]
  .rodata            const    0x00005c34     0xc  mine1.o [1]
  .rodata            const    0x00005c40     0xc  mine1.o [1]
  .rodata            const    0x00005c4c     0xc  mine2.o [1]
  .rodata            const    0x00005c58     0xc  mine2.o [1]
  .rodata            const    0x00005c64     0xc  mine2.o [1]
  .rodata            const    0x00005c70     0xc  mine2.o [1]
  .rodata            const    0x00005c7c     0xc  mine2.o [1]
  .rodata            const    0x00005c88     0xc  mine2.o [1]
  .rodata            const    0x00005c94     0xc  missile.o [1]
  .rodata            const    0x00005ca0     0xc  startup_lm3s.o [1]
  .rodata            const    0x00005cac     0xc  tunnel.o [1]
  .rodata            const    0x00005cb8     0xc  tunnel.o [1]
  .rodata            const    0x00005cc4     0xc  tunnel.o [1]
  .rodata            const    0x00005cd0     0xc  tunnel.o [1]
  .text              ro code  0x00005cdc     0xc  cstartup_M.o [5]
  .rodata            const    0x00005ce8     0x8  display96x16x1.o [1]
  .rodata            const    0x00005cf0     0x8  display96x16x1.o [1]
  .rodata            const    0x00005cf8     0x8  display96x16x1.o [1]
  .rodata            const    0x00005d00     0x8  display96x16x1.o [1]
  .rodata            const    0x00005d08     0x8  mine1.o [1]
  .rodata            const    0x00005d10     0x8  mine1.o [1]
  .rodata            const    0x00005d18     0x8  mine2.o [1]
  .rodata            const    0x00005d20     0x8  mine2.o [1]
  .rodata            const    0x00005d28     0x8  ship.o [1]
  .rodata            const    0x00005d30     0x8  tunnel.o [1]
  .rodata            const    0x00005d38     0x8  tunnel.o [1]
  .rodata            const    0x00005d40     0x8  tunnel.o [1]
  .rodata            const    0x00005d48     0x8  tunnel.o [1]
  .rodata            const    0x00005d50     0x8  tunnel.o [1]
  .rodata            const    0x00005d58     0x8  tunnel.o [1]
  .rodata            const    0x00005d60     0x8  tunnel.o [1]
  .rodata            const    0x00005d68     0x8  tunnel.o [1]
  .rodata            const    0x00005d70     0x4  bsp.o [1]
  .rodata            const    0x00005d74     0x4  bsp.o [1]
  .rodata            const    0x00005d78     0x4  missile.o [1]
  .rodata            const    0x00005d7c     0x4  ship.o [1]
  .rodata            const    0x00005d80     0x4  tunnel.o [1]
  .rodata            const    0x00005d84     0x4  tunnel.o [1]
  .rodata            const    0x00005d88     0x4  tunnel.o [1]
  .rodata            const    0x00005d8c     0x4  tunnel.o [1]
  .rodata            const    0x00005d90     0x4  tunnel.o [1]
  .rodata            const    0x00005d94     0x4  tunnel.o [1]
  .rodata            const    0x00005d98     0x4  tunnel.o [1]
  .rodata            const    0x00005d9c     0x4  tunnel.o [1]
  .text              ro code  0x00005da0     0x4  qhsm_top.o [4]
  .rodata            const    0x00005da4     0x0  zero_init3.o [5]
  .rodata            const    0x00005da4     0x0  copy_init3.o [5]
  Initializer bytes  ro data  0x00005da4     0x4  <for P2 s0>
                            - 0x00005da8  0x5cb8

"P2", part 1 of 3:                           0x4
  P2 s0                       0x20000000     0x4  <Init block>
    .data            inited   0x20000000     0x1  qk.o [4]
                            - 0x20000004     0x4

"P2", part 2 of 3:                         0xb78
  .bss               zero     0x20000004   0x600  bsp.o [1]
  .bss               zero     0x20000604    0xc0  tunnel.o [1]
  .bss               zero     0x200006c4    0xc0  tunnel.o [1]
  .bss               zero     0x20000784    0xa0  main.o [1]
  .bss               zero     0x20000824    0x84  tunnel.o [1]
  .bss               zero     0x200008a8    0x84  qf_act.o [4]
  .bss               zero     0x2000092c    0x50  mine1.o [1]
  .bss               zero     0x2000097c    0x50  mine2.o [1]
  .bss               zero     0x200009cc    0x40  qs.o [4]
  .bss               zero     0x20000a0c    0x3c  qf_pool.o [4]
  .bss               zero     0x20000a48    0x28  main.o [1]
  .bss               zero     0x20000a70    0x28  main.o [1]
  .bss               zero     0x20000a98    0x28  ship.o [1]
  .bss               zero     0x20000ac0    0x24  missile.o [1]
  .bss               zero     0x20000ae4    0x20  main.o [1]
  .bss               zero     0x20000b04    0x20  qf_tick.o [4]
  .bss               zero     0x20000b24     0xc  main.o [1]
  .bss               zero     0x20000b30     0xc  qk.o [4]
  .bss               zero     0x20000b3c     0x8  main.o [1]
  .bss               zero     0x20000b44     0x4  bsp.o [1]
  .bss               zero     0x20000b48     0x4  bsp.o [1]
  .bss               zero     0x20000b4c     0x4  bsp.o [1]
  .bss               zero     0x20000b50     0x4  bsp.o [1]
  .bss               zero     0x20000b54     0x4  bsp.o [1]
  .bss               zero     0x20000b58     0x4  display96x16x1.o [1]
  .bss               zero     0x20000b5c     0x4  system_lm3s.o [1]
  .bss               zero     0x20000b60     0x4  tunnel.o [1]
  .bss               zero     0x20000b64     0x4  qf_pool.o [4]
  .bss               zero     0x20000b68     0x4  qf_psini.o [4]
  .bss               zero     0x20000b6c     0x4  qf_psini.o [4]
  .bss               zero     0x20000b70     0x1  bsp.o [1]
  .bss               zero     0x20000b71     0x1  bsp.o [1]
  .bss               zero     0x20000b72     0x1  bsp.o [1]
  .bss               zero     0x20000b73     0x1  bsp.o [1]
  .bss               zero     0x20000b74     0x1  display96x16x1.o [1]
  .bss               zero     0x20000b75     0x1  display96x16x1.o [1]
  .bss               zero     0x20000b76     0x1  mine1.o [1]
  .bss               zero     0x20000b77     0x1  mine2.o [1]
  .bss               zero     0x20000b78     0x1  qk.o [4]
  .bss               zero     0x20000b79     0x1  qk_mutex.o [4]
                            - 0x20000b7a   0xb76

"P2", part 3 of 3:                         0x258
  .noinit            uninit   0x20000b7c   0x258  startup_lm3s.o [1]
                            - 0x20000dd4   0x258


*******************************************************************************
*** INIT TABLE
***

          Address     Size
          -------     ----
Zero (__iar_zero_init3)
    1 destination range, total size 0xb76:
          0x20000004  0xb76

Copy (__iar_copy_init3)
    1 source range, total size 0x4 (400% of destination):
          0x00005da4    0x4
    1 destination range, total size 0x1:
          0x20000000    0x1



*******************************************************************************
*** MODULE SUMMARY
***

    Module                  ro code  ro data  rw data
    ------                  -------  -------  -------
D:\qp\qpc\examples\arm-cm\qk\iar\game-qk_ek-lm3s811\spy: [1]
    bsp.o                     2 220      112    1 560
    display96x16x1.o          1 352      704        6
    main.o                      364      156      292
    mine1.o                   1 064      304       81
    mine2.o                   1 064      304       81
    missile.o                   620      144       36
    ship.o                      952      184       40
    startup_lm3s.o               32      272      600
    system_lm3s.o               672       92        4
    tunnel.o                  3 824      776      520
    -------------------------------------------------
    Total:                   12 164    3 048    3 220

command line: [2]
    -------------------------------------------------
    Total:

dl7M_tln.a: [3]
    exit.o                        4
    low_level_init.o              4
    memcpy.o                     12
    memset.o                     20
    -------------------------------------------------
    Total:                       40

libqp_cortex-m3.a: [4]
    qa_ctor.o                    40
    qa_fifo.o                   408
    qa_get_.o                   316
    qa_lifo.o                   276
    qa_sub.o                    196
    qep.o                                 16
    qeq_init.o                   96
    qf_act.o                    136               132
    qf_gc.o                     180
    qf_new.o                    184
    qf_pool.o                   120                64
    qf_psini.o                   20                 8
    qf_pspub.o                  260
    qf_pwr2.o                            204
    qf_tick.o                   380                32
    qhsm_dis.o                1 612
    qhsm_ini.o                  412
    qhsm_top.o                    4
    qk.o                        172        1       14
    qk_mutex.o                                      1
    qk_port.o                   104
    qk_sched.o                  292
    qmp_get.o                   212
    qmp_init.o                  220
    qmp_put.o                   140
    qs.o                        656                64
    qs_.o                       740
    qs_blk.o                     68
    qs_dict.o                   160
    qte_arm.o                   204
    qte_ctor.o                   68
    qte_darm.o                  184
    -------------------------------------------------
    Total:                    7 860      221      315

rt7M_tl.a: [5]
    ABImemcpy_unaligned.o       118
    ABImemmove_unaligned.o      120
    ABImemset.o                 102
    ABImemset48.o                58
    cexit.o                      10
    cmain.o                      26
    copy_init3.o                 46
    cstartup_M.o                 12
    data_init.o                  40
    memmove.o                    12
    zero_init3.o                 34
    -------------------------------------------------
    Total:                      578

shb_l.a: [6]
    exit.o                       20
    -------------------------------------------------
    Total:                       20

    Gaps                          6
    Linker created                        39
-----------------------------------------------------
    Grand Total:             20 668    3 308    3 535


*******************************************************************************
*** ENTRY LIST
***

Entry                      Address   Size  Type      Object
-----                      -------   ----  ----      ------
?main                   0x000056f9         Code  Gb  cmain.o [5]
ADCSeq3_IRQHandler      0x0000200d  0x164  Code  Gb  bsp.o [1]
AO_Missile              0x00005d78    0x4  Data  Gb  missile.o [1]
AO_Ship                 0x00005d7c    0x4  Data  Gb  ship.o [1]
AO_Tunnel               0x00005d80    0x4  Data  Gb  tunnel.o [1]
BSP_displayOff          0x0000238b    0x8  Code  Gb  bsp.o [1]
BSP_displayOn           0x00002383    0x8  Code  Gb  bsp.o [1]
BSP_drawBitmap          0x00002351   0x18  Code  Gb  bsp.o [1]
BSP_drawNString         0x00002369   0x18  Code  Gb  bsp.o [1]
BSP_init                0x000021d7  0x17a  Code  Gb  bsp.o [1]
BSP_updateScore         0x00002381    0x2  Code  Gb  bsp.o [1]
Display96x16x1Clear     0x00003a19   0x74  Code  Gb  display96x16x1.o [1]
Display96x16x1DisplayOff
                        0x00003e79   0x28  Code  Gb  display96x16x1.o [1]
Display96x16x1DisplayOn
                        0x00003d65   0x94  Code  Gb  display96x16x1.o [1]
Display96x16x1ImageDraw
                        0x00003b51   0x7a  Code  Gb  display96x16x1.o [1]
Display96x16x1Init      0x00003bcb  0x19a  Code  Gb  display96x16x1.o [1]
Display96x16x1StringDraw
                        0x00003a8d   0xc4  Code  Gb  display96x16x1.o [1]
Display96x16x1WriteArray
                        0x000039a5   0x36  Code  Lc  display96x16x1.o [1]
Display96x16x1WriteByte
                        0x0000397b   0x2a  Code  Lc  display96x16x1.o [1]
Display96x16x1WriteFinal
                        0x000039db   0x3e  Code  Lc  display96x16x1.o [1]
Display96x16x1WriteFirst
                        0x00003961   0x1a  Code  Lc  display96x16x1.o [1]
GPIOPortA_IRQHandler    0x00002171   0x66  Code  Gb  bsp.o [1]
HardFault_Handler       0x000056ad    0xc  Code  Gb  startup_lm3s.o [1]
Mine1_ctor              0x0000104d   0x2e  Code  Gb  mine1.o [1]
Mine1_exploding         0x00001239   0x92  Code  Lc  mine1.o [1]
Mine1_initial           0x0000107d  0x134  Code  Lc  mine1.o [1]
Mine1_planted           0x000012cd  0x124  Code  Lc  mine1.o [1]
Mine1_unused            0x000011b1   0x28  Code  Lc  mine1.o [1]
Mine1_used              0x000011d9   0x60  Code  Lc  mine1.o [1]
Mine2_ctor              0x00001475   0x2e  Code  Gb  mine2.o [1]
Mine2_exploding         0x00001789   0x92  Code  Lc  mine2.o [1]
Mine2_initial           0x000014a5  0x134  Code  Lc  mine2.o [1]
Mine2_planted           0x00001661  0x126  Code  Lc  mine2.o [1]
Mine2_unused            0x000015d9   0x28  Code  Lc  mine2.o [1]
Mine2_used              0x00001601   0x60  Code  Lc  mine2.o [1]
Missile_armed           0x000049d9   0x2c  Code  Lc  missile.o [1]
Missile_ctor            0x00004925   0x10  Code  Gb  missile.o [1]
Missile_exploding       0x00004ab1   0xa4  Code  Lc  missile.o [1]
Missile_flying          0x00004a05   0xaa  Code  Lc  missile.o [1]
Missile_initial         0x00004935   0xa4  Code  Lc  missile.o [1]
NMI_Handler             0x000056a1    0xc  Code  Gb  startup_lm3s.o [1]
NVIC_EnableIRQ          0x00001f25   0x1a  Code  Lc  bsp.o [1]
NVIC_SetPriority        0x00001f3f   0x26  Code  Lc  bsp.o [1]
NVIC_SetPriorityGrouping
                        0x00001f01   0x24  Code  Lc  bsp.o [1]
PendSV_Handler          0x00003f8d         Code  Gb  qk_port.o [4]
QActive_ctor            0x00000fe1   0x12  Code  Gb  qa_ctor.o [4]
QActive_get_            0x000043a5  0x122  Code  Gb  qa_get_.o [4]
QActive_post            0x00004d6d  0x17c  Code  Gb  qa_fifo.o [4]
QActive_postLIFO        0x000051d9   0xf8  Code  Gb  qa_lifo.o [4]
QActive_start           0x00002c91   0x5c  Code  Gb  qk.o [4]
QActive_subscribe       0x00002949   0xa4  Code  Gb  qa_sub.o [4]
QEP_reservedEvt_        0x00005bf4   0x10  Data  Gb  qep.o [4]
QEQueue_init            0x000040f9   0x60  Code  Gb  qeq_init.o [4]
QF_active_              0x200008a8   0x84  Data  Gb  qf_act.o [4]
QF_add_                 0x00004159   0x76  Code  Gb  qf_act.o [4]
QF_div8Lkup             0x00005374   0x44  Data  Gb  qf_pwr2.o [4]
QF_gc                   0x000042f1   0xa0  Code  Gb  qf_gc.o [4]
QF_init                 0x00002c45    0x8  Code  Gb  qk.o [4]
QF_invPwr2Lkup          0x00005330   0x44  Data  Gb  qf_pwr2.o [4]
QF_maxPool_             0x20000b64    0x4  Data  Gb  qf_pool.o [4]
QF_maxSignal_           0x20000b6c    0x4  Data  Gb  qf_psini.o [4]
QF_newX_                0x00002cf1   0xa4  Code  Gb  qf_new.o [4]
QF_onCleanup            0x000023ed    0x2  Code  Gb  bsp.o [1]
QF_onStartup            0x00002393   0x5a  Code  Gb  bsp.o [1]
QF_poolInit             0x00005071   0x68  Code  Gb  qf_pool.o [4]
QF_pool_                0x20000a0c   0x3c  Data  Gb  qf_pool.o [4]
QF_psInit               0x000050e9   0x14  Code  Gb  qf_psini.o [4]
QF_publish              0x000035b5   0xe2  Code  Gb  qf_pspub.o [4]
QF_pwr2Lkup             0x000052ec   0x44  Data  Gb  qf_pwr2.o [4]
QF_run                  0x00002c75   0x1c  Code  Gb  qk.o [4]
QF_stop                 0x00002c4d    0x8  Code  Gb  qk.o [4]
QF_subscrList_          0x20000b68    0x4  Data  Gb  qf_psini.o [4]
QF_tickX                0x00003439  0x16c  Code  Gb  qf_tick.o [4]
QF_timeEvtHead_         0x20000b04   0x20  Data  Gb  qf_tick.o [4]
QHsm_ctor               0x000027ad    0xe  Code  Gb  qhsm_ini.o [4]
QHsm_dispatch           0x000018b5  0x62a  Code  Gb  qhsm_dis.o [4]
QHsm_init               0x000027bb  0x164  Code  Gb  qhsm_ini.o [4]
QHsm_top                0x00005da1    0x4  Code  Gb  qhsm_top.o [4]
QK_ceilingPrio_         0x20000b79    0x1  Data  Gb  qk_mutex.o [4]
QK_currPrio_            0x20000000    0x1  Data  Gb  qk.o [4]
QK_init                 0x00003f6d         Code  Gb  qk_port.o [4]
QK_intNest_             0x20000b78    0x1  Data  Gb  qk.o [4]
QK_onIdle               0x000023ef   0x5a  Code  Gb  bsp.o [1]
QK_readySet_            0x20000b30    0xc  Data  Gb  qk.o [4]
QK_schedPrio_           0x00003fd5   0x4c  Code  Gb  qk_sched.o [4]
QK_sched_               0x00004021   0xc4  Code  Gb  qk_sched.o [4]
QMPool_get              0x000041e1   0xc6  Code  Gb  qmp_get.o [4]
QMPool_init             0x000050fd   0xcc  Code  Gb  qmp_init.o [4]
QMPool_put              0x000044e1   0x80  Code  Gb  qmp_put.o [4]
QS_beginRec             0x0000307d   0x66  Code  Gb  qs.o [4]
QS_endRec               0x000030e3   0x68  Code  Gb  qs.o [4]
QS_filterOff            0x0000303d   0x40  Code  Gb  qs.o [4]
QS_filterOn             0x00002ff7   0x46  Code  Gb  qs.o [4]
QS_fun_dict             0x00002a79   0x34  Code  Gb  qs_dict.o [4]
QS_getBlock             0x00003ea1   0x44  Code  Gb  qs_blk.o [4]
QS_initBuf              0x00002ec5  0x132  Code  Gb  qs.o [4]
QS_obj_dict             0x00002a45   0x34  Code  Gb  qs_dict.o [4]
QS_onFlush              0x00002655   0x5a  Code  Gb  bsp.o [1]
QS_onGetTime            0x0000262f   0x26  Code  Gb  bsp.o [1]
QS_onStartup            0x00002493  0x19c  Code  Gb  bsp.o [1]
QS_priv_                0x200009cc   0x40  Data  Gb  qs.o [4]
QS_sig_dict             0x00002a0d   0x38  Code  Gb  qs_dict.o [4]
QS_str_ROM_             0x000033eb   0x46  Code  Gb  qs_.o [4]
QS_tickPeriod_          0x20000b48    0x4  Data  Gb  bsp.o [1]
QS_tickTime_            0x20000b44    0x4  Data  Gb  bsp.o [1]
QS_u16_                 0x00003243   0x96  Code  Gb  qs_.o [4]
QS_u32_                 0x000032d9  0x112  Code  Gb  qs_.o [4]
QS_u8_                  0x00003155   0x5c  Code  Gb  qs_.o [4]
QS_u8u8_                0x000031b1   0x92  Code  Gb  qs_.o [4]
QTimeEvt_armX           0x00002aad   0xbc  Code  Gb  qte_arm.o [4]
QTimeEvt_ctorX          0x00001009   0x36  Code  Gb  qte_ctor.o [4]
QTimeEvt_disarm         0x00002b79   0xb8  Code  Gb  qte_darm.o [4]
Q_onAssert              0x00002449   0x3a  Code  Gb  bsp.o [1]
Q_this_module_          0x00005568   0x3c  Data  Lc  bsp.o [1]
Q_this_module_          0x000055a4   0x3c  Data  Lc  mine1.o [1]
Q_this_module_          0x000055e0   0x3c  Data  Lc  mine2.o [1]
Q_this_module_          0x00005528   0x40  Data  Lc  tunnel.o [1]
Q_this_module_          0x00002da0    0x8  Data  Lc  qf_new.o [4]
Q_this_module_          0x000036ac    0xc  Data  Lc  qf_pspub.o [4]
Q_this_module_          0x000035ac    0x8  Data  Lc  qf_tick.o [4]
Q_this_module_          0x00002cec    0x4  Data  Lc  qk.o [4]
Q_this_module_          0x00003150    0x4  Data  Lc  qs.o [4]
Q_this_module_          0x000050e0    0x8  Data  Lc  qf_pool.o [4]
Q_this_module_          0x00002934    0xc  Data  Lc  qhsm_ini.o [4]
Q_this_module_          0x00002a04    0x8  Data  Lc  qa_sub.o [4]
Q_this_module_          0x00001ef4    0xc  Data  Lc  qhsm_dis.o [4]
Q_this_module_          0x00002b70    0x8  Data  Lc  qte_arm.o [4]
Q_this_module_          0x00001040    0xc  Data  Lc  qte_ctor.o [4]
Q_this_module_          0x000042ac    0x8  Data  Lc  qmp_get.o [4]
Q_this_module_          0x000041d8    0x8  Data  Lc  qf_act.o [4]
Q_this_module_          0x0000439c    0x8  Data  Lc  qf_gc.o [4]
Q_this_module_          0x000051cc    0xc  Data  Lc  qmp_init.o [4]
Q_this_module_          0x00004efc    0x8  Data  Lc  qa_fifo.o [4]
Q_this_module_          0x000052e4    0x8  Data  Lc  qa_lifo.o [4]
Q_this_module_          0x00004564    0x8  Data  Lc  qmp_put.o [4]
Q_this_module_          0x000044d8    0x8  Data  Lc  qa_get_.o [4]
Region$$Table$$Base     0x0000567c          --   Gb  - Linker created -
Region$$Table$$Limit    0x000056a0          --   Gb  - Linker created -
SVC_Handler             0x00003fc3         Code  Gb  qk_port.o [4]
Ship_active             0x00004671   0x38  Code  Lc  ship.o [1]
Ship_ctor               0x0000456d   0x1e  Code  Gb  ship.o [1]
Ship_exploding          0x0000481d   0xbc  Code  Lc  ship.o [1]
Ship_flying             0x000046c9  0x152  Code  Lc  ship.o [1]
Ship_initial            0x0000458d   0xe2  Code  Lc  ship.o [1]
Ship_parked             0x000046a9   0x20  Code  Lc  ship.o [1]
SysCtlDelay             0x00003959    0x8  Code  Lc  display96x16x1.o [1]
SysTick_Config          0x00001f65   0x36  Code  Lc  bsp.o [1]
SysTick_Handler         0x00001f9b   0x72  Code  Gb  bsp.o [1]
SystemFrequency         0x20000b5c    0x4  Data  Gb  system_lm3s.o [1]
SystemInit              0x000036b9  0x2a0  Code  Gb  system_lm3s.o [1]
Tunnel_active           0x00000721   0x5a  Code  Lc  tunnel.o [1]
Tunnel_addImageAt       0x00000331   0xde  Code  Lc  tunnel.o [1]
Tunnel_advance          0x00000163  0x106  Code  Lc  tunnel.o [1]
Tunnel_ctor             0x000000f1   0x72  Code  Gb  tunnel.o [1]
Tunnel_demo             0x00000859   0xee  Code  Lc  tunnel.o [1]
Tunnel_dispatchToAllMines
                        0x0000040f   0x30  Code  Lc  tunnel.o [1]
Tunnel_final            0x00000d7d   0x34  Code  Lc  tunnel.o [1]
Tunnel_game_over        0x00000ba9   0xb0  Code  Lc  tunnel.o [1]
Tunnel_initial          0x000004e9  0x238  Code  Lc  tunnel.o [1]
Tunnel_isWallHit        0x0000043f   0xa8  Code  Lc  tunnel.o [1]
Tunnel_plantMine        0x00000269   0xc8  Code  Lc  tunnel.o [1]
Tunnel_playing          0x00000949  0x25e  Code  Lc  tunnel.o [1]
Tunnel_screen_saver     0x00000c59   0x30  Code  Lc  tunnel.o [1]
Tunnel_screen_saver_hide
                        0x00000c89   0x5a  Code  Lc  tunnel.o [1]
Tunnel_screen_saver_show
                        0x00000ce5   0x96  Code  Lc  tunnel.o [1]
Tunnel_show_logo        0x0000077d   0xdc  Code  Lc  tunnel.o [1]
__aeabi_memset          0x00003ee5         Code  Gb  ABImemset.o [5]
__aeabi_memset4         0x000042b5         Code  Gb  ABImemset48.o [5]
__aeabi_memset8         0x000042b5         Code  Gb  ABImemset48.o [5]
__cmain                 0x000056f9         Code  Gb  cmain.o [5]
__exit                  0x00005729   0x14  Code  Gb  exit.o [6]
__iar_Memset            0x00003ee5         Code  Gb  ABImemset.o [5]
__iar_Memset4_word      0x000042bd         Code  Gb  ABImemset48.o [5]
__iar_Memset8_word      0x000042bd         Code  Gb  ABImemset48.o [5]
__iar_Memset_word       0x00003eed         Code  Gb  ABImemset.o [5]
__iar_copy_init3        0x00002e97   0x2e  Code  Gb  copy_init3.o [5]
__iar_data_init3        0x00005655   0x28  Code  Gb  data_init.o [5]
__iar_program_start     0x00005cdd         Code  Gb  cstartup_M.o [5]
__iar_unaligned___aeabi_memcpy
                        0x00002e21         Code  Gb  ABImemcpy_unaligned.o [5]
__iar_unaligned___aeabi_memcpy4
                        0x00002e41         Code  Gb  ABImemcpy_unaligned.o [5]
__iar_unaligned___aeabi_memcpy8
                        0x00002e41         Code  Gb  ABImemcpy_unaligned.o [5]
__iar_unaligned___aeabi_memmove
                        0x00002da9         Code  Gb  ABImemmove_unaligned.o [5]
__iar_unaligned___aeabi_memmove4
                        0x00002da9         Code  Gb  ABImemmove_unaligned.o [5]
__iar_unaligned___aeabi_memmove8
                        0x00002da9         Code  Gb  ABImemmove_unaligned.o [5]
__iar_zero_init3        0x00003f4b   0x22  Code  Gb  zero_init3.o [5]
__low_level_init        0x00005713    0x4  Code  Gb  low_level_init.o [3]
__vector_table          0x00000000   0xf0  Data  Gb  startup_lm3s.o [1]
_call_main              0x00005705         Code  Gb  cmain.o [5]
_exit                   0x0000571d         Code  Gb  cexit.o [5]
_main                   0x0000570f         Code  Gb  cmain.o [5]
assert_failed           0x00002483   0x10  Code  Gb  bsp.o [1]
do_bitmaps_overlap      0x00000dd9  0x148  Code  Gb  tunnel.o [1]
exit                    0x00005717    0x4  Code  Gb  exit.o [3]
explosion0_bits         0x00005d50    0x8  Data  Lc  tunnel.o [1]
explosion1_bits         0x00005d58    0x8  Data  Lc  tunnel.o [1]
explosion2_bits         0x00005d60    0x8  Data  Lc  tunnel.o [1]
explosion3_bits         0x00005d68    0x8  Data  Lc  tunnel.o [1]
g_pucFont               0x00004b90  0x1dc  Data  Lc  display96x16x1.o [1]
g_pucOSRAMInit          0x000053b8   0x74  Data  Lc  display96x16x1.o [1]
g_pucOSRAMRow1          0x00005ce8    0x8  Data  Lc  display96x16x1.o [1]
g_pucOSRAMRow2          0x00005cf0    0x8  Data  Lc  display96x16x1.o [1]
g_pucRITInit            0x00005488   0x50  Data  Lc  display96x16x1.o [1]
g_pucRITRow1            0x00005cf8    0x8  Data  Lc  display96x16x1.o [1]
g_pucRITRow2            0x00005d00    0x8  Data  Lc  display96x16x1.o [1]
g_ucColumnAdjust        0x20000b75    0x1  Data  Lc  display96x16x1.o [1]
g_ucDisplayIsRIT        0x20000b74    0x1  Data  Lc  display96x16x1.o [1]
g_ulDelay               0x20000b58    0x4  Data  Lc  display96x16x1.o [1]
initialize              0x00002c55   0x1a  Code  Lc  qk.o [4]
l_ADCSeq3_IRQHandler    0x20000b71    0x1  Data  Lc  bsp.o [1]
l_GPIOPortA_IRQHandler  0x20000b72    0x1  Data  Lc  bsp.o [1]
l_SysTick_Handler       0x20000b70    0x1  Data  Lc  bsp.o [1]
l_bitmap                0x000054d8   0x50  Data  Lc  tunnel.o [1]
l_frame                 0x200006c4   0xc0  Data  Lc  tunnel.o [1]
l_medPoolSto            0x20000784   0xa0  Data  Lc  main.o [1]
l_mine1                 0x2000092c   0x50  Data  Lc  mine1.o [1]
l_mine2                 0x2000097c   0x50  Data  Lc  mine2.o [1]
l_missile               0x20000ac0   0x24  Data  Lc  missile.o [1]
l_missileQueueSto       0x20000b3c    0x8  Data  Lc  main.o [1]
l_pulXtals              0x0000542c   0x5c  Data  Lc  system_lm3s.o [1]
l_rnd                   0x20000b60    0x4  Data  Lc  tunnel.o [1]
l_ship                  0x20000a98   0x28  Data  Lc  ship.o [1]
l_shipQueueSto          0x20000b24    0xc  Data  Lc  main.o [1]
l_smlPoolSto            0x20000a70   0x28  Data  Lc  main.o [1]
l_subscrSto             0x20000ae4   0x20  Data  Lc  main.o [1]
l_tunnel                0x20000824   0x84  Data  Lc  tunnel.o [1]
l_tunnelQueueSto        0x20000a48   0x28  Data  Lc  main.o [1]
l_walls                 0x20000604   0xc0  Data  Lc  tunnel.o [1]
main                    0x00004f05  0x16c  Code  Gb  main.o [1]
memcpy                  0x000018a9    0xc  Code  Gb  memcpy.o [3]
memmove                 0x0000189d    0xc  Code  Gb  memmove.o [5]
memset                  0x00002c31   0x14  Code  Gb  memset.o [3]
mine1_bits              0x00005d88    0x4  Data  Lc  tunnel.o [1]
mine2_bits              0x00005d8c    0x4  Data  Lc  tunnel.o [1]
mine2_missile_bits      0x00005d90    0x4  Data  Lc  tunnel.o [1]
missile_bits            0x00005d84    0x4  Data  Lc  tunnel.o [1]
press_button_bits       0x0000561c   0x38  Data  Lc  tunnel.o [1]
pulStack                0x20000b7c  0x258  Data  Lc  startup_lm3s.o [1]
random                  0x00000db1   0x14  Code  Lc  tunnel.o [1]
randomSeed              0x00000dc5    0x6  Code  Lc  tunnel.o [1]
ship_bits               0x00005d48    0x8  Data  Lc  tunnel.o [1]


[1] = D:\qp\qpc\examples\arm-cm\qk\iar\game-qk_ek-lm3s811\spy
[2] = command line
[3] = dl7M_tln.a
[4] = libqp_cortex-m3.a
[5] = rt7M_tl.a
[6] = shb_l.a

  20 668 bytes of readonly  code memory
   3 308 bytes of readonly  data memory
   3 535 bytes of readwrite data memory

Errors: none
Warnings: none
