###############################################################################
#                                                                             #
# IAR ELF Linker V6.60.1.5097/W32 for ARM               13/Oct/2013  23:05:21 #
# Copyright 2007-2013 IAR Systems AB.                                         #
#                                                                             #
#    Output file  =  D:\qp\qpc\examples\arm-cm\vanilla\iar\dpp_ek-lm3s811\rel #
#                    \dpp.out                                                 #
#    Map file     =  D:\qp\qpc\examples\arm-cm\vanilla\iar\dpp_ek-lm3s811\rel #
#                    \dpp.map                                                 #
#    Command line =  D:\qp\qpc\examples\arm-cm\vanilla\iar\dpp_ek-lm3s811\rel #
#                    \bsp.o D:\qp\qpc\examples\arm-cm\vanilla\iar\dpp_ek-lm3s #
#                    811\rel\display96x16x1.o D:\qp\qpc\examples\arm-cm\vanil #
#                    la\iar\dpp_ek-lm3s811\rel\main.o                         #
#                    D:\qp\qpc\examples\arm-cm\vanilla\iar\dpp_ek-lm3s811\rel #
#                    \philo.o D:\qp\qpc\examples\arm-cm\vanilla\iar\dpp_ek-lm #
#                    3s811\rel\startup_lm3s.o D:\qp\qpc\examples\arm-cm\vanil #
#                    la\iar\dpp_ek-lm3s811\rel\system_lm3s.o                  #
#                    D:\qp\qpc\examples\arm-cm\vanilla\iar\dpp_ek-lm3s811\rel #
#                    \table.o --redirect _Printf=_PrintfTiny --redirect       #
#                    _Scanf=_ScanfSmall -o D:\qp\qpc\examples\arm-cm\vanilla\ #
#                    iar\dpp_ek-lm3s811\rel\dpp.out --map                     #
#                    D:\qp\qpc\examples\arm-cm\vanilla\iar\dpp_ek-lm3s811\rel #
#                    \dpp.map --config D:\qp\qpc\examples\arm-cm\vanilla\iar\ #
#                    dpp_ek-lm3s811\lm3s811.icf --semihosting                 #
#                    D:\qp\qpc\ports\arm-cm\vanilla\iar\rel\libqp_cortex-m3.a #
#                     --entry __iar_program_start --inline --vfe              #
#                                                                             #
#                                                                             #
###############################################################################

*******************************************************************************
*** RUNTIME MODEL ATTRIBUTES
***

CppFlavor       = *
__SystemLibrary = DLib


*******************************************************************************
*** PLACEMENT SUMMARY
***

"A1":  place at start of [0x00000000-0x0000ffff] { ro section .intvec };
"P1":  place in [from 0x00000000 to 0x0000ffff] { ro };
"P2":  place in [from 0x20000000 to 0x20001fff] { rw, block HEAP };

  Section            Kind        Address    Size  Object
  -------            ----        -------    ----  ------
"A1":                                       0xf0
  .intvec            const    0x00000000    0xf0  startup_lm3s.o [1]
                            - 0x000000f0    0xf0

"P1":                                     0x2274
  .text              ro code  0x000000f0   0x4ec  table.o [1]
  .text              ro code  0x000005dc    0x24  qa_ctor.o [4]
  .text              ro code  0x00000600    0x6c  qa_sub.o [4]
  .text              ro code  0x0000066c   0x2c4  bsp.o [1]
  .text              ro code  0x00000930    0xa4  qf_new.o [4]
  .text              ro code  0x000009d4    0xb8  qf_pspub.o [4]
  .text              ro code  0x00000a8c    0xd8  qhsm_ini.o [4]
  .text              ro code  0x00000b64    0x98  qf_tick.o [4]
  .text              ro code  0x00000bfc   0x2a0  system_lm3s.o [1]
  .text              ro code  0x00000e9c   0x414  display96x16x1.o [1]
  .text              ro code  0x000012b0    0x58  qmp_get.o [4]
  .text              ro code  0x00001308    0x6c  qf_gc.o [4]
  .text              ro code  0x00001374    0x54  qmp_put.o [4]
  .text              ro code  0x000013c8   0x22c  philo.o [1]
  .text              ro code  0x000015f4    0x40  qte_ctor.o [4]
  .text              ro code  0x00001634    0x68  qte_arm.o [4]
  .rodata            const    0x0000169c   0x1dc  display96x16x1.o [1]
  .text              ro code  0x00001878   0x1cc  qhsm_dis.o [4]
  .text              ro code  0x00001a44    0xe0  qmp_init.o [4]
  .rodata            const    0x00001b24    0xcc  qf_pwr2.o [4]
  .text              ro code  0x00001bf0    0xc0  qvanilla.o [4]
  .text              ro code  0x00001cb0    0x9c  qa_get_.o [4]
  .text              ro code  0x00001d4c    0x16  qeq_init.o [4]
  .text              ro code  0x00001d62    0x2e  copy_init3.o [5]
  .text              ro code  0x00001d90    0x44  qf_act.o [4]
  .text              ro code  0x00001dd4    0xb4  qa_fifo.o [4]
  .text              ro code  0x00001e88    0x98  main.o [1]
  .text              ro code  0x00001f20     0xc  qf_psini.o [4]
  .text              ro code  0x00001f2c    0x68  qf_pool.o [4]
  .text              ro code  0x00001f94    0x98  qa_lifo.o [4]
  .rodata            const    0x0000202c    0x74  display96x16x1.o [1]
  .rodata            const    0x000020a0    0x5c  system_lm3s.o [1]
  .rodata            const    0x000020fc    0x50  display96x16x1.o [1]
  .rodata            const    0x0000214c    0x40  philo.o [1]
  .rodata            const    0x0000218c    0x40  table.o [1]
  .text              ro code  0x000021cc    0x28  data_init.o [5]
  .text              ro code  0x000021f4    0x22  zero_init3.o [5]
  .iar.init_table    const    0x00002218    0x24  - Linker created -
  .text              ro code  0x0000223c    0x20  startup_lm3s.o [1]
  .text              ro code  0x0000225c    0x1a  cmain.o [5]
  .text              ro code  0x00002276     0x4  exit.o [3]
  .text              ro code  0x0000227c     0xa  cexit.o [5]
  .text              ro code  0x00002288    0x14  exit.o [6]
  .rodata            const    0x0000229c    0x14  philo.o [1]
  .rodata            const    0x000022b0    0x14  startup_lm3s.o [1]
  .rodata            const    0x000022c4    0x10  bsp.o [1]
  .rodata            const    0x000022d4    0x10  bsp.o [1]
  .rodata            const    0x000022e4    0x10  qep.o [4]
  .rodata            const    0x000022f4     0xc  startup_lm3s.o [1]
  .rodata            const    0x00002300     0xc  table.o [1]
  .rodata            const    0x0000230c     0xc  table.o [1]
  .rodata            const    0x00002318     0xc  table.o [1]
  .text              ro code  0x00002324     0xc  cstartup_M.o [5]
  .rodata            const    0x00002330     0x8  display96x16x1.o [1]
  .rodata            const    0x00002338     0x8  display96x16x1.o [1]
  .rodata            const    0x00002340     0x8  display96x16x1.o [1]
  .rodata            const    0x00002348     0x8  display96x16x1.o [1]
  .rodata            const    0x00002350     0x4  bsp.o [1]
  .rodata            const    0x00002354     0x4  bsp.o [1]
  .rodata            const    0x00002358     0x4  table.o [1]
  .text              ro code  0x0000235c     0x4  qhsm_top.o [4]
  .rodata            const    0x00002360     0x0  zero_init3.o [5]
  .rodata            const    0x00002360     0x0  copy_init3.o [5]
  Initializer bytes  ro data  0x00002360     0x4  <for P2 s0>
                            - 0x00002364  0x2274

"P2", part 1 of 3:                           0x4
  P2 s0                       0x20000000     0x4  <Init block>
    .data            inited   0x20000000     0x4  bsp.o [1]
                            - 0x20000004     0x4

"P2", part 2 of 3:                         0x30c
  .bss               zero     0x20000004    0xf0  philo.o [1]
  .bss               zero     0x200000f4    0x84  qf_act.o [4]
  .bss               zero     0x20000178    0x64  main.o [1]
  .bss               zero     0x200001dc    0x50  main.o [1]
  .bss               zero     0x2000022c    0x40  qf_pool.o [4]
  .bss               zero     0x2000026c    0x2c  table.o [1]
  .bss               zero     0x20000298    0x20  main.o [1]
  .bss               zero     0x200002b8    0x20  qf_tick.o [4]
  .bss               zero     0x200002d8    0x14  main.o [1]
  .bss               zero     0x200002ec     0xc  qvanilla.o [4]
  .bss               zero     0x200002f8     0x8  qf_psini.o [4]
  .bss               zero     0x20000300     0x4  bsp.o [1]
  .bss               zero     0x20000304     0x4  display96x16x1.o [1]
  .bss               zero     0x20000308     0x4  system_lm3s.o [1]
  .bss               zero     0x2000030c     0x1  bsp.o [1]
  .bss               zero     0x2000030d     0x1  display96x16x1.o [1]
  .bss               zero     0x2000030e     0x1  display96x16x1.o [1]
  .bss               zero     0x2000030f     0x1  philo.o [1]
                            - 0x20000310   0x30c

"P2", part 3 of 3:                         0x190
  .noinit            uninit   0x20000310   0x190  startup_lm3s.o [1]
                            - 0x200004a0   0x190


*******************************************************************************
*** INIT TABLE
***

          Address     Size
          -------     ----
Zero (__iar_zero_init3)
    1 destination range, total size 0x30c:
          0x20000004  0x30c

Copy (__iar_copy_init3)
    1 source range, total size 0x4:
          0x00002360    0x4
    1 destination range, total size 0x4:
          0x20000000    0x4



*******************************************************************************
*** MODULE SUMMARY
***

    Module            ro code  ro data  rw data
    ------            -------  -------  -------
D:\qp\qpc\examples\arm-cm\vanilla\iar\dpp_ek-lm3s811\rel: [1]
    bsp.o                 708       44        9
    display96x16x1.o    1 044      704        6
    main.o                152               232
    philo.o               556       84      241
    startup_lm3s.o         32      272      400
    system_lm3s.o         672       92        4
    table.o             1 260      104       44
    -------------------------------------------
    Total:              4 424    1 300      936

command line: [2]
    -------------------------------------------
    Total:

dl7M_tln.a: [3]
    exit.o                  4
    -------------------------------------------
    Total:                  4

libqp_cortex-m3.a: [4]
    qa_ctor.o              36
    qa_fifo.o             180
    qa_get_.o             156
    qa_lifo.o             152
    qa_sub.o              108
    qep.o                           16
    qeq_init.o             22
    qf_act.o               68               132
    qf_gc.o               108
    qf_new.o              164
    qf_pool.o             104                64
    qf_psini.o             12                 8
    qf_pspub.o            184
    qf_pwr2.o                      204
    qf_tick.o             152                32
    qhsm_dis.o            460
    qhsm_ini.o            216
    qhsm_top.o              4
    qmp_get.o              88
    qmp_init.o            224
    qmp_put.o              84
    qte_arm.o             104
    qte_ctor.o             64
    qvanilla.o            192                12
    -------------------------------------------
    Total:              2 882      220      248

rt7M_tl.a: [5]
    cexit.o                10
    cmain.o                26
    copy_init3.o           46
    cstartup_M.o           12
    data_init.o            40
    zero_init3.o           34
    -------------------------------------------
    Total:                168

shb_l.a: [6]
    exit.o                 20
    -------------------------------------------
    Total:                 20

    Gaps                    4        2
    Linker created                  36
-----------------------------------------------
    Grand Total:        7 502    1 558    1 184


*******************************************************************************
*** ENTRY LIST
***

Entry                    Address   Size  Type      Object
-----                    -------   ----  ----      ------
?main                 0x0000225d         Code  Gb  cmain.o [5]
AO_Philo              0x0000229c   0x14  Data  Gb  philo.o [1]
AO_Table              0x00002358    0x4  Data  Gb  table.o [1]
BSP_displayPaused     0x00000835   0x1a  Code  Gb  bsp.o [1]
BSP_displayPhilStat   0x0000080f   0x26  Code  Gb  bsp.o [1]
BSP_init              0x0000079d   0x72  Code  Gb  bsp.o [1]
BSP_random            0x0000084f   0x14  Code  Gb  bsp.o [1]
BSP_randomSeed        0x00000863    0x6  Code  Gb  bsp.o [1]
Display96x16x1Clear   0x00000f5d   0x74  Code  Gb  display96x16x1.o [1]
Display96x16x1Init    0x00001095  0x19a  Code  Gb  display96x16x1.o [1]
Display96x16x1StringDraw
                      0x00000fd1   0xc4  Code  Gb  display96x16x1.o [1]
Display96x16x1WriteArray
                      0x00000ee9   0x36  Code  Lc  display96x16x1.o [1]
Display96x16x1WriteByte
                      0x00000ebf   0x2a  Code  Lc  display96x16x1.o [1]
Display96x16x1WriteFinal
                      0x00000f1f   0x3e  Code  Lc  display96x16x1.o [1]
Display96x16x1WriteFirst
                      0x00000ea5   0x1a  Code  Lc  display96x16x1.o [1]
GPIOPortA_IRQHandler  0x0000077d   0x20  Code  Gb  bsp.o [1]
HardFault_Handler     0x00002249    0xc  Code  Gb  startup_lm3s.o [1]
NMI_Handler           0x0000223d    0xc  Code  Gb  startup_lm3s.o [1]
NVIC_EnableIRQ        0x0000068b   0x18  Code  Lc  bsp.o [1]
NVIC_SetPriority      0x000006a3   0x22  Code  Lc  bsp.o [1]
NVIC_SetPriorityGrouping
                      0x0000066d   0x1e  Code  Lc  bsp.o [1]
Philo_ctor            0x000013c9   0x36  Code  Gb  philo.o [1]
Philo_eating          0x0000153d   0xa0  Code  Lc  philo.o [1]
Philo_hungry          0x000014a5   0x98  Code  Lc  philo.o [1]
Philo_initial         0x00001401   0x26  Code  Lc  philo.o [1]
Philo_thinking        0x00001429   0x7a  Code  Lc  philo.o [1]
QActive_ctor          0x000005dd   0x10  Code  Gb  qa_ctor.o [4]
QActive_get_          0x00001cb1   0x86  Code  Gb  qa_get_.o [4]
QActive_post          0x00001dd5   0xa0  Code  Gb  qa_fifo.o [4]
QActive_postLIFO      0x00001f95   0x82  Code  Gb  qa_lifo.o [4]
QActive_start         0x00001c61   0x44  Code  Gb  qvanilla.o [4]
QActive_subscribe     0x00000601   0x50  Code  Gb  qa_sub.o [4]
QEP_reservedEvt_      0x000022e4   0x10  Data  Gb  qep.o [4]
QEQueue_init          0x00001d4d   0x16  Code  Gb  qeq_init.o [4]
QF_active_            0x200000f4   0x84  Data  Gb  qf_act.o [4]
QF_add_               0x00001d91   0x36  Code  Gb  qf_act.o [4]
QF_div8Lkup           0x00001bac   0x44  Data  Gb  qf_pwr2.o [4]
QF_gc                 0x00001309   0x5a  Code  Gb  qf_gc.o [4]
QF_invPwr2Lkup        0x00001b68   0x44  Data  Gb  qf_pwr2.o [4]
QF_maxPool_           0x2000022c    0x4  Data  Gb  qf_pool.o [4]
QF_maxSignal_         0x200002fc    0x4  Data  Gb  qf_psini.o [4]
QF_newX_              0x00000931   0x92  Code  Gb  qf_new.o [4]
QF_onIdle             0x00000899   0x1a  Code  Gb  bsp.o [1]
QF_onStartup          0x00000869   0x30  Code  Gb  bsp.o [1]
QF_poolInit           0x00001f2d   0x5c  Code  Gb  qf_pool.o [4]
QF_pool_              0x20000230   0x3c  Data  Gb  qf_pool.o [4]
QF_psInit             0x00001f21    0xc  Code  Gb  qf_psini.o [4]
QF_publish            0x000009d5   0x9c  Code  Gb  qf_pspub.o [4]
QF_pwr2Lkup           0x00001b24   0x44  Data  Gb  qf_pwr2.o [4]
QF_readySet_          0x200002ec    0xc  Data  Gb  qvanilla.o [4]
QF_run                0x00001bf1   0x66  Code  Gb  qvanilla.o [4]
QF_subscrList_        0x200002f8    0x4  Data  Gb  qf_psini.o [4]
QF_tickX              0x00000b65   0x8c  Code  Gb  qf_tick.o [4]
QF_timeEvtHead_       0x200002b8   0x20  Data  Gb  qf_tick.o [4]
QHsm_ctor             0x00000a8d    0xe  Code  Gb  qhsm_ini.o [4]
QHsm_dispatch         0x00001879  0x1ba  Code  Gb  qhsm_dis.o [4]
QHsm_init             0x00000a9b   0xae  Code  Gb  qhsm_ini.o [4]
QHsm_top              0x0000235d    0x4  Code  Gb  qhsm_top.o [4]
QMPool_get            0x000012b1   0x50  Code  Gb  qmp_get.o [4]
QMPool_init           0x00001a45   0xd2  Code  Gb  qmp_init.o [4]
QMPool_put            0x00001375   0x4c  Code  Gb  qmp_put.o [4]
QTimeEvt_armX         0x00001635   0x5c  Code  Gb  qte_arm.o [4]
QTimeEvt_ctorX        0x000015f5   0x32  Code  Gb  qte_ctor.o [4]
Q_onAssert            0x00000919    0x8  Code  Gb  bsp.o [1]
Q_this_module_        0x0000214c   0x40  Data  Lc  philo.o [1]
Q_this_module_        0x0000218c   0x40  Data  Lc  table.o [1]
Q_this_module_        0x000009cc    0x8  Data  Lc  qf_new.o [4]
Q_this_module_        0x00000a80    0xc  Data  Lc  qf_pspub.o [4]
Q_this_module_        0x00000bf4    0x8  Data  Lc  qf_tick.o [4]
Q_this_module_        0x00001ca4    0xc  Data  Lc  qvanilla.o [4]
Q_this_module_        0x00001f8c    0x8  Data  Lc  qf_pool.o [4]
Q_this_module_        0x00000664    0x8  Data  Lc  qa_sub.o [4]
Q_this_module_        0x00001694    0x8  Data  Lc  qte_arm.o [4]
Q_this_module_        0x00001628    0xc  Data  Lc  qte_ctor.o [4]
Q_this_module_        0x00001300    0x8  Data  Lc  qmp_get.o [4]
Q_this_module_        0x00001dcc    0x8  Data  Lc  qf_act.o [4]
Q_this_module_        0x0000136c    0x8  Data  Lc  qf_gc.o [4]
Q_this_module_        0x00001d44    0x8  Data  Lc  qa_get_.o [4]
Q_this_module_        0x00001b18    0xc  Data  Lc  qmp_init.o [4]
Q_this_module_        0x00001e80    0x8  Data  Lc  qa_fifo.o [4]
Q_this_module_        0x00002024    0x8  Data  Lc  qa_lifo.o [4]
Q_this_module_        0x00000b50    0xc  Data  Lc  qhsm_ini.o [4]
Q_this_module_        0x00001a38    0xc  Data  Lc  qhsm_dis.o [4]
Q_this_module_        0x000013c0    0x8  Data  Lc  qmp_put.o [4]
Region$$Table$$Base   0x00002218          --   Gb  - Linker created -
Region$$Table$$Limit  0x0000223c          --   Gb  - Linker created -
SysCtlDelay           0x00000e9d    0x8  Code  Lc  display96x16x1.o [1]
SysTick_Config        0x000006c5   0x30  Code  Lc  bsp.o [1]
SysTick_Handler       0x000006f5   0x88  Code  Gb  bsp.o [1]
SystemFrequency       0x20000308    0x4  Data  Gb  system_lm3s.o [1]
SystemInit            0x00000bfd  0x2a0  Code  Gb  system_lm3s.o [1]
Table_active          0x0000017b   0x3c  Code  Lc  table.o [1]
Table_ctor            0x000000f1   0x34  Code  Gb  table.o [1]
Table_initial         0x00000125   0x56  Code  Lc  table.o [1]
Table_paused          0x000004b5  0x108  Code  Lc  table.o [1]
Table_serving         0x000001b9  0x2fa  Code  Lc  table.o [1]
__cmain               0x0000225d         Code  Gb  cmain.o [5]
__exit                0x00002289   0x14  Code  Gb  exit.o [6]
__iar_copy_init3      0x00001d63   0x2e  Code  Gb  copy_init3.o [5]
__iar_data_init3      0x000021cd   0x28  Code  Gb  data_init.o [5]
__iar_program_start   0x00002325         Code  Gb  cstartup_M.o [5]
__iar_zero_init3      0x000021f5   0x22  Code  Gb  zero_init3.o [5]
__vector_table        0x00000000   0xf0  Data  Gb  startup_lm3s.o [1]
_call_main            0x00002269         Code  Gb  cmain.o [5]
_exit                 0x0000227d         Code  Gb  cexit.o [5]
_main                 0x00002273         Code  Gb  cmain.o [5]
assert_failed         0x00000921   0x10  Code  Gb  bsp.o [1]
exit                  0x00002277    0x4  Code  Gb  exit.o [3]
g_pucFont             0x0000169c  0x1dc  Data  Lc  display96x16x1.o [1]
g_pucOSRAMInit        0x0000202c   0x74  Data  Lc  display96x16x1.o [1]
g_pucOSRAMRow1        0x00002330    0x8  Data  Lc  display96x16x1.o [1]
g_pucOSRAMRow2        0x00002338    0x8  Data  Lc  display96x16x1.o [1]
g_pucRITInit          0x000020fc   0x50  Data  Lc  display96x16x1.o [1]
g_pucRITRow1          0x00002340    0x8  Data  Lc  display96x16x1.o [1]
g_pucRITRow2          0x00002348    0x8  Data  Lc  display96x16x1.o [1]
g_ucColumnAdjust      0x2000030e    0x1  Data  Lc  display96x16x1.o [1]
g_ucDisplayIsRIT      0x2000030d    0x1  Data  Lc  display96x16x1.o [1]
g_ulDelay             0x20000304    0x4  Data  Lc  display96x16x1.o [1]
l_philo               0x20000004   0xf0  Data  Lc  philo.o [1]
l_philoQueueSto       0x20000178   0x64  Data  Lc  main.o [1]
l_pulXtals            0x000020a0   0x5c  Data  Lc  system_lm3s.o [1]
l_rnd                 0x20000300    0x4  Data  Lc  bsp.o [1]
l_smlPoolSto          0x200001dc   0x50  Data  Lc  main.o [1]
l_subscrSto           0x20000298   0x20  Data  Lc  main.o [1]
l_table               0x2000026c   0x2c  Data  Lc  table.o [1]
l_tableQueueSto       0x200002d8   0x14  Data  Lc  main.o [1]
main                  0x00001e89   0x98  Code  Gb  main.o [1]
pulStack              0x20000310  0x190  Data  Lc  startup_lm3s.o [1]


[1] = D:\qp\qpc\examples\arm-cm\vanilla\iar\dpp_ek-lm3s811\rel
[2] = command line
[3] = dl7M_tln.a
[4] = libqp_cortex-m3.a
[5] = rt7M_tl.a
[6] = shb_l.a

  7 502 bytes of readonly  code memory
  1 558 bytes of readonly  data memory
  1 184 bytes of readwrite data memory

Errors: none
Warnings: none
