###############################################################################
#                                                                             #
# IAR ELF Linker V6.60.1.5097/W32 for ARM               13/Oct/2013  23:06:53 #
# Copyright 2007-2013 IAR Systems AB.                                         #
#                                                                             #
#    Output file  =  D:\qp\qpc\examples\arm-cm\qk\iar\dpp-qk_ek-lm3s811-lint\ #
#                    dbg\dpp-qk.out                                           #
#    Map file     =  D:\qp\qpc\examples\arm-cm\qk\iar\dpp-qk_ek-lm3s811-lint\ #
#                    dbg\dpp-qk.map                                           #
#    Command line =  D:\qp\qpc\examples\arm-cm\qk\iar\dpp-qk_ek-lm3s811-lint\ #
#                    dbg\bsp.o D:\qp\qpc\examples\arm-cm\qk\iar\dpp-qk_ek-lm3 #
#                    s811-lint\dbg\display96x16x1.o                           #
#                    D:\qp\qpc\examples\arm-cm\qk\iar\dpp-qk_ek-lm3s811-lint\ #
#                    dbg\main.o D:\qp\qpc\examples\arm-cm\qk\iar\dpp-qk_ek-lm #
#                    3s811-lint\dbg\philo.o D:\qp\qpc\examples\arm-cm\qk\iar\ #
#                    dpp-qk_ek-lm3s811-lint\dbg\startup_lm3s.o                #
#                    D:\qp\qpc\examples\arm-cm\qk\iar\dpp-qk_ek-lm3s811-lint\ #
#                    dbg\system_lm3s.o D:\qp\qpc\examples\arm-cm\qk\iar\dpp-q #
#                    k_ek-lm3s811-lint\dbg\table.o --redirect                 #
#                    _Printf=_PrintfTiny --redirect _Scanf=_ScanfSmall -o     #
#                    D:\qp\qpc\examples\arm-cm\qk\iar\dpp-qk_ek-lm3s811-lint\ #
#                    dbg\dpp-qk.out --map D:\qp\qpc\examples\arm-cm\qk\iar\dp #
#                    p-qk_ek-lm3s811-lint\dbg\dpp-qk.map --config             #
#                    D:\qp\qpc\examples\arm-cm\qk\iar\dpp-qk_ek-lm3s811-lint\ #
#                    lm3s811.icf --semihosting D:\qp\qpc\ports\arm-cm\qk\iar\ #
#                    dbg\libqp_cortex-m3.a --entry __iar_program_start --vfe  #
#                                                                             #
#                                                                             #
###############################################################################

*******************************************************************************
*** RUNTIME MODEL ATTRIBUTES
***

CppFlavor       = *
__SystemLibrary = DLib


*******************************************************************************
*** PLACEMENT SUMMARY
***

"A1":  place at start of [0x00000000-0x0000ffff] { ro section .intvec };
"P1":  place in [from 0x00000000 to 0x0000ffff] { ro };
"P2":  place in [from 0x20000000 to 0x20001fff] { rw, block HEAP };

  Section            Kind        Address    Size  Object
  -------            ----        -------    ----  ------
"A1":                                       0xf0
  .intvec            const    0x00000000    0xf0  startup_lm3s.o [1]
                            - 0x000000f0    0xf0

"P1":                                     0x2520
  .text              ro code  0x000000f0   0x4ec  table.o [1]
  .text              ro code  0x000005dc    0x28  qa_ctor.o [4]
  .text              ro code  0x00000604    0x88  qa_sub.o [4]
  .text              ro code  0x0000068c   0x338  bsp.o [1]
  .text              ro code  0x000009c4    0x7c  qf_new.o [4]
  .text              ro code  0x00000a40    0xb8  qf_pspub.o [4]
  .text              ro code  0x00000af8    0xd4  qhsm_ini.o [4]
  .text              ro code  0x00000bcc    0xc8  qf_tick.o [4]
  .text              ro code  0x00000c94   0x2a0  system_lm3s.o [1]
  .text              ro code  0x00000f34   0x414  display96x16x1.o [1]
  .text              ro code  0x00001348    0x50  qmp_get.o [4]
  .text              ro code  0x00001398    0x60  qf_gc.o [4]
  .text              ro code  0x000013f8    0x50  qmp_put.o [4]
  .text              ro code  0x00001448   0x258  qhsm_dis.o [4]
  .text              ro code  0x000016a0   0x22c  philo.o [1]
  .text              ro code  0x000018cc    0x44  qte_ctor.o [4]
  .text              ro code  0x00001910    0x7c  qte_arm.o [4]
  .rodata            const    0x0000198c   0x1dc  display96x16x1.o [1]
  .text              ro code  0x00001b68    0xe4  qk_sched.o [4]
  .text              ro code  0x00001c4c    0xb4  qa_get_.o [4]
  .text              ro code  0x00001d00    0xe4  qa_fifo.o [4]
  .rodata            const    0x00001de4    0xcc  qf_pwr2.o [4]
  .text              ro code  0x00001eb0    0xc4  qa_lifo.o [4]
  .text              ro code  0x00001f74    0xa0  qk.o [4]
  CODE               ro code  0x00002014    0x68  qk_port.o [4]
  .text              ro code  0x0000207c    0x1a  qeq_init.o [4]
  .text              ro code  0x00002096    0x2e  copy_init3.o [5]
  .text              ro code  0x000020c4    0x4c  qf_act.o [4]
  .text              ro code  0x00002110    0x9c  qmp_init.o [4]
  .text              ro code  0x000021ac    0x98  main.o [1]
  .text              ro code  0x00002244    0x14  qf_psini.o [4]
  .text              ro code  0x00002258    0x78  qf_pool.o [4]
  .rodata            const    0x000022d0    0x74  display96x16x1.o [1]
  .rodata            const    0x00002344    0x5c  system_lm3s.o [1]
  .rodata            const    0x000023a0    0x50  display96x16x1.o [1]
  .rodata            const    0x000023f0    0x40  philo.o [1]
  .rodata            const    0x00002430    0x40  table.o [1]
  .text              ro code  0x00002470    0x28  data_init.o [5]
  .text              ro code  0x00002498    0x22  zero_init3.o [5]
  .iar.init_table    const    0x000024bc    0x24  - Linker created -
  .text              ro code  0x000024e0    0x20  startup_lm3s.o [1]
  .text              ro code  0x00002500    0x1a  cmain.o [5]
  .text              ro code  0x0000251a     0x4  low_level_init.o [3]
  .text              ro code  0x0000251e     0x4  exit.o [3]
  .text              ro code  0x00002524     0xa  cexit.o [5]
  .text              ro code  0x00002530    0x14  exit.o [6]
  .rodata            const    0x00002544    0x14  philo.o [1]
  .rodata            const    0x00002558    0x14  startup_lm3s.o [1]
  .rodata            const    0x0000256c    0x10  bsp.o [1]
  .rodata            const    0x0000257c    0x10  bsp.o [1]
  .rodata            const    0x0000258c    0x10  qep.o [4]
  .rodata            const    0x0000259c     0xc  startup_lm3s.o [1]
  .rodata            const    0x000025a8     0xc  table.o [1]
  .rodata            const    0x000025b4     0xc  table.o [1]
  .rodata            const    0x000025c0     0xc  table.o [1]
  .text              ro code  0x000025cc     0xc  cstartup_M.o [5]
  .rodata            const    0x000025d8     0x8  display96x16x1.o [1]
  .rodata            const    0x000025e0     0x8  display96x16x1.o [1]
  .rodata            const    0x000025e8     0x8  display96x16x1.o [1]
  .rodata            const    0x000025f0     0x8  display96x16x1.o [1]
  .rodata            const    0x000025f8     0x4  bsp.o [1]
  .rodata            const    0x000025fc     0x4  bsp.o [1]
  .rodata            const    0x00002600     0x4  table.o [1]
  .text              ro code  0x00002604     0x4  qhsm_top.o [4]
  .rodata            const    0x00002608     0x0  zero_init3.o [5]
  .rodata            const    0x00002608     0x0  copy_init3.o [5]
  Initializer bytes  ro data  0x00002608     0x8  <for P2 s0>
                            - 0x00002610  0x2520

"P2", part 1 of 3:                           0x8
  P2 s0                       0x20000000     0x8  <Init block>
    .data            inited   0x20000000     0x4  bsp.o [1]
    .data            inited   0x20000004     0x1  qk.o [4]
                            - 0x20000008     0x8

"P2", part 2 of 3:                         0x310
  .bss               zero     0x20000008    0xf0  philo.o [1]
  .bss               zero     0x200000f8    0x84  qf_act.o [4]
  .bss               zero     0x2000017c    0x64  main.o [1]
  .bss               zero     0x200001e0    0x50  main.o [1]
  .bss               zero     0x20000230    0x3c  qf_pool.o [4]
  .bss               zero     0x2000026c    0x2c  table.o [1]
  .bss               zero     0x20000298    0x20  main.o [1]
  .bss               zero     0x200002b8    0x20  qf_tick.o [4]
  .bss               zero     0x200002d8    0x14  main.o [1]
  .bss               zero     0x200002ec     0xc  qk.o [4]
  .bss               zero     0x200002f8     0x4  bsp.o [1]
  .bss               zero     0x200002fc     0x4  display96x16x1.o [1]
  .bss               zero     0x20000300     0x4  system_lm3s.o [1]
  .bss               zero     0x20000304     0x4  qf_pool.o [4]
  .bss               zero     0x20000308     0x4  qf_psini.o [4]
  .bss               zero     0x2000030c     0x4  qf_psini.o [4]
  .bss               zero     0x20000310     0x1  bsp.o [1]
  .bss               zero     0x20000311     0x1  display96x16x1.o [1]
  .bss               zero     0x20000312     0x1  display96x16x1.o [1]
  .bss               zero     0x20000313     0x1  philo.o [1]
  .bss               zero     0x20000314     0x1  qk.o [4]
  .bss               zero     0x20000315     0x1  qk_mutex.o [4]
                            - 0x20000316   0x30e

"P2", part 3 of 3:                         0x320
  .noinit            uninit   0x20000318   0x320  startup_lm3s.o [1]
                            - 0x20000638   0x320


*******************************************************************************
*** INIT TABLE
***

          Address     Size
          -------     ----
Zero (__iar_zero_init3)
    1 destination range, total size 0x30e:
          0x20000008  0x30e

Copy (__iar_copy_init3)
    1 source range, total size 0x8 (160% of destination):
          0x00002608    0x8
    1 destination range, total size 0x5:
          0x20000000    0x5



*******************************************************************************
*** MODULE SUMMARY
***

    Module            ro code  ro data  rw data
    ------            -------  -------  -------
D:\qp\qpc\examples\arm-cm\qk\iar\dpp-qk_ek-lm3s811-lint\dbg: [1]
    bsp.o                 824       44        9
    display96x16x1.o    1 044      704        6
    main.o                152               232
    philo.o               556       84      241
    startup_lm3s.o         32      272      800
    system_lm3s.o         672       92        4
    table.o             1 260      104       44
    -------------------------------------------
    Total:              4 540    1 300    1 336

command line: [2]
    -------------------------------------------
    Total:

dl7M_tln.a: [3]
    exit.o                  4
    low_level_init.o        4
    -------------------------------------------
    Total:                  8

libqp_cortex-m3.a: [4]
    qa_ctor.o              40
    qa_fifo.o             228
    qa_get_.o             180
    qa_lifo.o             196
    qa_sub.o              136
    qep.o                           16
    qeq_init.o             26
    qf_act.o               76               132
    qf_gc.o                96
    qf_new.o              124
    qf_pool.o             120                64
    qf_psini.o             20                 8
    qf_pspub.o            184
    qf_pwr2.o                      204
    qf_tick.o             200                32
    qhsm_dis.o            600
    qhsm_ini.o            212
    qhsm_top.o              4
    qk.o                  160        1       14
    qk_mutex.o                                1
    qk_port.o             104
    qk_sched.o            228
    qmp_get.o              80
    qmp_init.o            156
    qmp_put.o              80
    qte_arm.o             124
    qte_ctor.o             68
    -------------------------------------------
    Total:              3 442      221      251

rt7M_tl.a: [5]
    cexit.o                10
    cmain.o                26
    copy_init3.o           46
    cstartup_M.o           12
    data_init.o            40
    zero_init3.o           34
    -------------------------------------------
    Total:                168

shb_l.a: [6]
    exit.o                 20
    -------------------------------------------
    Total:                 20

    Gaps                    4        2
    Linker created                  39
-----------------------------------------------
    Grand Total:        8 182    1 562    1 587


*******************************************************************************
*** ENTRY LIST
***

Entry                    Address   Size  Type      Object
-----                    -------   ----  ----      ------
?main                 0x00002501         Code  Gb  cmain.o [5]
AO_Philo              0x00002544   0x14  Data  Gb  philo.o [1]
AO_Table              0x00002600    0x4  Data  Gb  table.o [1]
BSP_displayPaused     0x000008bd   0x1a  Code  Gb  bsp.o [1]
BSP_displayPhilStat   0x00000897   0x26  Code  Gb  bsp.o [1]
BSP_init              0x00000825   0x72  Code  Gb  bsp.o [1]
BSP_random            0x000008d7   0x14  Code  Gb  bsp.o [1]
BSP_randomSeed        0x000008eb    0x6  Code  Gb  bsp.o [1]
BSP_terminate         0x000008f1    0x2  Code  Gb  bsp.o [1]
Display96x16x1Clear   0x00000ff5   0x74  Code  Gb  display96x16x1.o [1]
Display96x16x1Init    0x0000112d  0x19a  Code  Gb  display96x16x1.o [1]
Display96x16x1StringDraw
                      0x00001069   0xc4  Code  Gb  display96x16x1.o [1]
Display96x16x1WriteArray
                      0x00000f81   0x36  Code  Lc  display96x16x1.o [1]
Display96x16x1WriteByte
                      0x00000f57   0x2a  Code  Lc  display96x16x1.o [1]
Display96x16x1WriteFinal
                      0x00000fb7   0x3e  Code  Lc  display96x16x1.o [1]
Display96x16x1WriteFirst
                      0x00000f3d   0x1a  Code  Lc  display96x16x1.o [1]
GPIOPortA_IRQHandler  0x000007d1   0x54  Code  Gb  bsp.o [1]
HardFault_Handler     0x000024ed    0xc  Code  Gb  startup_lm3s.o [1]
NMI_Handler           0x000024e1    0xc  Code  Gb  startup_lm3s.o [1]
NVIC_EnableIRQ        0x000006ab   0x18  Code  Lc  bsp.o [1]
NVIC_SetPriority      0x000006c3   0x22  Code  Lc  bsp.o [1]
NVIC_SetPriorityGrouping
                      0x0000068d   0x1e  Code  Lc  bsp.o [1]
PendSV_Handler        0x00002035         Code  Gb  qk_port.o [4]
Philo_ctor            0x000016a1   0x36  Code  Gb  philo.o [1]
Philo_eating          0x00001815   0xa0  Code  Lc  philo.o [1]
Philo_hungry          0x0000177d   0x98  Code  Lc  philo.o [1]
Philo_initial         0x000016d9   0x26  Code  Lc  philo.o [1]
Philo_thinking        0x00001701   0x7a  Code  Lc  philo.o [1]
QActive_ctor          0x000005dd   0x12  Code  Gb  qa_ctor.o [4]
QActive_get_          0x00001c4d   0x9e  Code  Gb  qa_get_.o [4]
QActive_post          0x00001d01   0xcc  Code  Gb  qa_fifo.o [4]
QActive_postLIFO      0x00001eb1   0xac  Code  Gb  qa_lifo.o [4]
QActive_start         0x00001fb9   0x58  Code  Gb  qk.o [4]
QActive_subscribe     0x00000605   0x6a  Code  Gb  qa_sub.o [4]
QEP_reservedEvt_      0x0000258c   0x10  Data  Gb  qep.o [4]
QEQueue_init          0x0000207d   0x1a  Code  Gb  qeq_init.o [4]
QF_active_            0x200000f8   0x84  Data  Gb  qf_act.o [4]
QF_add_               0x000020c5   0x3e  Code  Gb  qf_act.o [4]
QF_div8Lkup           0x00001e6c   0x44  Data  Gb  qf_pwr2.o [4]
QF_gc                 0x00001399   0x50  Code  Gb  qf_gc.o [4]
QF_init               0x00001f75    0x8  Code  Gb  qk.o [4]
QF_invPwr2Lkup        0x00001e28   0x44  Data  Gb  qf_pwr2.o [4]
QF_maxPool_           0x20000304    0x4  Data  Gb  qf_pool.o [4]
QF_maxSignal_         0x2000030c    0x4  Data  Gb  qf_psini.o [4]
QF_newX_              0x000009c5   0x6c  Code  Gb  qf_new.o [4]
QF_onStartup          0x000008f3   0x30  Code  Gb  bsp.o [1]
QF_poolInit           0x00002259   0x68  Code  Gb  qf_pool.o [4]
QF_pool_              0x20000230   0x3c  Data  Gb  qf_pool.o [4]
QF_psInit             0x00002245   0x14  Code  Gb  qf_psini.o [4]
QF_publish            0x00000a41   0x9c  Code  Gb  qf_pspub.o [4]
QF_pwr2Lkup           0x00001de4   0x44  Data  Gb  qf_pwr2.o [4]
QF_run                0x00001f9d   0x1c  Code  Gb  qk.o [4]
QF_subscrList_        0x20000308    0x4  Data  Gb  qf_psini.o [4]
QF_tickX              0x00000bcd   0xbc  Code  Gb  qf_tick.o [4]
QF_timeEvtHead_       0x200002b8   0x20  Data  Gb  qf_tick.o [4]
QHsm_ctor             0x00000af9    0xe  Code  Gb  qhsm_ini.o [4]
QHsm_dispatch         0x00001449  0x23a  Code  Gb  qhsm_dis.o [4]
QHsm_init             0x00000b07   0xa2  Code  Gb  qhsm_ini.o [4]
QHsm_top              0x00002605    0x4  Code  Gb  qhsm_top.o [4]
QK_ceilingPrio_       0x20000315    0x1  Data  Gb  qk_mutex.o [4]
QK_currPrio_          0x20000004    0x1  Data  Gb  qk.o [4]
QK_init               0x00002015         Code  Gb  qk_port.o [4]
QK_intNest_           0x20000314    0x1  Data  Gb  qk.o [4]
QK_onIdle             0x00000923   0x1a  Code  Gb  bsp.o [1]
QK_readySet_          0x200002ec    0xc  Data  Gb  qk.o [4]
QK_schedPrio_         0x00001b69   0x4c  Code  Gb  qk_sched.o [4]
QK_sched_             0x00001bb5   0x88  Code  Gb  qk_sched.o [4]
QMPool_get            0x00001349   0x46  Code  Gb  qmp_get.o [4]
QMPool_init           0x00002111   0x90  Code  Gb  qmp_init.o [4]
QMPool_put            0x000013f9   0x48  Code  Gb  qmp_put.o [4]
QTimeEvt_armX         0x00001911   0x6e  Code  Gb  qte_arm.o [4]
QTimeEvt_ctorX        0x000018cd   0x36  Code  Gb  qte_ctor.o [4]
Q_onAssert            0x000009ad    0x8  Code  Gb  bsp.o [1]
Q_this_module_        0x000023f0   0x40  Data  Lc  philo.o [1]
Q_this_module_        0x00002430   0x40  Data  Lc  table.o [1]
Q_this_module_        0x00000a38    0x8  Data  Lc  qf_new.o [4]
Q_this_module_        0x00000aec    0xc  Data  Lc  qf_pspub.o [4]
Q_this_module_        0x00000c8c    0x8  Data  Lc  qf_tick.o [4]
Q_this_module_        0x00002010    0x4  Data  Lc  qk.o [4]
Q_this_module_        0x000022c8    0x8  Data  Lc  qf_pool.o [4]
Q_this_module_        0x00000684    0x8  Data  Lc  qa_sub.o [4]
Q_this_module_        0x00001984    0x8  Data  Lc  qte_arm.o [4]
Q_this_module_        0x00001904    0xc  Data  Lc  qte_ctor.o [4]
Q_this_module_        0x00001390    0x8  Data  Lc  qmp_get.o [4]
Q_this_module_        0x00002108    0x8  Data  Lc  qf_act.o [4]
Q_this_module_        0x000013f0    0x8  Data  Lc  qf_gc.o [4]
Q_this_module_        0x000021a0    0xc  Data  Lc  qmp_init.o [4]
Q_this_module_        0x00001ddc    0x8  Data  Lc  qa_fifo.o [4]
Q_this_module_        0x00001f6c    0x8  Data  Lc  qa_lifo.o [4]
Q_this_module_        0x00000bb8    0xc  Data  Lc  qhsm_ini.o [4]
Q_this_module_        0x00001694    0xc  Data  Lc  qhsm_dis.o [4]
Q_this_module_        0x00001440    0x8  Data  Lc  qmp_put.o [4]
Q_this_module_        0x00001cf8    0x8  Data  Lc  qa_get_.o [4]
Region$$Table$$Base   0x000024bc          --   Gb  - Linker created -
Region$$Table$$Limit  0x000024e0          --   Gb  - Linker created -
SVC_Handler           0x0000206b         Code  Gb  qk_port.o [4]
SysCtlDelay           0x00000f35    0x8  Code  Lc  display96x16x1.o [1]
SysTick_Config        0x000006e5   0x30  Code  Lc  bsp.o [1]
SysTick_Handler       0x00000715   0xbc  Code  Gb  bsp.o [1]
SystemFrequency       0x20000300    0x4  Data  Gb  system_lm3s.o [1]
SystemInit            0x00000c95  0x2a0  Code  Gb  system_lm3s.o [1]
Table_active          0x0000017b   0x3c  Code  Lc  table.o [1]
Table_ctor            0x000000f1   0x34  Code  Gb  table.o [1]
Table_initial         0x00000125   0x56  Code  Lc  table.o [1]
Table_paused          0x000004b5  0x108  Code  Lc  table.o [1]
Table_serving         0x000001b9  0x2fa  Code  Lc  table.o [1]
__cmain               0x00002501         Code  Gb  cmain.o [5]
__exit                0x00002531   0x14  Code  Gb  exit.o [6]
__iar_copy_init3      0x00002097   0x2e  Code  Gb  copy_init3.o [5]
__iar_data_init3      0x00002471   0x28  Code  Gb  data_init.o [5]
__iar_program_start   0x000025cd         Code  Gb  cstartup_M.o [5]
__iar_zero_init3      0x00002499   0x22  Code  Gb  zero_init3.o [5]
__low_level_init      0x0000251b    0x4  Code  Gb  low_level_init.o [3]
__vector_table        0x00000000   0xf0  Data  Gb  startup_lm3s.o [1]
_call_main            0x0000250d         Code  Gb  cmain.o [5]
_exit                 0x00002525         Code  Gb  cexit.o [5]
_main                 0x00002517         Code  Gb  cmain.o [5]
assert_failed         0x000009b5   0x10  Code  Gb  bsp.o [1]
exit                  0x0000251f    0x4  Code  Gb  exit.o [3]
g_pucFont             0x0000198c  0x1dc  Data  Lc  display96x16x1.o [1]
g_pucOSRAMInit        0x000022d0   0x74  Data  Lc  display96x16x1.o [1]
g_pucOSRAMRow1        0x000025d8    0x8  Data  Lc  display96x16x1.o [1]
g_pucOSRAMRow2        0x000025e0    0x8  Data  Lc  display96x16x1.o [1]
g_pucRITInit          0x000023a0   0x50  Data  Lc  display96x16x1.o [1]
g_pucRITRow1          0x000025e8    0x8  Data  Lc  display96x16x1.o [1]
g_pucRITRow2          0x000025f0    0x8  Data  Lc  display96x16x1.o [1]
g_ucColumnAdjust      0x20000312    0x1  Data  Lc  display96x16x1.o [1]
g_ucDisplayIsRIT      0x20000311    0x1  Data  Lc  display96x16x1.o [1]
g_ulDelay             0x200002fc    0x4  Data  Lc  display96x16x1.o [1]
initialize            0x00001f7d   0x1a  Code  Lc  qk.o [4]
l_philo               0x20000008   0xf0  Data  Lc  philo.o [1]
l_philoQueueSto       0x2000017c   0x64  Data  Lc  main.o [1]
l_pulXtals            0x00002344   0x5c  Data  Lc  system_lm3s.o [1]
l_rnd                 0x200002f8    0x4  Data  Lc  bsp.o [1]
l_smlPoolSto          0x200001e0   0x50  Data  Lc  main.o [1]
l_subscrSto           0x20000298   0x20  Data  Lc  main.o [1]
l_table               0x2000026c   0x2c  Data  Lc  table.o [1]
l_tableQueueSto       0x200002d8   0x14  Data  Lc  main.o [1]
main                  0x000021ad   0x98  Code  Gb  main.o [1]
pulStack              0x20000318  0x320  Data  Lc  startup_lm3s.o [1]


[1] = D:\qp\qpc\examples\arm-cm\qk\iar\dpp-qk_ek-lm3s811-lint\dbg
[2] = command line
[3] = dl7M_tln.a
[4] = libqp_cortex-m3.a
[5] = rt7M_tl.a
[6] = shb_l.a

  8 182 bytes of readonly  code memory
  1 562 bytes of readonly  data memory
  1 587 bytes of readwrite data memory

Errors: none
Warnings: none
