Archive member included because of file (symbol)

D:\qp\qpc/ports/arm-cm/vanilla/gnu/rel\libqp_cortex-m3_cs.a(qhsm_ini.o)
                              rel/tunnel.o (QHsm_init)
D:\qp\qpc/ports/arm-cm/vanilla/gnu/rel\libqp_cortex-m3_cs.a(qhsm_dis.o)
                              rel/tunnel.o (QHsm_dispatch)
D:\qp\qpc/ports/arm-cm/vanilla/gnu/rel\libqp_cortex-m3_cs.a(qhsm_top.o)
                              rel/tunnel.o (QHsm_top)
D:\qp\qpc/ports/arm-cm/vanilla/gnu/rel\libqp_cortex-m3_cs.a(qa_ctor.o)
                              rel/tunnel.o (QActive_ctor)
D:\qp\qpc/ports/arm-cm/vanilla/gnu/rel\libqp_cortex-m3_cs.a(qa_fifo.o)
                              D:\qp\qpc/ports/arm-cm/vanilla/gnu/rel\libqp_cortex-m3_cs.a(qa_ctor.o) (QActive_post)
D:\qp\qpc/ports/arm-cm/vanilla/gnu/rel\libqp_cortex-m3_cs.a(qa_lifo.o)
                              D:\qp\qpc/ports/arm-cm/vanilla/gnu/rel\libqp_cortex-m3_cs.a(qa_ctor.o) (QActive_postLIFO)
D:\qp\qpc/ports/arm-cm/vanilla/gnu/rel\libqp_cortex-m3_cs.a(qa_sub.o)
                              rel/tunnel.o (QActive_subscribe)
D:\qp\qpc/ports/arm-cm/vanilla/gnu/rel\libqp_cortex-m3_cs.a(qf_act.o)
                              D:\qp\qpc/ports/arm-cm/vanilla/gnu/rel\libqp_cortex-m3_cs.a(qa_sub.o) (QF_active_)
D:\qp\qpc/ports/arm-cm/vanilla/gnu/rel\libqp_cortex-m3_cs.a(qf_new.o)
                              rel/mine1.o (QF_newX_)
D:\qp\qpc/ports/arm-cm/vanilla/gnu/rel\libqp_cortex-m3_cs.a(qf_pool.o)
                              rel/main.o (QF_poolInit)
D:\qp\qpc/ports/arm-cm/vanilla/gnu/rel\libqp_cortex-m3_cs.a(qf_psini.o)
                              rel/main.o (QF_psInit)
D:\qp\qpc/ports/arm-cm/vanilla/gnu/rel\libqp_cortex-m3_cs.a(qf_pspub.o)
                              rel/bsp.o (QF_publish)
D:\qp\qpc/ports/arm-cm/vanilla/gnu/rel\libqp_cortex-m3_cs.a(qf_pwr2.o)
                              D:\qp\qpc/ports/arm-cm/vanilla/gnu/rel\libqp_cortex-m3_cs.a(qa_fifo.o) (QF_div8Lkup)
D:\qp\qpc/ports/arm-cm/vanilla/gnu/rel\libqp_cortex-m3_cs.a(qf_tick.o)
                              rel/bsp.o (QF_tickX)
D:\qp\qpc/ports/arm-cm/vanilla/gnu/rel\libqp_cortex-m3_cs.a(qmp_get.o)
                              D:\qp\qpc/ports/arm-cm/vanilla/gnu/rel\libqp_cortex-m3_cs.a(qf_new.o) (QMPool_get)
D:\qp\qpc/ports/arm-cm/vanilla/gnu/rel\libqp_cortex-m3_cs.a(qmp_init.o)
                              D:\qp\qpc/ports/arm-cm/vanilla/gnu/rel\libqp_cortex-m3_cs.a(qf_pool.o) (QMPool_init)
D:\qp\qpc/ports/arm-cm/vanilla/gnu/rel\libqp_cortex-m3_cs.a(qte_ctor.o)
                              rel/tunnel.o (QTimeEvt_ctorX)
D:\qp\qpc/ports/arm-cm/vanilla/gnu/rel\libqp_cortex-m3_cs.a(qte_arm.o)
                              rel/tunnel.o (QTimeEvt_armX)
D:\qp\qpc/ports/arm-cm/vanilla/gnu/rel\libqp_cortex-m3_cs.a(qte_darm.o)
                              rel/tunnel.o (QTimeEvt_disarm)
D:\qp\qpc/ports/arm-cm/vanilla/gnu/rel\libqp_cortex-m3_cs.a(qvanilla.o)
                              rel/main.o (QF_init)
D:\qp\qpc/ports/arm-cm/vanilla/gnu/rel\libqp_cortex-m3_cs.a(qep.o)
                              D:\qp\qpc/ports/arm-cm/vanilla/gnu/rel\libqp_cortex-m3_cs.a(qhsm_ini.o) (QEP_reservedEvt_)
D:\qp\qpc/ports/arm-cm/vanilla/gnu/rel\libqp_cortex-m3_cs.a(qa_get_.o)
                              D:\qp\qpc/ports/arm-cm/vanilla/gnu/rel\libqp_cortex-m3_cs.a(qvanilla.o) (QActive_get_)
D:\qp\qpc/ports/arm-cm/vanilla/gnu/rel\libqp_cortex-m3_cs.a(qeq_init.o)
                              D:\qp\qpc/ports/arm-cm/vanilla/gnu/rel\libqp_cortex-m3_cs.a(qvanilla.o) (QEQueue_init)
D:\qp\qpc/ports/arm-cm/vanilla/gnu/rel\libqp_cortex-m3_cs.a(qf_gc.o)
                              D:\qp\qpc/ports/arm-cm/vanilla/gnu/rel\libqp_cortex-m3_cs.a(qf_pspub.o) (QF_gc)
D:\qp\qpc/ports/arm-cm/vanilla/gnu/rel\libqp_cortex-m3_cs.a(qmp_put.o)
                              D:\qp\qpc/ports/arm-cm/vanilla/gnu/rel\libqp_cortex-m3_cs.a(qf_gc.o) (QMPool_put)
c:/tools/codesourcery/bin/../lib/gcc/arm-none-eabi/4.7.3/../../../../arm-none-eabi/lib/armv7-m\libc.a(lib_a-asm-memcpy.o)
                              rel/tunnel.o (memcpy)
c:/tools/codesourcery/bin/../lib/gcc/arm-none-eabi/4.7.3/../../../../arm-none-eabi/lib/armv7-m\libc.a(lib_a-init.o)
                              rel/startup_lm3s.o (__libc_init_array)
c:/tools/codesourcery/bin/../lib/gcc/arm-none-eabi/4.7.3/../../../../arm-none-eabi/lib/armv7-m\libc.a(lib_a-memmove.o)
                              rel/tunnel.o (memmove)
c:/tools/codesourcery/bin/../lib/gcc/arm-none-eabi/4.7.3/../../../../arm-none-eabi/lib/armv7-m\libc.a(lib_a-memset.o)
                              rel/tunnel.o (memset)

Discarded input sections

 .ARM.attributes
                0x00000000       0x1b c:/tools/codesourcery/bin/../lib/gcc/arm-none-eabi/4.7.3/../../../../arm-none-eabi/lib/armv7-m\libc.a(lib_a-asm-memcpy.o)
 .ARM.attributes
                0x00000000       0x2d c:/tools/codesourcery/bin/../lib/gcc/arm-none-eabi/4.7.3/../../../../arm-none-eabi/lib/armv7-m\libc.a(lib_a-init.o)
 .debug_frame   0x00000000       0x2c c:/tools/codesourcery/bin/../lib/gcc/arm-none-eabi/4.7.3/../../../../arm-none-eabi/lib/armv7-m\libc.a(lib_a-init.o)
 .ARM.attributes
                0x00000000       0x2d c:/tools/codesourcery/bin/../lib/gcc/arm-none-eabi/4.7.3/../../../../arm-none-eabi/lib/armv7-m\libc.a(lib_a-memmove.o)
 .debug_frame   0x00000000       0x2c c:/tools/codesourcery/bin/../lib/gcc/arm-none-eabi/4.7.3/../../../../arm-none-eabi/lib/armv7-m\libc.a(lib_a-memmove.o)
 .ARM.attributes
                0x00000000       0x2d c:/tools/codesourcery/bin/../lib/gcc/arm-none-eabi/4.7.3/../../../../arm-none-eabi/lib/armv7-m\libc.a(lib_a-memset.o)
 .debug_frame   0x00000000       0x2c c:/tools/codesourcery/bin/../lib/gcc/arm-none-eabi/4.7.3/../../../../arm-none-eabi/lib/armv7-m\libc.a(lib_a-memset.o)

Memory Configuration

Name             Origin             Length             Attributes
ROM              0x00000000         0x00010000         xr
RAM              0x20000000         0x00002000         xrw
*default*        0x00000000         0xffffffff

Linker script and memory map

LOAD rel/startup_lm3s.o
LOAD rel/tunnel.o
LOAD rel/mine1.o
LOAD rel/mine2.o
LOAD rel/main.o
LOAD rel/missile.o
LOAD rel/ship.o
LOAD rel/display96x16x1.o
LOAD rel/system_lm3s.o
LOAD rel/bsp.o
LOAD D:\qp\qpc/ports/arm-cm/vanilla/gnu/rel\libqp_cortex-m3_cs.a
                0x00000258                STACK_SIZE = 0x258
                0x00000000                HEAP_SIZE = 0x0

.isr_vector     0x00000000       0xf0
 *(.isr_vector)
 .isr_vector    0x00000000       0xf0 rel/startup_lm3s.o
                0x00000000                g_pfnVectors
                0x000000f0                . = ALIGN (0x4)

.text           0x000000f0     0x30f4
                0x000000f0                . = ALIGN (0x4)
 *(.text)
 .text          0x000000f0       0x84 rel/startup_lm3s.o
                0x000000f0                DebugMon_Handler
                0x000000f0                FlashCtrl_IRQHandler
                0x000000f0                Timer0B_IRQHandler
                0x000000f0                I2C0_IRQHandler
                0x000000f0                PendSV_Handler
                0x000000f0                NMI_Handler
                0x000000f0                I2C1_IRQHandler
                0x000000f0                PWMGen0_IRQHandler
                0x000000f0                UART1_IRQHandler
                0x000000f0                CAN1_IRQHandler
                0x000000f0                Timer1B_IRQHandler
                0x000000f0                Watchdog_IRQHandler
                0x000000f0                UART0_IRQHandler
                0x000000f0                SSI0_IRQHandler
                0x000000f0                UsageFault_Handler
                0x000000f0                ADCSeq1_IRQHandler
                0x000000f0                PWMFault_IRQHandler
                0x000000f0                PWMGen1_IRQHandler
                0x000000f0                SSI1_IRQHandler
                0x000000f0                SysCtrl_IRQHandler
                0x000000f0                Spurious_Handler
                0x000000f0                GPIOPortC_IRQHandler
                0x000000f0                ADCSeq2_IRQHandler
                0x000000f0                PWMGen2_IRQHandler
                0x000000f0                UART2_IRQHandler
                0x000000f0                QEI1_IRQHandler
                0x000000f0                QEI0_IRQHandler
                0x000000f0                GPIOPortD_IRQHandler
                0x000000f0                MemManage_Handler
                0x000000f0                Ethernet_IRQHandler
                0x000000f0                SVC_Handler
                0x000000f0                Timer3B_IRQHandler
                0x000000f0                Timer3A_IRQHandler
                0x000000f0                Timer0A_IRQHandler
                0x000000f0                ADCSeq0_IRQHandler
                0x000000f0                Timer1A_IRQHandler
                0x000000f0                GPIOPortG_IRQHandler
                0x000000f0                GPIOPortE_IRQHandler
                0x000000f0                CAN0_IRQHandler
                0x000000f0                Comp0_IRQHandler
                0x000000f0                Comp1_IRQHandler
                0x000000f0                Comp2_IRQHandler
                0x000000f0                GPIOPortF_IRQHandler
                0x000000f0                GPIOPortB_IRQHandler
                0x000000f0                CAN2_IRQHandler
                0x000000f0                GPIOPortH_IRQHandler
                0x000000f0                BusFault_Handler
                0x000000f0                Timer2A_IRQHandler
                0x000000f0                Timer2B_IRQHandler
                0x000000f0                Hibernate_IRQHandler
                0x0000010c                Reset_Handler
                0x00000170                _init
 .text          0x00000174      0x954 rel/tunnel.o
                0x00000994                Tunnel_ctor
                0x000009fc                do_bitmaps_overlap
 .text          0x00000ac8      0x208 rel/mine1.o
                0x00000ca0                Mine1_ctor
 .text          0x00000cd0      0x200 rel/mine2.o
                0x00000ea0                Mine2_ctor
 .text          0x00000ed0        0x0 rel/main.o
 .text          0x00000ed0      0x160 rel/missile.o
                0x00001020                Missile_ctor
 .text          0x00001030      0x220 rel/ship.o
                0x0000122c                Ship_ctor
 .text          0x00001250      0x438 rel/display96x16x1.o
                0x000012e8                Display96x16x1Clear
                0x00001350                Display96x16x1StringDraw
                0x00001408                Display96x16x1ImageDraw
                0x00001480                Display96x16x1Init
                0x000015ec                Display96x16x1DisplayOn
                0x0000165c                Display96x16x1DisplayOff
 .text          0x00001688      0x244 rel/system_lm3s.o
                0x00001688                SystemInit
 .text          0x000018cc      0x2e8 rel/bsp.o
                0x000018cc                SysTick_Handler
                0x000018e4                ADCSeq3_IRQHandler
                0x000019b0                GPIOPortA_IRQHandler
                0x000019d4                BSP_init
                0x00001ac0                BSP_drawBitmap
                0x00001ad2                BSP_drawBitmapXY
                0x00001ae0                BSP_drawNString
                0x00001af4                BSP_updateScore
                0x00001af6                BSP_displayOn
                0x00001afa                BSP_displayOff
                0x00001afe                QF_onStartup
                0x00001b80                QF_onCleanup
                0x00001b82                QF_onIdle
                0x00001ba4                Q_onAssert
                0x00001bac                assert_failed
 .text          0x00001bb4       0xb0 D:\qp\qpc/ports/arm-cm/vanilla/gnu/rel\libqp_cortex-m3_cs.a(qhsm_ini.o)
                0x00001bb4                QHsm_init
                0x00001c50                QHsm_ctor
 .text          0x00001c64      0x198 D:\qp\qpc/ports/arm-cm/vanilla/gnu/rel\libqp_cortex-m3_cs.a(qhsm_dis.o)
                0x00001c64                QHsm_dispatch
 .text          0x00001dfc        0x4 D:\qp\qpc/ports/arm-cm/vanilla/gnu/rel\libqp_cortex-m3_cs.a(qhsm_top.o)
                0x00001dfc                QHsm_top
 .text          0x00001e00       0x14 D:\qp\qpc/ports/arm-cm/vanilla/gnu/rel\libqp_cortex-m3_cs.a(qa_ctor.o)
                0x00001e00                QActive_ctor
 .text          0x00001e14       0xa0 D:\qp\qpc/ports/arm-cm/vanilla/gnu/rel\libqp_cortex-m3_cs.a(qa_fifo.o)
                0x00001e14                QActive_post
 .text          0x00001eb4       0x88 D:\qp\qpc/ports/arm-cm/vanilla/gnu/rel\libqp_cortex-m3_cs.a(qa_lifo.o)
                0x00001eb4                QActive_postLIFO
 .text          0x00001f3c       0x68 D:\qp\qpc/ports/arm-cm/vanilla/gnu/rel\libqp_cortex-m3_cs.a(qa_sub.o)
                0x00001f3c                QActive_subscribe
 .text          0x00001fa4       0x70 D:\qp\qpc/ports/arm-cm/vanilla/gnu/rel\libqp_cortex-m3_cs.a(qf_act.o)
                0x00001fa4                QF_add_
                0x00001fdc                QF_remove_
 .text          0x00002014       0x68 D:\qp\qpc/ports/arm-cm/vanilla/gnu/rel\libqp_cortex-m3_cs.a(qf_new.o)
                0x00002014                QF_newX_
 .text          0x0000207c       0x60 D:\qp\qpc/ports/arm-cm/vanilla/gnu/rel\libqp_cortex-m3_cs.a(qf_pool.o)
                0x0000207c                QF_poolInit
 .text          0x000020dc        0xc D:\qp\qpc/ports/arm-cm/vanilla/gnu/rel\libqp_cortex-m3_cs.a(qf_psini.o)
                0x000020dc                QF_psInit
 .text          0x000020e8       0xac D:\qp\qpc/ports/arm-cm/vanilla/gnu/rel\libqp_cortex-m3_cs.a(qf_pspub.o)
                0x000020e8                QF_publish
 .text          0x00002194        0x0 D:\qp\qpc/ports/arm-cm/vanilla/gnu/rel\libqp_cortex-m3_cs.a(qf_pwr2.o)
 .text          0x00002194       0xc8 D:\qp\qpc/ports/arm-cm/vanilla/gnu/rel\libqp_cortex-m3_cs.a(qf_tick.o)
                0x00002194                QF_tickX
                0x00002228                QF_noTimeEvtsActiveX
 .text          0x0000225c       0x84 D:\qp\qpc/ports/arm-cm/vanilla/gnu/rel\libqp_cortex-m3_cs.a(qmp_get.o)
                0x0000225c                QMPool_get
                0x000022a4                QF_getPoolMin
 .text          0x000022e0       0x80 D:\qp\qpc/ports/arm-cm/vanilla/gnu/rel\libqp_cortex-m3_cs.a(qmp_init.o)
                0x000022e0                QMPool_init
 .text          0x00002360       0x30 D:\qp\qpc/ports/arm-cm/vanilla/gnu/rel\libqp_cortex-m3_cs.a(qte_ctor.o)
                0x00002360                QTimeEvt_ctorX
 .text          0x00002390       0x60 D:\qp\qpc/ports/arm-cm/vanilla/gnu/rel\libqp_cortex-m3_cs.a(qte_arm.o)
                0x00002390                QTimeEvt_armX
 .text          0x000023f0       0x1e D:\qp\qpc/ports/arm-cm/vanilla/gnu/rel\libqp_cortex-m3_cs.a(qte_darm.o)
                0x000023f0                QTimeEvt_disarm
 *fill*         0x0000240e        0x2 
 .text          0x00002410       0xb4 D:\qp\qpc/ports/arm-cm/vanilla/gnu/rel\libqp_cortex-m3_cs.a(qvanilla.o)
                0x00002410                QF_init
                0x00002412                QF_stop
                0x00002416                QF_run
                0x00002480                QActive_start
                0x000024c0                QActive_stop
 .text          0x000024c4        0x0 D:\qp\qpc/ports/arm-cm/vanilla/gnu/rel\libqp_cortex-m3_cs.a(qep.o)
 .text          0x000024c4       0xc0 D:\qp\qpc/ports/arm-cm/vanilla/gnu/rel\libqp_cortex-m3_cs.a(qa_get_.o)
                0x000024c4                QActive_get_
                0x00002550                QF_getQueueMin
 .text          0x00002584       0x16 D:\qp\qpc/ports/arm-cm/vanilla/gnu/rel\libqp_cortex-m3_cs.a(qeq_init.o)
                0x00002584                QEQueue_init
 *fill*         0x0000259a        0x2 
 .text          0x0000259c       0x5c D:\qp\qpc/ports/arm-cm/vanilla/gnu/rel\libqp_cortex-m3_cs.a(qf_gc.o)
                0x0000259c                QF_gc
 .text          0x000025f8       0x4c D:\qp\qpc/ports/arm-cm/vanilla/gnu/rel\libqp_cortex-m3_cs.a(qmp_put.o)
                0x000025f8                QMPool_put
 .text          0x00002644      0x2d0 c:/tools/codesourcery/bin/../lib/gcc/arm-none-eabi/4.7.3/../../../../arm-none-eabi/lib/armv7-m\libc.a(lib_a-asm-memcpy.o)
                0x00002644                memcpy
 .text          0x00002914       0x4c c:/tools/codesourcery/bin/../lib/gcc/arm-none-eabi/4.7.3/../../../../arm-none-eabi/lib/armv7-m\libc.a(lib_a-init.o)
                0x00002914                __libc_init_array
 .text          0x00002960       0xc8 c:/tools/codesourcery/bin/../lib/gcc/arm-none-eabi/4.7.3/../../../../arm-none-eabi/lib/armv7-m\libc.a(lib_a-memmove.o)
                0x00002960                memmove
 .text          0x00002a28      0x110 c:/tools/codesourcery/bin/../lib/gcc/arm-none-eabi/4.7.3/../../../../arm-none-eabi/lib/armv7-m\libc.a(lib_a-memset.o)
                0x00002a28                memset
 *(.text*)
 .text.startup  0x00002b38       0x98 rel/main.o
                0x00002b38                main
 *(.rodata)
 .rodata        0x00002bd0       0xd4 rel/tunnel.o
                0x00002c38                AO_Tunnel
 .rodata        0x00002ca4       0x14 rel/mine1.o
 .rodata        0x00002cb8       0x14 rel/mine2.o
 .rodata        0x00002ccc        0x4 rel/missile.o
                0x00002ccc                AO_Missile
 .rodata        0x00002cd0        0x4 rel/ship.o
                0x00002cd0                AO_Ship
 .rodata        0x00002cd4      0x2b1 rel/display96x16x1.o
 *fill*         0x00002f85        0x3 
 .rodata        0x00002f88       0x5c rel/system_lm3s.o
 .rodata        0x00002fe4        0x8 rel/bsp.o
 .rodata        0x00002fec       0x14 D:\qp\qpc/ports/arm-cm/vanilla/gnu/rel\libqp_cortex-m3_cs.a(qhsm_ini.o)
 .rodata        0x00003000        0x9 D:\qp\qpc/ports/arm-cm/vanilla/gnu/rel\libqp_cortex-m3_cs.a(qhsm_dis.o)
 *fill*         0x00003009        0x3 
 .rodata        0x0000300c       0x14 D:\qp\qpc/ports/arm-cm/vanilla/gnu/rel\libqp_cortex-m3_cs.a(qa_ctor.o)
 .rodata        0x00003020        0x8 D:\qp\qpc/ports/arm-cm/vanilla/gnu/rel\libqp_cortex-m3_cs.a(qa_fifo.o)
 .rodata        0x00003028        0x8 D:\qp\qpc/ports/arm-cm/vanilla/gnu/rel\libqp_cortex-m3_cs.a(qa_lifo.o)
 .rodata        0x00003030        0x7 D:\qp\qpc/ports/arm-cm/vanilla/gnu/rel\libqp_cortex-m3_cs.a(qa_sub.o)
 .rodata        0x00003037        0x7 D:\qp\qpc/ports/arm-cm/vanilla/gnu/rel\libqp_cortex-m3_cs.a(qf_act.o)
 .rodata        0x0000303e        0x7 D:\qp\qpc/ports/arm-cm/vanilla/gnu/rel\libqp_cortex-m3_cs.a(qf_new.o)
 .rodata        0x00003045        0x8 D:\qp\qpc/ports/arm-cm/vanilla/gnu/rel\libqp_cortex-m3_cs.a(qf_pool.o)
 .rodata        0x0000304d        0x9 D:\qp\qpc/ports/arm-cm/vanilla/gnu/rel\libqp_cortex-m3_cs.a(qf_pspub.o)
 .rodata        0x00003056       0xc3 D:\qp\qpc/ports/arm-cm/vanilla/gnu/rel\libqp_cortex-m3_cs.a(qf_pwr2.o)
                0x00003056                QF_div8Lkup
                0x00003097                QF_invPwr2Lkup
                0x000030d8                QF_pwr2Lkup
 .rodata        0x00003119        0x8 D:\qp\qpc/ports/arm-cm/vanilla/gnu/rel\libqp_cortex-m3_cs.a(qf_tick.o)
 .rodata        0x00003121        0x8 D:\qp\qpc/ports/arm-cm/vanilla/gnu/rel\libqp_cortex-m3_cs.a(qmp_get.o)
 .rodata        0x00003129        0x9 D:\qp\qpc/ports/arm-cm/vanilla/gnu/rel\libqp_cortex-m3_cs.a(qmp_init.o)
 .rodata        0x00003132        0x9 D:\qp\qpc/ports/arm-cm/vanilla/gnu/rel\libqp_cortex-m3_cs.a(qte_ctor.o)
 .rodata        0x0000313b        0x8 D:\qp\qpc/ports/arm-cm/vanilla/gnu/rel\libqp_cortex-m3_cs.a(qte_arm.o)
 .rodata        0x00003143        0x9 D:\qp\qpc/ports/arm-cm/vanilla/gnu/rel\libqp_cortex-m3_cs.a(qvanilla.o)
 .rodata        0x0000314c       0x10 D:\qp\qpc/ports/arm-cm/vanilla/gnu/rel\libqp_cortex-m3_cs.a(qep.o)
                0x0000314c                QEP_reservedEvt_
 .rodata        0x0000315c        0x8 D:\qp\qpc/ports/arm-cm/vanilla/gnu/rel\libqp_cortex-m3_cs.a(qa_get_.o)
 .rodata        0x00003164        0x6 D:\qp\qpc/ports/arm-cm/vanilla/gnu/rel\libqp_cortex-m3_cs.a(qf_gc.o)
 .rodata        0x0000316a        0x8 D:\qp\qpc/ports/arm-cm/vanilla/gnu/rel\libqp_cortex-m3_cs.a(qmp_put.o)
 *(.rodata*)
 .rodata.str1.1
                0x00003172       0x15 rel/startup_lm3s.o
 .rodata.str1.1
                0x00003187       0x5c rel/tunnel.o
 *(.init)
 *(.fini)
                0x000031e4                . = ALIGN (0x4)
 *fill*         0x000031e3        0x1 

.glue_7         0x000031e4        0x0
 .glue_7        0x00000000        0x0 linker stubs

.glue_7t        0x000031e4        0x0
 .glue_7t       0x00000000        0x0 linker stubs

.vfp11_veneer   0x000031e4        0x0
 .vfp11_veneer  0x00000000        0x0 linker stubs

.v4_bx          0x000031e4        0x0
 .v4_bx         0x00000000        0x0 linker stubs

.iplt           0x000031e4        0x0
 .iplt          0x00000000        0x0 rel/startup_lm3s.o

.rel.dyn        0x000031e4        0x0
 .rel.iplt      0x00000000        0x0 rel/startup_lm3s.o

.preinit_array  0x000031e4        0x0
                0x000031e4                PROVIDE (__preinit_array_start, .)
 *(.preinit_array*)
                0x000031e4                PROVIDE (__preinit_array_end, .)

.init_array     0x000031e4        0x0
                0x000031e4                PROVIDE (__init_array_start, .)
 *(SORT(.init_array.*))
 *(.init_array*)
                0x000031e4                PROVIDE (__init_array_end, .)

.fini_array     0x000031e4        0x0
                0x000031e4                PROVIDE (__fini_array_start, .)
 *(.fini_array*)
 *(SORT(.fini_array.*))
                0x000031e4                PROVIDE (__fini_array_end, .)
                0x000031e4                _etext = .

.data           0x20000000        0x0 load address 0x000031e4
                0x000031e4                __data_load = LOADADDR (.data)
                0x20000000                __data_start = .
 *(.data)
 .data          0x20000000        0x0 rel/startup_lm3s.o
 .data          0x20000000        0x0 rel/tunnel.o
 .data          0x20000000        0x0 rel/mine1.o
 .data          0x20000000        0x0 rel/mine2.o
 .data          0x20000000        0x0 rel/main.o
 .data          0x20000000        0x0 rel/missile.o
 .data          0x20000000        0x0 rel/ship.o
 .data          0x20000000        0x0 rel/display96x16x1.o
 .data          0x20000000        0x0 rel/system_lm3s.o
 .data          0x20000000        0x0 rel/bsp.o
 .data          0x20000000        0x0 D:\qp\qpc/ports/arm-cm/vanilla/gnu/rel\libqp_cortex-m3_cs.a(qhsm_ini.o)
 .data          0x20000000        0x0 D:\qp\qpc/ports/arm-cm/vanilla/gnu/rel\libqp_cortex-m3_cs.a(qhsm_dis.o)
 .data          0x20000000        0x0 D:\qp\qpc/ports/arm-cm/vanilla/gnu/rel\libqp_cortex-m3_cs.a(qhsm_top.o)
 .data          0x20000000        0x0 D:\qp\qpc/ports/arm-cm/vanilla/gnu/rel\libqp_cortex-m3_cs.a(qa_ctor.o)
 .data          0x20000000        0x0 D:\qp\qpc/ports/arm-cm/vanilla/gnu/rel\libqp_cortex-m3_cs.a(qa_fifo.o)
 .data          0x20000000        0x0 D:\qp\qpc/ports/arm-cm/vanilla/gnu/rel\libqp_cortex-m3_cs.a(qa_lifo.o)
 .data          0x20000000        0x0 D:\qp\qpc/ports/arm-cm/vanilla/gnu/rel\libqp_cortex-m3_cs.a(qa_sub.o)
 .data          0x20000000        0x0 D:\qp\qpc/ports/arm-cm/vanilla/gnu/rel\libqp_cortex-m3_cs.a(qf_act.o)
 .data          0x20000000        0x0 D:\qp\qpc/ports/arm-cm/vanilla/gnu/rel\libqp_cortex-m3_cs.a(qf_new.o)
 .data          0x20000000        0x0 D:\qp\qpc/ports/arm-cm/vanilla/gnu/rel\libqp_cortex-m3_cs.a(qf_pool.o)
 .data          0x20000000        0x0 D:\qp\qpc/ports/arm-cm/vanilla/gnu/rel\libqp_cortex-m3_cs.a(qf_psini.o)
 .data          0x20000000        0x0 D:\qp\qpc/ports/arm-cm/vanilla/gnu/rel\libqp_cortex-m3_cs.a(qf_pspub.o)
 .data          0x20000000        0x0 D:\qp\qpc/ports/arm-cm/vanilla/gnu/rel\libqp_cortex-m3_cs.a(qf_pwr2.o)
 .data          0x20000000        0x0 D:\qp\qpc/ports/arm-cm/vanilla/gnu/rel\libqp_cortex-m3_cs.a(qf_tick.o)
 .data          0x20000000        0x0 D:\qp\qpc/ports/arm-cm/vanilla/gnu/rel\libqp_cortex-m3_cs.a(qmp_get.o)
 .data          0x20000000        0x0 D:\qp\qpc/ports/arm-cm/vanilla/gnu/rel\libqp_cortex-m3_cs.a(qmp_init.o)
 .data          0x20000000        0x0 D:\qp\qpc/ports/arm-cm/vanilla/gnu/rel\libqp_cortex-m3_cs.a(qte_ctor.o)
 .data          0x20000000        0x0 D:\qp\qpc/ports/arm-cm/vanilla/gnu/rel\libqp_cortex-m3_cs.a(qte_arm.o)
 .data          0x20000000        0x0 D:\qp\qpc/ports/arm-cm/vanilla/gnu/rel\libqp_cortex-m3_cs.a(qte_darm.o)
 .data          0x20000000        0x0 D:\qp\qpc/ports/arm-cm/vanilla/gnu/rel\libqp_cortex-m3_cs.a(qvanilla.o)
 .data          0x20000000        0x0 D:\qp\qpc/ports/arm-cm/vanilla/gnu/rel\libqp_cortex-m3_cs.a(qep.o)
 .data          0x20000000        0x0 D:\qp\qpc/ports/arm-cm/vanilla/gnu/rel\libqp_cortex-m3_cs.a(qa_get_.o)
 .data          0x20000000        0x0 D:\qp\qpc/ports/arm-cm/vanilla/gnu/rel\libqp_cortex-m3_cs.a(qeq_init.o)
 .data          0x20000000        0x0 D:\qp\qpc/ports/arm-cm/vanilla/gnu/rel\libqp_cortex-m3_cs.a(qf_gc.o)
 .data          0x20000000        0x0 D:\qp\qpc/ports/arm-cm/vanilla/gnu/rel\libqp_cortex-m3_cs.a(qmp_put.o)
 .data          0x20000000        0x0 c:/tools/codesourcery/bin/../lib/gcc/arm-none-eabi/4.7.3/../../../../arm-none-eabi/lib/armv7-m\libc.a(lib_a-asm-memcpy.o)
 .data          0x20000000        0x0 c:/tools/codesourcery/bin/../lib/gcc/arm-none-eabi/4.7.3/../../../../arm-none-eabi/lib/armv7-m\libc.a(lib_a-init.o)
 .data          0x20000000        0x0 c:/tools/codesourcery/bin/../lib/gcc/arm-none-eabi/4.7.3/../../../../arm-none-eabi/lib/armv7-m\libc.a(lib_a-memmove.o)
 .data          0x20000000        0x0 c:/tools/codesourcery/bin/../lib/gcc/arm-none-eabi/4.7.3/../../../../arm-none-eabi/lib/armv7-m\libc.a(lib_a-memset.o)
 *(.data*)
                0x20000000                . = ALIGN (0x4)
                0x20000000                __data_end__ = .
                0x20000000                _edata = __data_end__

.igot.plt       0x20000000        0x0 load address 0x000031e4
 .igot.plt      0x00000000        0x0 rel/startup_lm3s.o

.bss            0x20000000      0x538 load address 0x000031e4
                0x20000000                __bss_start__ = .
 *(.bss)
 .bss           0x20000000        0x0 rel/startup_lm3s.o
 .bss           0x20000000      0x208 rel/tunnel.o
 .bss           0x20000208       0x54 rel/mine1.o
 .bss           0x2000025c       0x54 rel/mine2.o
 .bss           0x200002b0      0x124 rel/main.o
 .bss           0x200003d4       0x24 rel/missile.o
 .bss           0x200003f8       0x28 rel/ship.o
 .bss           0x20000420        0x8 rel/display96x16x1.o
 .bss           0x20000428        0x4 rel/system_lm3s.o
                0x20000428                SystemFrequency
 .bss           0x2000042c       0x10 rel/bsp.o
 .bss           0x2000043c        0x0 D:\qp\qpc/ports/arm-cm/vanilla/gnu/rel\libqp_cortex-m3_cs.a(qhsm_ini.o)
 .bss           0x2000043c        0x0 D:\qp\qpc/ports/arm-cm/vanilla/gnu/rel\libqp_cortex-m3_cs.a(qhsm_dis.o)
 .bss           0x2000043c        0x0 D:\qp\qpc/ports/arm-cm/vanilla/gnu/rel\libqp_cortex-m3_cs.a(qhsm_top.o)
 .bss           0x2000043c        0x0 D:\qp\qpc/ports/arm-cm/vanilla/gnu/rel\libqp_cortex-m3_cs.a(qa_ctor.o)
 .bss           0x2000043c        0x0 D:\qp\qpc/ports/arm-cm/vanilla/gnu/rel\libqp_cortex-m3_cs.a(qa_fifo.o)
 .bss           0x2000043c        0x0 D:\qp\qpc/ports/arm-cm/vanilla/gnu/rel\libqp_cortex-m3_cs.a(qa_lifo.o)
 .bss           0x2000043c        0x0 D:\qp\qpc/ports/arm-cm/vanilla/gnu/rel\libqp_cortex-m3_cs.a(qa_sub.o)
 .bss           0x2000043c       0x88 D:\qp\qpc/ports/arm-cm/vanilla/gnu/rel\libqp_cortex-m3_cs.a(qf_act.o)
                0x2000043c                QF_active_
                0x200004c0                QF_intLockNest_
 .bss           0x200004c4        0x0 D:\qp\qpc/ports/arm-cm/vanilla/gnu/rel\libqp_cortex-m3_cs.a(qf_new.o)
 .bss           0x200004c4       0x40 D:\qp\qpc/ports/arm-cm/vanilla/gnu/rel\libqp_cortex-m3_cs.a(qf_pool.o)
                0x200004c4                QF_maxPool_
                0x200004c8                QF_pool_
 .bss           0x20000504        0x8 D:\qp\qpc/ports/arm-cm/vanilla/gnu/rel\libqp_cortex-m3_cs.a(qf_psini.o)
                0x20000504                QF_subscrList_
                0x20000508                QF_maxSignal_
 .bss           0x2000050c        0x0 D:\qp\qpc/ports/arm-cm/vanilla/gnu/rel\libqp_cortex-m3_cs.a(qf_pspub.o)
 .bss           0x2000050c        0x0 D:\qp\qpc/ports/arm-cm/vanilla/gnu/rel\libqp_cortex-m3_cs.a(qf_pwr2.o)
 .bss           0x2000050c       0x20 D:\qp\qpc/ports/arm-cm/vanilla/gnu/rel\libqp_cortex-m3_cs.a(qf_tick.o)
                0x2000050c                QF_timeEvtHead_
 .bss           0x2000052c        0x0 D:\qp\qpc/ports/arm-cm/vanilla/gnu/rel\libqp_cortex-m3_cs.a(qmp_get.o)
 .bss           0x2000052c        0x0 D:\qp\qpc/ports/arm-cm/vanilla/gnu/rel\libqp_cortex-m3_cs.a(qmp_init.o)
 .bss           0x2000052c        0x0 D:\qp\qpc/ports/arm-cm/vanilla/gnu/rel\libqp_cortex-m3_cs.a(qte_ctor.o)
 .bss           0x2000052c        0x0 D:\qp\qpc/ports/arm-cm/vanilla/gnu/rel\libqp_cortex-m3_cs.a(qte_arm.o)
 .bss           0x2000052c        0x0 D:\qp\qpc/ports/arm-cm/vanilla/gnu/rel\libqp_cortex-m3_cs.a(qte_darm.o)
 .bss           0x2000052c        0x9 D:\qp\qpc/ports/arm-cm/vanilla/gnu/rel\libqp_cortex-m3_cs.a(qvanilla.o)
                0x2000052c                QF_readySet_
 .bss           0x20000535        0x0 D:\qp\qpc/ports/arm-cm/vanilla/gnu/rel\libqp_cortex-m3_cs.a(qep.o)
 .bss           0x20000535        0x0 D:\qp\qpc/ports/arm-cm/vanilla/gnu/rel\libqp_cortex-m3_cs.a(qa_get_.o)
 .bss           0x20000535        0x0 D:\qp\qpc/ports/arm-cm/vanilla/gnu/rel\libqp_cortex-m3_cs.a(qeq_init.o)
 .bss           0x20000535        0x0 D:\qp\qpc/ports/arm-cm/vanilla/gnu/rel\libqp_cortex-m3_cs.a(qf_gc.o)
 .bss           0x20000535        0x0 D:\qp\qpc/ports/arm-cm/vanilla/gnu/rel\libqp_cortex-m3_cs.a(qmp_put.o)
 .bss           0x20000535        0x0 c:/tools/codesourcery/bin/../lib/gcc/arm-none-eabi/4.7.3/../../../../arm-none-eabi/lib/armv7-m\libc.a(lib_a-asm-memcpy.o)
 .bss           0x20000535        0x0 c:/tools/codesourcery/bin/../lib/gcc/arm-none-eabi/4.7.3/../../../../arm-none-eabi/lib/armv7-m\libc.a(lib_a-init.o)
 .bss           0x20000535        0x0 c:/tools/codesourcery/bin/../lib/gcc/arm-none-eabi/4.7.3/../../../../arm-none-eabi/lib/armv7-m\libc.a(lib_a-memmove.o)
 .bss           0x20000535        0x0 c:/tools/codesourcery/bin/../lib/gcc/arm-none-eabi/4.7.3/../../../../arm-none-eabi/lib/armv7-m\libc.a(lib_a-memset.o)
 *(.bss*)
 *(COMMON)
                0x20000538                . = ALIGN (0x4)
 *fill*         0x20000535        0x3 
                0x20000538                _ebss = .
                0x20000538                __bss_end__ = .
                0x20000538                PROVIDE (end, _ebss)
                0x20000538                PROVIDE (_end, _ebss)
                0x20000538                PROVIDE (__end__, _ebss)

.heap           0x20000538        0x0
                0x20000538                __heap_start__ = .
                0x20000538                . = (. + HEAP_SIZE)
                0x20000538                . = ALIGN (0x4)
                0x20000538                __heap_end__ = .

.stack          0x20000538      0x258 load address 0x0000371c
                0x20000538                __stack_start__ = .
                0x20000790                . = (. + STACK_SIZE)
 *fill*         0x20000538      0x258 
                0x20000790                . = ALIGN (0x4)
                0x20000790                __c_stack_top__ = .
                0x20000790                __stack_end__ = .

/DISCARD/
 libc.a(*)
 libm.a(*)
 libgcc.a(*)
OUTPUT(rel/game.elf elf32-littlearm)

.comment        0x00000000       0x2b
 .comment       0x00000000       0x2b rel/startup_lm3s.o
                                 0x2c (size before relaxing)
 .comment       0x00000000       0x2c rel/tunnel.o
 .comment       0x00000000       0x2c rel/mine1.o
 .comment       0x00000000       0x2c rel/mine2.o
 .comment       0x00000000       0x2c rel/main.o
 .comment       0x00000000       0x2c rel/missile.o
 .comment       0x00000000       0x2c rel/ship.o
 .comment       0x00000000       0x2c rel/display96x16x1.o
 .comment       0x00000000       0x2c rel/system_lm3s.o
 .comment       0x00000000       0x2c rel/bsp.o
 .comment       0x00000000       0x2c D:\qp\qpc/ports/arm-cm/vanilla/gnu/rel\libqp_cortex-m3_cs.a(qhsm_ini.o)
 .comment       0x00000000       0x2c D:\qp\qpc/ports/arm-cm/vanilla/gnu/rel\libqp_cortex-m3_cs.a(qhsm_dis.o)
 .comment       0x00000000       0x2c D:\qp\qpc/ports/arm-cm/vanilla/gnu/rel\libqp_cortex-m3_cs.a(qhsm_top.o)
 .comment       0x00000000       0x2c D:\qp\qpc/ports/arm-cm/vanilla/gnu/rel\libqp_cortex-m3_cs.a(qa_ctor.o)
 .comment       0x00000000       0x2c D:\qp\qpc/ports/arm-cm/vanilla/gnu/rel\libqp_cortex-m3_cs.a(qa_fifo.o)
 .comment       0x00000000       0x2c D:\qp\qpc/ports/arm-cm/vanilla/gnu/rel\libqp_cortex-m3_cs.a(qa_lifo.o)
 .comment       0x00000000       0x2c D:\qp\qpc/ports/arm-cm/vanilla/gnu/rel\libqp_cortex-m3_cs.a(qa_sub.o)
 .comment       0x00000000       0x2c D:\qp\qpc/ports/arm-cm/vanilla/gnu/rel\libqp_cortex-m3_cs.a(qf_act.o)
 .comment       0x00000000       0x2c D:\qp\qpc/ports/arm-cm/vanilla/gnu/rel\libqp_cortex-m3_cs.a(qf_new.o)
 .comment       0x00000000       0x2c D:\qp\qpc/ports/arm-cm/vanilla/gnu/rel\libqp_cortex-m3_cs.a(qf_pool.o)
 .comment       0x00000000       0x2c D:\qp\qpc/ports/arm-cm/vanilla/gnu/rel\libqp_cortex-m3_cs.a(qf_psini.o)
 .comment       0x00000000       0x2c D:\qp\qpc/ports/arm-cm/vanilla/gnu/rel\libqp_cortex-m3_cs.a(qf_pspub.o)
 .comment       0x00000000       0x2c D:\qp\qpc/ports/arm-cm/vanilla/gnu/rel\libqp_cortex-m3_cs.a(qf_pwr2.o)
 .comment       0x00000000       0x2c D:\qp\qpc/ports/arm-cm/vanilla/gnu/rel\libqp_cortex-m3_cs.a(qf_tick.o)
 .comment       0x00000000       0x2c D:\qp\qpc/ports/arm-cm/vanilla/gnu/rel\libqp_cortex-m3_cs.a(qmp_get.o)
 .comment       0x00000000       0x2c D:\qp\qpc/ports/arm-cm/vanilla/gnu/rel\libqp_cortex-m3_cs.a(qmp_init.o)
 .comment       0x00000000       0x2c D:\qp\qpc/ports/arm-cm/vanilla/gnu/rel\libqp_cortex-m3_cs.a(qte_ctor.o)
 .comment       0x00000000       0x2c D:\qp\qpc/ports/arm-cm/vanilla/gnu/rel\libqp_cortex-m3_cs.a(qte_arm.o)
 .comment       0x00000000       0x2c D:\qp\qpc/ports/arm-cm/vanilla/gnu/rel\libqp_cortex-m3_cs.a(qte_darm.o)
 .comment       0x00000000       0x2c D:\qp\qpc/ports/arm-cm/vanilla/gnu/rel\libqp_cortex-m3_cs.a(qvanilla.o)
 .comment       0x00000000       0x2c D:\qp\qpc/ports/arm-cm/vanilla/gnu/rel\libqp_cortex-m3_cs.a(qep.o)
 .comment       0x00000000       0x2c D:\qp\qpc/ports/arm-cm/vanilla/gnu/rel\libqp_cortex-m3_cs.a(qa_get_.o)
 .comment       0x00000000       0x2c D:\qp\qpc/ports/arm-cm/vanilla/gnu/rel\libqp_cortex-m3_cs.a(qeq_init.o)
 .comment       0x00000000       0x2c D:\qp\qpc/ports/arm-cm/vanilla/gnu/rel\libqp_cortex-m3_cs.a(qf_gc.o)
 .comment       0x00000000       0x2c D:\qp\qpc/ports/arm-cm/vanilla/gnu/rel\libqp_cortex-m3_cs.a(qmp_put.o)

.ARM.attributes
                0x00000000       0x31
 .ARM.attributes
                0x00000000       0x33 rel/startup_lm3s.o
 .ARM.attributes
                0x00000033       0x33 rel/tunnel.o
 .ARM.attributes
                0x00000066       0x33 rel/mine1.o
 .ARM.attributes
                0x00000099       0x33 rel/mine2.o
 .ARM.attributes
                0x000000cc       0x33 rel/main.o
 .ARM.attributes
                0x000000ff       0x33 rel/missile.o
 .ARM.attributes
                0x00000132       0x33 rel/ship.o
 .ARM.attributes
                0x00000165       0x33 rel/display96x16x1.o
 .ARM.attributes
                0x00000198       0x33 rel/system_lm3s.o
 .ARM.attributes
                0x000001cb       0x33 rel/bsp.o
 .ARM.attributes
                0x000001fe       0x33 D:\qp\qpc/ports/arm-cm/vanilla/gnu/rel\libqp_cortex-m3_cs.a(qhsm_ini.o)
 .ARM.attributes
                0x00000231       0x33 D:\qp\qpc/ports/arm-cm/vanilla/gnu/rel\libqp_cortex-m3_cs.a(qhsm_dis.o)
 .ARM.attributes
                0x00000264       0x33 D:\qp\qpc/ports/arm-cm/vanilla/gnu/rel\libqp_cortex-m3_cs.a(qhsm_top.o)
 .ARM.attributes
                0x00000297       0x33 D:\qp\qpc/ports/arm-cm/vanilla/gnu/rel\libqp_cortex-m3_cs.a(qa_ctor.o)
 .ARM.attributes
                0x000002ca       0x33 D:\qp\qpc/ports/arm-cm/vanilla/gnu/rel\libqp_cortex-m3_cs.a(qa_fifo.o)
 .ARM.attributes
                0x000002fd       0x33 D:\qp\qpc/ports/arm-cm/vanilla/gnu/rel\libqp_cortex-m3_cs.a(qa_lifo.o)
 .ARM.attributes
                0x00000330       0x33 D:\qp\qpc/ports/arm-cm/vanilla/gnu/rel\libqp_cortex-m3_cs.a(qa_sub.o)
 .ARM.attributes
                0x00000363       0x33 D:\qp\qpc/ports/arm-cm/vanilla/gnu/rel\libqp_cortex-m3_cs.a(qf_act.o)
 .ARM.attributes
                0x00000396       0x33 D:\qp\qpc/ports/arm-cm/vanilla/gnu/rel\libqp_cortex-m3_cs.a(qf_new.o)
 .ARM.attributes
                0x000003c9       0x33 D:\qp\qpc/ports/arm-cm/vanilla/gnu/rel\libqp_cortex-m3_cs.a(qf_pool.o)
 .ARM.attributes
                0x000003fc       0x33 D:\qp\qpc/ports/arm-cm/vanilla/gnu/rel\libqp_cortex-m3_cs.a(qf_psini.o)
 .ARM.attributes
                0x0000042f       0x33 D:\qp\qpc/ports/arm-cm/vanilla/gnu/rel\libqp_cortex-m3_cs.a(qf_pspub.o)
 .ARM.attributes
                0x00000462       0x33 D:\qp\qpc/ports/arm-cm/vanilla/gnu/rel\libqp_cortex-m3_cs.a(qf_pwr2.o)
 .ARM.attributes
                0x00000495       0x33 D:\qp\qpc/ports/arm-cm/vanilla/gnu/rel\libqp_cortex-m3_cs.a(qf_tick.o)
 .ARM.attributes
                0x000004c8       0x33 D:\qp\qpc/ports/arm-cm/vanilla/gnu/rel\libqp_cortex-m3_cs.a(qmp_get.o)
 .ARM.attributes
                0x000004fb       0x33 D:\qp\qpc/ports/arm-cm/vanilla/gnu/rel\libqp_cortex-m3_cs.a(qmp_init.o)
 .ARM.attributes
                0x0000052e       0x33 D:\qp\qpc/ports/arm-cm/vanilla/gnu/rel\libqp_cortex-m3_cs.a(qte_ctor.o)
 .ARM.attributes
                0x00000561       0x33 D:\qp\qpc/ports/arm-cm/vanilla/gnu/rel\libqp_cortex-m3_cs.a(qte_arm.o)
 .ARM.attributes
                0x00000594       0x33 D:\qp\qpc/ports/arm-cm/vanilla/gnu/rel\libqp_cortex-m3_cs.a(qte_darm.o)
 .ARM.attributes
                0x000005c7       0x33 D:\qp\qpc/ports/arm-cm/vanilla/gnu/rel\libqp_cortex-m3_cs.a(qvanilla.o)
 .ARM.attributes
                0x000005fa       0x33 D:\qp\qpc/ports/arm-cm/vanilla/gnu/rel\libqp_cortex-m3_cs.a(qep.o)
 .ARM.attributes
                0x0000062d       0x33 D:\qp\qpc/ports/arm-cm/vanilla/gnu/rel\libqp_cortex-m3_cs.a(qa_get_.o)
 .ARM.attributes
                0x00000660       0x33 D:\qp\qpc/ports/arm-cm/vanilla/gnu/rel\libqp_cortex-m3_cs.a(qeq_init.o)
 .ARM.attributes
                0x00000693       0x33 D:\qp\qpc/ports/arm-cm/vanilla/gnu/rel\libqp_cortex-m3_cs.a(qf_gc.o)
 .ARM.attributes
                0x000006c6       0x33 D:\qp\qpc/ports/arm-cm/vanilla/gnu/rel\libqp_cortex-m3_cs.a(qmp_put.o)
