ARM Linker, 5.03 [Build 69] [MDK-ARM Lite]

==============================================================================

Section Cross References

    bsp.o(i.BSP_displayPaused) refers to display96x16x1.o(i.Display96x16x1StringDraw) for Display96x16x1StringDraw
    bsp.o(i.BSP_displayPhilStat) refers to display96x16x1.o(i.Display96x16x1StringDraw) for Display96x16x1StringDraw
    bsp.o(i.BSP_init) refers to system_lm3s.o(i.SystemInit) for SystemInit
    bsp.o(i.BSP_init) refers to display96x16x1.o(i.Display96x16x1Init) for Display96x16x1Init
    bsp.o(i.BSP_init) refers to display96x16x1.o(i.Display96x16x1StringDraw) for Display96x16x1StringDraw
    bsp.o(i.BSP_init) refers to bsp.o(i.BSP_randomSeed) for BSP_randomSeed
    bsp.o(i.BSP_random) refers to bsp.o(.data) for l_rnd
    bsp.o(i.BSP_randomSeed) refers to bsp.o(.data) for l_rnd
    bsp.o(i.GPIOPortA_IRQHandler) refers to qf_new.o(i.QF_newX_) for QF_newX_
    bsp.o(i.GPIOPortA_IRQHandler) refers to table.o(.constdata) for AO_Table
    bsp.o(i.QF_onStartup) refers to bsp.o(i.NVIC_SetPriority) for NVIC_SetPriority
    bsp.o(i.QF_onStartup) refers to system_lm3s.o(.data) for SystemFrequency
    bsp.o(i.SysTick_Handler) refers to qf_tick.o(i.QF_tickX) for QF_tickX
    bsp.o(i.SysTick_Handler) refers to qf_pspub.o(i.QF_publish) for QF_publish
    bsp.o(i.SysTick_Handler) refers to bsp.o(.data) for debounce_state
    bsp.o(i.SysTick_Handler) refers to bsp.o(.constdata) for pauseEvt
    bsp.o(i.assert_failed) refers to bsp.o(i.Q_onAssert) for Q_onAssert
    display96x16x1.o(i.Display96x16x1Clear) refers to display96x16x1.o(i.Display96x16x1WriteFirst) for Display96x16x1WriteFirst
    display96x16x1.o(i.Display96x16x1Clear) refers to display96x16x1.o(i.Display96x16x1WriteArray) for Display96x16x1WriteArray
    display96x16x1.o(i.Display96x16x1Clear) refers to display96x16x1.o(i.Display96x16x1WriteByte) for Display96x16x1WriteByte
    display96x16x1.o(i.Display96x16x1Clear) refers to display96x16x1.o(i.Display96x16x1WriteFinal) for Display96x16x1WriteFinal
    display96x16x1.o(i.Display96x16x1Clear) refers to display96x16x1.o(.data) for g_ucDisplayIsRIT
    display96x16x1.o(i.Display96x16x1Clear) refers to display96x16x1.o(.constdata) for g_pucRITRow1
    display96x16x1.o(i.Display96x16x1DisplayOff) refers to display96x16x1.o(i.Display96x16x1WriteFirst) for Display96x16x1WriteFirst
    display96x16x1.o(i.Display96x16x1DisplayOff) refers to display96x16x1.o(i.Display96x16x1WriteByte) for Display96x16x1WriteByte
    display96x16x1.o(i.Display96x16x1DisplayOff) refers to display96x16x1.o(i.Display96x16x1WriteFinal) for Display96x16x1WriteFinal
    display96x16x1.o(i.Display96x16x1DisplayOn) refers to display96x16x1.o(i.Display96x16x1WriteFirst) for Display96x16x1WriteFirst
    display96x16x1.o(i.Display96x16x1DisplayOn) refers to display96x16x1.o(i.Display96x16x1WriteArray) for Display96x16x1WriteArray
    display96x16x1.o(i.Display96x16x1DisplayOn) refers to display96x16x1.o(i.Display96x16x1WriteFinal) for Display96x16x1WriteFinal
    display96x16x1.o(i.Display96x16x1DisplayOn) refers to display96x16x1.o(.data) for g_ucDisplayIsRIT
    display96x16x1.o(i.Display96x16x1DisplayOn) refers to display96x16x1.o(.constdata) for g_pucRITInit
    display96x16x1.o(i.Display96x16x1ImageDraw) refers to display96x16x1.o(i.Display96x16x1WriteFirst) for Display96x16x1WriteFirst
    display96x16x1.o(i.Display96x16x1ImageDraw) refers to display96x16x1.o(i.Display96x16x1WriteByte) for Display96x16x1WriteByte
    display96x16x1.o(i.Display96x16x1ImageDraw) refers to display96x16x1.o(i.Display96x16x1WriteArray) for Display96x16x1WriteArray
    display96x16x1.o(i.Display96x16x1ImageDraw) refers to display96x16x1.o(i.Display96x16x1WriteFinal) for Display96x16x1WriteFinal
    display96x16x1.o(i.Display96x16x1ImageDraw) refers to display96x16x1.o(.data) for g_ucColumnAdjust
    display96x16x1.o(i.Display96x16x1Init) refers to display96x16x1.o(.emb_text) for __asm___16_display96x16x1_c_864a8f54__SysCtlDelay
    display96x16x1.o(i.Display96x16x1Init) refers to display96x16x1.o(i.Display96x16x1WriteFirst) for Display96x16x1WriteFirst
    display96x16x1.o(i.Display96x16x1Init) refers to display96x16x1.o(i.Display96x16x1WriteArray) for Display96x16x1WriteArray
    display96x16x1.o(i.Display96x16x1Init) refers to display96x16x1.o(i.Display96x16x1WriteFinal) for Display96x16x1WriteFinal
    display96x16x1.o(i.Display96x16x1Init) refers to display96x16x1.o(i.Display96x16x1Clear) for Display96x16x1Clear
    display96x16x1.o(i.Display96x16x1Init) refers to display96x16x1.o(.data) for g_ucDisplayIsRIT
    display96x16x1.o(i.Display96x16x1Init) refers to system_lm3s.o(.data) for SystemFrequency
    display96x16x1.o(i.Display96x16x1Init) refers to display96x16x1.o(.constdata) for g_pucRITInit
    display96x16x1.o(i.Display96x16x1StringDraw) refers to display96x16x1.o(i.Display96x16x1WriteFirst) for Display96x16x1WriteFirst
[...]
    display96x16x1.o(i.Display96x16x1WriteFinal) refers to display96x16x1.o(.data) for g_ulDelay
    main.o(i.main) refers to philo.o(i.Philo_ctor) for Philo_ctor
    main.o(i.main) refers to table.o(i.Table_ctor) for Table_ctor
    main.o(i.main) refers to qvanilla.o(i.QF_init) for QF_init
    main.o(i.main) refers to bsp.o(i.BSP_init) for BSP_init
    main.o(i.main) refers to qf_psini.o(i.QF_psInit) for QF_psInit
    main.o(i.main) refers to qf_pool.o(i.QF_poolInit) for QF_poolInit
    main.o(i.main) refers to qvanilla.o(i.QActive_start) for QActive_start
    main.o(i.main) refers to qvanilla.o(i.QF_run) for QF_run
    main.o(i.main) refers to main.o(.bss) for l_subscrSto
    main.o(i.main) refers to philo.o(.constdata) for AO_Philo
    main.o(i.main) refers to table.o(.constdata) for AO_Table
    philo.o(i.Philo_ctor) refers to qa_ctor.o(i.QActive_ctor) for QActive_ctor
    philo.o(i.Philo_ctor) refers to qte_ctor.o(i.QTimeEvt_ctorX) for QTimeEvt_ctorX
    philo.o(i.Philo_ctor) refers to philo.o(.bss) for l_philo
    philo.o(i.Philo_ctor) refers to philo.o(i.Philo_initial) for Philo_initial
    philo.o(i.Philo_eating) refers to bsp.o(i.BSP_random) for BSP_random
    philo.o(i.Philo_eating) refers to qte_arm.o(i.QTimeEvt_armX) for QTimeEvt_armX
    philo.o(i.Philo_eating) refers to qf_new.o(i.QF_newX_) for QF_newX_
    philo.o(i.Philo_eating) refers to qf_pspub.o(i.QF_publish) for QF_publish
    philo.o(i.Philo_eating) refers to bsp.o(i.Q_onAssert) for Q_onAssert
    philo.o(i.Philo_eating) refers to philo.o(.bss) for l_philo
    philo.o(i.Philo_eating) refers to philo.o(i.Philo_thinking) for Philo_thinking
    philo.o(i.Philo_eating) refers to philo.o(.constdata) for Q_this_module_
    philo.o(i.Philo_eating) refers to qhsm_top.o(i.QHsm_top) for QHsm_top
    philo.o(i.Philo_hungry) refers to qf_new.o(i.QF_newX_) for QF_newX_
    philo.o(i.Philo_hungry) refers to bsp.o(i.Q_onAssert) for Q_onAssert
    philo.o(i.Philo_hungry) refers to philo.o(.bss) for l_philo
    philo.o(i.Philo_hungry) refers to table.o(.constdata) for AO_Table
    philo.o(i.Philo_hungry) refers to philo.o(i.Philo_eating) for Philo_eating
    philo.o(i.Philo_hungry) refers to philo.o(.constdata) for Q_this_module_
    philo.o(i.Philo_hungry) refers to qhsm_top.o(i.QHsm_top) for QHsm_top
    philo.o(i.Philo_initial) refers to qa_sub.o(i.QActive_subscribe) for QActive_subscribe
    philo.o(i.Philo_initial) refers to philo.o(.data) for registered
    philo.o(i.Philo_initial) refers to philo.o(i.Philo_thinking) for Philo_thinking
    philo.o(i.Philo_thinking) refers to bsp.o(i.BSP_random) for BSP_random
    philo.o(i.Philo_thinking) refers to qte_arm.o(i.QTimeEvt_armX) for QTimeEvt_armX
    philo.o(i.Philo_thinking) refers to bsp.o(i.Q_onAssert) for Q_onAssert
    philo.o(i.Philo_thinking) refers to philo.o(i.Philo_hungry) for Philo_hungry
    philo.o(i.Philo_thinking) refers to philo.o(.bss) for l_philo
    philo.o(i.Philo_thinking) refers to philo.o(.constdata) for Q_this_module_
    philo.o(i.Philo_thinking) refers to qhsm_top.o(i.QHsm_top) for QHsm_top
    philo.o(.constdata) refers to philo.o(.bss) for l_philo
    table.o(i.Table_active) refers to bsp.o(i.BSP_terminate) for BSP_terminate
    table.o(i.Table_active) refers to bsp.o(i.Q_onAssert) for Q_onAssert
    table.o(i.Table_active) refers to table.o(.constdata) for Q_this_module_
    table.o(i.Table_active) refers to qhsm_top.o(i.QHsm_top) for QHsm_top
    table.o(i.Table_ctor) refers to qa_ctor.o(i.QActive_ctor) for QActive_ctor
    table.o(i.Table_ctor) refers to table.o(.bss) for l_table
    table.o(i.Table_ctor) refers to table.o(i.Table_initial) for Table_initial
    table.o(i.Table_initial) refers to qa_sub.o(i.QActive_subscribe) for QActive_subscribe
    table.o(i.Table_initial) refers to bsp.o(i.BSP_displayPhilStat) for BSP_displayPhilStat
    table.o(i.Table_initial) refers to table.o(i.Table_serving) for Table_serving
    table.o(i.Table_paused) refers to bsp.o(i.BSP_displayPaused) for BSP_displayPaused
    table.o(i.Table_paused) refers to bsp.o(i.Q_onAssert) for Q_onAssert
    table.o(i.Table_paused) refers to bsp.o(i.BSP_displayPhilStat) for BSP_displayPhilStat
    table.o(i.Table_paused) refers to table.o(i.Table_serving) for Table_serving
    table.o(i.Table_paused) refers to table.o(.constdata) for Q_this_module_
    table.o(i.Table_paused) refers to table.o(i.Table_active) for Table_active
    table.o(i.Table_serving) refers to qf_new.o(i.QF_newX_) for QF_newX_
    table.o(i.Table_serving) refers to qf_pspub.o(i.QF_publish) for QF_publish
    table.o(i.Table_serving) refers to bsp.o(i.BSP_displayPhilStat) for BSP_displayPhilStat
    table.o(i.Table_serving) refers to bsp.o(i.Q_onAssert) for Q_onAssert
    table.o(i.Table_serving) refers to table.o(.constdata) for Q_this_module_
    table.o(i.Table_serving) refers to table.o(i.Table_paused) for Table_paused
    table.o(i.Table_serving) refers to table.o(i.Table_active) for Table_active
    table.o(.constdata) refers to table.o(.bss) for l_table
    system_lm3s.o(i.SystemInit) refers to system_lm3s.o(.constdata) for l_pulXtals
    system_lm3s.o(i.SystemInit) refers to system_lm3s.o(.data) for SystemFrequency
    startup_lm3s.o(STACK) refers (Special) to heapauxi.o(.text) for __use_two_region_memory
    startup_lm3s.o(HEAP) refers (Special) to heapauxi.o(.text) for __use_two_region_memory
    startup_lm3s.o(RESET) refers (Special) to heapauxi.o(.text) for __use_two_region_memory
    startup_lm3s.o(RESET) refers to startup_lm3s.o(STACK) for StackMem
    startup_lm3s.o(RESET) refers to bsp.o(i.SysTick_Handler) for SysTick_Handler
    startup_lm3s.o(RESET) refers to bsp.o(i.GPIOPortA_IRQHandler) for GPIOPortA_IRQHandler
    startup_lm3s.o(RESET) refers to __main.o(!!!main) for __main
    startup_lm3s.o(RESET) refers to bsp.o(i.assert_failed) for assert_failed
    startup_lm3s.o(.text) refers (Special) to heapauxi.o(.text) for __use_two_region_memory
    startup_lm3s.o(.text) refers to startup_lm3s.o(HEAP) for HeapMem
    startup_lm3s.o(.text) refers to startup_lm3s.o(STACK) for StackMem
    qa_ctor.o(i.QActive_ctor) refers to qhsm_ini.o(i.QHsm_ctor) for QHsm_ctor
    qa_ctor.o(i.QActive_ctor) refers to qa_ctor.o(.constdata) for vtbl
    qa_ctor.o(.constdata) refers to qhsm_ini.o(i.QHsm_init) for QHsm_init
    qa_ctor.o(.constdata) refers to qhsm_dis.o(i.QHsm_dispatch) for QHsm_dispatch
    qa_ctor.o(.constdata) refers to qvanilla.o(i.QActive_start) for QActive_start
    qa_ctor.o(.constdata) refers to qa_fifo.o(i.QActive_post) for QActive_post
    qa_ctor.o(.constdata) refers to qa_lifo.o(i.QActive_postLIFO) for QActive_postLIFO
    qa_sub.o(i.QActive_subscribe) refers to bsp.o(i.Q_onAssert) for Q_onAssert
    qa_sub.o(i.QActive_subscribe) refers to qf_pwr2.o(.constdata) for QF_div8Lkup
    qa_sub.o(i.QActive_subscribe) refers to qf_psini.o(.data) for QF_maxSignal_
    qa_sub.o(i.QActive_subscribe) refers to qf_act.o(.bss) for QF_active_
    qa_sub.o(i.QActive_subscribe) refers to qa_sub.o(.constdata) for Q_this_module_
    qf_new.o(i.QF_newX_) refers to bsp.o(i.Q_onAssert) for Q_onAssert
    qf_new.o(i.QF_newX_) refers to qmp_get.o(i.QMPool_get) for QMPool_get
    qf_new.o(i.QF_newX_) refers to qf_pool.o(.bss) for QF_pool_
    qf_new.o(i.QF_newX_) refers to qf_pool.o(.data) for QF_maxPool_
    qf_new.o(i.QF_newX_) refers to qf_new.o(.constdata) for Q_this_module_
    qf_pool.o(i.QF_poolInit) refers to bsp.o(i.Q_onAssert) for Q_onAssert
    qf_pool.o(i.QF_poolInit) refers to qmp_init.o(i.QMPool_init) for QMPool_init
    qf_pool.o(i.QF_poolInit) refers to qf_pool.o(.data) for QF_maxPool_
    qf_pool.o(i.QF_poolInit) refers to qf_pool.o(.constdata) for Q_this_module_
    qf_pool.o(i.QF_poolInit) refers to qf_pool.o(.bss) for QF_pool_
    qf_psini.o(i.QF_psInit) refers to qf_psini.o(.data) for QF_subscrList_
    qf_pspub.o(i.QF_publish) refers to bsp.o(i.Q_onAssert) for Q_onAssert
    qf_pspub.o(i.QF_publish) refers to qf_gc.o(i.QF_gc) for QF_gc
    qf_pspub.o(i.QF_publish) refers to qf_psini.o(.data) for QF_maxSignal_
    qf_pspub.o(i.QF_publish) refers to qf_pspub.o(.constdata) for Q_this_module_
    qf_pspub.o(i.QF_publish) refers to qf_pwr2.o(.constdata) for QF_invPwr2Lkup
    qf_pspub.o(i.QF_publish) refers to qf_act.o(.bss) for QF_active_
    qf_tick.o(i.QF_noTimeEvtsActiveX) refers to bsp.o(i.Q_onAssert) for Q_onAssert
    qf_tick.o(i.QF_noTimeEvtsActiveX) refers to qf_tick.o(.constdata) for Q_this_module_
    qf_tick.o(i.QF_noTimeEvtsActiveX) refers to qf_tick.o(.bss) for QF_timeEvtHead_
    qf_tick.o(i.QF_tickX) refers to bsp.o(i.Q_onAssert) for Q_onAssert
    qf_tick.o(i.QF_tickX) refers to qf_tick.o(.bss) for QF_timeEvtHead_
    qf_tick.o(i.QF_tickX) refers to qf_tick.o(.constdata) for Q_this_module_
    qte_ctor.o(i.QTimeEvt_ctorX) refers to bsp.o(i.Q_onAssert) for Q_onAssert
    qte_ctor.o(i.QTimeEvt_ctorX) refers to qte_ctor.o(.constdata) for Q_this_module_
    qte_arm.o(i.QTimeEvt_armX) refers to bsp.o(i.Q_onAssert) for Q_onAssert
    qte_arm.o(i.QTimeEvt_armX) refers to qte_arm.o(.constdata) for Q_this_module_
    qte_arm.o(i.QTimeEvt_armX) refers to qf_tick.o(.bss) for QF_timeEvtHead_
    qvanilla.o(i.QActive_start) refers to bsp.o(i.Q_onAssert) for Q_onAssert
    qvanilla.o(i.QActive_start) refers to qeq_init.o(i.QEQueue_init) for QEQueue_init
    qvanilla.o(i.QActive_start) refers to qf_act.o(i.QF_add_) for QF_add_
    qvanilla.o(i.QActive_start) refers to qvanilla.o(.constdata) for Q_this_module_
    qvanilla.o(i.QActive_stop) refers to qf_act.o(i.QF_remove_) for QF_remove_
    qvanilla.o(i.QF_run) refers to bsp.o(i.QF_onStartup) for QF_onStartup
    qvanilla.o(i.QF_run) refers to qa_get_.o(i.QActive_get_) for QActive_get_
    qvanilla.o(i.QF_run) refers to qf_gc.o(i.QF_gc) for QF_gc
    qvanilla.o(i.QF_run) refers to bsp.o(i.QF_onIdle) for QF_onIdle
    qvanilla.o(i.QF_run) refers to qvanilla.o(.bss) for QF_readySet_
    qvanilla.o(i.QF_run) refers to qf_act.o(.bss) for QF_active_
    qvanilla.o(i.QF_stop) refers to bsp.o(i.QF_onCleanup) for QF_onCleanup
    qhsm_ini.o(i.QHsm_ctor) refers to qhsm_ini.o(.constdata) for vtbl
    qhsm_ini.o(i.QHsm_ctor) refers to qhsm_top.o(i.QHsm_top) for QHsm_top
    qhsm_ini.o(i.QHsm_init) refers to bsp.o(i.Q_onAssert) for Q_onAssert
    qhsm_ini.o(i.QHsm_init) refers to qhsm_top.o(i.QHsm_top) for QHsm_top
    qhsm_ini.o(i.QHsm_init) refers to qhsm_ini.o(.constdata) for Q_this_module_
    qhsm_ini.o(i.QHsm_init) refers to qep.o(.constdata) for QEP_reservedEvt_
    qhsm_ini.o(.constdata) refers to qhsm_ini.o(i.QHsm_init) for QHsm_init
    qhsm_ini.o(.constdata) refers to qhsm_dis.o(i.QHsm_dispatch) for QHsm_dispatch
    qhsm_dis.o(i.QHsm_dispatch) refers to bsp.o(i.Q_onAssert) for Q_onAssert
    qhsm_dis.o(i.QHsm_dispatch) refers to qhsm_dis.o(.constdata) for Q_this_module_
    qhsm_dis.o(i.QHsm_dispatch) refers to qep.o(.constdata) for QEP_reservedEvt_
    qa_fifo.o(i.QActive_post) refers to bsp.o(i.Q_onAssert) for Q_onAssert
    qa_fifo.o(i.QActive_post) refers to qa_fifo.o(.constdata) for Q_this_module_
    qa_fifo.o(i.QActive_post) refers to qf_pwr2.o(.constdata) for QF_div8Lkup
    qa_fifo.o(i.QActive_post) refers to qvanilla.o(.bss) for QF_readySet_
    qa_lifo.o(i.QActive_postLIFO) refers to bsp.o(i.Q_onAssert) for Q_onAssert
    qa_lifo.o(i.QActive_postLIFO) refers to qa_lifo.o(.constdata) for Q_this_module_
    qa_lifo.o(i.QActive_postLIFO) refers to qf_pwr2.o(.constdata) for QF_div8Lkup
    qa_lifo.o(i.QActive_postLIFO) refers to qvanilla.o(.bss) for QF_readySet_
    qa_get_.o(i.QActive_get_) refers to bsp.o(i.Q_onAssert) for Q_onAssert
    qa_get_.o(i.QActive_get_) refers to qa_get_.o(.constdata) for Q_this_module_
    qa_get_.o(i.QActive_get_) refers to qf_pwr2.o(.constdata) for QF_div8Lkup
    qa_get_.o(i.QActive_get_) refers to qvanilla.o(.bss) for QF_readySet_
    qa_get_.o(i.QF_getQueueMin) refers to bsp.o(i.Q_onAssert) for Q_onAssert
    qa_get_.o(i.QF_getQueueMin) refers to qf_act.o(.bss) for QF_active_
    qa_get_.o(i.QF_getQueueMin) refers to qa_get_.o(.constdata) for Q_this_module_
    qf_act.o(i.QF_add_) refers to bsp.o(i.Q_onAssert) for Q_onAssert
    qf_act.o(i.QF_add_) refers to qf_act.o(.bss) for QF_active_
    qf_act.o(i.QF_add_) refers to qf_act.o(.constdata) for Q_this_module_
    qf_act.o(i.QF_remove_) refers to bsp.o(i.Q_onAssert) for Q_onAssert
    qf_act.o(i.QF_remove_) refers to qf_act.o(.bss) for QF_active_
    qf_act.o(i.QF_remove_) refers to qf_act.o(.constdata) for Q_this_module_
    qf_gc.o(i.QF_gc) refers to bsp.o(i.Q_onAssert) for Q_onAssert
    qf_gc.o(i.QF_gc) refers to qmp_put.o(i.QMPool_put) for QMPool_put
    qf_gc.o(i.QF_gc) refers to qf_pool.o(.data) for QF_maxPool_
    qf_gc.o(i.QF_gc) refers to qf_gc.o(.constdata) for Q_this_module_
    qf_gc.o(i.QF_gc) refers to qf_pool.o(.bss) for QF_pool_
    qmp_get.o(i.QF_getPoolMin) refers to bsp.o(i.Q_onAssert) for Q_onAssert
    qmp_get.o(i.QF_getPoolMin) refers to qf_pool.o(.data) for QF_maxPool_
    qmp_get.o(i.QF_getPoolMin) refers to qmp_get.o(.constdata) for Q_this_module_
    qmp_get.o(i.QF_getPoolMin) refers to qf_pool.o(.bss) for QF_pool_
    qmp_get.o(i.QMPool_get) refers to bsp.o(i.Q_onAssert) for Q_onAssert
    qmp_get.o(i.QMPool_get) refers to qmp_get.o(.constdata) for Q_this_module_
    qmp_init.o(i.QMPool_init) refers to bsp.o(i.Q_onAssert) for Q_onAssert
    qmp_init.o(i.QMPool_init) refers to qmp_init.o(.constdata) for Q_this_module_
    qmp_put.o(i.QMPool_put) refers to bsp.o(i.Q_onAssert) for Q_onAssert
    qmp_put.o(i.QMPool_put) refers to qmp_put.o(.constdata) for Q_this_module_
    __main.o(!!!main) refers to rtentry.o(.ARM.Collect$$rtentry$$00000000) for __rt_entry
    rtentry.o(.ARM.Collect$$rtentry$$00000000) refers (Special) to rtentry2.o(.ARM.Collect$$rtentry$$0000000A) for __rt_entry_li
    rtentry.o(.ARM.Collect$$rtentry$$00000000) refers (Special) to rtentry2.o(.ARM.Collect$$rtentry$$0000000D) for __rt_entry_main
    rtentry.o(.ARM.Collect$$rtentry$$00000000) refers (Special) to rtentry2.o(.ARM.Collect$$rtentry$$0000000C) for __rt_entry_postli_1
    rtentry.o(.ARM.Collect$$rtentry$$00000000) refers (Special) to rtentry2.o(.ARM.Collect$$rtentry$$00000009) for __rt_entry_postsh_1
    rtentry.o(.ARM.Collect$$rtentry$$00000000) refers (Special) to rtentry2.o(.ARM.Collect$$rtentry$$00000002) for __rt_entry_presh_1
    rtentry.o(.ARM.Collect$$rtentry$$00000000) refers (Special) to rtentry4.o(.ARM.Collect$$rtentry$$00000004) for __rt_entry_sh
    rtentry2.o(.ARM.Collect$$rtentry$$00000008) refers to boardinit2.o(.text) for _platform_post_stackheap_init
    rtentry2.o(.ARM.Collect$$rtentry$$0000000A) refers to libinit.o(.ARM.Collect$$libinit$$00000000) for __rt_lib_init
    rtentry2.o(.ARM.Collect$$rtentry$$0000000B) refers to boardinit3.o(.text) for _platform_post_lib_init
    rtentry2.o(.ARM.Collect$$rtentry$$0000000D) refers to main.o(i.main) for main
    rtentry2.o(.ARM.Collect$$rtentry$$0000000D) refers to exit.o(.text) for exit
    rtentry2.o(.ARM.exidx) refers to rtentry2.o(.ARM.Collect$$rtentry$$00000001) for .ARM.Collect$$rtentry$$00000001
    rtentry2.o(.ARM.exidx) refers to rtentry2.o(.ARM.Collect$$rtentry$$00000008) for .ARM.Collect$$rtentry$$00000008
    rtentry2.o(.ARM.exidx) refers to rtentry2.o(.ARM.Collect$$rtentry$$0000000A) for .ARM.Collect$$rtentry$$0000000A
    rtentry2.o(.ARM.exidx) refers to rtentry2.o(.ARM.Collect$$rtentry$$0000000B) for .ARM.Collect$$rtentry$$0000000B
    rtentry2.o(.ARM.exidx) refers to rtentry2.o(.ARM.Collect$$rtentry$$0000000D) for .ARM.Collect$$rtentry$$0000000D
    rtentry4.o(.ARM.Collect$$rtentry$$00000004) refers to sys_stackheap_outer.o(.text) for __user_setup_stackheap
    rtentry4.o(.ARM.exidx) refers to rtentry4.o(.ARM.Collect$$rtentry$$00000004) for .ARM.Collect$$rtentry$$00000004
    sys_stackheap_outer.o(.text) refers to libspace.o(.text) for __user_perproc_libspace
    sys_stackheap_outer.o(.text) refers to startup_lm3s.o(.text) for __user_initial_stackheap
    exit.o(.text) refers to rtexit.o(.ARM.Collect$$rtexit$$00000000) for __rt_exit
    libinit.o(.ARM.Collect$$libinit$$00000000) refers (Special) to libinit2.o(.ARM.Collect$$libinit$$0000002C) for __rt_lib_init_alloca_1
    libinit.o(.ARM.Collect$$libinit$$00000000) refers (Special) to libinit2.o(.ARM.Collect$$libinit$$0000002A) for __rt_lib_init_argv_1
    libinit.o(.ARM.Collect$$libinit$$00000000) refers (Special) to libinit2.o(.ARM.Collect$$libinit$$00000019) for __rt_lib_init_atexit_1
    libinit.o(.ARM.Collect$$libinit$$00000000) refers (Special) to libinit2.o(.ARM.Collect$$libinit$$0000001F) for __rt_lib_init_clock_1
    libinit.o(.ARM.Collect$$libinit$$00000000) refers (Special) to libinit2.o(.ARM.Collect$$libinit$$00000030) for __rt_lib_init_cpp_1
    libinit.o(.ARM.Collect$$libinit$$00000000) refers (Special) to libinit2.o(.ARM.Collect$$libinit$$0000002E) for __rt_lib_init_exceptions_1
    libinit.o(.ARM.Collect$$libinit$$00000000) refers (Special) to libinit2.o(.ARM.Collect$$libinit$$00000002) for __rt_lib_init_fp_1
    libinit.o(.ARM.Collect$$libinit$$00000000) refers (Special) to libinit2.o(.ARM.Collect$$libinit$$0000001D) for __rt_lib_init_fp_trap_1
    libinit.o(.ARM.Collect$$libinit$$00000000) refers (Special) to libinit2.o(.ARM.Collect$$libinit$$00000021) for __rt_lib_init_getenv_1
    libinit.o(.ARM.Collect$$libinit$$00000000) refers (Special) to libinit2.o(.ARM.Collect$$libinit$$00000008) for __rt_lib_init_heap_1
    libinit.o(.ARM.Collect$$libinit$$00000000) refers (Special) to libinit2.o(.ARM.Collect$$libinit$$0000000F) for __rt_lib_init_lc_collate_1
    libinit.o(.ARM.Collect$$libinit$$00000000) refers (Special) to libinit2.o(.ARM.Collect$$libinit$$00000011) for __rt_lib_init_lc_ctype_1
    libinit.o(.ARM.Collect$$libinit$$00000000) refers (Special) to libinit2.o(.ARM.Collect$$libinit$$00000013) for __rt_lib_init_lc_monetary_1
    libinit.o(.ARM.Collect$$libinit$$00000000) refers (Special) to libinit2.o(.ARM.Collect$$libinit$$00000015) for __rt_lib_init_lc_numeric_1
    libinit.o(.ARM.Collect$$libinit$$00000000) refers (Special) to libinit2.o(.ARM.Collect$$libinit$$00000017) for __rt_lib_init_lc_time_1
    libinit.o(.ARM.Collect$$libinit$$00000000) refers (Special) to libinit2.o(.ARM.Collect$$libinit$$0000000C) for __rt_lib_init_rand_1
    libinit.o(.ARM.Collect$$libinit$$00000000) refers (Special) to libinit2.o(.ARM.Collect$$libinit$$00000031) for __rt_lib_init_return
    libinit.o(.ARM.Collect$$libinit$$00000000) refers (Special) to libinit2.o(.ARM.Collect$$libinit$$0000001B) for __rt_lib_init_signal_1
    libinit.o(.ARM.Collect$$libinit$$00000000) refers (Special) to libinit2.o(.ARM.Collect$$libinit$$00000023) for __rt_lib_init_stdio_1
    libinit.o(.ARM.Collect$$libinit$$00000000) refers (Special) to libinit2.o(.ARM.Collect$$libinit$$0000000A) for __rt_lib_init_user_alloc_1
    libspace.o(.text) refers to libspace.o(.bss) for __libspace_start
    rtexit.o(.ARM.Collect$$rtexit$$00000000) refers (Special) to rtexit2.o(.ARM.Collect$$rtexit$$00000004) for __rt_exit_exit
    rtexit.o(.ARM.Collect$$rtexit$$00000000) refers (Special) to rtexit2.o(.ARM.Collect$$rtexit$$00000003) for __rt_exit_ls
    rtexit.o(.ARM.Collect$$rtexit$$00000000) refers (Special) to rtexit2.o(.ARM.Collect$$rtexit$$00000002) for __rt_exit_prels_1
    rtexit.o(.ARM.exidx) refers (Special) to rtexit2.o(.ARM.Collect$$rtexit$$00000004) for __rt_exit_exit
    rtexit.o(.ARM.exidx) refers (Special) to rtexit2.o(.ARM.Collect$$rtexit$$00000003) for __rt_exit_ls
    rtexit.o(.ARM.exidx) refers (Special) to rtexit2.o(.ARM.Collect$$rtexit$$00000002) for __rt_exit_prels_1
    rtexit.o(.ARM.exidx) refers to rtexit.o(.ARM.Collect$$rtexit$$00000000) for .ARM.Collect$$rtexit$$00000000
    libinit2.o(.ARM.Collect$$libinit$$0000000E) refers to libinit2.o(.ARM.Collect$$libinit$$0000000D) for .ARM.Collect$$libinit$$0000000D
    libinit2.o(.ARM.Collect$$libinit$$00000010) refers to libinit2.o(.ARM.Collect$$libinit$$0000000D) for .ARM.Collect$$libinit$$0000000D
    libinit2.o(.ARM.Collect$$libinit$$00000012) refers to libinit2.o(.ARM.Collect$$libinit$$0000000D) for .ARM.Collect$$libinit$$0000000D
    libinit2.o(.ARM.Collect$$libinit$$00000014) refers to libinit2.o(.ARM.Collect$$libinit$$0000000D) for .ARM.Collect$$libinit$$0000000D
    libinit2.o(.ARM.Collect$$libinit$$00000016) refers to libinit2.o(.ARM.Collect$$libinit$$0000000D) for .ARM.Collect$$libinit$$0000000D
    libinit2.o(.ARM.Collect$$libinit$$00000024) refers to argv_veneer.o(.emb_text) for __ARM_argv_veneer
    libinit2.o(.ARM.Collect$$libinit$$00000025) refers to argv_veneer.o(.emb_text) for __ARM_argv_veneer
    rtexit2.o(.ARM.Collect$$rtexit$$00000003) refers to libshutdown.o(.ARM.Collect$$libshutdown$$00000000) for __rt_lib_shutdown
    rtexit2.o(.ARM.Collect$$rtexit$$00000004) refers to sys_exit.o(.text) for _sys_exit
    rtexit2.o(.ARM.exidx) refers to rtexit2.o(.ARM.Collect$$rtexit$$00000001) for .ARM.Collect$$rtexit$$00000001
    rtexit2.o(.ARM.exidx) refers to rtexit2.o(.ARM.Collect$$rtexit$$00000003) for .ARM.Collect$$rtexit$$00000003
    rtexit2.o(.ARM.exidx) refers to rtexit2.o(.ARM.Collect$$rtexit$$00000004) for .ARM.Collect$$rtexit$$00000004
    argv_veneer.o(.emb_text) refers to no_argv.o(.text) for __ARM_get_argv
    sys_exit.o(.text) refers (Special) to use_no_semi.o(.text) for __I$use$semihosting
    sys_exit.o(.text) refers (Special) to indicate_semi.o(.text) for __semihosting_library_function
    _get_argv_nomalloc.o(.text) refers (Special) to hrguard.o(.text) for __heap_region$guard
    _get_argv_nomalloc.o(.text) refers to defsig_rtmem_outer.o(.text) for __rt_SIGRTMEM
    _get_argv_nomalloc.o(.text) refers to sys_command.o(.text) for _sys_command_string
    libshutdown.o(.ARM.Collect$$libshutdown$$00000000) refers (Special) to libshutdown2.o(.ARM.Collect$$libshutdown$$00000006) for __rt_lib_shutdown_fp_trap_1
    libshutdown.o(.ARM.Collect$$libshutdown$$00000000) refers (Special) to libshutdown2.o(.ARM.Collect$$libshutdown$$0000000E) for __rt_lib_shutdown_heap_1
    libshutdown.o(.ARM.Collect$$libshutdown$$00000000) refers (Special) to libshutdown2.o(.ARM.Collect$$libshutdown$$0000000F) for __rt_lib_shutdown_return
    libshutdown.o(.ARM.Collect$$libshutdown$$00000000) refers (Special) to libshutdown2.o(.ARM.Collect$$libshutdown$$00000009) for __rt_lib_shutdown_signal_1
    libshutdown.o(.ARM.Collect$$libshutdown$$00000000) refers (Special) to libshutdown2.o(.ARM.Collect$$libshutdown$$00000003) for __rt_lib_shutdown_stdio_1
    libshutdown.o(.ARM.Collect$$libshutdown$$00000000) refers (Special) to libshutdown2.o(.ARM.Collect$$libshutdown$$0000000B) for __rt_lib_shutdown_user_alloc_1
    sys_command.o(.text) refers (Special) to use_no_semi.o(.text) for __I$use$semihosting
    sys_command.o(.text) refers (Special) to indicate_semi.o(.text) for __semihosting_library_function
    defsig_rtmem_outer.o(.text) refers to defsig_rtmem_inner.o(.text) for __rt_SIGRTMEM_inner
    defsig_rtmem_outer.o(.text) refers to defsig_exit.o(.text) for __sig_exit
    defsig_rtmem_formal.o(.text) refers to rt_raise.o(.text) for __rt_raise
    rt_raise.o(.text) refers to __raise.o(.text) for __raise
    rt_raise.o(.text) refers to sys_exit.o(.text) for _sys_exit
    defsig_exit.o(.text) refers to sys_exit.o(.text) for _sys_exit
    defsig_rtmem_inner.o(.text) refers to defsig_general.o(.text) for __default_signal_display
    __raise.o(.text) refers to defsig.o(CL$$defsig) for __default_signal_handler
    defsig_general.o(.text) refers to sys_wrch.o(.text) for _ttywrch
    sys_wrch.o(.text) refers (Special) to use_no_semi.o(.text) for __I$use$semihosting
    sys_wrch.o(.text) refers (Special) to indicate_semi.o(.text) for __semihosting_library_function
    defsig.o(CL$$defsig) refers to defsig_rtmem_inner.o(.text) for __rt_SIGRTMEM_inner
    defsig_abrt_inner.o(.text) refers to defsig_general.o(.text) for __default_signal_display
    defsig_fpe_inner.o(.text) refers to defsig_general.o(.text) for __default_signal_display
    defsig_rtred_inner.o(.text) refers to defsig_general.o(.text) for __default_signal_display
    defsig_stak_inner.o(.text) refers to defsig_general.o(.text) for __default_signal_display
    defsig_pvfn_inner.o(.text) refers to defsig_general.o(.text) for __default_signal_display
    defsig_cppl_inner.o(.text) refers to defsig_general.o(.text) for __default_signal_display
    defsig_segv_inner.o(.text) refers to defsig_general.o(.text) for __default_signal_display
    defsig_other.o(.text) refers to defsig_general.o(.text) for __default_signal_display


==============================================================================

Removing Unused input sections from the image.

    Removing bsp.o(.rev16_text), (4 bytes).
    Removing bsp.o(.revsh_text), (4 bytes).
    Removing bsp.o(i.QF_onCleanup), (2 bytes).
    Removing display96x16x1.o(.rev16_text), (4 bytes).
    Removing display96x16x1.o(.revsh_text), (4 bytes).
    Removing display96x16x1.o(i.Display96x16x1DisplayOff), (40 bytes).
    Removing display96x16x1.o(i.Display96x16x1DisplayOn), (144 bytes).
    Removing display96x16x1.o(i.Display96x16x1ImageDraw), (120 bytes).
    Removing system_lm3s.o(.rev16_text), (4 bytes).
    Removing system_lm3s.o(.revsh_text), (4 bytes).
    Removing qf_tick.o(i.QF_noTimeEvtsActiveX), (60 bytes).
    Removing qvanilla.o(i.QActive_stop), (12 bytes).
    Removing qvanilla.o(i.QF_stop), (8 bytes).
    Removing qa_get_.o(i.QF_getQueueMin), (60 bytes).
    Removing qf_act.o(i.QF_remove_), (64 bytes).
    Removing qf_act.o(.data), (1 bytes).
    Removing qmp_get.o(i.QF_getPoolMin), (68 bytes).

17 unused section(s) (total 603 bytes) removed from the image.

==============================================================================

Image Symbol Table

    Local Symbols

    Symbol Name                              Value     Ov Type        Size  Object(Section)

    RESET                                    0x00000000   Section      352  startup_lm3s.o(RESET)
    ../clib/angel/boardlib.s                 0x00000000   Number         0  boardinit2.o ABSOLUTE
    ../clib/angel/boardlib.s                 0x00000000   Number         0  boardinit3.o ABSOLUTE
    ../clib/angel/boardlib.s                 0x00000000   Number         0  boardinit1.o ABSOLUTE
    ../clib/angel/boardlib.s                 0x00000000   Number         0  boardshut.o ABSOLUTE
    ../clib/angel/handlers.s                 0x00000000   Number         0  __scatter_zi.o ABSOLUTE
    ../clib/angel/handlers.s                 0x00000000   Number         0  __scatter_copy.o ABSOLUTE
    ../clib/angel/kernel.s                   0x00000000   Number         0  rtentry2.o ABSOLUTE
    ../clib/angel/kernel.s                   0x00000000   Number         0  rtexit.o ABSOLUTE
    ../clib/angel/kernel.s                   0x00000000   Number         0  rtentry4.o ABSOLUTE
    ../clib/angel/kernel.s                   0x00000000   Number         0  rtexit2.o ABSOLUTE
    ../clib/angel/kernel.s                   0x00000000   Number         0  rtentry.o ABSOLUTE
    ../clib/angel/rt.s                       0x00000000   Number         0  rt_raise.o ABSOLUTE
    ../clib/angel/scatter.s                  0x00000000   Number         0  __scatter.o ABSOLUTE
    ../clib/angel/startup.s                  0x00000000   Number         0  __main.o ABSOLUTE
    ../clib/angel/sys.s                      0x00000000   Number         0  use_no_semi.o ABSOLUTE
    ../clib/angel/sys.s                      0x00000000   Number         0  libspace.o ABSOLUTE
    ../clib/angel/sys.s                      0x00000000   Number         0  sys_stackheap_outer.o ABSOLUTE
    ../clib/angel/sys.s                      0x00000000   Number         0  indicate_semi.o ABSOLUTE
    ../clib/angel/sysapp.c                   0x00000000   Number         0  sys_wrch.o ABSOLUTE
    ../clib/angel/sysapp.c                   0x00000000   Number         0  sys_exit.o ABSOLUTE
    ../clib/angel/sysapp.c                   0x00000000   Number         0  sys_command.o ABSOLUTE
    ../clib/armsys.c                         0x00000000   Number         0  _get_argv_nomalloc.o ABSOLUTE
    ../clib/armsys.c                         0x00000000   Number         0  no_argv.o ABSOLUTE
    ../clib/armsys.c                         0x00000000   Number         0  argv_veneer.o ABSOLUTE
    ../clib/armsys.c                         0x00000000   Number         0  argv_veneer.o ABSOLUTE
    ../clib/heapalloc.c                      0x00000000   Number         0  hrguard.o ABSOLUTE
    ../clib/heapaux.c                        0x00000000   Number         0  heapauxi.o ABSOLUTE
    ../clib/libinit.s                        0x00000000   Number         0  libinit.o ABSOLUTE
    ../clib/libinit.s                        0x00000000   Number         0  libshutdown2.o ABSOLUTE
    ../clib/libinit.s                        0x00000000   Number         0  libshutdown.o ABSOLUTE
    ../clib/libinit.s                        0x00000000   Number         0  libinit2.o ABSOLUTE
    ../clib/signal.c                         0x00000000   Number         0  defsig_segv_inner.o ABSOLUTE
    ../clib/signal.c                         0x00000000   Number         0  defsig_general.o ABSOLUTE
    ../clib/signal.c                         0x00000000   Number         0  __raise.o ABSOLUTE
    ../clib/signal.c                         0x00000000   Number         0  defsig_rtmem_inner.o ABSOLUTE
    ../clib/signal.c                         0x00000000   Number         0  defsig_exit.o ABSOLUTE
    ../clib/signal.c                         0x00000000   Number         0  defsig_rtmem_formal.o ABSOLUTE
    ../clib/signal.c                         0x00000000   Number         0  defsig_rtmem_outer.o ABSOLUTE
    ../clib/signal.c                         0x00000000   Number         0  defsig_other.o ABSOLUTE
    ../clib/signal.c                         0x00000000   Number         0  defsig_fpe_inner.o ABSOLUTE
    ../clib/signal.c                         0x00000000   Number         0  defsig_rtred_inner.o ABSOLUTE
    ../clib/signal.c                         0x00000000   Number         0  defsig_abrt_inner.o ABSOLUTE
    ../clib/signal.c                         0x00000000   Number         0  defsig_stak_inner.o ABSOLUTE
    ../clib/signal.c                         0x00000000   Number         0  defsig_pvfn_inner.o ABSOLUTE
    ../clib/signal.c                         0x00000000   Number         0  defsig_cppl_inner.o ABSOLUTE
    ../clib/signal.s                         0x00000000   Number         0  defsig.o ABSOLUTE
    ../clib/stdlib.c                         0x00000000   Number         0  exit.o ABSOLUTE
    ../fplib/fpinit.s                        0x00000000   Number         0  fpinit.o ABSOLUTE
    ..\..\..\..\qep\source\qep.c             0x00000000   Number         0  qep.o ABSOLUTE
    ..\..\..\..\qep\source\qhsm_dis.c        0x00000000   Number         0  qhsm_dis.o ABSOLUTE
    ..\..\..\..\qep\source\qhsm_ini.c        0x00000000   Number         0  qhsm_ini.o ABSOLUTE
    ..\..\..\..\qep\source\qhsm_top.c        0x00000000   Number         0  qhsm_top.o ABSOLUTE
    ..\..\..\..\qf\source\qa_ctor.c          0x00000000   Number         0  qa_ctor.o ABSOLUTE
    ..\..\..\..\qf\source\qa_fifo.c          0x00000000   Number         0  qa_fifo.o ABSOLUTE
    ..\..\..\..\qf\source\qa_get_.c          0x00000000   Number         0  qa_get_.o ABSOLUTE
    ..\..\..\..\qf\source\qa_lifo.c          0x00000000   Number         0  qa_lifo.o ABSOLUTE
    ..\..\..\..\qf\source\qa_sub.c           0x00000000   Number         0  qa_sub.o ABSOLUTE
    ..\..\..\..\qf\source\qeq_init.c         0x00000000   Number         0  qeq_init.o ABSOLUTE
    ..\..\..\..\qf\source\qf_act.c           0x00000000   Number         0  qf_act.o ABSOLUTE
    ..\..\..\..\qf\source\qf_gc.c            0x00000000   Number         0  qf_gc.o ABSOLUTE
    ..\..\..\..\qf\source\qf_new.c           0x00000000   Number         0  qf_new.o ABSOLUTE
    ..\..\..\..\qf\source\qf_pool.c          0x00000000   Number         0  qf_pool.o ABSOLUTE
    ..\..\..\..\qf\source\qf_psini.c         0x00000000   Number         0  qf_psini.o ABSOLUTE
    ..\..\..\..\qf\source\qf_pspub.c         0x00000000   Number         0  qf_pspub.o ABSOLUTE
    ..\..\..\..\qf\source\qf_pwr2.c          0x00000000   Number         0  qf_pwr2.o ABSOLUTE
    ..\..\..\..\qf\source\qf_tick.c          0x00000000   Number         0  qf_tick.o ABSOLUTE
    ..\..\..\..\qf\source\qmp_get.c          0x00000000   Number         0  qmp_get.o ABSOLUTE
    ..\..\..\..\qf\source\qmp_init.c         0x00000000   Number         0  qmp_init.o ABSOLUTE
    ..\..\..\..\qf\source\qmp_put.c          0x00000000   Number         0  qmp_put.o ABSOLUTE
    ..\..\..\..\qf\source\qte_arm.c          0x00000000   Number         0  qte_arm.o ABSOLUTE
    ..\..\..\..\qf\source\qte_ctor.c         0x00000000   Number         0  qte_ctor.o ABSOLUTE
    ..\..\..\..\qf\source\qvanilla.c         0x00000000   Number         0  qvanilla.o ABSOLUTE
    bsp.c                                    0x00000000   Number         0  bsp.o ABSOLUTE
    bsp.c                                    0x00000000   Number         0  bsp.o ABSOLUTE
    dc.s                                     0x00000000   Number         0  dc.o ABSOLUTE
    display96x16x1.c                         0x00000000   Number         0  display96x16x1.o ABSOLUTE
    display96x16x1.c                         0x00000000   Number         0  display96x16x1.o ABSOLUTE
    main.c                                   0x00000000   Number         0  main.o ABSOLUTE
    philo.c                                  0x00000000   Number         0  philo.o ABSOLUTE
    startup_lm3s.s                           0x00000000   Number         0  startup_lm3s.o ABSOLUTE
    system_lm3s.c                            0x00000000   Number         0  system_lm3s.o ABSOLUTE
    system_lm3s.c                            0x00000000   Number         0  system_lm3s.o ABSOLUTE
    table.c                                  0x00000000   Number         0  table.o ABSOLUTE
    NMI_Handler                              0x000000f5   Thumb Code     0  startup_lm3s.o(RESET)
    HardFault_Handler                        0x00000101   Thumb Code     0  startup_lm3s.o(RESET)
    MemManage_Handler                        0x0000010d   Thumb Code     0  startup_lm3s.o(RESET)
    BusFault_Handler                         0x00000119   Thumb Code     0  startup_lm3s.o(RESET)
    UsageFault_Handler                       0x00000125   Thumb Code     0  startup_lm3s.o(RESET)
    SVC_Handler                              0x00000131   Thumb Code     0  startup_lm3s.o(RESET)
    DebugMon_Handler                         0x0000013d   Thumb Code     0  startup_lm3s.o(RESET)
    PendSV_Handler                           0x00000149   Thumb Code     0  startup_lm3s.o(RESET)
    Unused_IRQHandler                        0x00000155   Thumb Code     0  startup_lm3s.o(RESET)
    !!!main                                  0x00000160   Section        8  __main.o(!!!main)
    !!!scatter                               0x00000168   Section       52  __scatter.o(!!!scatter)
    !!handler_copy                           0x0000019c   Section       26  __scatter_copy.o(!!handler_copy)
    !!handler_zi                             0x000001b8   Section       28  __scatter_zi.o(!!handler_zi)
    .ARM.Collect$$libinit$$00000000          0x000001d4   Section        2  libinit.o(.ARM.Collect$$libinit$$00000000)
    .ARM.Collect$$libinit$$00000002          0x000001d6   Section        0  libinit2.o(.ARM.Collect$$libinit$$00000002)
    .ARM.Collect$$libinit$$00000008          0x000001d6   Section        0  libinit2.o(.ARM.Collect$$libinit$$00000008)
    .ARM.Collect$$libinit$$0000000A          0x000001d6   Section        0  libinit2.o(.ARM.Collect$$libinit$$0000000A)
    .ARM.Collect$$libinit$$0000000C          0x000001d6   Section        0  libinit2.o(.ARM.Collect$$libinit$$0000000C)
    .ARM.Collect$$libinit$$0000000F          0x000001d6   Section        0  libinit2.o(.ARM.Collect$$libinit$$0000000F)
    .ARM.Collect$$libinit$$00000011          0x000001d6   Section        0  libinit2.o(.ARM.Collect$$libinit$$00000011)
    .ARM.Collect$$libinit$$00000013          0x000001d6   Section        0  libinit2.o(.ARM.Collect$$libinit$$00000013)
    .ARM.Collect$$libinit$$00000015          0x000001d6   Section        0  libinit2.o(.ARM.Collect$$libinit$$00000015)
    .ARM.Collect$$libinit$$00000017          0x000001d6   Section        0  libinit2.o(.ARM.Collect$$libinit$$00000017)
    .ARM.Collect$$libinit$$00000019          0x000001d6   Section        0  libinit2.o(.ARM.Collect$$libinit$$00000019)
    .ARM.Collect$$libinit$$0000001B          0x000001d6   Section        0  libinit2.o(.ARM.Collect$$libinit$$0000001B)
    .ARM.Collect$$libinit$$0000001D          0x000001d6   Section        0  libinit2.o(.ARM.Collect$$libinit$$0000001D)
    .ARM.Collect$$libinit$$0000001F          0x000001d6   Section        0  libinit2.o(.ARM.Collect$$libinit$$0000001F)
    .ARM.Collect$$libinit$$00000021          0x000001d6   Section        0  libinit2.o(.ARM.Collect$$libinit$$00000021)
    .ARM.Collect$$libinit$$00000023          0x000001d6   Section        0  libinit2.o(.ARM.Collect$$libinit$$00000023)
    .ARM.Collect$$libinit$$0000002A          0x000001d6   Section        0  libinit2.o(.ARM.Collect$$libinit$$0000002A)
    .ARM.Collect$$libinit$$0000002C          0x000001d6   Section        0  libinit2.o(.ARM.Collect$$libinit$$0000002C)
    .ARM.Collect$$libinit$$0000002E          0x000001d6   Section        0  libinit2.o(.ARM.Collect$$libinit$$0000002E)
    .ARM.Collect$$libinit$$00000030          0x000001d6   Section        0  libinit2.o(.ARM.Collect$$libinit$$00000030)
    .ARM.Collect$$libinit$$00000031          0x000001d6   Section        2  libinit2.o(.ARM.Collect$$libinit$$00000031)
    .ARM.Collect$$libshutdown$$00000000      0x000001d8   Section        2  libshutdown.o(.ARM.Collect$$libshutdown$$00000000)
    .ARM.Collect$$libshutdown$$00000003      0x000001da   Section        0  libshutdown2.o(.ARM.Collect$$libshutdown$$00000003)
    .ARM.Collect$$libshutdown$$00000006      0x000001da   Section        0  libshutdown2.o(.ARM.Collect$$libshutdown$$00000006)
    .ARM.Collect$$libshutdown$$00000009      0x000001da   Section        0  libshutdown2.o(.ARM.Collect$$libshutdown$$00000009)
    .ARM.Collect$$libshutdown$$0000000B      0x000001da   Section        0  libshutdown2.o(.ARM.Collect$$libshutdown$$0000000B)
    .ARM.Collect$$libshutdown$$0000000E      0x000001da   Section        0  libshutdown2.o(.ARM.Collect$$libshutdown$$0000000E)
    .ARM.Collect$$libshutdown$$0000000F      0x000001da   Section        2  libshutdown2.o(.ARM.Collect$$libshutdown$$0000000F)
    .ARM.Collect$$rtentry$$00000000          0x000001dc   Section        0  rtentry.o(.ARM.Collect$$rtentry$$00000000)
    .ARM.Collect$$rtentry$$00000002          0x000001dc   Section        0  rtentry2.o(.ARM.Collect$$rtentry$$00000002)
    .ARM.Collect$$rtentry$$00000004          0x000001dc   Section        6  rtentry4.o(.ARM.Collect$$rtentry$$00000004)
    .ARM.Collect$$rtentry$$00000009          0x000001e2   Section        0  rtentry2.o(.ARM.Collect$$rtentry$$00000009)
    .ARM.Collect$$rtentry$$0000000A          0x000001e2   Section        4  rtentry2.o(.ARM.Collect$$rtentry$$0000000A)
    .ARM.Collect$$rtentry$$0000000C          0x000001e6   Section        0  rtentry2.o(.ARM.Collect$$rtentry$$0000000C)
    .ARM.Collect$$rtentry$$0000000D          0x000001e6   Section        8  rtentry2.o(.ARM.Collect$$rtentry$$0000000D)
    .ARM.Collect$$rtexit$$00000000           0x000001ee   Section        2  rtexit.o(.ARM.Collect$$rtexit$$00000000)
    .ARM.Collect$$rtexit$$00000002           0x000001f0   Section        0  rtexit2.o(.ARM.Collect$$rtexit$$00000002)
    .ARM.Collect$$rtexit$$00000003           0x000001f0   Section        4  rtexit2.o(.ARM.Collect$$rtexit$$00000003)
    .ARM.Collect$$rtexit$$00000004           0x000001f4   Section        6  rtexit2.o(.ARM.Collect$$rtexit$$00000004)
    .emb_text                                0x000001fc   Section        6  display96x16x1.o(.emb_text)
    .text                                    0x00000204   Section       24  startup_lm3s.o(.text)
    .text                                    0x0000021c   Section        0  heapauxi.o(.text)
    .text                                    0x00000222   Section       74  sys_stackheap_outer.o(.text)
    .text                                    0x0000026c   Section        0  exit.o(.text)
    .text                                    0x00000278   Section        8  libspace.o(.text)
    .text                                    0x00000280   Section        0  sys_exit.o(.text)
    .text                                    0x0000028c   Section        2  use_no_semi.o(.text)
    .text                                    0x0000028e   Section        0  indicate_semi.o(.text)
    i.BSP_displayPaused                      0x00000290   Section        0  bsp.o(i.BSP_displayPaused)
    i.BSP_displayPhilStat                    0x000002b0   Section        0  bsp.o(i.BSP_displayPhilStat)
    i.BSP_init                               0x000002d4   Section        0  bsp.o(i.BSP_init)
    i.BSP_random                             0x00000384   Section        0  bsp.o(i.BSP_random)
    i.BSP_randomSeed                         0x000003a0   Section        0  bsp.o(i.BSP_randomSeed)
    i.BSP_terminate                          0x000003ac   Section        0  bsp.o(i.BSP_terminate)
    i.Display96x16x1Clear                    0x000003b0   Section        0  display96x16x1.o(i.Display96x16x1Clear)
    i.Display96x16x1Init                     0x00000428   Section        0  display96x16x1.o(i.Display96x16x1Init)
    i.Display96x16x1StringDraw               0x00000614   Section        0  display96x16x1.o(i.Display96x16x1StringDraw)
    i.Display96x16x1WriteArray               0x000006d4   Section        0  display96x16x1.o(i.Display96x16x1WriteArray)
    Display96x16x1WriteArray                 0x000006d5   Thumb Code    46  display96x16x1.o(i.Display96x16x1WriteArray)
    i.Display96x16x1WriteByte                0x0000070c   Section        0  display96x16x1.o(i.Display96x16x1WriteByte)
    Display96x16x1WriteByte                  0x0000070d   Thumb Code    34  display96x16x1.o(i.Display96x16x1WriteByte)
    i.Display96x16x1WriteFinal               0x00000738   Section        0  display96x16x1.o(i.Display96x16x1WriteFinal)
    Display96x16x1WriteFinal                 0x00000739   Thumb Code    52  display96x16x1.o(i.Display96x16x1WriteFinal)
    i.Display96x16x1WriteFirst               0x00000774   Section        0  display96x16x1.o(i.Display96x16x1WriteFirst)
    Display96x16x1WriteFirst                 0x00000775   Thumb Code    16  display96x16x1.o(i.Display96x16x1WriteFirst)
    i.GPIOPortA_IRQHandler                   0x00000788   Section        0  bsp.o(i.GPIOPortA_IRQHandler)
    i.NVIC_SetPriority                       0x000007b0   Section        0  bsp.o(i.NVIC_SetPriority)
    NVIC_SetPriority                         0x000007b1   Thumb Code    32  bsp.o(i.NVIC_SetPriority)
    i.Philo_ctor                             0x000007d8   Section        0  philo.o(i.Philo_ctor)
    i.Philo_eating                           0x00000810   Section        0  philo.o(i.Philo_eating)
    Philo_eating                             0x00000811   Thumb Code   168  philo.o(i.Philo_eating)
    i.Philo_hungry                           0x000008c8   Section        0  philo.o(i.Philo_hungry)
    Philo_hungry                             0x000008c9   Thumb Code   148  philo.o(i.Philo_hungry)
    i.Philo_initial                          0x00000970   Section        0  philo.o(i.Philo_initial)
    Philo_initial                            0x00000971   Thumb Code    36  philo.o(i.Philo_initial)
    i.Philo_thinking                         0x0000099c   Section        0  philo.o(i.Philo_thinking)
    Philo_thinking                           0x0000099d   Thumb Code   126  philo.o(i.Philo_thinking)
    i.QActive_ctor                           0x00000a2c   Section        0  qa_ctor.o(i.QActive_ctor)
    i.QActive_get_                           0x00000a44   Section        0  qa_get_.o(i.QActive_get_)
    i.QActive_post                           0x00000ae4   Section        0  qa_fifo.o(i.QActive_post)
    i.QActive_postLIFO                       0x00000b98   Section        0  qa_lifo.o(i.QActive_postLIFO)
    i.QActive_start                          0x00000c30   Section        0  qvanilla.o(i.QActive_start)
    i.QActive_subscribe                      0x00000c84   Section        0  qa_sub.o(i.QActive_subscribe)
    i.QEQueue_init                           0x00000cfc   Section        0  qeq_init.o(i.QEQueue_init)
    i.QF_add_                                0x00000d14   Section        0  qf_act.o(i.QF_add_)
    i.QF_gc                                  0x00000d50   Section        0  qf_gc.o(i.QF_gc)
    i.QF_init                                0x00000db0   Section        0  qvanilla.o(i.QF_init)
    i.QF_newX_                               0x00000db4   Section        0  qf_new.o(i.QF_newX_)
    i.QF_onIdle                              0x00000e34   Section        0  bsp.o(i.QF_onIdle)
    i.QF_onStartup                           0x00000e54   Section        0  bsp.o(i.QF_onStartup)
    i.QF_poolInit                            0x00000edc   Section        0  qf_pool.o(i.QF_poolInit)
    i.QF_psInit                              0x00000f50   Section        0  qf_psini.o(i.QF_psInit)
    i.QF_publish                             0x00000f64   Section        0  qf_pspub.o(i.QF_publish)
    i.QF_run                                 0x00001010   Section        0  qvanilla.o(i.QF_run)
    i.QF_tickX                               0x00001088   Section        0  qf_tick.o(i.QF_tickX)
    i.QHsm_ctor                              0x00001148   Section        0  qhsm_ini.o(i.QHsm_ctor)
    i.QHsm_dispatch                          0x0000115c   Section        0  qhsm_dis.o(i.QHsm_dispatch)
    i.QHsm_init                              0x0000138c   Section        0  qhsm_ini.o(i.QHsm_init)
    i.QHsm_top                               0x0000143c   Section        0  qhsm_top.o(i.QHsm_top)
    i.QMPool_get                             0x00001444   Section        0  qmp_get.o(i.QMPool_get)
    i.QMPool_init                            0x0000148c   Section        0  qmp_init.o(i.QMPool_init)
    i.QMPool_put                             0x0000151c   Section        0  qmp_put.o(i.QMPool_put)
    i.QTimeEvt_armX                          0x00001568   Section        0  qte_arm.o(i.QTimeEvt_armX)
    i.QTimeEvt_ctorX                         0x000015dc   Section        0  qte_ctor.o(i.QTimeEvt_ctorX)
    i.Q_onAssert                             0x00001614   Section        0  bsp.o(i.Q_onAssert)
    i.SysTick_Handler                        0x00001620   Section        0  bsp.o(i.SysTick_Handler)
    i.SystemInit                             0x000016bc   Section        0  system_lm3s.o(i.SystemInit)
    i.Table_active                           0x00001944   Section        0  table.o(i.Table_active)
    Table_active                             0x00001945   Thumb Code    52  table.o(i.Table_active)
    i.Table_ctor                             0x00001980   Section        0  table.o(i.Table_ctor)
    i.Table_initial                          0x000019b0   Section        0  table.o(i.Table_initial)
    Table_initial                            0x000019b1   Thumb Code    70  table.o(i.Table_initial)
    i.Table_paused                           0x00001a08   Section        0  table.o(i.Table_paused)
    Table_paused                             0x00001a09   Thumb Code   214  table.o(i.Table_paused)
    i.Table_serving                          0x00001b04   Section        0  table.o(i.Table_serving)
    Table_serving                            0x00001b05   Thumb Code   548  table.o(i.Table_serving)
    i.assert_failed                          0x00001d58   Section        0  bsp.o(i.assert_failed)
    i.main                                   0x00001d64   Section        0  main.o(i.main)
    .constdata                               0x00001dec   Section       14  bsp.o(.constdata)
    Q_this_module_                           0x00001dec   Data           6  bsp.o(.constdata)
    pauseEvt                                 0x00001df2   Data           4  bsp.o(.constdata)
    pauseEvt                                 0x00001df6   Data           4  bsp.o(.constdata)
    .constdata                               0x00001dfa   Section      689  display96x16x1.o(.constdata)
    g_pucFont                                0x00001dfa   Data         475  display96x16x1.o(.constdata)
    g_pucOSRAMInit                           0x00001fd5   Data         113  display96x16x1.o(.constdata)
    g_pucRITInit                             0x00002046   Data          77  display96x16x1.o(.constdata)
    g_pucOSRAMRow1                           0x00002093   Data           6  display96x16x1.o(.constdata)
    g_pucOSRAMRow2                           0x00002099   Data           6  display96x16x1.o(.constdata)
    g_pucRITRow1                             0x0000209f   Data           6  display96x16x1.o(.constdata)
    g_pucRITRow2                             0x000020a5   Data           6  display96x16x1.o(.constdata)
    .constdata                               0x000020ac   Section       28  philo.o(.constdata)
    Q_this_module_                           0x000020ac   Data           8  philo.o(.constdata)
    .constdata                               0x000020c8   Section       12  table.o(.constdata)
    Q_this_module_                           0x000020c8   Data           8  table.o(.constdata)
    .constdata                               0x000020d4   Section       92  system_lm3s.o(.constdata)
    l_pulXtals                               0x000020d4   Data          92  system_lm3s.o(.constdata)
    .constdata                               0x00002130   Section       20  qa_ctor.o(.constdata)
    vtbl                                     0x00002130   Data          20  qa_ctor.o(.constdata)
    .constdata                               0x00002144   Section        7  qa_sub.o(.constdata)
    Q_this_module_                           0x00002144   Data           7  qa_sub.o(.constdata)
    .constdata                               0x0000214b   Section        7  qf_new.o(.constdata)
    Q_this_module_                           0x0000214b   Data           7  qf_new.o(.constdata)
    .constdata                               0x00002152   Section        8  qf_pool.o(.constdata)
    Q_this_module_                           0x00002152   Data           8  qf_pool.o(.constdata)
    .constdata                               0x0000215a   Section        9  qf_pspub.o(.constdata)
    Q_this_module_                           0x0000215a   Data           9  qf_pspub.o(.constdata)
    .constdata                               0x00002163   Section        8  qf_tick.o(.constdata)
    Q_this_module_                           0x00002163   Data           8  qf_tick.o(.constdata)
    .constdata                               0x0000216b   Section        9  qte_ctor.o(.constdata)
    Q_this_module_                           0x0000216b   Data           9  qte_ctor.o(.constdata)
    .constdata                               0x00002174   Section        8  qte_arm.o(.constdata)
    Q_this_module_                           0x00002174   Data           8  qte_arm.o(.constdata)
    .constdata                               0x0000217c   Section        9  qvanilla.o(.constdata)
    Q_this_module_                           0x0000217c   Data           9  qvanilla.o(.constdata)
    .constdata                               0x00002188   Section       20  qhsm_ini.o(.constdata)
    Q_this_module_                           0x00002188   Data           9  qhsm_ini.o(.constdata)
    vtbl                                     0x00002194   Data           8  qhsm_ini.o(.constdata)
    .constdata                               0x0000219c   Section        9  qhsm_dis.o(.constdata)
    Q_this_module_                           0x0000219c   Data           9  qhsm_dis.o(.constdata)
    .constdata                               0x000021a5   Section        8  qa_fifo.o(.constdata)
    Q_this_module_                           0x000021a5   Data           8  qa_fifo.o(.constdata)
    .constdata                               0x000021ad   Section        8  qa_lifo.o(.constdata)
    Q_this_module_                           0x000021ad   Data           8  qa_lifo.o(.constdata)
    .constdata                               0x000021b5   Section        8  qa_get_.o(.constdata)
    Q_this_module_                           0x000021b5   Data           8  qa_get_.o(.constdata)
    .constdata                               0x000021bd   Section        7  qf_act.o(.constdata)
    Q_this_module_                           0x000021bd   Data           7  qf_act.o(.constdata)
    .constdata                               0x000021c4   Section        6  qf_gc.o(.constdata)
    Q_this_module_                           0x000021c4   Data           6  qf_gc.o(.constdata)
    .constdata                               0x000021ca   Section      195  qf_pwr2.o(.constdata)
    .constdata                               0x0000228d   Section        8  qmp_get.o(.constdata)
    Q_this_module_                           0x0000228d   Data           8  qmp_get.o(.constdata)
    .constdata                               0x00002295   Section        9  qmp_init.o(.constdata)
    Q_this_module_                           0x00002295   Data           9  qmp_init.o(.constdata)
    .constdata                               0x0000229e   Section       16  qep.o(.constdata)
    .constdata                               0x000022ae   Section        8  qmp_put.o(.constdata)
    Q_this_module_                           0x000022ae   Data           8  qmp_put.o(.constdata)
    .data                                    0x20000000   Section       12  bsp.o(.data)
    btn_debounced                            0x20000000   Data           4  bsp.o(.data)
    debounce_state                           0x20000004   Data           1  bsp.o(.data)
    l_rnd                                    0x20000008   Data           4  bsp.o(.data)
    .data                                    0x2000000c   Section        8  display96x16x1.o(.data)
    g_ucDisplayIsRIT                         0x2000000c   Data           1  display96x16x1.o(.data)
    g_ucColumnAdjust                         0x2000000d   Data           1  display96x16x1.o(.data)
    g_ulDelay                                0x20000010   Data           4  display96x16x1.o(.data)
    .data                                    0x20000014   Section        1  philo.o(.data)
    registered                               0x20000014   Data           1  philo.o(.data)
    .data                                    0x20000018   Section        4  system_lm3s.o(.data)
    .data                                    0x2000001c   Section        4  qf_pool.o(.data)
    .data                                    0x20000020   Section        8  qf_psini.o(.data)
    .bss                                     0x20000028   Section      232  main.o(.bss)
    l_tableQueueSto                          0x20000028   Data          20  main.o(.bss)
    l_philoQueueSto                          0x2000003c   Data         100  main.o(.bss)
    l_subscrSto                              0x200000a0   Data          32  main.o(.bss)
    l_smlPoolSto                             0x200000c0   Data          80  main.o(.bss)
    .bss                                     0x20000110   Section      240  philo.o(.bss)
    l_philo                                  0x20000110   Data         240  philo.o(.bss)
    .bss                                     0x20000200   Section       44  table.o(.bss)
    l_table                                  0x20000200   Data          44  table.o(.bss)
    .bss                                     0x2000022c   Section       60  qf_pool.o(.bss)
    .bss                                     0x20000268   Section       32  qf_tick.o(.bss)
    .bss                                     0x20000288   Section        9  qvanilla.o(.bss)
    .bss                                     0x20000294   Section      132  qf_act.o(.bss)
    .bss                                     0x20000318   Section       96  libspace.o(.bss)
    HEAP                                     0x20000378   Section        0  startup_lm3s.o(HEAP)
    STACK                                    0x20000378   Section      512  startup_lm3s.o(STACK)
    HeapMem                                  0x20000378   Data           0  startup_lm3s.o(HEAP)
    StackMem                                 0x20000378   Data           0  startup_lm3s.o(STACK)

    Global Symbols

    Symbol Name                              Value     Ov Type        Size  Object(Section)

    BuildAttributes$$THM_ISAv4$P$D$K$B$S$PE$A:L22UL41UL21$X:L11$S22US41US21$IEEE1$IW$USESV6$~STKCKD$USESV7$~SHL$OSPACE$ROPI$EBA8$UX$STANDARDLIB$REQ8$PRES8$EABIv2 0x00000000   Number         0  anon$$obj.o ABSOLUTE
    __ARM_use_no_argv                        0x00000000   Number         0  main.o ABSOLUTE
    __Vectors                                0x00000000   Data           0  startup_lm3s.o(RESET)
    __ARM_exceptions_init                     - Undefined Weak Reference
    __alloca_initialize                       - Undefined Weak Reference
    __cpp_initialize__aeabi_                  - Undefined Weak Reference
    __cxa_finalize                            - Undefined Weak Reference
    __rt_locale                               - Undefined Weak Reference
    __sigvec_lookup                           - Undefined Weak Reference
    _atexit_init                              - Undefined Weak Reference
    _call_atexit_fns                          - Undefined Weak Reference
    _clock_init                               - Undefined Weak Reference
    _fp_trap_init                             - Undefined Weak Reference
    _fp_trap_shutdown                         - Undefined Weak Reference
    _get_lc_collate                           - Undefined Weak Reference
    _get_lc_ctype                             - Undefined Weak Reference
    _get_lc_monetary                          - Undefined Weak Reference
    _get_lc_numeric                           - Undefined Weak Reference
    _get_lc_time                              - Undefined Weak Reference
    _getenv_init                              - Undefined Weak Reference
    _handle_redirection                       - Undefined Weak Reference
    _init_alloc                               - Undefined Weak Reference
    _init_user_alloc                          - Undefined Weak Reference
    _initio                                   - Undefined Weak Reference
    _rand_init                                - Undefined Weak Reference
    _signal_finish                            - Undefined Weak Reference
    _signal_init                              - Undefined Weak Reference
    _terminate_alloc                          - Undefined Weak Reference
    _terminate_user_alloc                     - Undefined Weak Reference
    _terminateio                              - Undefined Weak Reference
    Reset_Handler                            0x000000f1   Thumb Code     0  startup_lm3s.o(RESET)
    __main                                   0x00000161   Thumb Code     8  __main.o(!!!main)
    __scatterload                            0x00000169   Thumb Code     0  __scatter.o(!!!scatter)
    __scatterload_rt2                        0x00000169   Thumb Code    44  __scatter.o(!!!scatter)
    __scatterload_rt2_thumb_only             0x00000169   Thumb Code     0  __scatter.o(!!!scatter)
    __scatterload_null                       0x00000177   Thumb Code     0  __scatter.o(!!!scatter)
    __scatterload_copy                       0x0000019d   Thumb Code    26  __scatter_copy.o(!!handler_copy)
    __scatterload_zeroinit                   0x000001b9   Thumb Code    28  __scatter_zi.o(!!handler_zi)
    __rt_lib_init                            0x000001d5   Thumb Code     0  libinit.o(.ARM.Collect$$libinit$$00000000)
    __rt_lib_init_alloca_1                   0x000001d7   Thumb Code     0  libinit2.o(.ARM.Collect$$libinit$$0000002C)
    __rt_lib_init_argv_1                     0x000001d7   Thumb Code     0  libinit2.o(.ARM.Collect$$libinit$$0000002A)
    __rt_lib_init_atexit_1                   0x000001d7   Thumb Code     0  libinit2.o(.ARM.Collect$$libinit$$00000019)
    __rt_lib_init_clock_1                    0x000001d7   Thumb Code     0  libinit2.o(.ARM.Collect$$libinit$$0000001F)
    __rt_lib_init_cpp_1                      0x000001d7   Thumb Code     0  libinit2.o(.ARM.Collect$$libinit$$00000030)
    __rt_lib_init_exceptions_1               0x000001d7   Thumb Code     0  libinit2.o(.ARM.Collect$$libinit$$0000002E)
    __rt_lib_init_fp_1                       0x000001d7   Thumb Code     0  libinit2.o(.ARM.Collect$$libinit$$00000002)
    __rt_lib_init_fp_trap_1                  0x000001d7   Thumb Code     0  libinit2.o(.ARM.Collect$$libinit$$0000001D)
    __rt_lib_init_getenv_1                   0x000001d7   Thumb Code     0  libinit2.o(.ARM.Collect$$libinit$$00000021)
    __rt_lib_init_heap_1                     0x000001d7   Thumb Code     0  libinit2.o(.ARM.Collect$$libinit$$00000008)
    __rt_lib_init_lc_collate_1               0x000001d7   Thumb Code     0  libinit2.o(.ARM.Collect$$libinit$$0000000F)
    __rt_lib_init_lc_ctype_1                 0x000001d7   Thumb Code     0  libinit2.o(.ARM.Collect$$libinit$$00000011)
    __rt_lib_init_lc_monetary_1              0x000001d7   Thumb Code     0  libinit2.o(.ARM.Collect$$libinit$$00000013)
    __rt_lib_init_lc_numeric_1               0x000001d7   Thumb Code     0  libinit2.o(.ARM.Collect$$libinit$$00000015)
    __rt_lib_init_lc_time_1                  0x000001d7   Thumb Code     0  libinit2.o(.ARM.Collect$$libinit$$00000017)
    __rt_lib_init_rand_1                     0x000001d7   Thumb Code     0  libinit2.o(.ARM.Collect$$libinit$$0000000C)
    __rt_lib_init_return                     0x000001d7   Thumb Code     0  libinit2.o(.ARM.Collect$$libinit$$00000031)
    __rt_lib_init_signal_1                   0x000001d7   Thumb Code     0  libinit2.o(.ARM.Collect$$libinit$$0000001B)
    __rt_lib_init_stdio_1                    0x000001d7   Thumb Code     0  libinit2.o(.ARM.Collect$$libinit$$00000023)
    __rt_lib_init_user_alloc_1               0x000001d7   Thumb Code     0  libinit2.o(.ARM.Collect$$libinit$$0000000A)
    __rt_lib_shutdown                        0x000001d9   Thumb Code     0  libshutdown.o(.ARM.Collect$$libshutdown$$00000000)
    __rt_lib_shutdown_fp_trap_1              0x000001db   Thumb Code     0  libshutdown2.o(.ARM.Collect$$libshutdown$$00000006)
    __rt_lib_shutdown_heap_1                 0x000001db   Thumb Code     0  libshutdown2.o(.ARM.Collect$$libshutdown$$0000000E)
    __rt_lib_shutdown_return                 0x000001db   Thumb Code     0  libshutdown2.o(.ARM.Collect$$libshutdown$$0000000F)
    __rt_lib_shutdown_signal_1               0x000001db   Thumb Code     0  libshutdown2.o(.ARM.Collect$$libshutdown$$00000009)
    __rt_lib_shutdown_stdio_1                0x000001db   Thumb Code     0  libshutdown2.o(.ARM.Collect$$libshutdown$$00000003)
    __rt_lib_shutdown_user_alloc_1           0x000001db   Thumb Code     0  libshutdown2.o(.ARM.Collect$$libshutdown$$0000000B)
    __rt_entry                               0x000001dd   Thumb Code     0  rtentry.o(.ARM.Collect$$rtentry$$00000000)
    __rt_entry_presh_1                       0x000001dd   Thumb Code     0  rtentry2.o(.ARM.Collect$$rtentry$$00000002)
    __rt_entry_sh                            0x000001dd   Thumb Code     0  rtentry4.o(.ARM.Collect$$rtentry$$00000004)
    __rt_entry_li                            0x000001e3   Thumb Code     0  rtentry2.o(.ARM.Collect$$rtentry$$0000000A)
    __rt_entry_postsh_1                      0x000001e3   Thumb Code     0  rtentry2.o(.ARM.Collect$$rtentry$$00000009)
    __rt_entry_main                          0x000001e7   Thumb Code     0  rtentry2.o(.ARM.Collect$$rtentry$$0000000D)
    __rt_entry_postli_1                      0x000001e7   Thumb Code     0  rtentry2.o(.ARM.Collect$$rtentry$$0000000C)
    __rt_exit                                0x000001ef   Thumb Code     0  rtexit.o(.ARM.Collect$$rtexit$$00000000)
    __rt_exit_ls                             0x000001f1   Thumb Code     0  rtexit2.o(.ARM.Collect$$rtexit$$00000003)
    __rt_exit_prels_1                        0x000001f1   Thumb Code     0  rtexit2.o(.ARM.Collect$$rtexit$$00000002)
    __rt_exit_exit                           0x000001f5   Thumb Code     0  rtexit2.o(.ARM.Collect$$rtexit$$00000004)
    __asm___16_display96x16x1_c_864a8f54__SysCtlDelay 0x000001fd   Thumb Code     6  display96x16x1.o(.emb_text)
    __user_initial_stackheap                 0x00000205   Thumb Code     0  startup_lm3s.o(.text)
    __use_two_region_memory                  0x0000021d   Thumb Code     2  heapauxi.o(.text)
    __rt_heap_escrow$2region                 0x0000021f   Thumb Code     2  heapauxi.o(.text)
    __rt_heap_expand$2region                 0x00000221   Thumb Code     2  heapauxi.o(.text)
    __user_setup_stackheap                   0x00000223   Thumb Code    74  sys_stackheap_outer.o(.text)
    exit                                     0x0000026d   Thumb Code    12  exit.o(.text)
    __user_libspace                          0x00000279   Thumb Code     8  libspace.o(.text)
    __user_perproc_libspace                  0x00000279   Thumb Code     0  libspace.o(.text)
    __user_perthread_libspace                0x00000279   Thumb Code     0  libspace.o(.text)
    _sys_exit                                0x00000281   Thumb Code     8  sys_exit.o(.text)
    __I$use$semihosting                      0x0000028d   Thumb Code     0  use_no_semi.o(.text)
    __use_no_semihosting_swi                 0x0000028d   Thumb Code     2  use_no_semi.o(.text)
    __semihosting_library_function           0x0000028f   Thumb Code     0  indicate_semi.o(.text)
    BSP_displayPaused                        0x00000291   Thumb Code    24  bsp.o(i.BSP_displayPaused)
    BSP_displayPhilStat                      0x000002b1   Thumb Code    36  bsp.o(i.BSP_displayPhilStat)
    BSP_init                                 0x000002d5   Thumb Code   122  bsp.o(i.BSP_init)
    BSP_random                               0x00000385   Thumb Code    20  bsp.o(i.BSP_random)
    BSP_randomSeed                           0x000003a1   Thumb Code     6  bsp.o(i.BSP_randomSeed)
    BSP_terminate                            0x000003ad   Thumb Code     2  bsp.o(i.BSP_terminate)
    Display96x16x1Clear                      0x000003b1   Thumb Code   100  display96x16x1.o(i.Display96x16x1Clear)
    Display96x16x1Init                       0x00000429   Thumb Code   408  display96x16x1.o(i.Display96x16x1Init)
    Display96x16x1StringDraw                 0x00000615   Thumb Code   184  display96x16x1.o(i.Display96x16x1StringDraw)
    GPIOPortA_IRQHandler                     0x00000789   Thumb Code    34  bsp.o(i.GPIOPortA_IRQHandler)
    Philo_ctor                               0x000007d9   Thumb Code    48  philo.o(i.Philo_ctor)
    QActive_ctor                             0x00000a2d   Thumb Code    20  qa_ctor.o(i.QActive_ctor)
    QActive_get_                             0x00000a45   Thumb Code   142  qa_get_.o(i.QActive_get_)
    QActive_post                             0x00000ae5   Thumb Code   164  qa_fifo.o(i.QActive_post)
    QActive_postLIFO                         0x00000b99   Thumb Code   136  qa_lifo.o(i.QActive_postLIFO)
    QActive_start                            0x00000c31   Thumb Code    78  qvanilla.o(i.QActive_start)
    QActive_subscribe                        0x00000c85   Thumb Code    96  qa_sub.o(i.QActive_subscribe)
    QEQueue_init                             0x00000cfd   Thumb Code    22  qeq_init.o(i.QEQueue_init)
    QF_add_                                  0x00000d15   Thumb Code    52  qf_act.o(i.QF_add_)
    QF_gc                                    0x00000d51   Thumb Code    82  qf_gc.o(i.QF_gc)
    QF_init                                  0x00000db1   Thumb Code     2  qvanilla.o(i.QF_init)
    QF_newX_                                 0x00000db5   Thumb Code   114  qf_new.o(i.QF_newX_)
    QF_onIdle                                0x00000e35   Thumb Code    22  bsp.o(i.QF_onIdle)
    QF_onStartup                             0x00000e55   Thumb Code   122  bsp.o(i.QF_onStartup)
    QF_poolInit                              0x00000edd   Thumb Code   102  qf_pool.o(i.QF_poolInit)
    QF_psInit                                0x00000f51   Thumb Code    10  qf_psini.o(i.QF_psInit)
    QF_publish                               0x00000f65   Thumb Code   150  qf_pspub.o(i.QF_publish)
    QF_run                                   0x00001011   Thumb Code   110  qvanilla.o(i.QF_run)
    QF_tickX                                 0x00001089   Thumb Code   184  qf_tick.o(i.QF_tickX)
    QHsm_ctor                                0x00001149   Thumb Code    12  qhsm_ini.o(i.QHsm_ctor)
    QHsm_dispatch                            0x0000115d   Thumb Code   552  qhsm_dis.o(i.QHsm_dispatch)
    QHsm_init                                0x0000138d   Thumb Code   164  qhsm_ini.o(i.QHsm_init)
    QHsm_top                                 0x0000143d   Thumb Code     6  qhsm_top.o(i.QHsm_top)
    QMPool_get                               0x00001445   Thumb Code    68  qmp_get.o(i.QMPool_get)
    QMPool_init                              0x0000148d   Thumb Code   138  qmp_init.o(i.QMPool_init)
    QMPool_put                               0x0000151d   Thumb Code    72  qmp_put.o(i.QMPool_put)
    QTimeEvt_armX                            0x00001569   Thumb Code   106  qte_arm.o(i.QTimeEvt_armX)
    QTimeEvt_ctorX                           0x000015dd   Thumb Code    50  qte_ctor.o(i.QTimeEvt_ctorX)
    Q_onAssert                               0x00001615   Thumb Code    10  bsp.o(i.Q_onAssert)
    SysTick_Handler                          0x00001621   Thumb Code   136  bsp.o(i.SysTick_Handler)
    SystemInit                               0x000016bd   Thumb Code   570  system_lm3s.o(i.SystemInit)
    Table_ctor                               0x00001981   Thumb Code    38  table.o(i.Table_ctor)
    assert_failed                            0x00001d59   Thumb Code    12  bsp.o(i.assert_failed)
    main                                     0x00001d65   Thumb Code   110  main.o(i.main)
    AO_Philo                                 0x000020b4   Data          20  philo.o(.constdata)
    AO_Table                                 0x000020d0   Data           4  table.o(.constdata)
    QF_pwr2Lkup                              0x000021ca   Data          65  qf_pwr2.o(.constdata)
    QF_invPwr2Lkup                           0x0000220b   Data          65  qf_pwr2.o(.constdata)
    QF_div8Lkup                              0x0000224c   Data          65  qf_pwr2.o(.constdata)
    QEP_reservedEvt_                         0x0000229e   Data          16  qep.o(.constdata)
    Region$$Table$$Base                      0x000022b8   Number         0  anon$$obj.o(Region$$Table)
    Region$$Table$$Limit                     0x000022d8   Number         0  anon$$obj.o(Region$$Table)
    SystemFrequency                          0x20000018   Data           4  system_lm3s.o(.data)
    QF_maxPool_                              0x2000001c   Data           4  qf_pool.o(.data)
    QF_subscrList_                           0x20000020   Data           4  qf_psini.o(.data)
    QF_maxSignal_                            0x20000024   Data           4  qf_psini.o(.data)
    QF_pool_                                 0x2000022c   Data          60  qf_pool.o(.bss)
    QF_timeEvtHead_                          0x20000268   Data          32  qf_tick.o(.bss)
    QF_readySet_                             0x20000288   Data           9  qvanilla.o(.bss)
    QF_active_                               0x20000294   Data         132  qf_act.o(.bss)
    __libspace_start                         0x20000318   Data          96  libspace.o(.bss)
    __temporary_stack_top$libspace           0x20000378   Data           0  libspace.o(.bss)



==============================================================================

Memory Map of the image

  Image Entry point : 0x000000f1

  Load Region LR_IROM1 (Base: 0x00000000, Size: 0x00002300, Max: 0x00010000, ABSOLUTE)

    Execution Region ER_IROM1 (Base: 0x00000000, Size: 0x000022d8, Max: 0x00010000, ABSOLUTE)

    Base Addr    Size         Type   Attr      Idx    E Section Name        Object

    0x00000000   0x00000160   Code   RO          382  * RESET               startup_lm3s.o
    0x00000160   0x00000008   Code   RO          856  * !!!main             c_w.l(__main.o)
    0x00000168   0x00000034   Code   RO         1010    !!!scatter          c_w.l(__scatter.o)
    0x0000019c   0x0000001a   Code   RO         1012    !!handler_copy      c_w.l(__scatter_copy.o)
    0x000001b6   0x00000002   PAD
    0x000001b8   0x0000001c   Code   RO         1014    !!handler_zi        c_w.l(__scatter_zi.o)
    0x000001d4   0x00000002   Code   RO          883    .ARM.Collect$$libinit$$00000000  c_w.l(libinit.o)
    0x000001d6   0x00000000   Code   RO          890    .ARM.Collect$$libinit$$00000002  c_w.l(libinit2.o)
    0x000001d6   0x00000000   Code   RO          893    .ARM.Collect$$libinit$$00000008  c_w.l(libinit2.o)
    0x000001d6   0x00000000   Code   RO          895    .ARM.Collect$$libinit$$0000000A  c_w.l(libinit2.o)
    0x000001d6   0x00000000   Code   RO          897    .ARM.Collect$$libinit$$0000000C  c_w.l(libinit2.o)
    0x000001d6   0x00000000   Code   RO          900    .ARM.Collect$$libinit$$0000000F  c_w.l(libinit2.o)
    0x000001d6   0x00000000   Code   RO          902    .ARM.Collect$$libinit$$00000011  c_w.l(libinit2.o)
    0x000001d6   0x00000000   Code   RO          904    .ARM.Collect$$libinit$$00000013  c_w.l(libinit2.o)
    0x000001d6   0x00000000   Code   RO          906    .ARM.Collect$$libinit$$00000015  c_w.l(libinit2.o)
    0x000001d6   0x00000000   Code   RO          908    .ARM.Collect$$libinit$$00000017  c_w.l(libinit2.o)
    0x000001d6   0x00000000   Code   RO          910    .ARM.Collect$$libinit$$00000019  c_w.l(libinit2.o)
    0x000001d6   0x00000000   Code   RO          912    .ARM.Collect$$libinit$$0000001B  c_w.l(libinit2.o)
    0x000001d6   0x00000000   Code   RO          914    .ARM.Collect$$libinit$$0000001D  c_w.l(libinit2.o)
    0x000001d6   0x00000000   Code   RO          916    .ARM.Collect$$libinit$$0000001F  c_w.l(libinit2.o)
    0x000001d6   0x00000000   Code   RO          918    .ARM.Collect$$libinit$$00000021  c_w.l(libinit2.o)
    0x000001d6   0x00000000   Code   RO          920    .ARM.Collect$$libinit$$00000023  c_w.l(libinit2.o)
    0x000001d6   0x00000000   Code   RO          924    .ARM.Collect$$libinit$$0000002A  c_w.l(libinit2.o)
    0x000001d6   0x00000000   Code   RO          926    .ARM.Collect$$libinit$$0000002C  c_w.l(libinit2.o)
    0x000001d6   0x00000000   Code   RO          928    .ARM.Collect$$libinit$$0000002E  c_w.l(libinit2.o)
    0x000001d6   0x00000000   Code   RO          930    .ARM.Collect$$libinit$$00000030  c_w.l(libinit2.o)
    0x000001d6   0x00000002   Code   RO          931    .ARM.Collect$$libinit$$00000031  c_w.l(libinit2.o)
    0x000001d8   0x00000002   Code   RO          951    .ARM.Collect$$libshutdown$$00000000  c_w.l(libshutdown.o)
    0x000001da   0x00000000   Code   RO          965    .ARM.Collect$$libshutdown$$00000003  c_w.l(libshutdown2.o)
    0x000001da   0x00000000   Code   RO          968    .ARM.Collect$$libshutdown$$00000006  c_w.l(libshutdown2.o)
    0x000001da   0x00000000   Code   RO          971    .ARM.Collect$$libshutdown$$00000009  c_w.l(libshutdown2.o)
    0x000001da   0x00000000   Code   RO          973    .ARM.Collect$$libshutdown$$0000000B  c_w.l(libshutdown2.o)
    0x000001da   0x00000000   Code   RO          976    .ARM.Collect$$libshutdown$$0000000E  c_w.l(libshutdown2.o)
    0x000001da   0x00000002   Code   RO          977    .ARM.Collect$$libshutdown$$0000000F  c_w.l(libshutdown2.o)
    0x000001dc   0x00000000   Code   RO          858    .ARM.Collect$$rtentry$$00000000  c_w.l(rtentry.o)
    0x000001dc   0x00000000   Code   RO          860    .ARM.Collect$$rtentry$$00000002  c_w.l(rtentry2.o)
    0x000001dc   0x00000006   Code   RO          872    .ARM.Collect$$rtentry$$00000004  c_w.l(rtentry4.o)
    0x000001e2   0x00000000   Code   RO          862    .ARM.Collect$$rtentry$$00000009  c_w.l(rtentry2.o)
    0x000001e2   0x00000004   Code   RO          863    .ARM.Collect$$rtentry$$0000000A  c_w.l(rtentry2.o)
    0x000001e6   0x00000000   Code   RO          865    .ARM.Collect$$rtentry$$0000000C  c_w.l(rtentry2.o)
    0x000001e6   0x00000008   Code   RO          866    .ARM.Collect$$rtentry$$0000000D  c_w.l(rtentry2.o)
    0x000001ee   0x00000002   Code   RO          887    .ARM.Collect$$rtexit$$00000000  c_w.l(rtexit.o)
    0x000001f0   0x00000000   Code   RO          933    .ARM.Collect$$rtexit$$00000002  c_w.l(rtexit2.o)
    0x000001f0   0x00000004   Code   RO          934    .ARM.Collect$$rtexit$$00000003  c_w.l(rtexit2.o)
    0x000001f4   0x00000006   Code   RO          935    .ARM.Collect$$rtexit$$00000004  c_w.l(rtexit2.o)
    0x000001fa   0x00000002   PAD
    0x000001fc   0x00000006   Code   RO          172    .emb_text           display96x16x1.o
    0x00000202   0x00000002   PAD
    0x00000204   0x00000018   Code   RO          383    .text               startup_lm3s.o
    0x0000021c   0x00000006   Code   RO          854    .text               c_w.l(heapauxi.o)
    0x00000222   0x0000004a   Code   RO          874    .text               c_w.l(sys_stackheap_outer.o)
    0x0000026c   0x0000000c   Code   RO          876    .text               c_w.l(exit.o)
    0x00000278   0x00000008   Code   RO          884    .text               c_w.l(libspace.o)
    0x00000280   0x0000000c   Code   RO          943    .text               c_w.l(sys_exit.o)
    0x0000028c   0x00000002   Code   RO          954    .text               c_w.l(use_no_semi.o)
    0x0000028e   0x00000000   Code   RO          956    .text               c_w.l(indicate_semi.o)
    0x0000028e   0x00000002   PAD
    0x00000290   0x00000020   Code   RO            3    i.BSP_displayPaused  bsp.o
    0x000002b0   0x00000024   Code   RO            4    i.BSP_displayPhilStat  bsp.o
    0x000002d4   0x000000b0   Code   RO            5    i.BSP_init          bsp.o
    0x00000384   0x0000001c   Code   RO            6    i.BSP_random        bsp.o
    0x000003a0   0x0000000c   Code   RO            7    i.BSP_randomSeed    bsp.o
    0x000003ac   0x00000002   Code   RO            8    i.BSP_terminate     bsp.o
    0x000003ae   0x00000002   PAD
    0x000003b0   0x00000078   Code   RO          173    i.Display96x16x1Clear  display96x16x1.o
    0x00000428   0x000001ec   Code   RO          177    i.Display96x16x1Init  display96x16x1.o
    0x00000614   0x000000c0   Code   RO          178    i.Display96x16x1StringDraw  display96x16x1.o
    0x000006d4   0x00000038   Code   RO          179    i.Display96x16x1WriteArray  display96x16x1.o
    0x0000070c   0x0000002c   Code   RO          180    i.Display96x16x1WriteByte  display96x16x1.o
    0x00000738   0x0000003c   Code   RO          181    i.Display96x16x1WriteFinal  display96x16x1.o
    0x00000774   0x00000014   Code   RO          182    i.Display96x16x1WriteFirst  display96x16x1.o
    0x00000788   0x00000028   Code   RO            9    i.GPIOPortA_IRQHandler  bsp.o
    0x000007b0   0x00000028   Code   RO           10    i.NVIC_SetPriority  bsp.o
    0x000007d8   0x00000038   Code   RO          265    i.Philo_ctor        philo.o
    0x00000810   0x000000b8   Code   RO          266    i.Philo_eating      philo.o
    0x000008c8   0x000000a8   Code   RO          267    i.Philo_hungry      philo.o
    0x00000970   0x0000002c   Code   RO          268    i.Philo_initial     philo.o
    0x0000099c   0x00000090   Code   RO          269    i.Philo_thinking    philo.o
    0x00000a2c   0x00000018   Code   RO          417    i.QActive_ctor      libqp_Cortex-M3.a(qa_ctor.o)
    0x00000a44   0x000000a0   Code   RO          698    i.QActive_get_      libqp_Cortex-M3.a(qa_get_.o)
    0x00000ae4   0x000000b4   Code   RO          670    i.QActive_post      libqp_Cortex-M3.a(qa_fifo.o)
    0x00000b98   0x00000098   Code   RO          684    i.QActive_postLIFO  libqp_Cortex-M3.a(qa_lifo.o)
    0x00000c30   0x00000054   Code   RO          593    i.QActive_start     libqp_Cortex-M3.a(qvanilla.o)
    0x00000c84   0x00000078   Code   RO          454    i.QActive_subscribe  libqp_Cortex-M3.a(qa_sub.o)
    0x00000cfc   0x00000016   Code   RO          718    i.QEQueue_init      libqp_Cortex-M3.a(qeq_init.o)
    0x00000d12   0x00000002   PAD
    0x00000d14   0x0000003c   Code   RO          730    i.QF_add_           libqp_Cortex-M3.a(qf_act.o)
    0x00000d50   0x00000060   Code   RO          761    i.QF_gc             libqp_Cortex-M3.a(qf_gc.o)
    0x00000db0   0x00000002   Code   RO          595    i.QF_init           libqp_Cortex-M3.a(qvanilla.o)
    0x00000db2   0x00000002   PAD
    0x00000db4   0x00000080   Code   RO          471    i.QF_newX_          libqp_Cortex-M3.a(qf_new.o)
    0x00000e34   0x00000020   Code   RO           12    i.QF_onIdle         bsp.o
    0x00000e54   0x00000088   Code   RO           13    i.QF_onStartup      bsp.o
    0x00000edc   0x00000074   Code   RO          485    i.QF_poolInit       libqp_Cortex-M3.a(qf_pool.o)
    0x00000f50   0x00000014   Code   RO          506    i.QF_psInit         libqp_Cortex-M3.a(qf_psini.o)
    0x00000f64   0x000000ac   Code   RO          525    i.QF_publish        libqp_Cortex-M3.a(qf_pspub.o)
    0x00001010   0x00000078   Code   RO          596    i.QF_run            libqp_Cortex-M3.a(qvanilla.o)
    0x00001088   0x000000c0   Code   RO          540    i.QF_tickX          libqp_Cortex-M3.a(qf_tick.o)
    0x00001148   0x00000014   Code   RO          636    i.QHsm_ctor         libqp_Cortex-M3.a(qhsm_ini.o)
    0x0000115c   0x00000230   Code   RO          656    i.QHsm_dispatch     libqp_Cortex-M3.a(qhsm_dis.o)
    0x0000138c   0x000000b0   Code   RO          637    i.QHsm_init         libqp_Cortex-M3.a(qhsm_ini.o)
    0x0000143c   0x00000006   Code   RO          388    i.QHsm_top          libqp_Cortex-M3.a(qhsm_top.o)
    0x00001442   0x00000002   PAD
    0x00001444   0x00000048   Code   RO          793    i.QMPool_get        libqp_Cortex-M3.a(qmp_get.o)
    0x0000148c   0x00000090   Code   RO          812    i.QMPool_init       libqp_Cortex-M3.a(qmp_init.o)
    0x0000151c   0x0000004c   Code   RO          838    i.QMPool_put        libqp_Cortex-M3.a(qmp_put.o)
    0x00001568   0x00000074   Code   RO          579    i.QTimeEvt_armX     libqp_Cortex-M3.a(qte_arm.o)
    0x000015dc   0x00000038   Code   RO          565    i.QTimeEvt_ctorX    libqp_Cortex-M3.a(qte_ctor.o)
    0x00001614   0x0000000a   Code   RO           14    i.Q_onAssert        bsp.o
    0x0000161e   0x00000002   PAD
    0x00001620   0x0000009c   Code   RO           15    i.SysTick_Handler   bsp.o
    0x000016bc   0x00000288   Code   RO          348    i.SystemInit        system_lm3s.o
    0x00001944   0x0000003c   Code   RO          306    i.Table_active      table.o
    0x00001980   0x00000030   Code   RO          307    i.Table_ctor        table.o
    0x000019b0   0x00000058   Code   RO          308    i.Table_initial     table.o
    0x00001a08   0x000000fc   Code   RO          309    i.Table_paused      table.o
    0x00001b04   0x00000254   Code   RO          310    i.Table_serving     table.o
    0x00001d58   0x0000000c   Code   RO           16    i.assert_failed     bsp.o
    0x00001d64   0x00000088   Code   RO          251    i.main              main.o
    0x00001dec   0x0000000e   Data   RO           17    .constdata          bsp.o
    0x00001dfa   0x000002b1   Data   RO          183    .constdata          display96x16x1.o
    0x000020ab   0x00000001   PAD
    0x000020ac   0x0000001c   Data   RO          271    .constdata          philo.o
    0x000020c8   0x0000000c   Data   RO          312    .constdata          table.o
    0x000020d4   0x0000005c   Data   RO          349    .constdata          system_lm3s.o
    0x00002130   0x00000014   Data   RO          418    .constdata          libqp_Cortex-M3.a(qa_ctor.o)
    0x00002144   0x00000007   Data   RO          455    .constdata          libqp_Cortex-M3.a(qa_sub.o)
    0x0000214b   0x00000007   Data   RO          472    .constdata          libqp_Cortex-M3.a(qf_new.o)
    0x00002152   0x00000008   Data   RO          487    .constdata          libqp_Cortex-M3.a(qf_pool.o)
    0x0000215a   0x00000009   Data   RO          526    .constdata          libqp_Cortex-M3.a(qf_pspub.o)
    0x00002163   0x00000008   Data   RO          542    .constdata          libqp_Cortex-M3.a(qf_tick.o)
    0x0000216b   0x00000009   Data   RO          566    .constdata          libqp_Cortex-M3.a(qte_ctor.o)
    0x00002174   0x00000008   Data   RO          580    .constdata          libqp_Cortex-M3.a(qte_arm.o)
    0x0000217c   0x00000009   Data   RO          599    .constdata          libqp_Cortex-M3.a(qvanilla.o)
    0x00002185   0x00000003   PAD
    0x00002188   0x00000014   Data   RO          638    .constdata          libqp_Cortex-M3.a(qhsm_ini.o)
    0x0000219c   0x00000009   Data   RO          657    .constdata          libqp_Cortex-M3.a(qhsm_dis.o)
    0x000021a5   0x00000008   Data   RO          671    .constdata          libqp_Cortex-M3.a(qa_fifo.o)
    0x000021ad   0x00000008   Data   RO          685    .constdata          libqp_Cortex-M3.a(qa_lifo.o)
    0x000021b5   0x00000008   Data   RO          700    .constdata          libqp_Cortex-M3.a(qa_get_.o)
    0x000021bd   0x00000007   Data   RO          733    .constdata          libqp_Cortex-M3.a(qf_act.o)
    0x000021c4   0x00000006   Data   RO          762    .constdata          libqp_Cortex-M3.a(qf_gc.o)
    0x000021ca   0x000000c3   Data   RO          775    .constdata          libqp_Cortex-M3.a(qf_pwr2.o)
    0x0000228d   0x00000008   Data   RO          794    .constdata          libqp_Cortex-M3.a(qmp_get.o)
    0x00002295   0x00000009   Data   RO          813    .constdata          libqp_Cortex-M3.a(qmp_init.o)
    0x0000229e   0x00000010   Data   RO          826    .constdata          libqp_Cortex-M3.a(qep.o)
    0x000022ae   0x00000008   Data   RO          839    .constdata          libqp_Cortex-M3.a(qmp_put.o)
    0x000022b6   0x00000002   PAD
    0x000022b8   0x00000020   Data   RO         1008    Region$$Table       anon$$obj.o


    Execution Region RW_IRAM1 (Base: 0x20000000, Size: 0x00000578, Max: 0x00002000, ABSOLUTE)

    Base Addr    Size         Type   Attr      Idx    E Section Name        Object

    0x20000000   0x0000000c   Data   RW           18    .data               bsp.o
    0x2000000c   0x00000008   Data   RW          184    .data               display96x16x1.o
    0x20000014   0x00000001   Data   RW          272    .data               philo.o
    0x20000015   0x00000003   PAD
    0x20000018   0x00000004   Data   RW          350    .data               system_lm3s.o
    0x2000001c   0x00000004   Data   RW          488    .data               libqp_Cortex-M3.a(qf_pool.o)
    0x20000020   0x00000008   Data   RW          507    .data               libqp_Cortex-M3.a(qf_psini.o)
    0x20000028   0x000000e8   Zero   RW          252    .bss                main.o
    0x20000110   0x000000f0   Zero   RW          270    .bss                philo.o
    0x20000200   0x0000002c   Zero   RW          311    .bss                table.o
    0x2000022c   0x0000003c   Zero   RW          486    .bss                libqp_Cortex-M3.a(qf_pool.o)
    0x20000268   0x00000020   Zero   RW          541    .bss                libqp_Cortex-M3.a(qf_tick.o)
    0x20000288   0x00000009   Zero   RW          598    .bss                libqp_Cortex-M3.a(qvanilla.o)
    0x20000291   0x00000003   PAD
    0x20000294   0x00000084   Zero   RW          732    .bss                libqp_Cortex-M3.a(qf_act.o)
    0x20000318   0x00000060   Zero   RW          885    .bss                c_w.l(libspace.o)
    0x20000378   0x00000000   Zero   RW          381    HEAP                startup_lm3s.o
    0x20000378   0x00000200   Zero   RW          380    STACK               startup_lm3s.o


==============================================================================

Image component sizes


      Code (inc. data)   RO Data    RW Data    ZI Data      Debug   Object Name

       712        134         14         12          0      54660   bsp.o
       990        144        689          8          0       5578   display96x16x1.o
       136         26          0          0        232       1023   main.o
       596         70         28          1        240       4011   philo.o
       376        254          0          0        512        440   startup_lm3s.o
       648         78         92          4          0       1511   system_lm3s.o
      1044        142         12          0         44       4571   table.o

    ----------------------------------------------------------------------
      4508        848        868         28       1028      71794   Object Totals
         0          0         32          0          0          0   (incl. Generated)
         6          0          1          3          0          0   (incl. Padding)

    ----------------------------------------------------------------------

      Code (inc. data)   RO Data    RW Data    ZI Data      Debug   Library Member Name

         8          0          0          0          0         68   __main.o
        52          8          0          0          0          0   __scatter.o
        26          0          0          0          0          0   __scatter_copy.o
        28          0          0          0          0          0   __scatter_zi.o
        12          0          0          0          0         72   exit.o
         6          0          0          0          0        152   heapauxi.o
         0          0          0          0          0          0   indicate_semi.o
         2          0          0          0          0          0   libinit.o
         2          0          0          0          0          0   libinit2.o
         2          0          0          0          0          0   libshutdown.o
         2          0          0          0          0          0   libshutdown2.o
         8          4          0          0         96         68   libspace.o
         0          0          0          0          0          0   rtentry.o
        12          0          0          0          0          0   rtentry2.o
         6          0          0          0          0          0   rtentry4.o
         2          0          0          0          0          0   rtexit.o
        10          0          0          0          0          0   rtexit2.o
        12          4          0          0          0         68   sys_exit.o
        74          0          0          0          0         80   sys_stackheap_outer.o
         2          0          0          0          0         68   use_no_semi.o
        24          4         20          0          0       6575   qa_ctor.o
       180         16          8          0          0       1195   qa_fifo.o
       160         18          8          0          0       1087   qa_get_.o
       152         16          8          0          0       1111   qa_lifo.o
       120         24          7          0          0       1028   qa_sub.o
         0          0         16          0          0        451   qep.o
        22          0          0          0          0        783   qeq_init.o
        60          8          7          0        132       3336   qf_act.o
        96         14          6          0          0        988   qf_gc.o
       128         14          7          0          0       1107   qf_new.o
       116         14          8          4         60       1141   qf_pool.o
        20         10          0          8          0        967   qf_psini.o
       172         22          9          0          0       1145   qf_pspub.o
         0          0        195          0          0        557   qf_pwr2.o
       192          8          8          0         32       1237   qf_tick.o
       560          8          9          0          0       1580   qhsm_dis.o
       196         20         20          0          0       1648   qhsm_ini.o
         6          0          0          0          0       3583   qhsm_top.o
        72          4          8          0          0       1057   qmp_get.o
       144          6          9          0          0       1202   qmp_init.o
        76          4          8          0          0       1057   qmp_put.o
       116         10          8          0          0       1092   qte_arm.o
        56          6          9          0          0       1049   qte_ctor.o
       206         16          9          0          9       2198   qvanilla.o

    ----------------------------------------------------------------------
      3152        258        392         12        332      37750   Library Totals
        12          0          5          0          3          0   (incl. Padding)

    ----------------------------------------------------------------------

      Code (inc. data)   RO Data    RW Data    ZI Data      Debug   Library Name

       266         16          0          0         96        576   c_w.l
      2874        242        387         12        233      37174   libqp_Cortex-M3.a

    ----------------------------------------------------------------------
      3152        258        392         12        332      37750   Library Totals

    ----------------------------------------------------------------------

==============================================================================


      Code (inc. data)   RO Data    RW Data    ZI Data      Debug   

      7660       1106       1260         40       1360     106476   Grand Totals
      7660       1106       1260         40       1360     106476   ELF Image Totals
      7660       1106       1260         40          0          0   ROM Totals

==============================================================================

    Total RO  Size (Code + RO Data)                 8920 (   8.71kB)
    Total RW  Size (RW Data + ZI Data)              1400 (   1.37kB)
    Total ROM Size (Code + RO Data + RW Data)       8960 (   8.75kB)

==============================================================================

