Archive member included because of file (symbol)

D:\qp\qpc/ports/arm-cortex/qk/gnu/rel\libqp_cortex-m0_cr.a(qhsm_top.o)
                              rel/table.o (QHsm_top)
D:\qp\qpc/ports/arm-cortex/qk/gnu/rel\libqp_cortex-m0_cr.a(qa_fifo.o)
                              rel/philo.o (QActive_postFIFO)
D:\qp\qpc/ports/arm-cortex/qk/gnu/rel\libqp_cortex-m0_cr.a(qa_sub.o)
                              rel/table.o (QActive_subscribe)
D:\qp\qpc/ports/arm-cortex/qk/gnu/rel\libqp_cortex-m0_cr.a(qf_act.o)
                              D:\qp\qpc/ports/arm-cortex/qk/gnu/rel\libqp_cortex-m0_cr.a(qa_sub.o) (QF_active_)
D:\qp\qpc/ports/arm-cortex/qk/gnu/rel\libqp_cortex-m0_cr.a(qf_new.o)
                              rel/table.o (QF_new_)
D:\qp\qpc/ports/arm-cortex/qk/gnu/rel\libqp_cortex-m0_cr.a(qf_pool.o)
                              rel/main.o (QF_poolInit)
D:\qp\qpc/ports/arm-cortex/qk/gnu/rel\libqp_cortex-m0_cr.a(qf_psini.o)
                              rel/main.o (QF_psInit)
D:\qp\qpc/ports/arm-cortex/qk/gnu/rel\libqp_cortex-m0_cr.a(qf_pspub.o)
                              rel/table.o (QF_publish)
D:\qp\qpc/ports/arm-cortex/qk/gnu/rel\libqp_cortex-m0_cr.a(qf_pwr2.o)
                              D:\qp\qpc/ports/arm-cortex/qk/gnu/rel\libqp_cortex-m0_cr.a(qa_fifo.o) (QF_div8Lkup)
D:\qp\qpc/ports/arm-cortex/qk/gnu/rel\libqp_cortex-m0_cr.a(qf_tick.o)
                              rel/bsp.o (QF_tick)
D:\qp\qpc/ports/arm-cortex/qk/gnu/rel\libqp_cortex-m0_cr.a(qmp_get.o)
                              D:\qp\qpc/ports/arm-cortex/qk/gnu/rel\libqp_cortex-m0_cr.a(qf_new.o) (QMPool_get)
D:\qp\qpc/ports/arm-cortex/qk/gnu/rel\libqp_cortex-m0_cr.a(qmp_init.o)
                              D:\qp\qpc/ports/arm-cortex/qk/gnu/rel\libqp_cortex-m0_cr.a(qf_pool.o) (QMPool_init)
D:\qp\qpc/ports/arm-cortex/qk/gnu/rel\libqp_cortex-m0_cr.a(qte_ctor.o)
                              rel/philo.o (QTimeEvt_ctor)
D:\qp\qpc/ports/arm-cortex/qk/gnu/rel\libqp_cortex-m0_cr.a(qte_arm.o)
                              rel/philo.o (QTimeEvt_arm_)
D:\qp\qpc/ports/arm-cortex/qk/gnu/rel\libqp_cortex-m0_cr.a(qk.o)
                              rel/main.o (QF_init)
D:\qp\qpc/ports/arm-cortex/qk/gnu/rel\libqp_cortex-m0_cr.a(qk_sched.o)
                              D:\qp\qpc/ports/arm-cortex/qk/gnu/rel\libqp_cortex-m0_cr.a(qa_fifo.o) (QK_schedPrio_)
D:\qp\qpc/ports/arm-cortex/qk/gnu/rel\libqp_cortex-m0_cr.a(qk_mutex.o)
                              D:\qp\qpc/ports/arm-cortex/qk/gnu/rel\libqp_cortex-m0_cr.a(qk_sched.o) (QK_ceilingPrio_)
D:\qp\qpc/ports/arm-cortex/qk/gnu/rel\libqp_cortex-m0_cr.a(qk_port.o)
                              D:\qp\qpc/ports/arm-cortex/qk/gnu/rel\libqp_cortex-m0_cr.a(qk.o) (QK_init)
D:\qp\qpc/ports/arm-cortex/qk/gnu/rel\libqp_cortex-m0_cr.a(qhsm_ini.o)
                              D:\qp\qpc/ports/arm-cortex/qk/gnu/rel\libqp_cortex-m0_cr.a(qk.o) (QHsm_init)
D:\qp\qpc/ports/arm-cortex/qk/gnu/rel\libqp_cortex-m0_cr.a(qhsm_dis.o)
                              D:\qp\qpc/ports/arm-cortex/qk/gnu/rel\libqp_cortex-m0_cr.a(qk_sched.o) (QHsm_dispatch)
D:\qp\qpc/ports/arm-cortex/qk/gnu/rel\libqp_cortex-m0_cr.a(qa_get_.o)
                              D:\qp\qpc/ports/arm-cortex/qk/gnu/rel\libqp_cortex-m0_cr.a(qk_sched.o) (QActive_get_)
D:\qp\qpc/ports/arm-cortex/qk/gnu/rel\libqp_cortex-m0_cr.a(qeq_init.o)
                              D:\qp\qpc/ports/arm-cortex/qk/gnu/rel\libqp_cortex-m0_cr.a(qk.o) (QEQueue_init)
D:\qp\qpc/ports/arm-cortex/qk/gnu/rel\libqp_cortex-m0_cr.a(qf_gc.o)
                              D:\qp\qpc/ports/arm-cortex/qk/gnu/rel\libqp_cortex-m0_cr.a(qf_pspub.o) (QF_gc)
D:\qp\qpc/ports/arm-cortex/qk/gnu/rel\libqp_cortex-m0_cr.a(qf_log2.o)
                              D:\qp\qpc/ports/arm-cortex/qk/gnu/rel\libqp_cortex-m0_cr.a(qf_pspub.o) (QF_log2Lkup)
D:\qp\qpc/ports/arm-cortex/qk/gnu/rel\libqp_cortex-m0_cr.a(qmp_put.o)
                              D:\qp\qpc/ports/arm-cortex/qk/gnu/rel\libqp_cortex-m0_cr.a(qf_gc.o) (QMPool_put)
D:\qp\qpc/ports/arm-cortex/qk/gnu/rel\libqp_cortex-m0_cr.a(qep.o)
                              D:\qp\qpc/ports/arm-cortex/qk/gnu/rel\libqp_cortex-m0_cr.a(qhsm_ini.o) (QEP_reservedEvt_)
c:/tools/codered/lpcxpresso/tools/bin/../lib/gcc/arm-none-eabi/4.6.2/../../../../arm-none-eabi/lib/armv6-m\libc.a(lib_a-init.o)
                              rel/startup_LPC11xx.o (__libc_init_array)
c:/tools/codered/lpcxpresso/tools/bin/../lib/gcc/arm-none-eabi/4.6.2/armv6-m\libgcc.a(_thumb1_case_uqi.o)
                              rel/table.o (__gnu_thumb1_case_uqi)
c:/tools/codered/lpcxpresso/tools/bin/../lib/gcc/arm-none-eabi/4.6.2/armv6-m\libgcc.a(_udivsi3.o)
                              rel/bsp.o (__aeabi_uidiv)
c:/tools/codered/lpcxpresso/tools/bin/../lib/gcc/arm-none-eabi/4.6.2/armv6-m\libgcc.a(_dvmd_tls.o)
                              c:/tools/codered/lpcxpresso/tools/bin/../lib/gcc/arm-none-eabi/4.6.2/armv6-m\libgcc.a(_udivsi3.o) (__aeabi_idiv0)

Allocating common symbols
Common symbol       size              file

QF_maxSignal_       0x4               D:\qp\qpc/ports/arm-cortex/qk/gnu/rel\libqp_cortex-m0_cr.a(qf_psini.o)
QF_intLockNest_     0x1               D:\qp\qpc/ports/arm-cortex/qk/gnu/rel\libqp_cortex-m0_cr.a(qf_act.o)
UARTBuffer          0x40              rel/uart.o
QF_timeEvtListHead_
                    0x4               D:\qp\qpc/ports/arm-cortex/qk/gnu/rel\libqp_cortex-m0_cr.a(qte_arm.o)
QK_readySet_        0x9               D:\qp\qpc/ports/arm-cortex/qk/gnu/rel\libqp_cortex-m0_cr.a(qk.o)
QF_pool_            0x78              D:\qp\qpc/ports/arm-cortex/qk/gnu/rel\libqp_cortex-m0_cr.a(qf_pool.o)
QF_active_          0x84              D:\qp\qpc/ports/arm-cortex/qk/gnu/rel\libqp_cortex-m0_cr.a(qf_act.o)
UARTStatus          0x4               rel/uart.o
QK_ceilingPrio_     0x1               D:\qp\qpc/ports/arm-cortex/qk/gnu/rel\libqp_cortex-m0_cr.a(qk_mutex.o)
QK_intNest_         0x1               D:\qp\qpc/ports/arm-cortex/qk/gnu/rel\libqp_cortex-m0_cr.a(qk.o)
QF_subscrList_      0x4               D:\qp\qpc/ports/arm-cortex/qk/gnu/rel\libqp_cortex-m0_cr.a(qf_psini.o)
QF_maxPool_         0x1               D:\qp\qpc/ports/arm-cortex/qk/gnu/rel\libqp_cortex-m0_cr.a(qf_pool.o)

Discarded input sections

 .ARM.attributes
                0x00000000       0x2c c:/tools/codered/lpcxpresso/tools/bin/../lib/gcc/arm-none-eabi/4.6.2/../../../../arm-none-eabi/lib/armv6-m\libc.a(lib_a-init.o)
 .debug_frame   0x00000000       0x2c c:/tools/codered/lpcxpresso/tools/bin/../lib/gcc/arm-none-eabi/4.6.2/../../../../arm-none-eabi/lib/armv6-m\libc.a(lib_a-init.o)
 .ARM.attributes
                0x00000000       0x1e c:/tools/codered/lpcxpresso/tools/bin/../lib/gcc/arm-none-eabi/4.6.2/armv6-m\libgcc.a(_thumb1_case_uqi.o)
 .debug_frame   0x00000000       0x20 c:/tools/codered/lpcxpresso/tools/bin/../lib/gcc/arm-none-eabi/4.6.2/armv6-m\libgcc.a(_udivsi3.o)
 .ARM.attributes
                0x00000000       0x1e c:/tools/codered/lpcxpresso/tools/bin/../lib/gcc/arm-none-eabi/4.6.2/armv6-m\libgcc.a(_udivsi3.o)
 .ARM.attributes
                0x00000000       0x1e c:/tools/codered/lpcxpresso/tools/bin/../lib/gcc/arm-none-eabi/4.6.2/armv6-m\libgcc.a(_dvmd_tls.o)

Memory Configuration

Name             Origin             Length             Attributes
ROM              0x00000000         0x00008000         xr
RAM              0x10000000         0x00002000         xrw
*default*        0x00000000         0xffffffff

Linker script and memory map

LOAD rel/startup_LPC11xx.o
LOAD rel/main.o
LOAD rel/table.o
LOAD rel/philo.o
LOAD rel/bsp.o
LOAD rel/no_heap.o
LOAD rel/system_LPC11xx.o
LOAD rel/clkconfig.o
LOAD rel/gpio.o
LOAD rel/timer16.o
LOAD rel/timer32.o
LOAD rel/uart.o
LOAD D:\qp\qpc/ports/arm-cortex/qk/gnu/rel\libqp_cortex-m0_cr.a
                0x00000258                STACK_SIZE = 0x258
                0x00000000                HEAP_SIZE = 0x0

.isr_vector     0x00000000       0xc0
 *(.isr_vector)
 .isr_vector    0x00000000       0xc0 rel/startup_LPC11xx.o
                0x00000000                g_pfnVectors
                0x000000c0                . = ALIGN (0x4)

.text           0x000000c0     0x20b0
                0x000000c0                . = ALIGN (0x4)
 *(.text)
 .text          0x000000c0       0x60 rel/startup_LPC11xx.o
                0x000000c0                TIMER16_0_IRQHandler
                0x000000c0                DebugMon_Handler
                0x000000c0                NMI_Handler
                0x000000c0                TIMER32_0_IRQHandler
                0x000000c0                TIMER32_1_IRQHandler
                0x000000c0                UsageFault_Handler
                0x000000c0                PIOINT1_IRQHandler
                0x000000c0                SSP_IRQHandler
                0x000000c0                Spurious_Handler
                0x000000c0                BusFault_Handler
                0x000000c0                TIMER16_1_IRQHandler
                0x000000c0                USB_FIQHandler
                0x000000c0                ADC_IRQHandler
                0x000000c0                PIOINT2_IRQHandler
                0x000000c0                USB_IRQHandler
                0x000000c0                BOD_IRQHandler
                0x000000c0                WAKEUP_IRQHandler
                0x000000c0                I2C_IRQHandler
                0x000000c0                MemManage_Handler
                0x000000c0                WDT_IRQHandler
                0x000000c0                PIOINT3_IRQHandler
                0x000000c0                FMC_IRQHandler
                0x000000d0                Reset_Handler
                0x0000011c                _init
 .text          0x00000120        0x0 rel/main.o
 .text          0x00000120      0x36c rel/table.o
                0x00000450                Table_ctor
 .text          0x0000048c      0x214 rel/philo.o
                0x0000066c                Philo_ctor
 .text          0x000006a0      0x194 rel/bsp.o
                0x00000704                SysTick_Handler
                0x00000734                PIOINT0_IRQHandler
                0x00000778                BSP_init
                0x0000078e                QF_onStartup
                0x000007e4                QF_onCleanup
                0x000007e6                QK_onIdle
                0x000007ea                assert_failed
                0x000007f0                Q_onAssert
                0x000007f6                BSP_displayPhilStat
                0x0000080c                BSP_displayPaused
                0x0000080e                BSP_random
                0x00000824                BSP_randomSeed
                0x00000830                BSP_terminate
 .text          0x00000834       0x38 rel/no_heap.o
                0x00000834                malloc
                0x00000848                free
                0x00000858                calloc
 .text          0x0000086c      0x12c rel/system_LPC11xx.o
                0x0000086c                SystemCoreClockUpdate
                0x00000908                SystemInit
 .text          0x00000998       0x70 rel/clkconfig.o
                0x00000998                WDT_CLK_Setup
                0x000009dc                CLKOUT_Setup
 .text          0x00000a08      0x2f8 rel/gpio.o
                0x00000a08                GPIOInit
                0x00000a38                GPIOSetDir
                0x00000ae0                GPIOSetValue
                0x00000b1c                GPIOSetInterrupt
                0x00000bf8                GPIOIntEnable
                0x00000c38                GPIOIntDisable
                0x00000c78                GPIOIntStatus
                0x00000cc0                GPIOIntClear
 .text          0x00000d00      0x188 rel/timer16.o
                0x00000d00                delayMs
                0x00000d88                enable_timer16
                0x00000da4                disable_timer16
                0x00000dc0                reset_timer16
                0x00000de0                init_timer16
 .text          0x00000e88      0x194 rel/timer32.o
                0x00000e88                delay32Ms
                0x00000f10                enable_timer32
                0x00000f2c                disable_timer32
                0x00000f48                reset_timer32
                0x00000f68                init_timer32
 .text          0x0000101c      0x20c rel/uart.o
                0x0000101c                UART_IRQHandler
                0x000010b8                ModemInit
                0x00001134                UARTInit
                0x00001204                UARTSend
 .text          0x00001228        0x4 D:\qp\qpc/ports/arm-cortex/qk/gnu/rel\libqp_cortex-m0_cr.a(qhsm_top.o)
                0x00001228                QHsm_top
 .text          0x0000122c       0xa0 D:\qp\qpc/ports/arm-cortex/qk/gnu/rel\libqp_cortex-m0_cr.a(qa_fifo.o)
                0x0000122c                QActive_postFIFO
 .text          0x000012cc       0x6c D:\qp\qpc/ports/arm-cortex/qk/gnu/rel\libqp_cortex-m0_cr.a(qa_sub.o)
                0x000012cc                QActive_subscribe
 .text          0x00001338       0x70 D:\qp\qpc/ports/arm-cortex/qk/gnu/rel\libqp_cortex-m0_cr.a(qf_act.o)
                0x00001338                QF_getVersion
                0x00001340                QF_add_
                0x00001374                QF_remove_
 .text          0x000013a8       0x5c D:\qp\qpc/ports/arm-cortex/qk/gnu/rel\libqp_cortex-m0_cr.a(qf_new.o)
                0x000013a8                QF_new_
 .text          0x00001404       0x60 D:\qp\qpc/ports/arm-cortex/qk/gnu/rel\libqp_cortex-m0_cr.a(qf_pool.o)
                0x00001404                QF_poolInit
 .text          0x00001464       0x14 D:\qp\qpc/ports/arm-cortex/qk/gnu/rel\libqp_cortex-m0_cr.a(qf_psini.o)
                0x00001464                QF_psInit
 .text          0x00001478       0x9c D:\qp\qpc/ports/arm-cortex/qk/gnu/rel\libqp_cortex-m0_cr.a(qf_pspub.o)
                0x00001478                QF_publish
 .text          0x00001514        0x0 D:\qp\qpc/ports/arm-cortex/qk/gnu/rel\libqp_cortex-m0_cr.a(qf_pwr2.o)
 .text          0x00001514       0x88 D:\qp\qpc/ports/arm-cortex/qk/gnu/rel\libqp_cortex-m0_cr.a(qf_tick.o)
                0x00001514                QF_tick
 .text          0x0000159c       0x6c D:\qp\qpc/ports/arm-cortex/qk/gnu/rel\libqp_cortex-m0_cr.a(qmp_get.o)
                0x0000159c                QMPool_get
                0x000015d4                QF_getPoolMargin
 .text          0x00001608       0x84 D:\qp\qpc/ports/arm-cortex/qk/gnu/rel\libqp_cortex-m0_cr.a(qmp_init.o)
                0x00001608                QMPool_init
 .text          0x0000168c       0x28 D:\qp\qpc/ports/arm-cortex/qk/gnu/rel\libqp_cortex-m0_cr.a(qte_ctor.o)
                0x0000168c                QTimeEvt_ctor
 .text          0x000016b4       0x58 D:\qp\qpc/ports/arm-cortex/qk/gnu/rel\libqp_cortex-m0_cr.a(qte_arm.o)
                0x000016b4                QTimeEvt_arm_
                0x000016fc                QF_noTimeEvtsActive
 .text          0x0000170c       0x98 D:\qp\qpc/ports/arm-cortex/qk/gnu/rel\libqp_cortex-m0_cr.a(qk.o)
                0x0000170c                QK_getVersion
                0x00001714                QF_init
                0x0000171c                QF_stop
                0x00001724                QF_run
                0x0000174c                QActive_start
                0x0000179c                QActive_stop
 .text          0x000017a4       0xb4 D:\qp\qpc/ports/arm-cortex/qk/gnu/rel\libqp_cortex-m0_cr.a(qk_sched.o)
                0x000017a4                QK_schedPrio_
                0x000017ec                QK_sched_
 .text          0x00001858       0x3c D:\qp\qpc/ports/arm-cortex/qk/gnu/rel\libqp_cortex-m0_cr.a(qk_mutex.o)
                0x00001858                QK_mutexLock
                0x00001870                QK_mutexUnlock
 .text          0x00001894        0x0 D:\qp\qpc/ports/arm-cortex/qk/gnu/rel\libqp_cortex-m0_cr.a(qk_port.o)
 .text          0x00001894       0xac D:\qp\qpc/ports/arm-cortex/qk/gnu/rel\libqp_cortex-m0_cr.a(qhsm_ini.o)
                0x00001894                QHsm_init
 .text          0x00001940      0x1fc D:\qp\qpc/ports/arm-cortex/qk/gnu/rel\libqp_cortex-m0_cr.a(qhsm_dis.o)
                0x00001940                QHsm_dispatch
 .text          0x00001b3c       0xa8 D:\qp\qpc/ports/arm-cortex/qk/gnu/rel\libqp_cortex-m0_cr.a(qa_get_.o)
                0x00001b3c                QActive_get_
                0x00001bb4                QF_getQueueMargin
 .text          0x00001be4       0x12 D:\qp\qpc/ports/arm-cortex/qk/gnu/rel\libqp_cortex-m0_cr.a(qeq_init.o)
                0x00001be4                QEQueue_init
 *fill*         0x00001bf6        0x2 00
 .text          0x00001bf8       0x4c D:\qp\qpc/ports/arm-cortex/qk/gnu/rel\libqp_cortex-m0_cr.a(qf_gc.o)
                0x00001bf8                QF_gc
 .text          0x00001c44        0x0 D:\qp\qpc/ports/arm-cortex/qk/gnu/rel\libqp_cortex-m0_cr.a(qf_log2.o)
 .text          0x00001c44       0x40 D:\qp\qpc/ports/arm-cortex/qk/gnu/rel\libqp_cortex-m0_cr.a(qmp_put.o)
                0x00001c44                QMPool_put
 .text          0x00001c84        0x8 D:\qp\qpc/ports/arm-cortex/qk/gnu/rel\libqp_cortex-m0_cr.a(qep.o)
                0x00001c84                QEP_getVersion
 .text          0x00001c8c        0x0 c:/tools/codered/lpcxpresso/tools/bin/../lib/gcc/arm-none-eabi/4.6.2/../../../../arm-none-eabi/lib/armv6-m\libc.a(lib_a-init.o)
 .text          0x00001c8c       0x14 c:/tools/codered/lpcxpresso/tools/bin/../lib/gcc/arm-none-eabi/4.6.2/armv6-m\libgcc.a(_thumb1_case_uqi.o)
                0x00001c8c                __gnu_thumb1_case_uqi
 .text          0x00001ca0       0x9c c:/tools/codered/lpcxpresso/tools/bin/../lib/gcc/arm-none-eabi/4.6.2/armv6-m\libgcc.a(_udivsi3.o)
                0x00001ca0                __aeabi_uidiv
                0x00001ca0                __udivsi3
                0x00001d28                __aeabi_uidivmod
 .text          0x00001d3c        0x4 c:/tools/codered/lpcxpresso/tools/bin/../lib/gcc/arm-none-eabi/4.6.2/armv6-m\libgcc.a(_dvmd_tls.o)
                0x00001d3c                __aeabi_idiv0
                0x00001d3c                __aeabi_ldiv0
 *(.text*)
 .text.startup  0x00001d40       0x80 rel/main.o
                0x00001d40                main
 .text.QK_init  0x00001dc0       0x24 D:\qp\qpc/ports/arm-cortex/qk/gnu/rel\libqp_cortex-m0_cr.a(qk_port.o)
                0x00001dc0                QK_init
 .text.PendSV_Handler
                0x00001de4       0x34 D:\qp\qpc/ports/arm-cortex/qk/gnu/rel\libqp_cortex-m0_cr.a(qk_port.o)
                0x00001de4                PendSV_Handler
 .text.SVC_Handler
                0x00001e18        0x6 D:\qp\qpc/ports/arm-cortex/qk/gnu/rel\libqp_cortex-m0_cr.a(qk_port.o)
                0x00001e18                SVC_Handler
 *fill*         0x00001e1e        0x2 00
 .text.__libc_init_array
                0x00001e20       0x44 c:/tools/codered/lpcxpresso/tools/bin/../lib/gcc/arm-none-eabi/4.6.2/../../../../arm-none-eabi/lib/armv6-m\libc.a(lib_a-init.o)
                0x00001e20                __libc_init_array
 *(.rodata)
 .rodata        0x00001e64        0xc rel/table.o
                0x00001e6c                AO_Table
 .rodata        0x00001e70       0x1c rel/philo.o
                0x00001e78                AO_Philo
 .rodata        0x00001e8c        0xa rel/no_heap.o
 *fill*         0x00001e96        0x2 00
 .rodata        0x00001e98       0x40 rel/system_LPC11xx.o
 .rodata        0x00001ed8        0x8 D:\qp\qpc/ports/arm-cortex/qk/gnu/rel\libqp_cortex-m0_cr.a(qa_fifo.o)
 .rodata        0x00001ee0        0x7 D:\qp\qpc/ports/arm-cortex/qk/gnu/rel\libqp_cortex-m0_cr.a(qa_sub.o)
 .rodata        0x00001ee7        0xe D:\qp\qpc/ports/arm-cortex/qk/gnu/rel\libqp_cortex-m0_cr.a(qf_act.o)
 .rodata        0x00001ef5        0x7 D:\qp\qpc/ports/arm-cortex/qk/gnu/rel\libqp_cortex-m0_cr.a(qf_new.o)
 .rodata        0x00001efc        0x8 D:\qp\qpc/ports/arm-cortex/qk/gnu/rel\libqp_cortex-m0_cr.a(qf_pool.o)
 .rodata        0x00001f04        0x9 D:\qp\qpc/ports/arm-cortex/qk/gnu/rel\libqp_cortex-m0_cr.a(qf_pspub.o)
 .rodata        0x00001f0d       0xc3 D:\qp\qpc/ports/arm-cortex/qk/gnu/rel\libqp_cortex-m0_cr.a(qf_pwr2.o)
                0x00001f0d                QF_div8Lkup
                0x00001f4e                QF_invPwr2Lkup
                0x00001f8f                QF_pwr2Lkup
 .rodata        0x00001fd0        0x8 D:\qp\qpc/ports/arm-cortex/qk/gnu/rel\libqp_cortex-m0_cr.a(qf_tick.o)
 .rodata        0x00001fd8        0x8 D:\qp\qpc/ports/arm-cortex/qk/gnu/rel\libqp_cortex-m0_cr.a(qmp_get.o)
 .rodata        0x00001fe0        0x9 D:\qp\qpc/ports/arm-cortex/qk/gnu/rel\libqp_cortex-m0_cr.a(qmp_init.o)
 .rodata        0x00001fe9        0x9 D:\qp\qpc/ports/arm-cortex/qk/gnu/rel\libqp_cortex-m0_cr.a(qte_ctor.o)
 .rodata        0x00001ff2        0x8 D:\qp\qpc/ports/arm-cortex/qk/gnu/rel\libqp_cortex-m0_cr.a(qte_arm.o)
 .rodata        0x00001ffa        0x3 D:\qp\qpc/ports/arm-cortex/qk/gnu/rel\libqp_cortex-m0_cr.a(qk.o)
 .rodata        0x00001ffd        0x9 D:\qp\qpc/ports/arm-cortex/qk/gnu/rel\libqp_cortex-m0_cr.a(qhsm_ini.o)
 .rodata        0x00002006        0x9 D:\qp\qpc/ports/arm-cortex/qk/gnu/rel\libqp_cortex-m0_cr.a(qhsm_dis.o)
 .rodata        0x0000200f        0x8 D:\qp\qpc/ports/arm-cortex/qk/gnu/rel\libqp_cortex-m0_cr.a(qa_get_.o)
 .rodata        0x00002017        0x6 D:\qp\qpc/ports/arm-cortex/qk/gnu/rel\libqp_cortex-m0_cr.a(qf_gc.o)
 .rodata        0x0000201d      0x100 D:\qp\qpc/ports/arm-cortex/qk/gnu/rel\libqp_cortex-m0_cr.a(qf_log2.o)
                0x0000201d                QF_log2Lkup
 .rodata        0x0000211d        0x8 D:\qp\qpc/ports/arm-cortex/qk/gnu/rel\libqp_cortex-m0_cr.a(qmp_put.o)
 *fill*         0x00002125        0x1 00
 .rodata        0x00002126       0x18 D:\qp\qpc/ports/arm-cortex/qk/gnu/rel\libqp_cortex-m0_cr.a(qep.o)
                0x0000212e                QEP_reservedEvt_
 *(.rodata*)
 .rodata.str1.1
                0x0000213e       0x15 rel/startup_LPC11xx.o
 .rodata.str1.1
                0x00002153       0x1b rel/table.o
 *(.init)
 *(.fini)
                0x00002170                . = ALIGN (0x4)
 *fill*         0x0000216e        0x2 00

.glue_7         0x00002170        0x0
 .glue_7        0x00000000        0x0 linker stubs

.glue_7t        0x00002170        0x0
 .glue_7t       0x00000000        0x0 linker stubs

.vfp11_veneer   0x00002170        0x0
 .vfp11_veneer  0x00000000        0x0 linker stubs

.v4_bx          0x00002170        0x0
 .v4_bx         0x00000000        0x0 linker stubs

.preinit_array  0x00002170        0x0
                0x00002170                PROVIDE (__preinit_array_start, .)
 *(.preinit_array*)
                0x00002170                PROVIDE (__preinit_array_end, .)

.init_array     0x00002170        0x0
                0x00002170                PROVIDE (__init_array_start, .)
 *(SORT(.init_array.*))
 *(.init_array*)
                0x00002170                PROVIDE (__init_array_end, .)

.fini_array     0x00002170        0x0
                0x00002170                PROVIDE (__fini_array_start, .)
 *(.fini_array*)
 *(SORT(.fini_array.*))
                0x00002170                PROVIDE (__fini_array_end, .)
                0x00002170                _etext = .

.data           0x10000000        0x8 load address 0x00002170
                0x00002170                __data_load = LOADADDR (.data)
                0x10000000                __data_start = .
 *(.data)
 .data          0x10000000        0x0 rel/startup_LPC11xx.o
 .data          0x10000000        0x0 rel/main.o
 .data          0x10000000        0x0 rel/table.o
 .data          0x10000000        0x0 rel/philo.o
 .data          0x10000000        0x0 rel/bsp.o
 .data          0x10000000        0x0 rel/no_heap.o
 .data          0x10000000        0x4 rel/system_LPC11xx.o
                0x10000000                SystemCoreClock
 .data          0x10000004        0x0 rel/clkconfig.o
 .data          0x10000004        0x0 rel/gpio.o
 .data          0x10000004        0x0 rel/timer16.o
 .data          0x10000004        0x0 rel/timer32.o
 .data          0x10000004        0x1 rel/uart.o
                0x10000004                UARTTxEmpty
 .data          0x10000005        0x0 D:\qp\qpc/ports/arm-cortex/qk/gnu/rel\libqp_cortex-m0_cr.a(qhsm_top.o)
 .data          0x10000005        0x0 D:\qp\qpc/ports/arm-cortex/qk/gnu/rel\libqp_cortex-m0_cr.a(qa_fifo.o)
 .data          0x10000005        0x0 D:\qp\qpc/ports/arm-cortex/qk/gnu/rel\libqp_cortex-m0_cr.a(qa_sub.o)
 .data          0x10000005        0x0 D:\qp\qpc/ports/arm-cortex/qk/gnu/rel\libqp_cortex-m0_cr.a(qf_act.o)
 .data          0x10000005        0x0 D:\qp\qpc/ports/arm-cortex/qk/gnu/rel\libqp_cortex-m0_cr.a(qf_new.o)
 .data          0x10000005        0x0 D:\qp\qpc/ports/arm-cortex/qk/gnu/rel\libqp_cortex-m0_cr.a(qf_pool.o)
 .data          0x10000005        0x0 D:\qp\qpc/ports/arm-cortex/qk/gnu/rel\libqp_cortex-m0_cr.a(qf_psini.o)
 .data          0x10000005        0x0 D:\qp\qpc/ports/arm-cortex/qk/gnu/rel\libqp_cortex-m0_cr.a(qf_pspub.o)
 .data          0x10000005        0x0 D:\qp\qpc/ports/arm-cortex/qk/gnu/rel\libqp_cortex-m0_cr.a(qf_pwr2.o)
 .data          0x10000005        0x0 D:\qp\qpc/ports/arm-cortex/qk/gnu/rel\libqp_cortex-m0_cr.a(qf_tick.o)
 .data          0x10000005        0x0 D:\qp\qpc/ports/arm-cortex/qk/gnu/rel\libqp_cortex-m0_cr.a(qmp_get.o)
 .data          0x10000005        0x0 D:\qp\qpc/ports/arm-cortex/qk/gnu/rel\libqp_cortex-m0_cr.a(qmp_init.o)
 .data          0x10000005        0x0 D:\qp\qpc/ports/arm-cortex/qk/gnu/rel\libqp_cortex-m0_cr.a(qte_ctor.o)
 .data          0x10000005        0x0 D:\qp\qpc/ports/arm-cortex/qk/gnu/rel\libqp_cortex-m0_cr.a(qte_arm.o)
 .data          0x10000005        0x1 D:\qp\qpc/ports/arm-cortex/qk/gnu/rel\libqp_cortex-m0_cr.a(qk.o)
                0x10000005                QK_currPrio_
 .data          0x10000006        0x0 D:\qp\qpc/ports/arm-cortex/qk/gnu/rel\libqp_cortex-m0_cr.a(qk_sched.o)
 .data          0x10000006        0x0 D:\qp\qpc/ports/arm-cortex/qk/gnu/rel\libqp_cortex-m0_cr.a(qk_mutex.o)
 .data          0x10000006        0x0 D:\qp\qpc/ports/arm-cortex/qk/gnu/rel\libqp_cortex-m0_cr.a(qk_port.o)
 .data          0x10000006        0x0 D:\qp\qpc/ports/arm-cortex/qk/gnu/rel\libqp_cortex-m0_cr.a(qhsm_ini.o)
 .data          0x10000006        0x0 D:\qp\qpc/ports/arm-cortex/qk/gnu/rel\libqp_cortex-m0_cr.a(qhsm_dis.o)
 .data          0x10000006        0x0 D:\qp\qpc/ports/arm-cortex/qk/gnu/rel\libqp_cortex-m0_cr.a(qa_get_.o)
 .data          0x10000006        0x0 D:\qp\qpc/ports/arm-cortex/qk/gnu/rel\libqp_cortex-m0_cr.a(qeq_init.o)
 .data          0x10000006        0x0 D:\qp\qpc/ports/arm-cortex/qk/gnu/rel\libqp_cortex-m0_cr.a(qf_gc.o)
 .data          0x10000006        0x0 D:\qp\qpc/ports/arm-cortex/qk/gnu/rel\libqp_cortex-m0_cr.a(qf_log2.o)
 .data          0x10000006        0x0 D:\qp\qpc/ports/arm-cortex/qk/gnu/rel\libqp_cortex-m0_cr.a(qmp_put.o)
 .data          0x10000006        0x0 D:\qp\qpc/ports/arm-cortex/qk/gnu/rel\libqp_cortex-m0_cr.a(qep.o)
 .data          0x10000006        0x0 c:/tools/codered/lpcxpresso/tools/bin/../lib/gcc/arm-none-eabi/4.6.2/../../../../arm-none-eabi/lib/armv6-m\libc.a(lib_a-init.o)
 .data          0x10000006        0x0 c:/tools/codered/lpcxpresso/tools/bin/../lib/gcc/arm-none-eabi/4.6.2/armv6-m\libgcc.a(_thumb1_case_uqi.o)
 .data          0x10000006        0x0 c:/tools/codered/lpcxpresso/tools/bin/../lib/gcc/arm-none-eabi/4.6.2/armv6-m\libgcc.a(_udivsi3.o)
 .data          0x10000006        0x0 c:/tools/codered/lpcxpresso/tools/bin/../lib/gcc/arm-none-eabi/4.6.2/armv6-m\libgcc.a(_dvmd_tls.o)
 *(.data*)
                0x10000008                . = ALIGN (0x4)
 *fill*         0x10000006        0x2 00
                0x10000008                __data_end__ = .
                0x10000008                _edata = __data_end__

.bss            0x10000008      0x358 load address 0x00002178
                0x10000008                __bss_start__ = .
 *(.bss)
 .bss           0x10000008        0x0 rel/startup_LPC11xx.o
 .bss           0x10000008       0xe8 rel/main.o
 .bss           0x100000f0       0x28 rel/table.o
 .bss           0x10000118       0xe0 rel/philo.o
 .bss           0x100001f8        0x4 rel/bsp.o
 .bss           0x100001fc        0x0 rel/no_heap.o
 .bss           0x100001fc        0x0 rel/system_LPC11xx.o
 .bss           0x100001fc        0x0 rel/clkconfig.o
 .bss           0x100001fc        0x0 rel/gpio.o
 .bss           0x100001fc        0x0 rel/timer16.o
 .bss           0x100001fc        0x0 rel/timer32.o
 .bss           0x100001fc        0x4 rel/uart.o
                0x100001fc                UARTCount
 .bss           0x10000200        0x0 D:\qp\qpc/ports/arm-cortex/qk/gnu/rel\libqp_cortex-m0_cr.a(qhsm_top.o)
 .bss           0x10000200        0x0 D:\qp\qpc/ports/arm-cortex/qk/gnu/rel\libqp_cortex-m0_cr.a(qa_fifo.o)
 .bss           0x10000200        0x0 D:\qp\qpc/ports/arm-cortex/qk/gnu/rel\libqp_cortex-m0_cr.a(qa_sub.o)
 .bss           0x10000200        0x0 D:\qp\qpc/ports/arm-cortex/qk/gnu/rel\libqp_cortex-m0_cr.a(qf_act.o)
 .bss           0x10000200        0x0 D:\qp\qpc/ports/arm-cortex/qk/gnu/rel\libqp_cortex-m0_cr.a(qf_new.o)
 .bss           0x10000200        0x0 D:\qp\qpc/ports/arm-cortex/qk/gnu/rel\libqp_cortex-m0_cr.a(qf_pool.o)
 .bss           0x10000200        0x0 D:\qp\qpc/ports/arm-cortex/qk/gnu/rel\libqp_cortex-m0_cr.a(qf_psini.o)
 .bss           0x10000200        0x0 D:\qp\qpc/ports/arm-cortex/qk/gnu/rel\libqp_cortex-m0_cr.a(qf_pspub.o)
 .bss           0x10000200        0x0 D:\qp\qpc/ports/arm-cortex/qk/gnu/rel\libqp_cortex-m0_cr.a(qf_pwr2.o)
 .bss           0x10000200        0x0 D:\qp\qpc/ports/arm-cortex/qk/gnu/rel\libqp_cortex-m0_cr.a(qf_tick.o)
 .bss           0x10000200        0x0 D:\qp\qpc/ports/arm-cortex/qk/gnu/rel\libqp_cortex-m0_cr.a(qmp_get.o)
 .bss           0x10000200        0x0 D:\qp\qpc/ports/arm-cortex/qk/gnu/rel\libqp_cortex-m0_cr.a(qmp_init.o)
 .bss           0x10000200        0x0 D:\qp\qpc/ports/arm-cortex/qk/gnu/rel\libqp_cortex-m0_cr.a(qte_ctor.o)
 .bss           0x10000200        0x0 D:\qp\qpc/ports/arm-cortex/qk/gnu/rel\libqp_cortex-m0_cr.a(qte_arm.o)
 .bss           0x10000200        0x0 D:\qp\qpc/ports/arm-cortex/qk/gnu/rel\libqp_cortex-m0_cr.a(qk.o)
 .bss           0x10000200        0x0 D:\qp\qpc/ports/arm-cortex/qk/gnu/rel\libqp_cortex-m0_cr.a(qk_sched.o)
 .bss           0x10000200        0x0 D:\qp\qpc/ports/arm-cortex/qk/gnu/rel\libqp_cortex-m0_cr.a(qk_mutex.o)
 .bss           0x10000200        0x0 D:\qp\qpc/ports/arm-cortex/qk/gnu/rel\libqp_cortex-m0_cr.a(qk_port.o)
 .bss           0x10000200        0x0 D:\qp\qpc/ports/arm-cortex/qk/gnu/rel\libqp_cortex-m0_cr.a(qhsm_ini.o)
 .bss           0x10000200        0x0 D:\qp\qpc/ports/arm-cortex/qk/gnu/rel\libqp_cortex-m0_cr.a(qhsm_dis.o)
 .bss           0x10000200        0x0 D:\qp\qpc/ports/arm-cortex/qk/gnu/rel\libqp_cortex-m0_cr.a(qa_get_.o)
 .bss           0x10000200        0x0 D:\qp\qpc/ports/arm-cortex/qk/gnu/rel\libqp_cortex-m0_cr.a(qeq_init.o)
 .bss           0x10000200        0x0 D:\qp\qpc/ports/arm-cortex/qk/gnu/rel\libqp_cortex-m0_cr.a(qf_gc.o)
 .bss           0x10000200        0x0 D:\qp\qpc/ports/arm-cortex/qk/gnu/rel\libqp_cortex-m0_cr.a(qf_log2.o)
 .bss           0x10000200        0x0 D:\qp\qpc/ports/arm-cortex/qk/gnu/rel\libqp_cortex-m0_cr.a(qmp_put.o)
 .bss           0x10000200        0x0 D:\qp\qpc/ports/arm-cortex/qk/gnu/rel\libqp_cortex-m0_cr.a(qep.o)
 .bss           0x10000200        0x0 c:/tools/codered/lpcxpresso/tools/bin/../lib/gcc/arm-none-eabi/4.6.2/../../../../arm-none-eabi/lib/armv6-m\libc.a(lib_a-init.o)
 .bss           0x10000200        0x0 c:/tools/codered/lpcxpresso/tools/bin/../lib/gcc/arm-none-eabi/4.6.2/armv6-m\libgcc.a(_thumb1_case_uqi.o)
 .bss           0x10000200        0x0 c:/tools/codered/lpcxpresso/tools/bin/../lib/gcc/arm-none-eabi/4.6.2/armv6-m\libgcc.a(_udivsi3.o)
 .bss           0x10000200        0x0 c:/tools/codered/lpcxpresso/tools/bin/../lib/gcc/arm-none-eabi/4.6.2/armv6-m\libgcc.a(_dvmd_tls.o)
 *(.bss*)
 *(COMMON)
 COMMON         0x10000200       0x44 rel/uart.o
                0x10000200                UARTBuffer
                0x10000240                UARTStatus
 COMMON         0x10000244       0x88 D:\qp\qpc/ports/arm-cortex/qk/gnu/rel\libqp_cortex-m0_cr.a(qf_act.o)
                0x10000244                QF_intLockNest_
                0x10000248                QF_active_
 COMMON         0x100002cc       0x79 D:\qp\qpc/ports/arm-cortex/qk/gnu/rel\libqp_cortex-m0_cr.a(qf_pool.o)
                0x100002cc                QF_pool_
                0x10000344                QF_maxPool_
 *fill*         0x10000345        0x3 00
 COMMON         0x10000348        0x8 D:\qp\qpc/ports/arm-cortex/qk/gnu/rel\libqp_cortex-m0_cr.a(qf_psini.o)
                0x10000348                QF_maxSignal_
                0x1000034c                QF_subscrList_
 COMMON         0x10000350        0x4 D:\qp\qpc/ports/arm-cortex/qk/gnu/rel\libqp_cortex-m0_cr.a(qte_arm.o)
                0x10000350                QF_timeEvtListHead_
 COMMON         0x10000354        0xa D:\qp\qpc/ports/arm-cortex/qk/gnu/rel\libqp_cortex-m0_cr.a(qk.o)
                0x10000354                QK_readySet_
                0x1000035d                QK_intNest_
 COMMON         0x1000035e        0x1 D:\qp\qpc/ports/arm-cortex/qk/gnu/rel\libqp_cortex-m0_cr.a(qk_mutex.o)
                0x1000035e                QK_ceilingPrio_
                0x10000360                . = ALIGN (0x4)
 *fill*         0x1000035f        0x1 00
                0x10000360                _ebss = .
                0x10000360                __bss_end__ = .
                0x10000360                PROVIDE (end, _ebss)
                0x10000360                PROVIDE (_end, _ebss)
                0x10000360                PROVIDE (__end__, _ebss)

.heap           0x10000360        0x0
                0x10000360                __heap_start__ = .
                0x10000360                . = (. + HEAP_SIZE)
                0x10000360                . = ALIGN (0x4)
                0x10000360                __heap_end__ = .

.stack          0x10000360      0x258 load address 0x000024d0
                0x10000360                __stack_start__ = .
                0x100005b8                . = (. + STACK_SIZE)
 *fill*         0x10000360      0x258 00
                0x100005b8                . = ALIGN (0x4)
                0x100005b8                __c_stack_top__ = .
                0x100005b8                __stack_end__ = .

/DISCARD/
 libc.a(*)
 libm.a(*)
 libgcc.a(*)
OUTPUT(rel/dpp-qk.elf elf32-littlearm)

.comment        0x00000000       0x70
 .comment       0x00000000       0x70 rel/startup_LPC11xx.o
                                 0x71 (size before relaxing)
 .comment       0x00000000       0x71 rel/main.o
 .comment       0x00000000       0x71 rel/table.o
 .comment       0x00000000       0x71 rel/philo.o
 .comment       0x00000000       0x71 rel/bsp.o
 .comment       0x00000000       0x71 rel/no_heap.o
 .comment       0x00000000       0x71 rel/system_LPC11xx.o
 .comment       0x00000000       0x71 rel/clkconfig.o
 .comment       0x00000000       0x71 rel/gpio.o
 .comment       0x00000000       0x71 rel/timer16.o
 .comment       0x00000000       0x71 rel/timer32.o
 .comment       0x00000000       0x71 rel/uart.o
 .comment       0x00000000       0x71 D:\qp\qpc/ports/arm-cortex/qk/gnu/rel\libqp_cortex-m0_cr.a(qhsm_top.o)
 .comment       0x00000000       0x71 D:\qp\qpc/ports/arm-cortex/qk/gnu/rel\libqp_cortex-m0_cr.a(qa_fifo.o)
 .comment       0x00000000       0x71 D:\qp\qpc/ports/arm-cortex/qk/gnu/rel\libqp_cortex-m0_cr.a(qa_sub.o)
 .comment       0x00000000       0x71 D:\qp\qpc/ports/arm-cortex/qk/gnu/rel\libqp_cortex-m0_cr.a(qf_act.o)
 .comment       0x00000000       0x71 D:\qp\qpc/ports/arm-cortex/qk/gnu/rel\libqp_cortex-m0_cr.a(qf_new.o)
 .comment       0x00000000       0x71 D:\qp\qpc/ports/arm-cortex/qk/gnu/rel\libqp_cortex-m0_cr.a(qf_pool.o)
 .comment       0x00000000       0x71 D:\qp\qpc/ports/arm-cortex/qk/gnu/rel\libqp_cortex-m0_cr.a(qf_psini.o)
 .comment       0x00000000       0x71 D:\qp\qpc/ports/arm-cortex/qk/gnu/rel\libqp_cortex-m0_cr.a(qf_pspub.o)
 .comment       0x00000000       0x71 D:\qp\qpc/ports/arm-cortex/qk/gnu/rel\libqp_cortex-m0_cr.a(qf_pwr2.o)
 .comment       0x00000000       0x71 D:\qp\qpc/ports/arm-cortex/qk/gnu/rel\libqp_cortex-m0_cr.a(qf_tick.o)
 .comment       0x00000000       0x71 D:\qp\qpc/ports/arm-cortex/qk/gnu/rel\libqp_cortex-m0_cr.a(qmp_get.o)
 .comment       0x00000000       0x71 D:\qp\qpc/ports/arm-cortex/qk/gnu/rel\libqp_cortex-m0_cr.a(qmp_init.o)
 .comment       0x00000000       0x71 D:\qp\qpc/ports/arm-cortex/qk/gnu/rel\libqp_cortex-m0_cr.a(qte_ctor.o)
 .comment       0x00000000       0x71 D:\qp\qpc/ports/arm-cortex/qk/gnu/rel\libqp_cortex-m0_cr.a(qte_arm.o)
 .comment       0x00000000       0x71 D:\qp\qpc/ports/arm-cortex/qk/gnu/rel\libqp_cortex-m0_cr.a(qk.o)
 .comment       0x00000000       0x71 D:\qp\qpc/ports/arm-cortex/qk/gnu/rel\libqp_cortex-m0_cr.a(qk_sched.o)
 .comment       0x00000000       0x71 D:\qp\qpc/ports/arm-cortex/qk/gnu/rel\libqp_cortex-m0_cr.a(qk_mutex.o)
 .comment       0x00000000       0x71 D:\qp\qpc/ports/arm-cortex/qk/gnu/rel\libqp_cortex-m0_cr.a(qhsm_ini.o)
 .comment       0x00000000       0x71 D:\qp\qpc/ports/arm-cortex/qk/gnu/rel\libqp_cortex-m0_cr.a(qhsm_dis.o)
 .comment       0x00000000       0x71 D:\qp\qpc/ports/arm-cortex/qk/gnu/rel\libqp_cortex-m0_cr.a(qa_get_.o)
 .comment       0x00000000       0x71 D:\qp\qpc/ports/arm-cortex/qk/gnu/rel\libqp_cortex-m0_cr.a(qeq_init.o)
 .comment       0x00000000       0x71 D:\qp\qpc/ports/arm-cortex/qk/gnu/rel\libqp_cortex-m0_cr.a(qf_gc.o)
 .comment       0x00000000       0x71 D:\qp\qpc/ports/arm-cortex/qk/gnu/rel\libqp_cortex-m0_cr.a(qf_log2.o)
 .comment       0x00000000       0x71 D:\qp\qpc/ports/arm-cortex/qk/gnu/rel\libqp_cortex-m0_cr.a(qmp_put.o)
 .comment       0x00000000       0x71 D:\qp\qpc/ports/arm-cortex/qk/gnu/rel\libqp_cortex-m0_cr.a(qep.o)

.ARM.attributes
                0x00000000       0x2f
 .ARM.attributes
                0x00000000       0x31 rel/startup_LPC11xx.o
 .ARM.attributes
                0x00000031       0x31 rel/main.o
 .ARM.attributes
                0x00000062       0x31 rel/table.o
 .ARM.attributes
                0x00000093       0x31 rel/philo.o
 .ARM.attributes
                0x000000c4       0x31 rel/bsp.o
 .ARM.attributes
                0x000000f5       0x31 rel/no_heap.o
 .ARM.attributes
                0x00000126       0x31 rel/system_LPC11xx.o
 .ARM.attributes
                0x00000157       0x31 rel/clkconfig.o
 .ARM.attributes
                0x00000188       0x31 rel/gpio.o
 .ARM.attributes
                0x000001b9       0x31 rel/timer16.o
 .ARM.attributes
                0x000001ea       0x31 rel/timer32.o
 .ARM.attributes
                0x0000021b       0x31 rel/uart.o
 .ARM.attributes
                0x0000024c       0x31 D:\qp\qpc/ports/arm-cortex/qk/gnu/rel\libqp_cortex-m0_cr.a(qhsm_top.o)
 .ARM.attributes
                0x0000027d       0x31 D:\qp\qpc/ports/arm-cortex/qk/gnu/rel\libqp_cortex-m0_cr.a(qa_fifo.o)
 .ARM.attributes
                0x000002ae       0x31 D:\qp\qpc/ports/arm-cortex/qk/gnu/rel\libqp_cortex-m0_cr.a(qa_sub.o)
 .ARM.attributes
                0x000002df       0x31 D:\qp\qpc/ports/arm-cortex/qk/gnu/rel\libqp_cortex-m0_cr.a(qf_act.o)
 .ARM.attributes
                0x00000310       0x31 D:\qp\qpc/ports/arm-cortex/qk/gnu/rel\libqp_cortex-m0_cr.a(qf_new.o)
 .ARM.attributes
                0x00000341       0x31 D:\qp\qpc/ports/arm-cortex/qk/gnu/rel\libqp_cortex-m0_cr.a(qf_pool.o)
 .ARM.attributes
                0x00000372       0x31 D:\qp\qpc/ports/arm-cortex/qk/gnu/rel\libqp_cortex-m0_cr.a(qf_psini.o)
 .ARM.attributes
                0x000003a3       0x31 D:\qp\qpc/ports/arm-cortex/qk/gnu/rel\libqp_cortex-m0_cr.a(qf_pspub.o)
 .ARM.attributes
                0x000003d4       0x31 D:\qp\qpc/ports/arm-cortex/qk/gnu/rel\libqp_cortex-m0_cr.a(qf_pwr2.o)
 .ARM.attributes
                0x00000405       0x31 D:\qp\qpc/ports/arm-cortex/qk/gnu/rel\libqp_cortex-m0_cr.a(qf_tick.o)
 .ARM.attributes
                0x00000436       0x31 D:\qp\qpc/ports/arm-cortex/qk/gnu/rel\libqp_cortex-m0_cr.a(qmp_get.o)
 .ARM.attributes
                0x00000467       0x31 D:\qp\qpc/ports/arm-cortex/qk/gnu/rel\libqp_cortex-m0_cr.a(qmp_init.o)
 .ARM.attributes
                0x00000498       0x31 D:\qp\qpc/ports/arm-cortex/qk/gnu/rel\libqp_cortex-m0_cr.a(qte_ctor.o)
 .ARM.attributes
                0x000004c9       0x31 D:\qp\qpc/ports/arm-cortex/qk/gnu/rel\libqp_cortex-m0_cr.a(qte_arm.o)
 .ARM.attributes
                0x000004fa       0x31 D:\qp\qpc/ports/arm-cortex/qk/gnu/rel\libqp_cortex-m0_cr.a(qk.o)
 .ARM.attributes
                0x0000052b       0x31 D:\qp\qpc/ports/arm-cortex/qk/gnu/rel\libqp_cortex-m0_cr.a(qk_sched.o)
 .ARM.attributes
                0x0000055c       0x31 D:\qp\qpc/ports/arm-cortex/qk/gnu/rel\libqp_cortex-m0_cr.a(qk_mutex.o)
 .ARM.attributes
                0x0000058d       0x21 D:\qp\qpc/ports/arm-cortex/qk/gnu/rel\libqp_cortex-m0_cr.a(qk_port.o)
 .ARM.attributes
                0x000005ae       0x31 D:\qp\qpc/ports/arm-cortex/qk/gnu/rel\libqp_cortex-m0_cr.a(qhsm_ini.o)
 .ARM.attributes
                0x000005df       0x31 D:\qp\qpc/ports/arm-cortex/qk/gnu/rel\libqp_cortex-m0_cr.a(qhsm_dis.o)
 .ARM.attributes
                0x00000610       0x31 D:\qp\qpc/ports/arm-cortex/qk/gnu/rel\libqp_cortex-m0_cr.a(qa_get_.o)
 .ARM.attributes
                0x00000641       0x31 D:\qp\qpc/ports/arm-cortex/qk/gnu/rel\libqp_cortex-m0_cr.a(qeq_init.o)
 .ARM.attributes
                0x00000672       0x31 D:\qp\qpc/ports/arm-cortex/qk/gnu/rel\libqp_cortex-m0_cr.a(qf_gc.o)
 .ARM.attributes
                0x000006a3       0x31 D:\qp\qpc/ports/arm-cortex/qk/gnu/rel\libqp_cortex-m0_cr.a(qf_log2.o)
 .ARM.attributes
                0x000006d4       0x31 D:\qp\qpc/ports/arm-cortex/qk/gnu/rel\libqp_cortex-m0_cr.a(qmp_put.o)
 .ARM.attributes
                0x00000705       0x31 D:\qp\qpc/ports/arm-cortex/qk/gnu/rel\libqp_cortex-m0_cr.a(qep.o)
