###############################################################################
#                                                                             #
# IAR ELF Linker V6.60.1.5097/W32 for ARM               13/Oct/2013  23:05:05 #
# Copyright 2007-2013 IAR Systems AB.                                         #
#                                                                             #
#    Output file  =  D:\qp\qpc\examples\arm-cm\vanilla\iar\dpp_ek-tm4c123gxl\ #
#                    dbg\dpp.out                                              #
#    Map file     =  D:\qp\qpc\examples\arm-cm\vanilla\iar\dpp_ek-tm4c123gxl\ #
#                    dbg\dpp.map                                              #
#    Command line =  D:\qp\qpc\examples\arm-cm\vanilla\iar\dpp_ek-tm4c123gxl\ #
#                    dbg\bsp.o D:\qp\qpc\examples\arm-cm\vanilla\iar\dpp_ek-t #
#                    m4c123gxl\dbg\main.o D:\qp\qpc\examples\arm-cm\vanilla\i #
#                    ar\dpp_ek-tm4c123gxl\dbg\philo.o                         #
#                    D:\qp\qpc\examples\arm-cm\vanilla\iar\dpp_ek-tm4c123gxl\ #
#                    dbg\startup_tm4c.o D:\qp\qpc\examples\arm-cm\vanilla\iar #
#                    \dpp_ek-tm4c123gxl\dbg\table.o --redirect                #
#                    _Printf=_PrintfTiny --redirect _Scanf=_ScanfSmall -o     #
#                    D:\qp\qpc\examples\arm-cm\vanilla\iar\dpp_ek-tm4c123gxl\ #
#                    dbg\dpp.out --map D:\qp\qpc\examples\arm-cm\vanilla\iar\ #
#                    dpp_ek-tm4c123gxl\dbg\dpp.map --config                   #
#                    D:\qp\qpc\examples\arm-cm\vanilla\iar\dpp_ek-tm4c123gxl\ #
#                    tm4c123gh6pm.icf --semihosting                           #
#                    D:\qp\qpc\ports\arm-cm\vanilla\iar\dbg\libqp_cortex-m4f. #
#                    a --entry __iar_program_start --vfe                      #
#                                                                             #
#                                                                             #
###############################################################################

*******************************************************************************
*** RUNTIME MODEL ATTRIBUTES
***

CppFlavor       = *
__SystemLibrary = DLib


*******************************************************************************
*** PLACEMENT SUMMARY
***

"A1":  place at start of [0x00000000-0x0003ffff] { ro section .intvec };
"P1":  place in [from 0x00000000 to 0x0003ffff] { ro };
"P2":  place in [from 0x20000000 to 0x20007fff] { rw, block HEAP };

  Section            Kind        Address    Size  Object
  -------            ----        -------    ----  ------
"A1":                                      0x26c
  .intvec            const    0x00000000   0x26c  startup_tm4c.o [1]
                            - 0x0000026c   0x26c

"P1":                                     0x19c0
  .text              ro code  0x0000026c   0x4ec  table.o [1]
  .text              ro code  0x00000758    0x28  qa_ctor.o [4]
  .text              ro code  0x00000780    0x88  qa_sub.o [4]
  .text              ro code  0x00000808   0x304  bsp.o [1]
  .text              ro code  0x00000b0c    0x7c  qf_new.o [4]
  .text              ro code  0x00000b88    0xb8  qf_pspub.o [4]
  .text              ro code  0x00000c40    0xd4  qhsm_ini.o [4]
  .text              ro code  0x00000d14    0xc8  qf_tick.o [4]
  .text              ro code  0x00000ddc    0x50  qmp_get.o [4]
  .text              ro code  0x00000e2c    0x60  qf_gc.o [4]
  .text              ro code  0x00000e8c    0x50  qmp_put.o [4]
  .text              ro code  0x00000edc   0x258  qhsm_dis.o [4]
  .text              ro code  0x00001134   0x22c  philo.o [1]
  .text              ro code  0x00001360    0x44  qte_ctor.o [4]
  .text              ro code  0x000013a4    0x7c  qte_arm.o [4]
  .text              ro code  0x00001420    0xd0  qvanilla.o [4]
  .text              ro code  0x000014f0    0xb4  qa_get_.o [4]
  .text              ro code  0x000015a4    0x1a  qeq_init.o [4]
  .text              ro code  0x000015be    0x2e  copy_init3.o [6]
  .text              ro code  0x000015ec    0x4c  qf_act.o [4]
  .rodata            const    0x00001638    0xcc  qf_pwr2.o [4]
  .text              ro code  0x00001704    0xc8  qa_fifo.o [4]
  .text              ro code  0x000017cc    0xa8  qa_lifo.o [4]
  .text              ro code  0x00001874    0x9c  qmp_init.o [4]
  .text              ro code  0x00001910    0x94  main.o [1]
  .text              ro code  0x000019a4    0x14  qf_psini.o [4]
  .text              ro code  0x000019b8    0x78  qf_pool.o [4]
  .rodata            const    0x00001a30    0x40  philo.o [1]
  .rodata            const    0x00001a70    0x40  table.o [1]
  .text              ro code  0x00001ab0    0x28  data_init.o [6]
  .text              ro code  0x00001ad8    0x24  startup_tm4c.o [1]
  .text              ro code  0x00001afc    0x22  zero_init3.o [6]
  .iar.init_table    const    0x00001b20    0x24  - Linker created -
  .text              ro code  0x00001b44    0x1a  fpinit_M.o [5]
  .text              ro code  0x00001b60    0x1a  cmain.o [6]
  .text              ro code  0x00001b7a     0x4  low_level_init.o [3]
  .text              ro code  0x00001b7e     0x4  exit.o [3]
  .text              ro code  0x00001b84     0xa  cexit.o [6]
  .text              ro code  0x00001b90    0x14  exit.o [7]
  .rodata            const    0x00001ba4    0x14  philo.o [1]
  .rodata            const    0x00001bb8    0x14  startup_tm4c.o [1]
  .rodata            const    0x00001bcc    0x10  qep.o [4]
  .rodata            const    0x00001bdc     0xc  startup_tm4c.o [1]
  .rodata            const    0x00001be8     0xc  table.o [1]
  .rodata            const    0x00001bf4     0xc  table.o [1]
  .rodata            const    0x00001c00     0xc  table.o [1]
  .text              ro code  0x00001c0c     0xc  cstartup_M.o [6]
  .rodata            const    0x00001c18     0x4  bsp.o [1]
  .rodata            const    0x00001c1c     0x4  bsp.o [1]
  .rodata            const    0x00001c20     0x4  table.o [1]
  .text              ro code  0x00001c24     0x4  qhsm_top.o [4]
  .rodata            const    0x00001c28     0x0  zero_init3.o [6]
  .rodata            const    0x00001c28     0x0  copy_init3.o [6]
  Initializer bytes  ro data  0x00001c28     0x4  <for P2 s0>
                            - 0x00001c2c  0x19c0

"P2", part 1 of 3:                           0x4
  P2 s0                       0x20000000     0x4  <Init block>
    .data            inited   0x20000000     0x4  bsp.o [1]
                            - 0x20000004     0x4

"P2", part 2 of 3:                         0x304
  .bss               zero     0x20000004    0xf0  philo.o [1]
  .bss               zero     0x200000f4    0x84  qf_act.o [4]
  .bss               zero     0x20000178    0x64  main.o [1]
  .bss               zero     0x200001dc    0x50  main.o [1]
  .bss               zero     0x2000022c    0x3c  qf_pool.o [4]
  .bss               zero     0x20000268    0x2c  table.o [1]
  .bss               zero     0x20000294    0x20  main.o [1]
  .bss               zero     0x200002b4    0x20  qf_tick.o [4]
  .bss               zero     0x200002d4    0x14  main.o [1]
  .bss               zero     0x200002e8     0xc  qvanilla.o [4]
  .bss               zero     0x200002f4     0x4  bsp.o [1]
  .bss               zero     0x200002f8     0x4  qf_pool.o [4]
  .bss               zero     0x200002fc     0x4  qf_psini.o [4]
  .bss               zero     0x20000300     0x4  qf_psini.o [4]
  .bss               zero     0x20000304     0x1  bsp.o [1]
  .bss               zero     0x20000305     0x1  philo.o [1]
                            - 0x20000306   0x302

"P2", part 3 of 3:                         0x400
  .noinit            uninit   0x20000308   0x400  startup_tm4c.o [1]
                            - 0x20000708   0x400


*******************************************************************************
*** INIT TABLE
***

          Address     Size
          -------     ----
Zero (__iar_zero_init3)
    1 destination range, total size 0x302:
          0x20000004  0x302

Copy (__iar_copy_init3)
    1 source range, total size 0x4:
          0x00001c28    0x4
    1 destination range, total size 0x4:
          0x20000000    0x4



*******************************************************************************
*** MODULE SUMMARY
***

    Module            ro code  ro data  rw data
    ------            -------  -------  -------
D:\qp\qpc\examples\arm-cm\vanilla\iar\dpp_ek-tm4c123gxl\dbg: [1]
    bsp.o                 772       12        9
    main.o                148               232
    philo.o               556       84      241
    startup_tm4c.o         36      652    1 024
    table.o             1 260      104       44
    -------------------------------------------
    Total:              2 772      852    1 550

command line: [2]
    -------------------------------------------
    Total:

dl7M_tln.a: [3]
    exit.o                  4
    low_level_init.o        4
    -------------------------------------------
    Total:                  8

libqp_cortex-m4f.a: [4]
    qa_ctor.o              40
    qa_fifo.o             200
    qa_get_.o             180
    qa_lifo.o             168
    qa_sub.o              136
    qep.o                           16
    qeq_init.o             26
    qf_act.o               76               132
    qf_gc.o                96
    qf_new.o              124
    qf_pool.o             120                64
    qf_psini.o             20                 8
    qf_pspub.o            184
    qf_pwr2.o                      204
    qf_tick.o             200                32
    qhsm_dis.o            600
    qhsm_ini.o            212
    qhsm_top.o              4
    qmp_get.o              80
    qmp_init.o            156
    qmp_put.o              80
    qte_arm.o             124
    qte_ctor.o             68
    qvanilla.o            208                12
    -------------------------------------------
    Total:              3 102      220      248

m7M_tlv.a: [5]
    fpinit_M.o             26
    -------------------------------------------
    Total:                 26

rt7M_tl.a: [6]
    cexit.o                10
    cmain.o                26
    copy_init3.o           46
    cstartup_M.o           12
    data_init.o            40
    zero_init3.o           34
    -------------------------------------------
    Total:                168

shb_l.a: [7]
    exit.o                 20
    -------------------------------------------
    Total:                 20

    Gaps                    6        2
    Linker created                  36
-----------------------------------------------
    Grand Total:        6 102    1 110    1 798


*******************************************************************************
*** ENTRY LIST
***

Entry                    Address   Size  Type      Object
-----                    -------   ----  ----      ------
?main                 0x00001b61         Code  Gb  cmain.o [6]
AO_Philo              0x00001ba4   0x14  Data  Gb  philo.o [1]
AO_Table              0x00001c20    0x4  Data  Gb  table.o [1]
BSP_displayPaused     0x000009d1   0x12  Code  Gb  bsp.o [1]
BSP_displayPhilStat   0x000009bf   0x12  Code  Gb  bsp.o [1]
BSP_init              0x00000939   0x86  Code  Gb  bsp.o [1]
BSP_random            0x000009e5   0x2c  Code  Gb  bsp.o [1]
BSP_randomSeed        0x00000a11    0x6  Code  Gb  bsp.o [1]
BSP_terminate         0x00000a17    0x2  Code  Gb  bsp.o [1]
GPIOPortA_IRQHandler  0x00000919   0x20  Code  Gb  bsp.o [1]
HardFault_Handler     0x00001ae7    0xe  Code  Gb  startup_tm4c.o [1]
NMI_Handler           0x00001ad9    0xe  Code  Gb  startup_tm4c.o [1]
NVIC_EnableIRQ        0x00000827   0x18  Code  Lc  bsp.o [1]
NVIC_SetPriority      0x0000083f   0x22  Code  Lc  bsp.o [1]
NVIC_SetPriorityGrouping
                      0x00000809   0x1e  Code  Lc  bsp.o [1]
Philo_ctor            0x00001135   0x36  Code  Gb  philo.o [1]
Philo_eating          0x000012a9   0xa0  Code  Lc  philo.o [1]
Philo_hungry          0x00001211   0x98  Code  Lc  philo.o [1]
Philo_initial         0x0000116d   0x26  Code  Lc  philo.o [1]
Philo_thinking        0x00001195   0x7a  Code  Lc  philo.o [1]
QActive_ctor          0x00000759   0x12  Code  Gb  qa_ctor.o [4]
QActive_get_          0x000014f1   0x9e  Code  Gb  qa_get_.o [4]
QActive_post          0x00001705   0xb4  Code  Gb  qa_fifo.o [4]
QActive_postLIFO      0x000017cd   0x94  Code  Gb  qa_lifo.o [4]
QActive_start         0x0000149d   0x48  Code  Gb  qvanilla.o [4]
QActive_subscribe     0x00000781   0x6a  Code  Gb  qa_sub.o [4]
QEP_reservedEvt_      0x00001bcc   0x10  Data  Gb  qep.o [4]
QEQueue_init          0x000015a5   0x1a  Code  Gb  qeq_init.o [4]
QF_active_            0x200000f4   0x84  Data  Gb  qf_act.o [4]
QF_add_               0x000015ed   0x3e  Code  Gb  qf_act.o [4]
QF_div8Lkup           0x000016c0   0x44  Data  Gb  qf_pwr2.o [4]
QF_gc                 0x00000e2d   0x50  Code  Gb  qf_gc.o [4]
QF_init               0x00001421    0x2  Code  Gb  qvanilla.o [4]
QF_invPwr2Lkup        0x0000167c   0x44  Data  Gb  qf_pwr2.o [4]
QF_maxPool_           0x200002f8    0x4  Data  Gb  qf_pool.o [4]
QF_maxSignal_         0x20000300    0x4  Data  Gb  qf_psini.o [4]
QF_newX_              0x00000b0d   0x6c  Code  Gb  qf_new.o [4]
QF_onIdle             0x00000a51   0x2c  Code  Gb  bsp.o [1]
QF_onStartup          0x00000a19   0x38  Code  Gb  bsp.o [1]
QF_poolInit           0x000019b9   0x68  Code  Gb  qf_pool.o [4]
QF_pool_              0x2000022c   0x3c  Data  Gb  qf_pool.o [4]
QF_psInit             0x000019a5   0x14  Code  Gb  qf_psini.o [4]
QF_publish            0x00000b89   0x9c  Code  Gb  qf_pspub.o [4]
QF_pwr2Lkup           0x00001638   0x44  Data  Gb  qf_pwr2.o [4]
QF_readySet_          0x200002e8    0xc  Data  Gb  qvanilla.o [4]
QF_run                0x00001423   0x70  Code  Gb  qvanilla.o [4]
QF_subscrList_        0x200002fc    0x4  Data  Gb  qf_psini.o [4]
QF_tickX              0x00000d15   0xbc  Code  Gb  qf_tick.o [4]
QF_timeEvtHead_       0x200002b4   0x20  Data  Gb  qf_tick.o [4]
QHsm_ctor             0x00000c41    0xe  Code  Gb  qhsm_ini.o [4]
QHsm_dispatch         0x00000edd  0x23a  Code  Gb  qhsm_dis.o [4]
QHsm_init             0x00000c4f   0xa2  Code  Gb  qhsm_ini.o [4]
QHsm_top              0x00001c25    0x4  Code  Gb  qhsm_top.o [4]
QMPool_get            0x00000ddd   0x46  Code  Gb  qmp_get.o [4]
QMPool_init           0x00001875   0x90  Code  Gb  qmp_init.o [4]
QMPool_put            0x00000e8d   0x48  Code  Gb  qmp_put.o [4]
QTimeEvt_armX         0x000013a5   0x6e  Code  Gb  qte_arm.o [4]
QTimeEvt_ctorX        0x00001361   0x36  Code  Gb  qte_ctor.o [4]
Q_onAssert            0x00000af5    0x8  Code  Gb  bsp.o [1]
Q_this_module_        0x00001a30   0x40  Data  Lc  philo.o [1]
Q_this_module_        0x00001a70   0x40  Data  Lc  table.o [1]
Q_this_module_        0x00000b80    0x8  Data  Lc  qf_new.o [4]
Q_this_module_        0x00000c34    0xc  Data  Lc  qf_pspub.o [4]
Q_this_module_        0x00000dd4    0x8  Data  Lc  qf_tick.o [4]
Q_this_module_        0x000014e4    0xc  Data  Lc  qvanilla.o [4]
Q_this_module_        0x00001a28    0x8  Data  Lc  qf_pool.o [4]
Q_this_module_        0x00000800    0x8  Data  Lc  qa_sub.o [4]
Q_this_module_        0x00001418    0x8  Data  Lc  qte_arm.o [4]
Q_this_module_        0x00001398    0xc  Data  Lc  qte_ctor.o [4]
Q_this_module_        0x00000e24    0x8  Data  Lc  qmp_get.o [4]
Q_this_module_        0x00001630    0x8  Data  Lc  qf_act.o [4]
Q_this_module_        0x00000e84    0x8  Data  Lc  qf_gc.o [4]
Q_this_module_        0x0000159c    0x8  Data  Lc  qa_get_.o [4]
Q_this_module_        0x00001904    0xc  Data  Lc  qmp_init.o [4]
Q_this_module_        0x000017c4    0x8  Data  Lc  qa_fifo.o [4]
Q_this_module_        0x0000186c    0x8  Data  Lc  qa_lifo.o [4]
Q_this_module_        0x00000d00    0xc  Data  Lc  qhsm_ini.o [4]
Q_this_module_        0x00001128    0xc  Data  Lc  qhsm_dis.o [4]
Q_this_module_        0x00000ed4    0x8  Data  Lc  qmp_put.o [4]
Region$$Table$$Base   0x00001b20          --   Gb  - Linker created -
Region$$Table$$Limit  0x00001b44          --   Gb  - Linker created -
SysTick_Config        0x00000861   0x30  Code  Lc  bsp.o [1]
SysTick_Handler       0x00000891   0x88  Code  Gb  bsp.o [1]
Table_active          0x000002f7   0x3c  Code  Lc  table.o [1]
Table_ctor            0x0000026d   0x34  Code  Gb  table.o [1]
Table_initial         0x000002a1   0x56  Code  Lc  table.o [1]
Table_paused          0x00000631  0x108  Code  Lc  table.o [1]
Table_serving         0x00000335  0x2fa  Code  Lc  table.o [1]
__cmain               0x00001b61         Code  Gb  cmain.o [6]
__exit                0x00001b91   0x14  Code  Gb  exit.o [7]
__iar_copy_init3      0x000015bf   0x2e  Code  Gb  copy_init3.o [6]
__iar_data_init3      0x00001ab1   0x28  Code  Gb  data_init.o [6]
__iar_init_vfp        0x00001b45         Code  Gb  fpinit_M.o [5]
__iar_program_start   0x00001c0d         Code  Gb  cstartup_M.o [6]
__iar_zero_init3      0x00001afd   0x22  Code  Gb  zero_init3.o [6]
__low_level_init      0x00001b7b    0x4  Code  Gb  low_level_init.o [3]
__vector_table        0x00000000  0x26c  Data  Gb  startup_tm4c.o [1]
_call_main            0x00001b6d         Code  Gb  cmain.o [6]
_exit                 0x00001b85         Code  Gb  cexit.o [6]
_main                 0x00001b77         Code  Gb  cmain.o [6]
assert_failed         0x00000afd   0x10  Code  Gb  bsp.o [1]
exit                  0x00001b7f    0x4  Code  Gb  exit.o [3]
l_philo               0x20000004   0xf0  Data  Lc  philo.o [1]
l_philoQueueSto       0x20000178   0x64  Data  Lc  main.o [1]
l_rnd                 0x200002f4    0x4  Data  Lc  bsp.o [1]
l_smlPoolSto          0x200001dc   0x50  Data  Lc  main.o [1]
l_subscrSto           0x20000294   0x20  Data  Lc  main.o [1]
l_table               0x20000268   0x2c  Data  Lc  table.o [1]
l_tableQueueSto       0x200002d4   0x14  Data  Lc  main.o [1]
main                  0x00001911   0x94  Code  Gb  main.o [1]
pulStack              0x20000308  0x400  Data  Lc  startup_tm4c.o [1]


[1] = D:\qp\qpc\examples\arm-cm\vanilla\iar\dpp_ek-tm4c123gxl\dbg
[2] = command line
[3] = dl7M_tln.a
[4] = libqp_cortex-m4f.a
[5] = m7M_tlv.a
[6] = rt7M_tl.a
[7] = shb_l.a

  6 102 bytes of readonly  code memory
  1 110 bytes of readonly  data memory
  1 798 bytes of readwrite data memory

Errors: none
Warnings: none
