###############################################################################
#                                                                             #
# IAR ELF Linker V6.60.1.5097/W32 for ARM               13/Oct/2013  23:03:45 #
# Copyright 2007-2013 IAR Systems AB.                                         #
#                                                                             #
#    Output file  =  D:\qp\qpc\examples\arm-cm\vanilla\iar\game_ek-lm3s811\db #
#                    g\game.out                                               #
#    Map file     =  D:\qp\qpc\examples\arm-cm\vanilla\iar\game_ek-lm3s811\db #
#                    g\game.map                                               #
#    Command line =  D:\qp\qpc\examples\arm-cm\vanilla\iar\game_ek-lm3s811\db #
#                    g\bsp.o D:\qp\qpc\examples\arm-cm\vanilla\iar\game_ek-lm #
#                    3s811\dbg\display96x16x1.o D:\qp\qpc\examples\arm-cm\van #
#                    illa\iar\game_ek-lm3s811\dbg\main.o                      #
#                    D:\qp\qpc\examples\arm-cm\vanilla\iar\game_ek-lm3s811\db #
#                    g\mine1.o D:\qp\qpc\examples\arm-cm\vanilla\iar\game_ek- #
#                    lm3s811\dbg\mine2.o D:\qp\qpc\examples\arm-cm\vanilla\ia #
#                    r\game_ek-lm3s811\dbg\missile.o                          #
#                    D:\qp\qpc\examples\arm-cm\vanilla\iar\game_ek-lm3s811\db #
#                    g\ship.o D:\qp\qpc\examples\arm-cm\vanilla\iar\game_ek-l #
#                    m3s811\dbg\startup_lm3s.o D:\qp\qpc\examples\arm-cm\vani #
#                    lla\iar\game_ek-lm3s811\dbg\system_lm3s.o                #
#                    D:\qp\qpc\examples\arm-cm\vanilla\iar\game_ek-lm3s811\db #
#                    g\tunnel.o --redirect _Printf=_PrintfTiny --redirect     #
#                    _Scanf=_ScanfSmall -o D:\qp\qpc\examples\arm-cm\vanilla\ #
#                    iar\game_ek-lm3s811\dbg\game.out --map                   #
#                    D:\qp\qpc\examples\arm-cm\vanilla\iar\game_ek-lm3s811\db #
#                    g\game.map --config D:\qp\qpc\examples\arm-cm\vanilla\ia #
#                    r\game_ek-lm3s811\lm3s811.icf --semihosting              #
#                    D:\qp\qpc\ports\arm-cm\vanilla\iar\dbg\libqp_cortex-m3.a #
#                     --entry __iar_program_start --vfe                       #
#                                                                             #
#                                                                             #
###############################################################################

*******************************************************************************
*** RUNTIME MODEL ATTRIBUTES
***

CppFlavor       = *
__SystemLibrary = DLib


*******************************************************************************
*** PLACEMENT SUMMARY
***

"A1":  place at start of [0x00000000-0x0000ffff] { ro section .intvec };
"P1":  place in [from 0x00000000 to 0x0000ffff] { ro };
"P2":  place in [from 0x20000000 to 0x20001fff] { rw, block HEAP };

  Section          Kind        Address    Size  Object
  -------          ----        -------    ----  ------
"A1":                                     0xf0
  .intvec          const    0x00000000    0xf0  startup_lm3s.o [1]
                          - 0x000000f0    0xf0

"P1":                                   0x3760
  .text            ro code  0x000000f0   0xc94  tunnel.o [1]
  .text            ro code  0x00000d84    0x28  qa_ctor.o [4]
  .text            ro code  0x00000dac    0x44  qte_ctor.o [4]
  .text            ro code  0x00000df0   0x284  mine1.o [1]
  .text            ro code  0x00001074   0x280  mine2.o [1]
  .text            ro code  0x000012f4     0xc  memmove.o [5]
  .text            ro code  0x00001300     0xc  memcpy.o [3]
  .text            ro code  0x0000130c   0x258  qhsm_dis.o [4]
  .text            ro code  0x00001564   0x3fc  bsp.o [1]
  .text            ro code  0x00001960    0xd4  qhsm_ini.o [4]
  .text            ro code  0x00001a34    0x88  qa_sub.o [4]
  .text            ro code  0x00001abc    0x7c  qte_arm.o [4]
  .text            ro code  0x00001b38    0x22  qte_darm.o [4]
  .text            ro code  0x00001b5a    0x14  memset.o [3]
  .text            ro code  0x00001b6e    0x22  zero_init3.o [5]
  .text            ro code  0x00001b90    0xd8  qvanilla.o [4]
  .text            ro code  0x00001c68    0x7c  qf_new.o [4]
  .text            ro code  0x00001ce4    0x78  ABImemmove_unaligned.o [5]
  .text            ro code  0x00001d5c    0x76  ABImemcpy_unaligned.o [5]
  .text            ro code  0x00001dd4    0xc8  qf_tick.o [4]
  .text            ro code  0x00001e9c    0xb8  qf_pspub.o [4]
  .text            ro code  0x00001f54   0x2a0  system_lm3s.o [1]
  .text            ro code  0x000021f4   0x548  display96x16x1.o [1]
  .text            ro code  0x0000273c    0x66  ABImemset.o [5]
  .text            ro code  0x000027a4    0xb4  qa_get_.o [4]
  .text            ro code  0x00002858    0x60  qf_gc.o [4]
  .text            ro code  0x000028b8    0x1a  qeq_init.o [4]
  .text            ro code  0x000028d4    0x4c  qf_act.o [4]
  .text            ro code  0x00002920    0x50  qmp_get.o [4]
  .text            ro code  0x00002970    0x50  qmp_put.o [4]
  .text            ro code  0x000029c0   0x27c  ship.o [1]
  .rodata          const    0x00002c3c   0x1dc  display96x16x1.o [1]
  .text            ro code  0x00002e18   0x1a4  missile.o [1]
  .rodata          const    0x00002fbc    0xcc  qf_pwr2.o [4]
  .text            ro code  0x00003088    0xc8  qa_fifo.o [4]
  .text            ro code  0x00003150    0xac  main.o [1]
  .text            ro code  0x000031fc    0x78  qf_pool.o [4]
  .text            ro code  0x00003274    0x14  qf_psini.o [4]
  .text            ro code  0x00003288    0x9c  qmp_init.o [4]
  .text            ro code  0x00003324    0xa8  qa_lifo.o [4]
  .rodata          const    0x000033cc    0x74  display96x16x1.o [1]
  .rodata          const    0x00003440    0x5c  system_lm3s.o [1]
  .rodata          const    0x0000349c    0x50  display96x16x1.o [1]
  .rodata          const    0x000034ec    0x50  tunnel.o [1]
  .rodata          const    0x0000353c    0x40  mine1.o [1]
  .rodata          const    0x0000357c    0x40  mine2.o [1]
  .rodata          const    0x000035bc    0x40  tunnel.o [1]
  .rodata          const    0x000035fc    0x3c  bsp.o [1]
  .rodata          const    0x00003638    0x38  tunnel.o [1]
  .text            ro code  0x00003670    0x28  data_init.o [5]
  .iar.init_table  const    0x00003698    0x10  - Linker created -
  .text            ro code  0x000036a8    0x20  startup_lm3s.o [1]
  .text            ro code  0x000036c8    0x1a  cmain.o [5]
  .text            ro code  0x000036e2     0x4  low_level_init.o [3]
  .text            ro code  0x000036e6     0x4  exit.o [3]
  .text            ro code  0x000036ec     0xa  cexit.o [5]
  .text            ro code  0x000036f8    0x14  exit.o [6]
  .rodata          const    0x0000370c    0x14  startup_lm3s.o [1]
  .rodata          const    0x00003720    0x14  tunnel.o [1]
  .rodata          const    0x00003734    0x14  tunnel.o [1]
  .rodata          const    0x00003748    0x14  tunnel.o [1]
  .rodata          const    0x0000375c    0x10  qep.o [4]
  .rodata          const    0x0000376c     0xc  startup_lm3s.o [1]
  .rodata          const    0x00003778     0xc  tunnel.o [1]
  .rodata          const    0x00003784     0xc  tunnel.o [1]
  .text            ro code  0x00003790     0xc  cstartup_M.o [5]
  .rodata          const    0x0000379c     0x8  display96x16x1.o [1]
  .rodata          const    0x000037a4     0x8  display96x16x1.o [1]
  .rodata          const    0x000037ac     0x8  display96x16x1.o [1]
  .rodata          const    0x000037b4     0x8  display96x16x1.o [1]
  .rodata          const    0x000037bc     0x8  mine1.o [1]
  .rodata          const    0x000037c4     0x8  mine1.o [1]
  .rodata          const    0x000037cc     0x8  mine2.o [1]
  .rodata          const    0x000037d4     0x8  mine2.o [1]
  .rodata          const    0x000037dc     0x8  tunnel.o [1]
  .rodata          const    0x000037e4     0x8  tunnel.o [1]
  .rodata          const    0x000037ec     0x8  tunnel.o [1]
  .rodata          const    0x000037f4     0x8  tunnel.o [1]
  .rodata          const    0x000037fc     0x8  tunnel.o [1]
  .rodata          const    0x00003804     0x8  tunnel.o [1]
  .rodata          const    0x0000380c     0x8  tunnel.o [1]
  .rodata          const    0x00003814     0x8  tunnel.o [1]
  .rodata          const    0x0000381c     0x4  bsp.o [1]
  .rodata          const    0x00003820     0x4  bsp.o [1]
  .rodata          const    0x00003824     0x4  missile.o [1]
  .rodata          const    0x00003828     0x4  ship.o [1]
  .rodata          const    0x0000382c     0x4  tunnel.o [1]
  .rodata          const    0x00003830     0x4  tunnel.o [1]
  .rodata          const    0x00003834     0x4  tunnel.o [1]
  .rodata          const    0x00003838     0x4  tunnel.o [1]
  .rodata          const    0x0000383c     0x4  tunnel.o [1]
  .rodata          const    0x00003840     0x4  tunnel.o [1]
  .rodata          const    0x00003844     0x4  tunnel.o [1]
  .rodata          const    0x00003848     0x4  tunnel.o [1]
  .text            ro code  0x0000384c     0x4  qhsm_top.o [4]
  .rodata          const    0x00003850     0x0  zero_init3.o [5]
                          - 0x00003850  0x3760

"P2", part 1 of 2:                       0x52c
  .bss             zero     0x20000000    0xc0  tunnel.o [1]
  .bss             zero     0x200000c0    0xc0  tunnel.o [1]
  .bss             zero     0x20000180    0xa0  main.o [1]
  .bss             zero     0x20000220    0x84  tunnel.o [1]
  .bss             zero     0x200002a4    0x84  qf_act.o [4]
  .bss             zero     0x20000328    0x50  mine1.o [1]
  .bss             zero     0x20000378    0x50  mine2.o [1]
  .bss             zero     0x200003c8    0x3c  qf_pool.o [4]
  .bss             zero     0x20000404    0x28  main.o [1]
  .bss             zero     0x2000042c    0x28  main.o [1]
  .bss             zero     0x20000454    0x28  ship.o [1]
  .bss             zero     0x2000047c    0x24  missile.o [1]
  .bss             zero     0x200004a0    0x20  main.o [1]
  .bss             zero     0x200004c0    0x20  qf_tick.o [4]
  .bss             zero     0x200004e0     0xc  main.o [1]
  .bss             zero     0x200004ec     0xc  qvanilla.o [4]
  .bss             zero     0x200004f8     0x8  main.o [1]
  .bss             zero     0x20000500     0x4  bsp.o [1]
  .bss             zero     0x20000504     0x4  bsp.o [1]
  .bss             zero     0x20000508     0x4  bsp.o [1]
  .bss             zero     0x2000050c     0x4  display96x16x1.o [1]
  .bss             zero     0x20000510     0x4  system_lm3s.o [1]
  .bss             zero     0x20000514     0x4  tunnel.o [1]
  .bss             zero     0x20000518     0x4  qf_pool.o [4]
  .bss             zero     0x2000051c     0x4  qf_psini.o [4]
  .bss             zero     0x20000520     0x4  qf_psini.o [4]
  .bss             zero     0x20000524     0x1  bsp.o [1]
  .bss             zero     0x20000525     0x1  display96x16x1.o [1]
  .bss             zero     0x20000526     0x1  display96x16x1.o [1]
  .bss             zero     0x20000527     0x1  mine1.o [1]
  .bss             zero     0x20000528     0x1  mine2.o [1]
                          - 0x20000529   0x529

"P2", part 2 of 2:                       0x258
  .noinit          uninit   0x2000052c   0x258  startup_lm3s.o [1]
                          - 0x20000784   0x258


*******************************************************************************
*** INIT TABLE
***

          Address     Size
          -------     ----
Zero (__iar_zero_init3)
    1 destination range, total size 0x529:
          0x20000000  0x529



*******************************************************************************
*** MODULE SUMMARY
***

    Module                  ro code  ro data  rw data
    ------                  -------  -------  -------
D:\qp\qpc\examples\arm-cm\vanilla\iar\game_ek-lm3s811\dbg: [1]
    bsp.o                     1 020       68       13
    display96x16x1.o          1 352      704        6
    main.o                      172               292
    mine1.o                     644       80       81
    mine2.o                     640       80       81
    missile.o                   420        4       36
    ship.o                      636        4       40
    startup_lm3s.o               32      272      600
    system_lm3s.o               672       92        4
    tunnel.o                  3 220      380      520
    -------------------------------------------------
    Total:                    8 808    1 684    1 673

command line: [2]
    -------------------------------------------------
    Total:

dl7M_tln.a: [3]
    exit.o                        4
    low_level_init.o              4
    memcpy.o                     12
    memset.o                     20
    -------------------------------------------------
    Total:                       40

libqp_cortex-m3.a: [4]
    qa_ctor.o                    40
    qa_fifo.o                   200
    qa_get_.o                   180
    qa_lifo.o                   168
    qa_sub.o                    136
    qep.o                                 16
    qeq_init.o                   26
    qf_act.o                     76               132
    qf_gc.o                      96
    qf_new.o                    124
    qf_pool.o                   120                64
    qf_psini.o                   20                 8
    qf_pspub.o                  184
    qf_pwr2.o                            204
    qf_tick.o                   200                32
    qhsm_dis.o                  600
    qhsm_ini.o                  212
    qhsm_top.o                    4
    qmp_get.o                    80
    qmp_init.o                  156
    qmp_put.o                    80
    qte_arm.o                   124
    qte_ctor.o                   68
    qte_darm.o                   34
    qvanilla.o                  216                12
    -------------------------------------------------
    Total:                    3 144      220      248

rt7M_tl.a: [5]
    ABImemcpy_unaligned.o       118
    ABImemmove_unaligned.o      120
    ABImemset.o                 102
    cexit.o                      10
    cmain.o                      26
    cstartup_M.o                 12
    data_init.o                  40
    memmove.o                    12
    zero_init3.o                 34
    -------------------------------------------------
    Total:                      474

shb_l.a: [6]
    exit.o                       20
    -------------------------------------------------
    Total:                       20

    Gaps                         10
    Linker created                        16
-----------------------------------------------------
    Grand Total:             12 496    1 920    1 921


*******************************************************************************
*** ENTRY LIST
***

Entry                    Address   Size  Type      Object
-----                    -------   ----  ----      ------
?main                 0x000036c9         Code  Gb  cmain.o [5]
ADCSeq3_IRQHandler    0x00001607   0xea  Code  Gb  bsp.o [1]
AO_Missile            0x00003824    0x4  Data  Gb  missile.o [1]
AO_Ship               0x00003828    0x4  Data  Gb  ship.o [1]
AO_Tunnel             0x0000382c    0x4  Data  Gb  tunnel.o [1]
BSP_displayOff        0x0000183f    0x8  Code  Gb  bsp.o [1]
BSP_displayOn         0x00001837    0x8  Code  Gb  bsp.o [1]
BSP_drawBitmap        0x00001805   0x18  Code  Gb  bsp.o [1]
BSP_drawNString       0x0000181d   0x18  Code  Gb  bsp.o [1]
BSP_init              0x00001711   0xf4  Code  Gb  bsp.o [1]
BSP_updateScore       0x00001835    0x2  Code  Gb  bsp.o [1]
Display96x16x1Clear   0x000022b5   0x74  Code  Gb  display96x16x1.o [1]
Display96x16x1DisplayOff
                      0x00002715   0x28  Code  Gb  display96x16x1.o [1]
Display96x16x1DisplayOn
                      0x00002601   0x94  Code  Gb  display96x16x1.o [1]
Display96x16x1ImageDraw
                      0x000023ed   0x7a  Code  Gb  display96x16x1.o [1]
Display96x16x1Init    0x00002467  0x19a  Code  Gb  display96x16x1.o [1]
Display96x16x1StringDraw
                      0x00002329   0xc4  Code  Gb  display96x16x1.o [1]
Display96x16x1WriteArray
                      0x00002241   0x36  Code  Lc  display96x16x1.o [1]
Display96x16x1WriteByte
                      0x00002217   0x2a  Code  Lc  display96x16x1.o [1]
Display96x16x1WriteFinal
                      0x00002277   0x3e  Code  Lc  display96x16x1.o [1]
Display96x16x1WriteFirst
                      0x000021fd   0x1a  Code  Lc  display96x16x1.o [1]
GPIOPortA_IRQHandler  0x000016f1   0x20  Code  Gb  bsp.o [1]
HardFault_Handler     0x000036b5    0xc  Code  Gb  startup_lm3s.o [1]
Mine1_ctor            0x00000df1   0x2a  Code  Gb  mine1.o [1]
Mine1_exploding       0x00000eb3   0x88  Code  Lc  mine1.o [1]
Mine1_initial         0x00000e1d   0x18  Code  Lc  mine1.o [1]
Mine1_planted         0x00000f3d  0x106  Code  Lc  mine1.o [1]
Mine1_unused          0x00000e35   0x28  Code  Lc  mine1.o [1]
Mine1_used            0x00000e5d   0x56  Code  Lc  mine1.o [1]
Mine2_ctor            0x00001075   0x2a  Code  Gb  mine2.o [1]
Mine2_exploding       0x00001241   0x88  Code  Lc  mine2.o [1]
Mine2_initial         0x000010a1   0x18  Code  Lc  mine2.o [1]
Mine2_planted         0x00001139  0x108  Code  Lc  mine2.o [1]
Mine2_unused          0x000010b9   0x28  Code  Lc  mine2.o [1]
Mine2_used            0x000010e1   0x56  Code  Lc  mine2.o [1]
Missile_armed         0x00002e41   0x2c  Code  Lc  missile.o [1]
Missile_ctor          0x00002e19   0x10  Code  Gb  missile.o [1]
Missile_exploding     0x00002f0d   0x9a  Code  Lc  missile.o [1]
Missile_flying        0x00002e6d   0x9e  Code  Lc  missile.o [1]
Missile_initial       0x00002e29   0x18  Code  Lc  missile.o [1]
NMI_Handler           0x000036a9    0xc  Code  Gb  startup_lm3s.o [1]
NVIC_EnableIRQ        0x00001589   0x1a  Code  Lc  bsp.o [1]
NVIC_SetPriority      0x000015a3   0x24  Code  Lc  bsp.o [1]
NVIC_SetPriorityGrouping
                      0x00001565   0x24  Code  Lc  bsp.o [1]
QActive_ctor          0x00000d85   0x12  Code  Gb  qa_ctor.o [4]
QActive_get_          0x000027a5   0x9e  Code  Gb  qa_get_.o [4]
QActive_post          0x00003089   0xb4  Code  Gb  qa_fifo.o [4]
QActive_postLIFO      0x00003325   0x94  Code  Gb  qa_lifo.o [4]
QActive_start         0x00001c15   0x48  Code  Gb  qvanilla.o [4]
QActive_subscribe     0x00001a35   0x6a  Code  Gb  qa_sub.o [4]
QEP_reservedEvt_      0x0000375c   0x10  Data  Gb  qep.o [4]
QEQueue_init          0x000028b9   0x1a  Code  Gb  qeq_init.o [4]
QF_active_            0x200002a4   0x84  Data  Gb  qf_act.o [4]
QF_add_               0x000028d5   0x3e  Code  Gb  qf_act.o [4]
QF_div8Lkup           0x00003044   0x44  Data  Gb  qf_pwr2.o [4]
QF_gc                 0x00002859   0x50  Code  Gb  qf_gc.o [4]
QF_init               0x00001b91    0x2  Code  Gb  qvanilla.o [4]
QF_invPwr2Lkup        0x00003000   0x44  Data  Gb  qf_pwr2.o [4]
QF_maxPool_           0x20000518    0x4  Data  Gb  qf_pool.o [4]
QF_maxSignal_         0x20000520    0x4  Data  Gb  qf_psini.o [4]
QF_newX_              0x00001c69   0x6c  Code  Gb  qf_new.o [4]
QF_onCleanup          0x0000189b    0x2  Code  Gb  bsp.o [1]
QF_onIdle             0x0000189d   0x14  Code  Gb  bsp.o [1]
QF_onStartup          0x00001847   0x54  Code  Gb  bsp.o [1]
QF_poolInit           0x000031fd   0x68  Code  Gb  qf_pool.o [4]
QF_pool_              0x200003c8   0x3c  Data  Gb  qf_pool.o [4]
QF_psInit             0x00003275   0x14  Code  Gb  qf_psini.o [4]
QF_publish            0x00001e9d   0x9c  Code  Gb  qf_pspub.o [4]
QF_pwr2Lkup           0x00002fbc   0x44  Data  Gb  qf_pwr2.o [4]
QF_readySet_          0x200004ec    0xc  Data  Gb  qvanilla.o [4]
QF_run                0x00001b9b   0x70  Code  Gb  qvanilla.o [4]
QF_stop               0x00001b93    0x8  Code  Gb  qvanilla.o [4]
QF_subscrList_        0x2000051c    0x4  Data  Gb  qf_psini.o [4]
QF_tickX              0x00001dd5   0xbc  Code  Gb  qf_tick.o [4]
QF_timeEvtHead_       0x200004c0   0x20  Data  Gb  qf_tick.o [4]
QHsm_ctor             0x00001961    0xe  Code  Gb  qhsm_ini.o [4]
QHsm_dispatch         0x0000130d  0x23a  Code  Gb  qhsm_dis.o [4]
QHsm_init             0x0000196f   0xa2  Code  Gb  qhsm_ini.o [4]
QHsm_top              0x0000384d    0x4  Code  Gb  qhsm_top.o [4]
QMPool_get            0x00002921   0x46  Code  Gb  qmp_get.o [4]
QMPool_init           0x00003289   0x90  Code  Gb  qmp_init.o [4]
QMPool_put            0x00002971   0x48  Code  Gb  qmp_put.o [4]
QTimeEvt_armX         0x00001abd   0x6e  Code  Gb  qte_arm.o [4]
QTimeEvt_ctorX        0x00000dad   0x36  Code  Gb  qte_ctor.o [4]
QTimeEvt_disarm       0x00001b39   0x22  Code  Gb  qte_darm.o [4]
Q_onAssert            0x00001949    0x8  Code  Gb  bsp.o [1]
Q_this_module_        0x000035fc   0x3c  Data  Lc  bsp.o [1]
Q_this_module_        0x0000353c   0x40  Data  Lc  mine1.o [1]
Q_this_module_        0x0000357c   0x40  Data  Lc  mine2.o [1]
Q_this_module_        0x000035bc   0x40  Data  Lc  tunnel.o [1]
Q_this_module_        0x00001cdc    0x8  Data  Lc  qf_new.o [4]
Q_this_module_        0x00001f48    0xc  Data  Lc  qf_pspub.o [4]
Q_this_module_        0x00001e94    0x8  Data  Lc  qf_tick.o [4]
Q_this_module_        0x00001c5c    0xc  Data  Lc  qvanilla.o [4]
Q_this_module_        0x0000326c    0x8  Data  Lc  qf_pool.o [4]
Q_this_module_        0x00001a20    0xc  Data  Lc  qhsm_ini.o [4]
Q_this_module_        0x00001ab4    0x8  Data  Lc  qa_sub.o [4]
Q_this_module_        0x00001558    0xc  Data  Lc  qhsm_dis.o [4]
Q_this_module_        0x00001b30    0x8  Data  Lc  qte_arm.o [4]
Q_this_module_        0x00000de4    0xc  Data  Lc  qte_ctor.o [4]
Q_this_module_        0x00002968    0x8  Data  Lc  qmp_get.o [4]
Q_this_module_        0x00002918    0x8  Data  Lc  qf_act.o [4]
Q_this_module_        0x000028b0    0x8  Data  Lc  qf_gc.o [4]
Q_this_module_        0x00002850    0x8  Data  Lc  qa_get_.o [4]
Q_this_module_        0x00003318    0xc  Data  Lc  qmp_init.o [4]
Q_this_module_        0x00003148    0x8  Data  Lc  qa_fifo.o [4]
Q_this_module_        0x000033c4    0x8  Data  Lc  qa_lifo.o [4]
Q_this_module_        0x000029b8    0x8  Data  Lc  qmp_put.o [4]
Region$$Table$$Base   0x00003698          --   Gb  - Linker created -
Region$$Table$$Limit  0x000036a8          --   Gb  - Linker created -
Ship_active           0x000029fd   0x38  Code  Lc  ship.o [1]
Ship_ctor             0x000029c1   0x1c  Code  Gb  ship.o [1]
Ship_exploding        0x00002b7d   0xa8  Code  Lc  ship.o [1]
Ship_flying           0x00002a55  0x126  Code  Lc  ship.o [1]
Ship_initial          0x000029dd   0x20  Code  Lc  ship.o [1]
Ship_parked           0x00002a35   0x20  Code  Lc  ship.o [1]
SysCtlDelay           0x000021f5    0x8  Code  Lc  display96x16x1.o [1]
SysTick_Config        0x000015c7   0x30  Code  Lc  bsp.o [1]
SysTick_Handler       0x000015f7   0x10  Code  Gb  bsp.o [1]
SystemFrequency       0x20000510    0x4  Data  Gb  system_lm3s.o [1]
SystemInit            0x00001f55  0x2a0  Code  Gb  system_lm3s.o [1]
Tunnel_active         0x00000543   0x5a  Code  Lc  tunnel.o [1]
Tunnel_addImageAt     0x00000331   0xde  Code  Lc  tunnel.o [1]
Tunnel_advance        0x00000163  0x106  Code  Lc  tunnel.o [1]
Tunnel_ctor           0x000000f1   0x72  Code  Gb  tunnel.o [1]
Tunnel_demo           0x00000679   0xee  Code  Lc  tunnel.o [1]
Tunnel_dispatchToAllMines
                      0x0000040f   0x30  Code  Lc  tunnel.o [1]
Tunnel_final          0x00000b85   0x34  Code  Lc  tunnel.o [1]
Tunnel_game_over      0x000009b5   0xaa  Code  Lc  tunnel.o [1]
Tunnel_initial        0x000004e9   0x5a  Code  Lc  tunnel.o [1]
Tunnel_isWallHit      0x0000043f   0xa8  Code  Lc  tunnel.o [1]
Tunnel_plantMine      0x00000269   0xc8  Code  Lc  tunnel.o [1]
Tunnel_playing        0x00000769  0x24c  Code  Lc  tunnel.o [1]
Tunnel_screen_saver   0x00000a61   0x30  Code  Lc  tunnel.o [1]
Tunnel_screen_saver_hide
                      0x00000a91   0x5a  Code  Lc  tunnel.o [1]
Tunnel_screen_saver_show
                      0x00000aed   0x96  Code  Lc  tunnel.o [1]
Tunnel_show_logo      0x0000059d   0xdc  Code  Lc  tunnel.o [1]
__aeabi_memset        0x0000273d         Code  Gb  ABImemset.o [5]
__cmain               0x000036c9         Code  Gb  cmain.o [5]
__exit                0x000036f9   0x14  Code  Gb  exit.o [6]
__iar_Memset          0x0000273d         Code  Gb  ABImemset.o [5]
__iar_Memset_word     0x00002745         Code  Gb  ABImemset.o [5]
__iar_data_init3      0x00003671   0x28  Code  Gb  data_init.o [5]
__iar_program_start   0x00003791         Code  Gb  cstartup_M.o [5]
__iar_unaligned___aeabi_memcpy
                      0x00001d5d         Code  Gb  ABImemcpy_unaligned.o [5]
__iar_unaligned___aeabi_memcpy4
                      0x00001d7d         Code  Gb  ABImemcpy_unaligned.o [5]
__iar_unaligned___aeabi_memcpy8
                      0x00001d7d         Code  Gb  ABImemcpy_unaligned.o [5]
__iar_unaligned___aeabi_memmove
                      0x00001ce5         Code  Gb  ABImemmove_unaligned.o [5]
__iar_unaligned___aeabi_memmove4
                      0x00001ce5         Code  Gb  ABImemmove_unaligned.o [5]
__iar_unaligned___aeabi_memmove8
                      0x00001ce5         Code  Gb  ABImemmove_unaligned.o [5]
__iar_zero_init3      0x00001b6f   0x22  Code  Gb  zero_init3.o [5]
__low_level_init      0x000036e3    0x4  Code  Gb  low_level_init.o [3]
__vector_table        0x00000000   0xf0  Data  Gb  startup_lm3s.o [1]
_call_main            0x000036d5         Code  Gb  cmain.o [5]
_exit                 0x000036ed         Code  Gb  cexit.o [5]
_main                 0x000036df         Code  Gb  cmain.o [5]
assert_failed         0x00001951   0x10  Code  Gb  bsp.o [1]
do_bitmaps_overlap    0x00000bd3  0x148  Code  Gb  tunnel.o [1]
exit                  0x000036e7    0x4  Code  Gb  exit.o [3]
explosion0_bits       0x000037fc    0x8  Data  Lc  tunnel.o [1]
explosion1_bits       0x00003804    0x8  Data  Lc  tunnel.o [1]
explosion2_bits       0x0000380c    0x8  Data  Lc  tunnel.o [1]
explosion3_bits       0x00003814    0x8  Data  Lc  tunnel.o [1]
g_pucFont             0x00002c3c  0x1dc  Data  Lc  display96x16x1.o [1]
g_pucOSRAMInit        0x000033cc   0x74  Data  Lc  display96x16x1.o [1]
g_pucOSRAMRow1        0x0000379c    0x8  Data  Lc  display96x16x1.o [1]
g_pucOSRAMRow2        0x000037a4    0x8  Data  Lc  display96x16x1.o [1]
g_pucRITInit          0x0000349c   0x50  Data  Lc  display96x16x1.o [1]
g_pucRITRow1          0x000037ac    0x8  Data  Lc  display96x16x1.o [1]
g_pucRITRow2          0x000037b4    0x8  Data  Lc  display96x16x1.o [1]
g_ucColumnAdjust      0x20000526    0x1  Data  Lc  display96x16x1.o [1]
g_ucDisplayIsRIT      0x20000525    0x1  Data  Lc  display96x16x1.o [1]
g_ulDelay             0x2000050c    0x4  Data  Lc  display96x16x1.o [1]
l_bitmap              0x000034ec   0x50  Data  Lc  tunnel.o [1]
l_frame               0x200000c0   0xc0  Data  Lc  tunnel.o [1]
l_medPoolSto          0x20000180   0xa0  Data  Lc  main.o [1]
l_mine1               0x20000328   0x50  Data  Lc  mine1.o [1]
l_mine2               0x20000378   0x50  Data  Lc  mine2.o [1]
l_missile             0x2000047c   0x24  Data  Lc  missile.o [1]
l_missileQueueSto     0x200004f8    0x8  Data  Lc  main.o [1]
l_pulXtals            0x00003440   0x5c  Data  Lc  system_lm3s.o [1]
l_rnd                 0x20000514    0x4  Data  Lc  tunnel.o [1]
l_ship                0x20000454   0x28  Data  Lc  ship.o [1]
l_shipQueueSto        0x200004e0    0xc  Data  Lc  main.o [1]
l_smlPoolSto          0x2000042c   0x28  Data  Lc  main.o [1]
l_subscrSto           0x200004a0   0x20  Data  Lc  main.o [1]
l_tunnel              0x20000220   0x84  Data  Lc  tunnel.o [1]
l_tunnelQueueSto      0x20000404   0x28  Data  Lc  main.o [1]
l_walls               0x20000000   0xc0  Data  Lc  tunnel.o [1]
main                  0x00003151   0xac  Code  Gb  main.o [1]
memcpy                0x00001301    0xc  Code  Gb  memcpy.o [3]
memmove               0x000012f5    0xc  Code  Gb  memmove.o [5]
memset                0x00001b5b   0x14  Code  Gb  memset.o [3]
mine1_bits            0x00003834    0x4  Data  Lc  tunnel.o [1]
mine2_bits            0x00003838    0x4  Data  Lc  tunnel.o [1]
mine2_missile_bits    0x0000383c    0x4  Data  Lc  tunnel.o [1]
missile_bits          0x00003830    0x4  Data  Lc  tunnel.o [1]
press_button_bits     0x00003638   0x38  Data  Lc  tunnel.o [1]
pulStack              0x2000052c  0x258  Data  Lc  startup_lm3s.o [1]
random                0x00000bb9   0x14  Code  Lc  tunnel.o [1]
randomSeed            0x00000bcd    0x6  Code  Lc  tunnel.o [1]
ship_bits             0x000037f4    0x8  Data  Lc  tunnel.o [1]


[1] = D:\qp\qpc\examples\arm-cm\vanilla\iar\game_ek-lm3s811\dbg
[2] = command line
[3] = dl7M_tln.a
[4] = libqp_cortex-m3.a
[5] = rt7M_tl.a
[6] = shb_l.a

  12 496 bytes of readonly  code memory
   1 920 bytes of readonly  data memory
   1 921 bytes of readwrite data memory

Errors: none
Warnings: none
