Archive member included because of file (symbol)

D:\qp\qpc/ports/arm-cm/qk/gnu/dbg\libqp_cortex-m3_cs.a(qhsm_top.o)
                              dbg/table.o (QHsm_top)
D:\qp\qpc/ports/arm-cm/qk/gnu/dbg\libqp_cortex-m3_cs.a(qa_ctor.o)
                              dbg/table.o (QActive_ctor)
D:\qp\qpc/ports/arm-cm/qk/gnu/dbg\libqp_cortex-m3_cs.a(qa_fifo.o)
                              D:\qp\qpc/ports/arm-cm/qk/gnu/dbg\libqp_cortex-m3_cs.a(qa_ctor.o) (QActive_post)
D:\qp\qpc/ports/arm-cm/qk/gnu/dbg\libqp_cortex-m3_cs.a(qa_lifo.o)
                              D:\qp\qpc/ports/arm-cm/qk/gnu/dbg\libqp_cortex-m3_cs.a(qa_ctor.o) (QActive_postLIFO)
D:\qp\qpc/ports/arm-cm/qk/gnu/dbg\libqp_cortex-m3_cs.a(qa_sub.o)
                              dbg/table.o (QActive_subscribe)
D:\qp\qpc/ports/arm-cm/qk/gnu/dbg\libqp_cortex-m3_cs.a(qf_act.o)
                              D:\qp\qpc/ports/arm-cm/qk/gnu/dbg\libqp_cortex-m3_cs.a(qa_sub.o) (QF_active_)
D:\qp\qpc/ports/arm-cm/qk/gnu/dbg\libqp_cortex-m3_cs.a(qf_new.o)
                              dbg/table.o (QF_newX_)
D:\qp\qpc/ports/arm-cm/qk/gnu/dbg\libqp_cortex-m3_cs.a(qf_pool.o)
                              dbg/main.o (QF_poolInit)
D:\qp\qpc/ports/arm-cm/qk/gnu/dbg\libqp_cortex-m3_cs.a(qf_psini.o)
                              dbg/main.o (QF_psInit)
D:\qp\qpc/ports/arm-cm/qk/gnu/dbg\libqp_cortex-m3_cs.a(qf_pspub.o)
                              dbg/table.o (QF_publish)
D:\qp\qpc/ports/arm-cm/qk/gnu/dbg\libqp_cortex-m3_cs.a(qf_pwr2.o)
                              D:\qp\qpc/ports/arm-cm/qk/gnu/dbg\libqp_cortex-m3_cs.a(qa_fifo.o) (QF_div8Lkup)
D:\qp\qpc/ports/arm-cm/qk/gnu/dbg\libqp_cortex-m3_cs.a(qf_tick.o)
                              dbg/bsp.o (QF_tickX)
D:\qp\qpc/ports/arm-cm/qk/gnu/dbg\libqp_cortex-m3_cs.a(qmp_get.o)
                              D:\qp\qpc/ports/arm-cm/qk/gnu/dbg\libqp_cortex-m3_cs.a(qf_new.o) (QMPool_get)
D:\qp\qpc/ports/arm-cm/qk/gnu/dbg\libqp_cortex-m3_cs.a(qmp_init.o)
                              D:\qp\qpc/ports/arm-cm/qk/gnu/dbg\libqp_cortex-m3_cs.a(qf_pool.o) (QMPool_init)
D:\qp\qpc/ports/arm-cm/qk/gnu/dbg\libqp_cortex-m3_cs.a(qte_ctor.o)
                              dbg/philo.o (QTimeEvt_ctorX)
D:\qp\qpc/ports/arm-cm/qk/gnu/dbg\libqp_cortex-m3_cs.a(qte_arm.o)
                              dbg/philo.o (QTimeEvt_armX)
D:\qp\qpc/ports/arm-cm/qk/gnu/dbg\libqp_cortex-m3_cs.a(qk.o)
                              dbg/main.o (QF_init)
D:\qp\qpc/ports/arm-cm/qk/gnu/dbg\libqp_cortex-m3_cs.a(qk_sched.o)
                              D:\qp\qpc/ports/arm-cm/qk/gnu/dbg\libqp_cortex-m3_cs.a(qa_fifo.o) (QK_schedPrio_)
D:\qp\qpc/ports/arm-cm/qk/gnu/dbg\libqp_cortex-m3_cs.a(qk_mutex.o)
                              D:\qp\qpc/ports/arm-cm/qk/gnu/dbg\libqp_cortex-m3_cs.a(qk_sched.o) (QK_ceilingPrio_)
D:\qp\qpc/ports/arm-cm/qk/gnu/dbg\libqp_cortex-m3_cs.a(qk_port.o)
                              D:\qp\qpc/ports/arm-cm/qk/gnu/dbg\libqp_cortex-m3_cs.a(qk.o) (QK_init)
D:\qp\qpc/ports/arm-cm/qk/gnu/dbg\libqp_cortex-m3_cs.a(qhsm_ini.o)
                              D:\qp\qpc/ports/arm-cm/qk/gnu/dbg\libqp_cortex-m3_cs.a(qa_ctor.o) (QHsm_init)
D:\qp\qpc/ports/arm-cm/qk/gnu/dbg\libqp_cortex-m3_cs.a(qhsm_dis.o)
                              D:\qp\qpc/ports/arm-cm/qk/gnu/dbg\libqp_cortex-m3_cs.a(qa_ctor.o) (QHsm_dispatch)
D:\qp\qpc/ports/arm-cm/qk/gnu/dbg\libqp_cortex-m3_cs.a(qa_get_.o)
                              D:\qp\qpc/ports/arm-cm/qk/gnu/dbg\libqp_cortex-m3_cs.a(qk_sched.o) (QActive_get_)
D:\qp\qpc/ports/arm-cm/qk/gnu/dbg\libqp_cortex-m3_cs.a(qeq_init.o)
                              D:\qp\qpc/ports/arm-cm/qk/gnu/dbg\libqp_cortex-m3_cs.a(qk.o) (QEQueue_init)
D:\qp\qpc/ports/arm-cm/qk/gnu/dbg\libqp_cortex-m3_cs.a(qf_gc.o)
                              D:\qp\qpc/ports/arm-cm/qk/gnu/dbg\libqp_cortex-m3_cs.a(qf_pspub.o) (QF_gc)
D:\qp\qpc/ports/arm-cm/qk/gnu/dbg\libqp_cortex-m3_cs.a(qmp_put.o)
                              D:\qp\qpc/ports/arm-cm/qk/gnu/dbg\libqp_cortex-m3_cs.a(qf_gc.o) (QMPool_put)
D:\qp\qpc/ports/arm-cm/qk/gnu/dbg\libqp_cortex-m3_cs.a(qep.o)
                              D:\qp\qpc/ports/arm-cm/qk/gnu/dbg\libqp_cortex-m3_cs.a(qhsm_ini.o) (QEP_reservedEvt_)
c:/tools/codesourcery/bin/../lib/gcc/arm-none-eabi/4.7.3/../../../../arm-none-eabi/lib/armv7-m\libc.a(lib_a-init.o)
                              dbg/startup_lm3s.o (__libc_init_array)

Discarded input sections

 .ARM.attributes
                0x00000000       0x2d c:/tools/codesourcery/bin/../lib/gcc/arm-none-eabi/4.7.3/../../../../arm-none-eabi/lib/armv7-m\libc.a(lib_a-init.o)
 .debug_frame   0x00000000       0x2c c:/tools/codesourcery/bin/../lib/gcc/arm-none-eabi/4.7.3/../../../../arm-none-eabi/lib/armv7-m\libc.a(lib_a-init.o)

Memory Configuration

Name             Origin             Length             Attributes
ROM              0x00000000         0x00010000         xr
RAM              0x20000000         0x00002000         xrw
*default*        0x00000000         0xffffffff

Linker script and memory map

LOAD dbg/startup_lm3s.o
LOAD dbg/main.o
LOAD dbg/table.o
LOAD dbg/display96x16x1.o
LOAD dbg/system_lm3s.o
LOAD dbg/philo.o
LOAD dbg/bsp.o
LOAD D:\qp\qpc/ports/arm-cm/qk/gnu/dbg\libqp_cortex-m3_cs.a
                0x000003e8                STACK_SIZE = 0x3e8
                0x00000000                HEAP_SIZE = 0x0

.isr_vector     0x00000000       0xf0
 *(.isr_vector)
 .isr_vector    0x00000000       0xf0 dbg/startup_lm3s.o
                0x00000000                g_pfnVectors
                0x000000f0                . = ALIGN (0x4)

.text           0x000000f0     0x2718
                0x000000f0                . = ALIGN (0x4)
 *(.text)
 .text          0x000000f0       0xb8 dbg/startup_lm3s.o
                0x000000f0                DebugMon_Handler
                0x000000f0                FlashCtrl_IRQHandler
                0x000000f0                Timer0B_IRQHandler
                0x000000f0                I2C0_IRQHandler
                0x000000f0                NMI_Handler
                0x000000f0                I2C1_IRQHandler
                0x000000f0                PWMGen0_IRQHandler
                0x000000f0                UART1_IRQHandler
                0x000000f0                CAN1_IRQHandler
                0x000000f0                Timer1B_IRQHandler
                0x000000f0                Watchdog_IRQHandler
                0x000000f0                UART0_IRQHandler
                0x000000f0                SSI0_IRQHandler
                0x000000f0                UsageFault_Handler
                0x000000f0                ADCSeq1_IRQHandler
                0x000000f0                PWMFault_IRQHandler
                0x000000f0                PWMGen1_IRQHandler
                0x000000f0                SSI1_IRQHandler
                0x000000f0                SysCtrl_IRQHandler
                0x000000f0                Spurious_Handler
                0x000000f0                GPIOPortC_IRQHandler
                0x000000f0                ADCSeq2_IRQHandler
                0x000000f0                PWMGen2_IRQHandler
                0x000000f0                UART2_IRQHandler
                0x000000f0                QEI1_IRQHandler
                0x000000f0                QEI0_IRQHandler
                0x000000f0                GPIOPortD_IRQHandler
                0x000000f0                MemManage_Handler
                0x000000f0                Ethernet_IRQHandler
                0x000000f0                Timer3B_IRQHandler
                0x000000f0                Timer3A_IRQHandler
                0x000000f0                Timer0A_IRQHandler
                0x000000f0                ADCSeq0_IRQHandler
                0x000000f0                Timer1A_IRQHandler
                0x000000f0                GPIOPortG_IRQHandler
                0x000000f0                ADCSeq3_IRQHandler
                0x000000f0                GPIOPortE_IRQHandler
                0x000000f0                CAN0_IRQHandler
                0x000000f0                Comp0_IRQHandler
                0x000000f0                Comp1_IRQHandler
                0x000000f0                Comp2_IRQHandler
                0x000000f0                GPIOPortF_IRQHandler
                0x000000f0                GPIOPortB_IRQHandler
                0x000000f0                CAN2_IRQHandler
                0x000000f0                GPIOPortH_IRQHandler
                0x000000f0                BusFault_Handler
                0x000000f0                Timer2A_IRQHandler
                0x000000f0                Timer2B_IRQHandler
                0x000000f0                Hibernate_IRQHandler
                0x0000010c                Reset_Handler
                0x000001a4                _init
 .text          0x000001a8       0xa4 dbg/main.o
                0x000001a8                main
 .text          0x0000024c      0x488 dbg/table.o
                0x00000690                Table_ctor
 .text          0x000006d4      0x550 dbg/display96x16x1.o
                0x00000790                Display96x16x1Clear
                0x00000810                Display96x16x1StringDraw
                0x00000908                Display96x16x1ImageDraw
                0x00000990                Display96x16x1Init
                0x00000b58                Display96x16x1DisplayOn
                0x00000bf0                Display96x16x1DisplayOff
 .text          0x00000c24      0x2d0 dbg/system_lm3s.o
                0x00000c24                SystemInit
 .text          0x00000ef4      0x2a4 dbg/philo.o
                0x00001150                Philo_ctor
 .text          0x00001198      0x2ec dbg/bsp.o
                0x00001198                SysTick_Handler
                0x00001268                GPIOPortA_IRQHandler
                0x000012d0                BSP_displayPhilStat
                0x000012fc                BSP_displayPaused
                0x00001320                BSP_random
                0x0000133c                BSP_randomSeed
                0x00001348                BSP_init
                0x000013d4                BSP_terminate
                0x000013d8                QF_onStartup
                0x0000144c                QF_onCleanup
                0x00001450                QK_onIdle
                0x00001474                Q_onAssert
                0x0000147c                assert_failed
 .text          0x00001484        0x8 D:\qp\qpc/ports/arm-cm/qk/gnu/dbg\libqp_cortex-m3_cs.a(qhsm_top.o)
                0x00001484                QHsm_top
 .text          0x0000148c       0x14 D:\qp\qpc/ports/arm-cm/qk/gnu/dbg\libqp_cortex-m3_cs.a(qa_ctor.o)
                0x0000148c                QActive_ctor
 .text          0x000014a0       0xdc D:\qp\qpc/ports/arm-cm/qk/gnu/dbg\libqp_cortex-m3_cs.a(qa_fifo.o)
                0x000014a0                QActive_post
 .text          0x0000157c       0xac D:\qp\qpc/ports/arm-cm/qk/gnu/dbg\libqp_cortex-m3_cs.a(qa_lifo.o)
                0x0000157c                QActive_postLIFO
 .text          0x00001628       0x68 D:\qp\qpc/ports/arm-cm/qk/gnu/dbg\libqp_cortex-m3_cs.a(qa_sub.o)
                0x00001628                QActive_subscribe
 .text          0x00001690       0x84 D:\qp\qpc/ports/arm-cm/qk/gnu/dbg\libqp_cortex-m3_cs.a(qf_act.o)
                0x00001690                QF_add_
                0x000016d0                QF_remove_
 .text          0x00001714       0x8c D:\qp\qpc/ports/arm-cm/qk/gnu/dbg\libqp_cortex-m3_cs.a(qf_new.o)
                0x00001714                QF_newX_
 .text          0x000017a0       0x70 D:\qp\qpc/ports/arm-cm/qk/gnu/dbg\libqp_cortex-m3_cs.a(qf_pool.o)
                0x000017a0                QF_poolInit
 .text          0x00001810        0xc D:\qp\qpc/ports/arm-cm/qk/gnu/dbg\libqp_cortex-m3_cs.a(qf_psini.o)
                0x00001810                QF_psInit
 .text          0x0000181c       0xb8 D:\qp\qpc/ports/arm-cm/qk/gnu/dbg\libqp_cortex-m3_cs.a(qf_pspub.o)
                0x0000181c                QF_publish
 .text          0x000018d4        0x0 D:\qp\qpc/ports/arm-cm/qk/gnu/dbg\libqp_cortex-m3_cs.a(qf_pwr2.o)
 .text          0x000018d4       0xf0 D:\qp\qpc/ports/arm-cm/qk/gnu/dbg\libqp_cortex-m3_cs.a(qf_tick.o)
                0x000018d4                QF_tickX
                0x00001988                QF_noTimeEvtsActiveX
 .text          0x000019c4       0x94 D:\qp\qpc/ports/arm-cm/qk/gnu/dbg\libqp_cortex-m3_cs.a(qmp_get.o)
                0x000019c4                QMPool_get
                0x00001a14                QF_getPoolMin
 .text          0x00001a58       0xac D:\qp\qpc/ports/arm-cm/qk/gnu/dbg\libqp_cortex-m3_cs.a(qmp_init.o)
                0x00001a58                QMPool_init
 .text          0x00001b04       0x34 D:\qp\qpc/ports/arm-cm/qk/gnu/dbg\libqp_cortex-m3_cs.a(qte_ctor.o)
                0x00001b04                QTimeEvt_ctorX
 .text          0x00001b38       0x64 D:\qp\qpc/ports/arm-cm/qk/gnu/dbg\libqp_cortex-m3_cs.a(qte_arm.o)
                0x00001b38                QTimeEvt_armX
 .text          0x00001b9c       0x9c D:\qp\qpc/ports/arm-cm/qk/gnu/dbg\libqp_cortex-m3_cs.a(qk.o)
                0x00001b9c                QF_init
                0x00001ba4                QF_stop
                0x00001bac                QF_run
                0x00001bdc                QActive_start
                0x00001c30                QActive_stop
 .text          0x00001c38       0xe8 D:\qp\qpc/ports/arm-cm/qk/gnu/dbg\libqp_cortex-m3_cs.a(qk_sched.o)
                0x00001c38                QK_schedPrio_
                0x00001c90                QK_sched_
 .text          0x00001d20       0x50 D:\qp\qpc/ports/arm-cm/qk/gnu/dbg\libqp_cortex-m3_cs.a(qk_mutex.o)
                0x00001d20                QK_mutexLock
                0x00001d44                QK_mutexUnlock
 .text          0x00001d70        0x0 D:\qp\qpc/ports/arm-cm/qk/gnu/dbg\libqp_cortex-m3_cs.a(qk_port.o)
 .text          0x00001d70       0xdc D:\qp\qpc/ports/arm-cm/qk/gnu/dbg\libqp_cortex-m3_cs.a(qhsm_ini.o)
                0x00001d70                QHsm_init
                0x00001e38                QHsm_ctor
 .text          0x00001e4c      0x218 D:\qp\qpc/ports/arm-cm/qk/gnu/dbg\libqp_cortex-m3_cs.a(qhsm_dis.o)
                0x00001e4c                QHsm_dispatch
 .text          0x00002064       0xd4 D:\qp\qpc/ports/arm-cm/qk/gnu/dbg\libqp_cortex-m3_cs.a(qa_get_.o)
                0x00002064                QActive_get_
                0x00002100                QF_getQueueMin
 .text          0x00002138       0x1c D:\qp\qpc/ports/arm-cm/qk/gnu/dbg\libqp_cortex-m3_cs.a(qeq_init.o)
                0x00002138                QEQueue_init
 .text          0x00002154       0x60 D:\qp\qpc/ports/arm-cm/qk/gnu/dbg\libqp_cortex-m3_cs.a(qf_gc.o)
                0x00002154                QF_gc
 .text          0x000021b4       0x54 D:\qp\qpc/ports/arm-cm/qk/gnu/dbg\libqp_cortex-m3_cs.a(qmp_put.o)
                0x000021b4                QMPool_put
 .text          0x00002208        0x0 D:\qp\qpc/ports/arm-cm/qk/gnu/dbg\libqp_cortex-m3_cs.a(qep.o)
 .text          0x00002208       0x4c c:/tools/codesourcery/bin/../lib/gcc/arm-none-eabi/4.7.3/../../../../arm-none-eabi/lib/armv7-m\libc.a(lib_a-init.o)
                0x00002208                __libc_init_array
 *(.text*)
 .text.QK_init  0x00002254       0x24 D:\qp\qpc/ports/arm-cm/qk/gnu/dbg\libqp_cortex-m3_cs.a(qk_port.o)
                0x00002254                QK_init
 .text.PendSV_Handler
                0x00002278       0x40 D:\qp\qpc/ports/arm-cm/qk/gnu/dbg\libqp_cortex-m3_cs.a(qk_port.o)
                0x00002278                PendSV_Handler
 .text.SVC_Handler
                0x000022b8        0x6 D:\qp\qpc/ports/arm-cm/qk/gnu/dbg\libqp_cortex-m3_cs.a(qk_port.o)
                0x000022b8                SVC_Handler
 *(.rodata)
 *fill*         0x000022be        0x2 
 .rodata        0x000022c0        0xc dbg/table.o
                0x000022c8                AO_Table
 .rodata        0x000022cc      0x2c0 dbg/display96x16x1.o
 .rodata        0x0000258c       0x5c dbg/system_lm3s.o
 .rodata        0x000025e8       0x1c dbg/philo.o
                0x000025f0                AO_Philo
 .rodata        0x00002604        0x8 dbg/bsp.o
 .rodata        0x0000260c       0x14 D:\qp\qpc/ports/arm-cm/qk/gnu/dbg\libqp_cortex-m3_cs.a(qa_ctor.o)
 .rodata        0x00002620        0x8 D:\qp\qpc/ports/arm-cm/qk/gnu/dbg\libqp_cortex-m3_cs.a(qa_fifo.o)
 .rodata        0x00002628        0x8 D:\qp\qpc/ports/arm-cm/qk/gnu/dbg\libqp_cortex-m3_cs.a(qa_lifo.o)
 .rodata        0x00002630        0x8 D:\qp\qpc/ports/arm-cm/qk/gnu/dbg\libqp_cortex-m3_cs.a(qa_sub.o)
 .rodata        0x00002638        0x8 D:\qp\qpc/ports/arm-cm/qk/gnu/dbg\libqp_cortex-m3_cs.a(qf_act.o)
 .rodata        0x00002640        0x8 D:\qp\qpc/ports/arm-cm/qk/gnu/dbg\libqp_cortex-m3_cs.a(qf_new.o)
 .rodata        0x00002648        0x8 D:\qp\qpc/ports/arm-cm/qk/gnu/dbg\libqp_cortex-m3_cs.a(qf_pool.o)
 .rodata        0x00002650        0xc D:\qp\qpc/ports/arm-cm/qk/gnu/dbg\libqp_cortex-m3_cs.a(qf_pspub.o)
 .rodata        0x0000265c       0xcc D:\qp\qpc/ports/arm-cm/qk/gnu/dbg\libqp_cortex-m3_cs.a(qf_pwr2.o)
                0x0000265c                QF_div8Lkup
                0x000026a0                QF_invPwr2Lkup
                0x000026e4                QF_pwr2Lkup
 .rodata        0x00002728        0x8 D:\qp\qpc/ports/arm-cm/qk/gnu/dbg\libqp_cortex-m3_cs.a(qf_tick.o)
 .rodata        0x00002730        0x8 D:\qp\qpc/ports/arm-cm/qk/gnu/dbg\libqp_cortex-m3_cs.a(qmp_get.o)
 .rodata        0x00002738        0xc D:\qp\qpc/ports/arm-cm/qk/gnu/dbg\libqp_cortex-m3_cs.a(qmp_init.o)
 .rodata        0x00002744        0xc D:\qp\qpc/ports/arm-cm/qk/gnu/dbg\libqp_cortex-m3_cs.a(qte_ctor.o)
 .rodata        0x00002750        0x8 D:\qp\qpc/ports/arm-cm/qk/gnu/dbg\libqp_cortex-m3_cs.a(qte_arm.o)
 .rodata        0x00002758        0x4 D:\qp\qpc/ports/arm-cm/qk/gnu/dbg\libqp_cortex-m3_cs.a(qk.o)
 .rodata        0x0000275c       0x14 D:\qp\qpc/ports/arm-cm/qk/gnu/dbg\libqp_cortex-m3_cs.a(qhsm_ini.o)
 .rodata        0x00002770        0xc D:\qp\qpc/ports/arm-cm/qk/gnu/dbg\libqp_cortex-m3_cs.a(qhsm_dis.o)
 .rodata        0x0000277c        0x8 D:\qp\qpc/ports/arm-cm/qk/gnu/dbg\libqp_cortex-m3_cs.a(qa_get_.o)
 .rodata        0x00002784        0x8 D:\qp\qpc/ports/arm-cm/qk/gnu/dbg\libqp_cortex-m3_cs.a(qf_gc.o)
 .rodata        0x0000278c        0x8 D:\qp\qpc/ports/arm-cm/qk/gnu/dbg\libqp_cortex-m3_cs.a(qmp_put.o)
 .rodata        0x00002794       0x10 D:\qp\qpc/ports/arm-cm/qk/gnu/dbg\libqp_cortex-m3_cs.a(qep.o)
                0x00002794                QEP_reservedEvt_
 *(.rodata*)
 .rodata.str1.4
                0x000027a4       0x15 dbg/startup_lm3s.o
                                 0x18 (size before relaxing)
 *fill*         0x000027b9        0x3 
 .rodata.str1.4
                0x000027bc       0x21 dbg/table.o
                                 0x24 (size before relaxing)
 *fill*         0x000027dd        0x3 
 .rodata.str1.4
                0x000027e0       0x28 dbg/bsp.o
 *(.init)
 *(.fini)
                0x00002808                . = ALIGN (0x4)

.glue_7         0x00002808        0x0
 .glue_7        0x00000000        0x0 linker stubs

.glue_7t        0x00002808        0x0
 .glue_7t       0x00000000        0x0 linker stubs

.vfp11_veneer   0x00002808        0x0
 .vfp11_veneer  0x00000000        0x0 linker stubs

.v4_bx          0x00002808        0x0
 .v4_bx         0x00000000        0x0 linker stubs

.iplt           0x00002808        0x0
 .iplt          0x00000000        0x0 dbg/startup_lm3s.o

.rel.dyn        0x00002808        0x0
 .rel.iplt      0x00000000        0x0 dbg/startup_lm3s.o

.preinit_array  0x00002808        0x0
                0x00002808                PROVIDE (__preinit_array_start, .)
 *(.preinit_array*)
                0x00002808                PROVIDE (__preinit_array_end, .)

.init_array     0x00002808        0x0
                0x00002808                PROVIDE (__init_array_start, .)
 *(SORT(.init_array.*))
 *(.init_array*)
                0x00002808                PROVIDE (__init_array_end, .)

.fini_array     0x00002808        0x0
                0x00002808                PROVIDE (__fini_array_start, .)
 *(.fini_array*)
 *(SORT(.fini_array.*))
                0x00002808                PROVIDE (__fini_array_end, .)
                0x00002808                _etext = .

.data           0x20000000        0x8 load address 0x00002808
                0x00002808                __data_load = LOADADDR (.data)
                0x20000000                __data_start = .
 *(.data)
 .data          0x20000000        0x0 dbg/startup_lm3s.o
 .data          0x20000000        0x0 dbg/main.o
 .data          0x20000000        0x0 dbg/table.o
 .data          0x20000000        0x0 dbg/display96x16x1.o
 .data          0x20000000        0x0 dbg/system_lm3s.o
 .data          0x20000000        0x0 dbg/philo.o
 .data          0x20000000        0x4 dbg/bsp.o
 .data          0x20000004        0x0 D:\qp\qpc/ports/arm-cm/qk/gnu/dbg\libqp_cortex-m3_cs.a(qhsm_top.o)
 .data          0x20000004        0x0 D:\qp\qpc/ports/arm-cm/qk/gnu/dbg\libqp_cortex-m3_cs.a(qa_ctor.o)
 .data          0x20000004        0x0 D:\qp\qpc/ports/arm-cm/qk/gnu/dbg\libqp_cortex-m3_cs.a(qa_fifo.o)
 .data          0x20000004        0x0 D:\qp\qpc/ports/arm-cm/qk/gnu/dbg\libqp_cortex-m3_cs.a(qa_lifo.o)
 .data          0x20000004        0x0 D:\qp\qpc/ports/arm-cm/qk/gnu/dbg\libqp_cortex-m3_cs.a(qa_sub.o)
 .data          0x20000004        0x0 D:\qp\qpc/ports/arm-cm/qk/gnu/dbg\libqp_cortex-m3_cs.a(qf_act.o)
 .data          0x20000004        0x0 D:\qp\qpc/ports/arm-cm/qk/gnu/dbg\libqp_cortex-m3_cs.a(qf_new.o)
 .data          0x20000004        0x0 D:\qp\qpc/ports/arm-cm/qk/gnu/dbg\libqp_cortex-m3_cs.a(qf_pool.o)
 .data          0x20000004        0x0 D:\qp\qpc/ports/arm-cm/qk/gnu/dbg\libqp_cortex-m3_cs.a(qf_psini.o)
 .data          0x20000004        0x0 D:\qp\qpc/ports/arm-cm/qk/gnu/dbg\libqp_cortex-m3_cs.a(qf_pspub.o)
 .data          0x20000004        0x0 D:\qp\qpc/ports/arm-cm/qk/gnu/dbg\libqp_cortex-m3_cs.a(qf_pwr2.o)
 .data          0x20000004        0x0 D:\qp\qpc/ports/arm-cm/qk/gnu/dbg\libqp_cortex-m3_cs.a(qf_tick.o)
 .data          0x20000004        0x0 D:\qp\qpc/ports/arm-cm/qk/gnu/dbg\libqp_cortex-m3_cs.a(qmp_get.o)
 .data          0x20000004        0x0 D:\qp\qpc/ports/arm-cm/qk/gnu/dbg\libqp_cortex-m3_cs.a(qmp_init.o)
 .data          0x20000004        0x0 D:\qp\qpc/ports/arm-cm/qk/gnu/dbg\libqp_cortex-m3_cs.a(qte_ctor.o)
 .data          0x20000004        0x0 D:\qp\qpc/ports/arm-cm/qk/gnu/dbg\libqp_cortex-m3_cs.a(qte_arm.o)
 .data          0x20000004        0x1 D:\qp\qpc/ports/arm-cm/qk/gnu/dbg\libqp_cortex-m3_cs.a(qk.o)
                0x20000004                QK_currPrio_
 .data          0x20000005        0x0 D:\qp\qpc/ports/arm-cm/qk/gnu/dbg\libqp_cortex-m3_cs.a(qk_sched.o)
 .data          0x20000005        0x0 D:\qp\qpc/ports/arm-cm/qk/gnu/dbg\libqp_cortex-m3_cs.a(qk_mutex.o)
 .data          0x20000005        0x0 D:\qp\qpc/ports/arm-cm/qk/gnu/dbg\libqp_cortex-m3_cs.a(qk_port.o)
 .data          0x20000005        0x0 D:\qp\qpc/ports/arm-cm/qk/gnu/dbg\libqp_cortex-m3_cs.a(qhsm_ini.o)
 .data          0x20000005        0x0 D:\qp\qpc/ports/arm-cm/qk/gnu/dbg\libqp_cortex-m3_cs.a(qhsm_dis.o)
 .data          0x20000005        0x0 D:\qp\qpc/ports/arm-cm/qk/gnu/dbg\libqp_cortex-m3_cs.a(qa_get_.o)
 .data          0x20000005        0x0 D:\qp\qpc/ports/arm-cm/qk/gnu/dbg\libqp_cortex-m3_cs.a(qeq_init.o)
 .data          0x20000005        0x0 D:\qp\qpc/ports/arm-cm/qk/gnu/dbg\libqp_cortex-m3_cs.a(qf_gc.o)
 .data          0x20000005        0x0 D:\qp\qpc/ports/arm-cm/qk/gnu/dbg\libqp_cortex-m3_cs.a(qmp_put.o)
 .data          0x20000005        0x0 D:\qp\qpc/ports/arm-cm/qk/gnu/dbg\libqp_cortex-m3_cs.a(qep.o)
 .data          0x20000005        0x0 c:/tools/codesourcery/bin/../lib/gcc/arm-none-eabi/4.7.3/../../../../arm-none-eabi/lib/armv7-m\libc.a(lib_a-init.o)
 *(.data*)
                0x20000008                . = ALIGN (0x4)
 *fill*         0x20000005        0x3 
                0x20000008                __data_end__ = .
                0x20000008                _edata = __data_end__

.igot.plt       0x20000008        0x0 load address 0x00002810
 .igot.plt      0x00000000        0x0 dbg/startup_lm3s.o

.bss            0x20000008      0x320 load address 0x00002810
                0x20000008                __bss_start__ = .
 *(.bss)
 .bss           0x20000008        0x0 dbg/startup_lm3s.o
 .bss           0x20000008       0xe8 dbg/main.o
 .bss           0x200000f0       0x2c dbg/table.o
 .bss           0x2000011c        0x8 dbg/display96x16x1.o
 .bss           0x20000124        0x4 dbg/system_lm3s.o
                0x20000124                SystemFrequency
 .bss           0x20000128       0xf4 dbg/philo.o
 .bss           0x2000021c        0x8 dbg/bsp.o
 .bss           0x20000224        0x0 D:\qp\qpc/ports/arm-cm/qk/gnu/dbg\libqp_cortex-m3_cs.a(qhsm_top.o)
 .bss           0x20000224        0x0 D:\qp\qpc/ports/arm-cm/qk/gnu/dbg\libqp_cortex-m3_cs.a(qa_ctor.o)
 .bss           0x20000224        0x0 D:\qp\qpc/ports/arm-cm/qk/gnu/dbg\libqp_cortex-m3_cs.a(qa_fifo.o)
 .bss           0x20000224        0x0 D:\qp\qpc/ports/arm-cm/qk/gnu/dbg\libqp_cortex-m3_cs.a(qa_lifo.o)
 .bss           0x20000224        0x0 D:\qp\qpc/ports/arm-cm/qk/gnu/dbg\libqp_cortex-m3_cs.a(qa_sub.o)
 .bss           0x20000224       0x88 D:\qp\qpc/ports/arm-cm/qk/gnu/dbg\libqp_cortex-m3_cs.a(qf_act.o)
                0x20000224                QF_active_
                0x200002a8                QF_intLockNest_
 .bss           0x200002ac        0x0 D:\qp\qpc/ports/arm-cm/qk/gnu/dbg\libqp_cortex-m3_cs.a(qf_new.o)
 .bss           0x200002ac       0x40 D:\qp\qpc/ports/arm-cm/qk/gnu/dbg\libqp_cortex-m3_cs.a(qf_pool.o)
                0x200002ac                QF_maxPool_
                0x200002b0                QF_pool_
 .bss           0x200002ec        0x8 D:\qp\qpc/ports/arm-cm/qk/gnu/dbg\libqp_cortex-m3_cs.a(qf_psini.o)
                0x200002ec                QF_subscrList_
                0x200002f0                QF_maxSignal_
 .bss           0x200002f4        0x0 D:\qp\qpc/ports/arm-cm/qk/gnu/dbg\libqp_cortex-m3_cs.a(qf_pspub.o)
 .bss           0x200002f4        0x0 D:\qp\qpc/ports/arm-cm/qk/gnu/dbg\libqp_cortex-m3_cs.a(qf_pwr2.o)
 .bss           0x200002f4       0x20 D:\qp\qpc/ports/arm-cm/qk/gnu/dbg\libqp_cortex-m3_cs.a(qf_tick.o)
                0x200002f4                QF_timeEvtHead_
 .bss           0x20000314        0x0 D:\qp\qpc/ports/arm-cm/qk/gnu/dbg\libqp_cortex-m3_cs.a(qmp_get.o)
 .bss           0x20000314        0x0 D:\qp\qpc/ports/arm-cm/qk/gnu/dbg\libqp_cortex-m3_cs.a(qmp_init.o)
 .bss           0x20000314        0x0 D:\qp\qpc/ports/arm-cm/qk/gnu/dbg\libqp_cortex-m3_cs.a(qte_ctor.o)
 .bss           0x20000314        0x0 D:\qp\qpc/ports/arm-cm/qk/gnu/dbg\libqp_cortex-m3_cs.a(qte_arm.o)
 .bss           0x20000314       0x10 D:\qp\qpc/ports/arm-cm/qk/gnu/dbg\libqp_cortex-m3_cs.a(qk.o)
                0x20000314                QK_intNest_
                0x20000318                QK_readySet_
 .bss           0x20000324        0x0 D:\qp\qpc/ports/arm-cm/qk/gnu/dbg\libqp_cortex-m3_cs.a(qk_sched.o)
 .bss           0x20000324        0x1 D:\qp\qpc/ports/arm-cm/qk/gnu/dbg\libqp_cortex-m3_cs.a(qk_mutex.o)
                0x20000324                QK_ceilingPrio_
 .bss           0x20000325        0x0 D:\qp\qpc/ports/arm-cm/qk/gnu/dbg\libqp_cortex-m3_cs.a(qk_port.o)
 .bss           0x20000325        0x0 D:\qp\qpc/ports/arm-cm/qk/gnu/dbg\libqp_cortex-m3_cs.a(qhsm_ini.o)
 .bss           0x20000325        0x0 D:\qp\qpc/ports/arm-cm/qk/gnu/dbg\libqp_cortex-m3_cs.a(qhsm_dis.o)
 .bss           0x20000325        0x0 D:\qp\qpc/ports/arm-cm/qk/gnu/dbg\libqp_cortex-m3_cs.a(qa_get_.o)
 .bss           0x20000325        0x0 D:\qp\qpc/ports/arm-cm/qk/gnu/dbg\libqp_cortex-m3_cs.a(qeq_init.o)
 .bss           0x20000325        0x0 D:\qp\qpc/ports/arm-cm/qk/gnu/dbg\libqp_cortex-m3_cs.a(qf_gc.o)
 .bss           0x20000325        0x0 D:\qp\qpc/ports/arm-cm/qk/gnu/dbg\libqp_cortex-m3_cs.a(qmp_put.o)
 .bss           0x20000325        0x0 D:\qp\qpc/ports/arm-cm/qk/gnu/dbg\libqp_cortex-m3_cs.a(qep.o)
 .bss           0x20000325        0x0 c:/tools/codesourcery/bin/../lib/gcc/arm-none-eabi/4.7.3/../../../../arm-none-eabi/lib/armv7-m\libc.a(lib_a-init.o)
 *(.bss*)
 *(COMMON)
                0x20000328                . = ALIGN (0x4)
 *fill*         0x20000325        0x3 
                0x20000328                _ebss = .
                0x20000328                __bss_end__ = .
                0x20000328                PROVIDE (end, _ebss)
                0x20000328                PROVIDE (_end, _ebss)
                0x20000328                PROVIDE (__end__, _ebss)

.heap           0x20000328        0x0
                0x20000328                __heap_start__ = .
                0x20000328                . = (. + HEAP_SIZE)
                0x20000328                . = ALIGN (0x4)
                0x20000328                __heap_end__ = .

.stack          0x20000328      0x3e8 load address 0x00002b30
                0x20000328                __stack_start__ = .
                0x20000710                . = (. + STACK_SIZE)
 *fill*         0x20000328      0x3e8 
                0x20000710                . = ALIGN (0x4)
                0x20000710                __c_stack_top__ = .
                0x20000710                __stack_end__ = .

/DISCARD/
 libc.a(*)
 libm.a(*)
 libgcc.a(*)
OUTPUT(dbg/dpp-qk.elf elf32-littlearm)

.debug_info     0x00000000     0xa8fb
 .debug_info    0x00000000      0x24c dbg/startup_lm3s.o
 .debug_info    0x0000024c      0x6cb dbg/main.o
 .debug_info    0x00000917      0xb61 dbg/table.o
 .debug_info    0x00001478      0xd2e dbg/display96x16x1.o
 .debug_info    0x000021a6      0x45e dbg/system_lm3s.o
 .debug_info    0x00002604      0xa6e dbg/philo.o
 .debug_info    0x00003072     0x144a dbg/bsp.o
 .debug_info    0x000044bc      0x185 D:\qp\qpc/ports/arm-cm/qk/gnu/dbg\libqp_cortex-m3_cs.a(qhsm_top.o)
 .debug_info    0x00004641      0x4d6 D:\qp\qpc/ports/arm-cm/qk/gnu/dbg\libqp_cortex-m3_cs.a(qa_ctor.o)
 .debug_info    0x00004b17      0x58a D:\qp\qpc/ports/arm-cm/qk/gnu/dbg\libqp_cortex-m3_cs.a(qa_fifo.o)
 .debug_info    0x000050a1      0x55b D:\qp\qpc/ports/arm-cm/qk/gnu/dbg\libqp_cortex-m3_cs.a(qa_lifo.o)
 .debug_info    0x000055fc      0x543 D:\qp\qpc/ports/arm-cm/qk/gnu/dbg\libqp_cortex-m3_cs.a(qa_sub.o)
 .debug_info    0x00005b3f      0x4ca D:\qp\qpc/ports/arm-cm/qk/gnu/dbg\libqp_cortex-m3_cs.a(qf_act.o)
 .debug_info    0x00006009      0x338 D:\qp\qpc/ports/arm-cm/qk/gnu/dbg\libqp_cortex-m3_cs.a(qf_new.o)
 .debug_info    0x00006341      0x2cc D:\qp\qpc/ports/arm-cm/qk/gnu/dbg\libqp_cortex-m3_cs.a(qf_pool.o)
 .debug_info    0x0000660d      0x14a D:\qp\qpc/ports/arm-cm/qk/gnu/dbg\libqp_cortex-m3_cs.a(qf_psini.o)
 .debug_info    0x00006757      0x63d D:\qp\qpc/ports/arm-cm/qk/gnu/dbg\libqp_cortex-m3_cs.a(qf_pspub.o)
 .debug_info    0x00006d94       0xe0 D:\qp\qpc/ports/arm-cm/qk/gnu/dbg\libqp_cortex-m3_cs.a(qf_pwr2.o)
 .debug_info    0x00006e74      0x64a D:\qp\qpc/ports/arm-cm/qk/gnu/dbg\libqp_cortex-m3_cs.a(qf_tick.o)
 .debug_info    0x000074be      0x2cf D:\qp\qpc/ports/arm-cm/qk/gnu/dbg\libqp_cortex-m3_cs.a(qmp_get.o)
 .debug_info    0x0000778d      0x28d D:\qp\qpc/ports/arm-cm/qk/gnu/dbg\libqp_cortex-m3_cs.a(qmp_init.o)
 .debug_info    0x00007a1a      0x520 D:\qp\qpc/ports/arm-cm/qk/gnu/dbg\libqp_cortex-m3_cs.a(qte_ctor.o)
 .debug_info    0x00007f3a      0x2ac D:\qp\qpc/ports/arm-cm/qk/gnu/dbg\libqp_cortex-m3_cs.a(qte_arm.o)
 .debug_info    0x000081e6      0x736 D:\qp\qpc/ports/arm-cm/qk/gnu/dbg\libqp_cortex-m3_cs.a(qk.o)
 .debug_info    0x0000891c      0x4f9 D:\qp\qpc/ports/arm-cm/qk/gnu/dbg\libqp_cortex-m3_cs.a(qk_sched.o)
 .debug_info    0x00008e15      0x149 D:\qp\qpc/ports/arm-cm/qk/gnu/dbg\libqp_cortex-m3_cs.a(qk_mutex.o)
 .debug_info    0x00008f5e       0x4d D:\qp\qpc/ports/arm-cm/qk/gnu/dbg\libqp_cortex-m3_cs.a(qk_port.o)
 .debug_info    0x00008fab      0x52d D:\qp\qpc/ports/arm-cm/qk/gnu/dbg\libqp_cortex-m3_cs.a(qhsm_ini.o)
 .debug_info    0x000094d8      0x652 D:\qp\qpc/ports/arm-cm/qk/gnu/dbg\libqp_cortex-m3_cs.a(qhsm_dis.o)
 .debug_info    0x00009b2a      0x595 D:\qp\qpc/ports/arm-cm/qk/gnu/dbg\libqp_cortex-m3_cs.a(qa_get_.o)
 .debug_info    0x0000a0bf      0x1e2 D:\qp\qpc/ports/arm-cm/qk/gnu/dbg\libqp_cortex-m3_cs.a(qeq_init.o)
 .debug_info    0x0000a2a1      0x2d0 D:\qp\qpc/ports/arm-cm/qk/gnu/dbg\libqp_cortex-m3_cs.a(qf_gc.o)
 .debug_info    0x0000a571      0x23c D:\qp\qpc/ports/arm-cm/qk/gnu/dbg\libqp_cortex-m3_cs.a(qmp_put.o)
 .debug_info    0x0000a7ad      0x14e D:\qp\qpc/ports/arm-cm/qk/gnu/dbg\libqp_cortex-m3_cs.a(qep.o)

.debug_abbrev   0x00000000     0x3114
 .debug_abbrev  0x00000000      0x149 dbg/startup_lm3s.o
 .debug_abbrev  0x00000149      0x1f4 dbg/main.o
 .debug_abbrev  0x0000033d      0x234 dbg/table.o
 .debug_abbrev  0x00000571      0x1b8 dbg/display96x16x1.o
 .debug_abbrev  0x00000729      0x109 dbg/system_lm3s.o
 .debug_abbrev  0x00000832      0x26f dbg/philo.o
 .debug_abbrev  0x00000aa1      0x3e3 dbg/bsp.o
 .debug_abbrev  0x00000e84       0xd2 D:\qp\qpc/ports/arm-cm/qk/gnu/dbg\libqp_cortex-m3_cs.a(qhsm_top.o)
 .debug_abbrev  0x00000f56      0x12a D:\qp\qpc/ports/arm-cm/qk/gnu/dbg\libqp_cortex-m3_cs.a(qa_ctor.o)
 .debug_abbrev  0x00001080      0x1bd D:\qp\qpc/ports/arm-cm/qk/gnu/dbg\libqp_cortex-m3_cs.a(qa_fifo.o)
 .debug_abbrev  0x0000123d      0x196 D:\qp\qpc/ports/arm-cm/qk/gnu/dbg\libqp_cortex-m3_cs.a(qa_lifo.o)
 .debug_abbrev  0x000013d3      0x1a1 D:\qp\qpc/ports/arm-cm/qk/gnu/dbg\libqp_cortex-m3_cs.a(qa_sub.o)
 .debug_abbrev  0x00001574      0x14d D:\qp\qpc/ports/arm-cm/qk/gnu/dbg\libqp_cortex-m3_cs.a(qf_act.o)
 .debug_abbrev  0x000016c1      0x150 D:\qp\qpc/ports/arm-cm/qk/gnu/dbg\libqp_cortex-m3_cs.a(qf_new.o)
 .debug_abbrev  0x00001811      0x11b D:\qp\qpc/ports/arm-cm/qk/gnu/dbg\libqp_cortex-m3_cs.a(qf_pool.o)
 .debug_abbrev  0x0000192c       0xbe D:\qp\qpc/ports/arm-cm/qk/gnu/dbg\libqp_cortex-m3_cs.a(qf_psini.o)
 .debug_abbrev  0x000019ea      0x1cb D:\qp\qpc/ports/arm-cm/qk/gnu/dbg\libqp_cortex-m3_cs.a(qf_pspub.o)
 .debug_abbrev  0x00001bb5       0x5d D:\qp\qpc/ports/arm-cm/qk/gnu/dbg\libqp_cortex-m3_cs.a(qf_pwr2.o)
 .debug_abbrev  0x00001c12      0x1d2 D:\qp\qpc/ports/arm-cm/qk/gnu/dbg\libqp_cortex-m3_cs.a(qf_tick.o)
 .debug_abbrev  0x00001de4      0x13d D:\qp\qpc/ports/arm-cm/qk/gnu/dbg\libqp_cortex-m3_cs.a(qmp_get.o)
 .debug_abbrev  0x00001f21      0x137 D:\qp\qpc/ports/arm-cm/qk/gnu/dbg\libqp_cortex-m3_cs.a(qmp_init.o)
 .debug_abbrev  0x00002058      0x18e D:\qp\qpc/ports/arm-cm/qk/gnu/dbg\libqp_cortex-m3_cs.a(qte_ctor.o)
 .debug_abbrev  0x000021e6      0x17e D:\qp\qpc/ports/arm-cm/qk/gnu/dbg\libqp_cortex-m3_cs.a(qte_arm.o)
 .debug_abbrev  0x00002364      0x231 D:\qp\qpc/ports/arm-cm/qk/gnu/dbg\libqp_cortex-m3_cs.a(qk.o)
 .debug_abbrev  0x00002595      0x1ae D:\qp\qpc/ports/arm-cm/qk/gnu/dbg\libqp_cortex-m3_cs.a(qk_sched.o)
 .debug_abbrev  0x00002743       0xd9 D:\qp\qpc/ports/arm-cm/qk/gnu/dbg\libqp_cortex-m3_cs.a(qk_mutex.o)
 .debug_abbrev  0x0000281c       0x12 D:\qp\qpc/ports/arm-cm/qk/gnu/dbg\libqp_cortex-m3_cs.a(qk_port.o)
 .debug_abbrev  0x0000282e      0x1e6 D:\qp\qpc/ports/arm-cm/qk/gnu/dbg\libqp_cortex-m3_cs.a(qhsm_ini.o)
 .debug_abbrev  0x00002a14      0x1a4 D:\qp\qpc/ports/arm-cm/qk/gnu/dbg\libqp_cortex-m3_cs.a(qhsm_dis.o)
 .debug_abbrev  0x00002bb8      0x1a5 D:\qp\qpc/ports/arm-cm/qk/gnu/dbg\libqp_cortex-m3_cs.a(qa_get_.o)
 .debug_abbrev  0x00002d5d       0xc2 D:\qp\qpc/ports/arm-cm/qk/gnu/dbg\libqp_cortex-m3_cs.a(qeq_init.o)
 .debug_abbrev  0x00002e1f      0x133 D:\qp\qpc/ports/arm-cm/qk/gnu/dbg\libqp_cortex-m3_cs.a(qf_gc.o)
 .debug_abbrev  0x00002f52      0x10a D:\qp\qpc/ports/arm-cm/qk/gnu/dbg\libqp_cortex-m3_cs.a(qmp_put.o)
 .debug_abbrev  0x0000305c       0xb8 D:\qp\qpc/ports/arm-cm/qk/gnu/dbg\libqp_cortex-m3_cs.a(qep.o)

.debug_loc      0x00000000     0x2747
 .debug_loc     0x00000000       0x40 dbg/startup_lm3s.o
 .debug_loc     0x00000040       0x5a dbg/main.o
 .debug_loc     0x0000009a      0x6cd dbg/table.o
 .debug_loc     0x00000767      0x429 dbg/display96x16x1.o
 .debug_loc     0x00000b90      0x137 dbg/system_lm3s.o
 .debug_loc     0x00000cc7      0x479 dbg/philo.o
 .debug_loc     0x00001140      0x285 dbg/bsp.o
 .debug_loc     0x000013c5       0x21 D:\qp\qpc/ports/arm-cm/qk/gnu/dbg\libqp_cortex-m3_cs.a(qhsm_top.o)
 .debug_loc     0x000013e6       0x5f D:\qp\qpc/ports/arm-cm/qk/gnu/dbg\libqp_cortex-m3_cs.a(qa_ctor.o)
 .debug_loc     0x00001445      0x158 D:\qp\qpc/ports/arm-cm/qk/gnu/dbg\libqp_cortex-m3_cs.a(qa_fifo.o)
 .debug_loc     0x0000159d      0x148 D:\qp\qpc/ports/arm-cm/qk/gnu/dbg\libqp_cortex-m3_cs.a(qa_lifo.o)
 .debug_loc     0x000016e5       0xbe D:\qp\qpc/ports/arm-cm/qk/gnu/dbg\libqp_cortex-m3_cs.a(qa_sub.o)
 .debug_loc     0x000017a3       0xd8 D:\qp\qpc/ports/arm-cm/qk/gnu/dbg\libqp_cortex-m3_cs.a(qf_act.o)
 .debug_loc     0x0000187b      0x133 D:\qp\qpc/ports/arm-cm/qk/gnu/dbg\libqp_cortex-m3_cs.a(qf_new.o)
 .debug_loc     0x000019ae       0x7a D:\qp\qpc/ports/arm-cm/qk/gnu/dbg\libqp_cortex-m3_cs.a(qf_pool.o)
 .debug_loc     0x00001a28       0xa2 D:\qp\qpc/ports/arm-cm/qk/gnu/dbg\libqp_cortex-m3_cs.a(qf_pspub.o)
 .debug_loc     0x00001aca      0x108 D:\qp\qpc/ports/arm-cm/qk/gnu/dbg\libqp_cortex-m3_cs.a(qf_tick.o)
 .debug_loc     0x00001bd2       0xd4 D:\qp\qpc/ports/arm-cm/qk/gnu/dbg\libqp_cortex-m3_cs.a(qmp_get.o)
 .debug_loc     0x00001ca6       0xd1 D:\qp\qpc/ports/arm-cm/qk/gnu/dbg\libqp_cortex-m3_cs.a(qmp_init.o)
 .debug_loc     0x00001d77       0x9b D:\qp\qpc/ports/arm-cm/qk/gnu/dbg\libqp_cortex-m3_cs.a(qte_ctor.o)
 .debug_loc     0x00001e12       0x9e D:\qp\qpc/ports/arm-cm/qk/gnu/dbg\libqp_cortex-m3_cs.a(qte_arm.o)
 .debug_loc     0x00001eb0      0x14f D:\qp\qpc/ports/arm-cm/qk/gnu/dbg\libqp_cortex-m3_cs.a(qk.o)
 .debug_loc     0x00001fff       0xb2 D:\qp\qpc/ports/arm-cm/qk/gnu/dbg\libqp_cortex-m3_cs.a(qk_sched.o)
 .debug_loc     0x000020b1       0x6d D:\qp\qpc/ports/arm-cm/qk/gnu/dbg\libqp_cortex-m3_cs.a(qk_mutex.o)
 .debug_loc     0x0000211e       0xd0 D:\qp\qpc/ports/arm-cm/qk/gnu/dbg\libqp_cortex-m3_cs.a(qhsm_ini.o)
 .debug_loc     0x000021ee      0x3ba D:\qp\qpc/ports/arm-cm/qk/gnu/dbg\libqp_cortex-m3_cs.a(qhsm_dis.o)
 .debug_loc     0x000025a8       0xd3 D:\qp\qpc/ports/arm-cm/qk/gnu/dbg\libqp_cortex-m3_cs.a(qa_get_.o)
 .debug_loc     0x0000267b       0x1f D:\qp\qpc/ports/arm-cm/qk/gnu/dbg\libqp_cortex-m3_cs.a(qeq_init.o)
 .debug_loc     0x0000269a       0x51 D:\qp\qpc/ports/arm-cm/qk/gnu/dbg\libqp_cortex-m3_cs.a(qf_gc.o)
 .debug_loc     0x000026eb       0x5c D:\qp\qpc/ports/arm-cm/qk/gnu/dbg\libqp_cortex-m3_cs.a(qmp_put.o)

.debug_aranges  0x00000000      0x440
 .debug_aranges
                0x00000000       0x20 dbg/startup_lm3s.o
 .debug_aranges
                0x00000020       0x20 dbg/main.o
 .debug_aranges
                0x00000040       0x20 dbg/table.o
 .debug_aranges
                0x00000060       0x20 dbg/display96x16x1.o
 .debug_aranges
                0x00000080       0x20 dbg/system_lm3s.o
 .debug_aranges
                0x000000a0       0x20 dbg/philo.o
 .debug_aranges
                0x000000c0       0x20 dbg/bsp.o
 .debug_aranges
                0x000000e0       0x20 D:\qp\qpc/ports/arm-cm/qk/gnu/dbg\libqp_cortex-m3_cs.a(qhsm_top.o)
 .debug_aranges
                0x00000100       0x20 D:\qp\qpc/ports/arm-cm/qk/gnu/dbg\libqp_cortex-m3_cs.a(qa_ctor.o)
 .debug_aranges
                0x00000120       0x20 D:\qp\qpc/ports/arm-cm/qk/gnu/dbg\libqp_cortex-m3_cs.a(qa_fifo.o)
 .debug_aranges
                0x00000140       0x20 D:\qp\qpc/ports/arm-cm/qk/gnu/dbg\libqp_cortex-m3_cs.a(qa_lifo.o)
 .debug_aranges
                0x00000160       0x20 D:\qp\qpc/ports/arm-cm/qk/gnu/dbg\libqp_cortex-m3_cs.a(qa_sub.o)
 .debug_aranges
                0x00000180       0x20 D:\qp\qpc/ports/arm-cm/qk/gnu/dbg\libqp_cortex-m3_cs.a(qf_act.o)
 .debug_aranges
                0x000001a0       0x20 D:\qp\qpc/ports/arm-cm/qk/gnu/dbg\libqp_cortex-m3_cs.a(qf_new.o)
 .debug_aranges
                0x000001c0       0x20 D:\qp\qpc/ports/arm-cm/qk/gnu/dbg\libqp_cortex-m3_cs.a(qf_pool.o)
 .debug_aranges
                0x000001e0       0x20 D:\qp\qpc/ports/arm-cm/qk/gnu/dbg\libqp_cortex-m3_cs.a(qf_psini.o)
 .debug_aranges
                0x00000200       0x20 D:\qp\qpc/ports/arm-cm/qk/gnu/dbg\libqp_cortex-m3_cs.a(qf_pspub.o)
 .debug_aranges
                0x00000220       0x18 D:\qp\qpc/ports/arm-cm/qk/gnu/dbg\libqp_cortex-m3_cs.a(qf_pwr2.o)
 .debug_aranges
                0x00000238       0x20 D:\qp\qpc/ports/arm-cm/qk/gnu/dbg\libqp_cortex-m3_cs.a(qf_tick.o)
 .debug_aranges
                0x00000258       0x20 D:\qp\qpc/ports/arm-cm/qk/gnu/dbg\libqp_cortex-m3_cs.a(qmp_get.o)
 .debug_aranges
                0x00000278       0x20 D:\qp\qpc/ports/arm-cm/qk/gnu/dbg\libqp_cortex-m3_cs.a(qmp_init.o)
 .debug_aranges
                0x00000298       0x20 D:\qp\qpc/ports/arm-cm/qk/gnu/dbg\libqp_cortex-m3_cs.a(qte_ctor.o)
 .debug_aranges
                0x000002b8       0x20 D:\qp\qpc/ports/arm-cm/qk/gnu/dbg\libqp_cortex-m3_cs.a(qte_arm.o)
 .debug_aranges
                0x000002d8       0x20 D:\qp\qpc/ports/arm-cm/qk/gnu/dbg\libqp_cortex-m3_cs.a(qk.o)
 .debug_aranges
                0x000002f8       0x20 D:\qp\qpc/ports/arm-cm/qk/gnu/dbg\libqp_cortex-m3_cs.a(qk_sched.o)
 .debug_aranges
                0x00000318       0x20 D:\qp\qpc/ports/arm-cm/qk/gnu/dbg\libqp_cortex-m3_cs.a(qk_mutex.o)
 .debug_aranges
                0x00000338       0x30 D:\qp\qpc/ports/arm-cm/qk/gnu/dbg\libqp_cortex-m3_cs.a(qk_port.o)
 .debug_aranges
                0x00000368       0x20 D:\qp\qpc/ports/arm-cm/qk/gnu/dbg\libqp_cortex-m3_cs.a(qhsm_ini.o)
 .debug_aranges
                0x00000388       0x20 D:\qp\qpc/ports/arm-cm/qk/gnu/dbg\libqp_cortex-m3_cs.a(qhsm_dis.o)
 .debug_aranges
                0x000003a8       0x20 D:\qp\qpc/ports/arm-cm/qk/gnu/dbg\libqp_cortex-m3_cs.a(qa_get_.o)
 .debug_aranges
                0x000003c8       0x20 D:\qp\qpc/ports/arm-cm/qk/gnu/dbg\libqp_cortex-m3_cs.a(qeq_init.o)
 .debug_aranges
                0x000003e8       0x20 D:\qp\qpc/ports/arm-cm/qk/gnu/dbg\libqp_cortex-m3_cs.a(qf_gc.o)
 .debug_aranges
                0x00000408       0x20 D:\qp\qpc/ports/arm-cm/qk/gnu/dbg\libqp_cortex-m3_cs.a(qmp_put.o)
 .debug_aranges
                0x00000428       0x18 D:\qp\qpc/ports/arm-cm/qk/gnu/dbg\libqp_cortex-m3_cs.a(qep.o)

.debug_line     0x00000000     0x2898
 .debug_line    0x00000000       0x77 dbg/startup_lm3s.o
 .debug_line    0x00000077      0x115 dbg/main.o
 .debug_line    0x0000018c      0x268 dbg/table.o
 .debug_line    0x000003f4      0x229 dbg/display96x16x1.o
 .debug_line    0x0000061d      0x1b8 dbg/system_lm3s.o
 .debug_line    0x000007d5      0x178 dbg/philo.o
 .debug_line    0x0000094d      0x1c3 dbg/bsp.o
 .debug_line    0x00000b10       0xe0 D:\qp\qpc/ports/arm-cm/qk/gnu/dbg\libqp_cortex-m3_cs.a(qhsm_top.o)
 .debug_line    0x00000bf0       0xf4 D:\qp\qpc/ports/arm-cm/qk/gnu/dbg\libqp_cortex-m3_cs.a(qa_ctor.o)
 .debug_line    0x00000ce4      0x15a D:\qp\qpc/ports/arm-cm/qk/gnu/dbg\libqp_cortex-m3_cs.a(qa_fifo.o)
 .debug_line    0x00000e3e      0x13a D:\qp\qpc/ports/arm-cm/qk/gnu/dbg\libqp_cortex-m3_cs.a(qa_lifo.o)
 .debug_line    0x00000f78      0x12b D:\qp\qpc/ports/arm-cm/qk/gnu/dbg\libqp_cortex-m3_cs.a(qa_sub.o)
 .debug_line    0x000010a3      0x121 D:\qp\qpc/ports/arm-cm/qk/gnu/dbg\libqp_cortex-m3_cs.a(qf_act.o)
 .debug_line    0x000011c4      0x11b D:\qp\qpc/ports/arm-cm/qk/gnu/dbg\libqp_cortex-m3_cs.a(qf_new.o)
 .debug_line    0x000012df      0x10c D:\qp\qpc/ports/arm-cm/qk/gnu/dbg\libqp_cortex-m3_cs.a(qf_pool.o)
 .debug_line    0x000013eb       0xdf D:\qp\qpc/ports/arm-cm/qk/gnu/dbg\libqp_cortex-m3_cs.a(qf_psini.o)
 .debug_line    0x000014ca      0x139 D:\qp\qpc/ports/arm-cm/qk/gnu/dbg\libqp_cortex-m3_cs.a(qf_pspub.o)
 .debug_line    0x00001603       0xa7 D:\qp\qpc/ports/arm-cm/qk/gnu/dbg\libqp_cortex-m3_cs.a(qf_pwr2.o)
 .debug_line    0x000016aa      0x13a D:\qp\qpc/ports/arm-cm/qk/gnu/dbg\libqp_cortex-m3_cs.a(qf_tick.o)
 .debug_line    0x000017e4      0x121 D:\qp\qpc/ports/arm-cm/qk/gnu/dbg\libqp_cortex-m3_cs.a(qmp_get.o)
 .debug_line    0x00001905      0x12b D:\qp\qpc/ports/arm-cm/qk/gnu/dbg\libqp_cortex-m3_cs.a(qmp_init.o)
 .debug_line    0x00001a30      0x114 D:\qp\qpc/ports/arm-cm/qk/gnu/dbg\libqp_cortex-m3_cs.a(qte_ctor.o)
 .debug_line    0x00001b44      0x126 D:\qp\qpc/ports/arm-cm/qk/gnu/dbg\libqp_cortex-m3_cs.a(qte_arm.o)
 .debug_line    0x00001c6a      0x13f D:\qp\qpc/ports/arm-cm/qk/gnu/dbg\libqp_cortex-m3_cs.a(qk.o)
 .debug_line    0x00001da9      0x14b D:\qp\qpc/ports/arm-cm/qk/gnu/dbg\libqp_cortex-m3_cs.a(qk_sched.o)
 .debug_line    0x00001ef4       0xe3 D:\qp\qpc/ports/arm-cm/qk/gnu/dbg\libqp_cortex-m3_cs.a(qk_mutex.o)
 .debug_line    0x00001fd7       0x87 D:\qp\qpc/ports/arm-cm/qk/gnu/dbg\libqp_cortex-m3_cs.a(qk_port.o)
 .debug_line    0x0000205e      0x14f D:\qp\qpc/ports/arm-cm/qk/gnu/dbg\libqp_cortex-m3_cs.a(qhsm_ini.o)
 .debug_line    0x000021ad      0x1c4 D:\qp\qpc/ports/arm-cm/qk/gnu/dbg\libqp_cortex-m3_cs.a(qhsm_dis.o)
 .debug_line    0x00002371      0x14c D:\qp\qpc/ports/arm-cm/qk/gnu/dbg\libqp_cortex-m3_cs.a(qa_get_.o)
 .debug_line    0x000024bd       0xe9 D:\qp\qpc/ports/arm-cm/qk/gnu/dbg\libqp_cortex-m3_cs.a(qeq_init.o)
 .debug_line    0x000025a6      0x107 D:\qp\qpc/ports/arm-cm/qk/gnu/dbg\libqp_cortex-m3_cs.a(qf_gc.o)
 .debug_line    0x000026ad      0x113 D:\qp\qpc/ports/arm-cm/qk/gnu/dbg\libqp_cortex-m3_cs.a(qmp_put.o)
 .debug_line    0x000027c0       0xd8 D:\qp\qpc/ports/arm-cm/qk/gnu/dbg\libqp_cortex-m3_cs.a(qep.o)

.debug_str      0x00000000     0x160f
 .debug_str     0x00000000      0x12f dbg/startup_lm3s.o
                                0x147 (size before relaxing)
 .debug_str     0x0000012f      0x2ef dbg/main.o
                                0x39b (size before relaxing)
 .debug_str     0x0000041e      0x198 dbg/table.o
                                0x47c (size before relaxing)
 .debug_str     0x000005b6      0x35e dbg/display96x16x1.o
                                0x452 (size before relaxing)
 .debug_str     0x00000914       0x43 dbg/system_lm3s.o
                                0x250 (size before relaxing)
 .debug_str     0x00000957       0xf1 dbg/philo.o
                                0x4fa (size before relaxing)
 .debug_str     0x00000a48      0x540 dbg/bsp.o
                                0xa55 (size before relaxing)
 .debug_str     0x00000f88       0x49 D:\qp\qpc/ports/arm-cm/qk/gnu/dbg\libqp_cortex-m3_cs.a(qhsm_top.o)
                                0x1a5 (size before relaxing)
 .debug_str     0x00000fd1       0x2f D:\qp\qpc/ports/arm-cm/qk/gnu/dbg\libqp_cortex-m3_cs.a(qa_ctor.o)
                                0x28d (size before relaxing)
 .debug_str     0x00001000       0x91 D:\qp\qpc/ports/arm-cm/qk/gnu/dbg\libqp_cortex-m3_cs.a(qa_fifo.o)
                                0x2da (size before relaxing)
 .debug_str     0x00001091       0x31 D:\qp\qpc/ports/arm-cm/qk/gnu/dbg\libqp_cortex-m3_cs.a(qa_lifo.o)
                                0x2d0 (size before relaxing)
 .debug_str     0x000010c2       0x47 D:\qp\qpc/ports/arm-cm/qk/gnu/dbg\libqp_cortex-m3_cs.a(qa_sub.o)
                                0x30e (size before relaxing)
 .debug_str     0x00001109       0x42 D:\qp\qpc/ports/arm-cm/qk/gnu/dbg\libqp_cortex-m3_cs.a(qf_act.o)
                                0x285 (size before relaxing)
 .debug_str     0x0000114b       0x8d D:\qp\qpc/ports/arm-cm/qk/gnu/dbg\libqp_cortex-m3_cs.a(qf_new.o)
                                0x1e4 (size before relaxing)
 .debug_str     0x000011d8       0x3d D:\qp\qpc/ports/arm-cm/qk/gnu/dbg\libqp_cortex-m3_cs.a(qf_pool.o)
                                0x1c8 (size before relaxing)
 .debug_str     0x00001215       0x2b D:\qp\qpc/ports/arm-cm/qk/gnu/dbg\libqp_cortex-m3_cs.a(qf_psini.o)
                                0x15d (size before relaxing)
 .debug_str     0x00001240       0x36 D:\qp\qpc/ports/arm-cm/qk/gnu/dbg\libqp_cortex-m3_cs.a(qf_pspub.o)
                                0x307 (size before relaxing)
 .debug_str     0x00001276       0x20 D:\qp\qpc/ports/arm-cm/qk/gnu/dbg\libqp_cortex-m3_cs.a(qf_pwr2.o)
                                0x118 (size before relaxing)
 .debug_str     0x00001296       0x5c D:\qp\qpc/ports/arm-cm/qk/gnu/dbg\libqp_cortex-m3_cs.a(qf_tick.o)
                                0x304 (size before relaxing)
 .debug_str     0x000012f2       0x4e D:\qp\qpc/ports/arm-cm/qk/gnu/dbg\libqp_cortex-m3_cs.a(qmp_get.o)
                                0x1ca (size before relaxing)
 .debug_str     0x00001340       0x29 D:\qp\qpc/ports/arm-cm/qk/gnu/dbg\libqp_cortex-m3_cs.a(qmp_init.o)
                                0x1b6 (size before relaxing)
 .debug_str     0x00001369       0x21 D:\qp\qpc/ports/arm-cm/qk/gnu/dbg\libqp_cortex-m3_cs.a(qte_ctor.o)
                                0x2e5 (size before relaxing)
 .debug_str     0x0000138a       0x27 D:\qp\qpc/ports/arm-cm/qk/gnu/dbg\libqp_cortex-m3_cs.a(qte_arm.o)
                                0x1e7 (size before relaxing)
 .debug_str     0x000013b1       0x76 D:\qp\qpc/ports/arm-cm/qk/gnu/dbg\libqp_cortex-m3_cs.a(qk.o)
                                0x362 (size before relaxing)
 .debug_str     0x00001427       0x3e D:\qp\qpc/ports/arm-cm/qk/gnu/dbg\libqp_cortex-m3_cs.a(qk_sched.o)
                                0x2b0 (size before relaxing)
 .debug_str     0x00001465       0x56 D:\qp\qpc/ports/arm-cm/qk/gnu/dbg\libqp_cortex-m3_cs.a(qk_mutex.o)
                                0x14f (size before relaxing)
 .debug_str     0x000014bb       0x6e D:\qp\qpc/ports/arm-cm/qk/gnu/dbg\libqp_cortex-m3_cs.a(qhsm_ini.o)
                                0x312 (size before relaxing)
 .debug_str     0x00001529       0x30 D:\qp\qpc/ports/arm-cm/qk/gnu/dbg\libqp_cortex-m3_cs.a(qhsm_dis.o)
                                0x2ff (size before relaxing)
 .debug_str     0x00001559       0x2f D:\qp\qpc/ports/arm-cm/qk/gnu/dbg\libqp_cortex-m3_cs.a(qa_get_.o)
                                0x2c5 (size before relaxing)
 .debug_str     0x00001588       0x21 D:\qp\qpc/ports/arm-cm/qk/gnu/dbg\libqp_cortex-m3_cs.a(qeq_init.o)
                                0x178 (size before relaxing)
 .debug_str     0x000015a9       0x29 D:\qp\qpc/ports/arm-cm/qk/gnu/dbg\libqp_cortex-m3_cs.a(qf_gc.o)
                                0x1c1 (size before relaxing)
 .debug_str     0x000015d2       0x20 D:\qp\qpc/ports/arm-cm/qk/gnu/dbg\libqp_cortex-m3_cs.a(qmp_put.o)
                                0x192 (size before relaxing)
 .debug_str     0x000015f2       0x1d D:\qp\qpc/ports/arm-cm/qk/gnu/dbg\libqp_cortex-m3_cs.a(qep.o)
                                0x197 (size before relaxing)

.comment        0x00000000       0x2b
 .comment       0x00000000       0x2b dbg/startup_lm3s.o
                                 0x2c (size before relaxing)
 .comment       0x00000000       0x2c dbg/main.o
 .comment       0x00000000       0x2c dbg/table.o
 .comment       0x00000000       0x2c dbg/display96x16x1.o
 .comment       0x00000000       0x2c dbg/system_lm3s.o
 .comment       0x00000000       0x2c dbg/philo.o
 .comment       0x00000000       0x2c dbg/bsp.o
 .comment       0x00000000       0x2c D:\qp\qpc/ports/arm-cm/qk/gnu/dbg\libqp_cortex-m3_cs.a(qhsm_top.o)
 .comment       0x00000000       0x2c D:\qp\qpc/ports/arm-cm/qk/gnu/dbg\libqp_cortex-m3_cs.a(qa_ctor.o)
 .comment       0x00000000       0x2c D:\qp\qpc/ports/arm-cm/qk/gnu/dbg\libqp_cortex-m3_cs.a(qa_fifo.o)
 .comment       0x00000000       0x2c D:\qp\qpc/ports/arm-cm/qk/gnu/dbg\libqp_cortex-m3_cs.a(qa_lifo.o)
 .comment       0x00000000       0x2c D:\qp\qpc/ports/arm-cm/qk/gnu/dbg\libqp_cortex-m3_cs.a(qa_sub.o)
 .comment       0x00000000       0x2c D:\qp\qpc/ports/arm-cm/qk/gnu/dbg\libqp_cortex-m3_cs.a(qf_act.o)
 .comment       0x00000000       0x2c D:\qp\qpc/ports/arm-cm/qk/gnu/dbg\libqp_cortex-m3_cs.a(qf_new.o)
 .comment       0x00000000       0x2c D:\qp\qpc/ports/arm-cm/qk/gnu/dbg\libqp_cortex-m3_cs.a(qf_pool.o)
 .comment       0x00000000       0x2c D:\qp\qpc/ports/arm-cm/qk/gnu/dbg\libqp_cortex-m3_cs.a(qf_psini.o)
 .comment       0x00000000       0x2c D:\qp\qpc/ports/arm-cm/qk/gnu/dbg\libqp_cortex-m3_cs.a(qf_pspub.o)
 .comment       0x00000000       0x2c D:\qp\qpc/ports/arm-cm/qk/gnu/dbg\libqp_cortex-m3_cs.a(qf_pwr2.o)
 .comment       0x00000000       0x2c D:\qp\qpc/ports/arm-cm/qk/gnu/dbg\libqp_cortex-m3_cs.a(qf_tick.o)
 .comment       0x00000000       0x2c D:\qp\qpc/ports/arm-cm/qk/gnu/dbg\libqp_cortex-m3_cs.a(qmp_get.o)
 .comment       0x00000000       0x2c D:\qp\qpc/ports/arm-cm/qk/gnu/dbg\libqp_cortex-m3_cs.a(qmp_init.o)
 .comment       0x00000000       0x2c D:\qp\qpc/ports/arm-cm/qk/gnu/dbg\libqp_cortex-m3_cs.a(qte_ctor.o)
 .comment       0x00000000       0x2c D:\qp\qpc/ports/arm-cm/qk/gnu/dbg\libqp_cortex-m3_cs.a(qte_arm.o)
 .comment       0x00000000       0x2c D:\qp\qpc/ports/arm-cm/qk/gnu/dbg\libqp_cortex-m3_cs.a(qk.o)
 .comment       0x00000000       0x2c D:\qp\qpc/ports/arm-cm/qk/gnu/dbg\libqp_cortex-m3_cs.a(qk_sched.o)
 .comment       0x00000000       0x2c D:\qp\qpc/ports/arm-cm/qk/gnu/dbg\libqp_cortex-m3_cs.a(qk_mutex.o)
 .comment       0x00000000       0x2c D:\qp\qpc/ports/arm-cm/qk/gnu/dbg\libqp_cortex-m3_cs.a(qhsm_ini.o)
 .comment       0x00000000       0x2c D:\qp\qpc/ports/arm-cm/qk/gnu/dbg\libqp_cortex-m3_cs.a(qhsm_dis.o)
 .comment       0x00000000       0x2c D:\qp\qpc/ports/arm-cm/qk/gnu/dbg\libqp_cortex-m3_cs.a(qa_get_.o)
 .comment       0x00000000       0x2c D:\qp\qpc/ports/arm-cm/qk/gnu/dbg\libqp_cortex-m3_cs.a(qeq_init.o)
 .comment       0x00000000       0x2c D:\qp\qpc/ports/arm-cm/qk/gnu/dbg\libqp_cortex-m3_cs.a(qf_gc.o)
 .comment       0x00000000       0x2c D:\qp\qpc/ports/arm-cm/qk/gnu/dbg\libqp_cortex-m3_cs.a(qmp_put.o)
 .comment       0x00000000       0x2c D:\qp\qpc/ports/arm-cm/qk/gnu/dbg\libqp_cortex-m3_cs.a(qep.o)

.ARM.attributes
                0x00000000       0x31
 .ARM.attributes
                0x00000000       0x33 dbg/startup_lm3s.o
 .ARM.attributes
                0x00000033       0x33 dbg/main.o
 .ARM.attributes
                0x00000066       0x33 dbg/table.o
 .ARM.attributes
                0x00000099       0x33 dbg/display96x16x1.o
 .ARM.attributes
                0x000000cc       0x33 dbg/system_lm3s.o
 .ARM.attributes
                0x000000ff       0x33 dbg/philo.o
 .ARM.attributes
                0x00000132       0x33 dbg/bsp.o
 .ARM.attributes
                0x00000165       0x33 D:\qp\qpc/ports/arm-cm/qk/gnu/dbg\libqp_cortex-m3_cs.a(qhsm_top.o)
 .ARM.attributes
                0x00000198       0x33 D:\qp\qpc/ports/arm-cm/qk/gnu/dbg\libqp_cortex-m3_cs.a(qa_ctor.o)
 .ARM.attributes
                0x000001cb       0x33 D:\qp\qpc/ports/arm-cm/qk/gnu/dbg\libqp_cortex-m3_cs.a(qa_fifo.o)
 .ARM.attributes
                0x000001fe       0x33 D:\qp\qpc/ports/arm-cm/qk/gnu/dbg\libqp_cortex-m3_cs.a(qa_lifo.o)
 .ARM.attributes
                0x00000231       0x33 D:\qp\qpc/ports/arm-cm/qk/gnu/dbg\libqp_cortex-m3_cs.a(qa_sub.o)
 .ARM.attributes
                0x00000264       0x33 D:\qp\qpc/ports/arm-cm/qk/gnu/dbg\libqp_cortex-m3_cs.a(qf_act.o)
 .ARM.attributes
                0x00000297       0x33 D:\qp\qpc/ports/arm-cm/qk/gnu/dbg\libqp_cortex-m3_cs.a(qf_new.o)
 .ARM.attributes
                0x000002ca       0x33 D:\qp\qpc/ports/arm-cm/qk/gnu/dbg\libqp_cortex-m3_cs.a(qf_pool.o)
 .ARM.attributes
                0x000002fd       0x33 D:\qp\qpc/ports/arm-cm/qk/gnu/dbg\libqp_cortex-m3_cs.a(qf_psini.o)
 .ARM.attributes
                0x00000330       0x33 D:\qp\qpc/ports/arm-cm/qk/gnu/dbg\libqp_cortex-m3_cs.a(qf_pspub.o)
 .ARM.attributes
                0x00000363       0x33 D:\qp\qpc/ports/arm-cm/qk/gnu/dbg\libqp_cortex-m3_cs.a(qf_pwr2.o)
 .ARM.attributes
                0x00000396       0x33 D:\qp\qpc/ports/arm-cm/qk/gnu/dbg\libqp_cortex-m3_cs.a(qf_tick.o)
 .ARM.attributes
                0x000003c9       0x33 D:\qp\qpc/ports/arm-cm/qk/gnu/dbg\libqp_cortex-m3_cs.a(qmp_get.o)
 .ARM.attributes
                0x000003fc       0x33 D:\qp\qpc/ports/arm-cm/qk/gnu/dbg\libqp_cortex-m3_cs.a(qmp_init.o)
 .ARM.attributes
                0x0000042f       0x33 D:\qp\qpc/ports/arm-cm/qk/gnu/dbg\libqp_cortex-m3_cs.a(qte_ctor.o)
 .ARM.attributes
                0x00000462       0x33 D:\qp\qpc/ports/arm-cm/qk/gnu/dbg\libqp_cortex-m3_cs.a(qte_arm.o)
 .ARM.attributes
                0x00000495       0x33 D:\qp\qpc/ports/arm-cm/qk/gnu/dbg\libqp_cortex-m3_cs.a(qk.o)
 .ARM.attributes
                0x000004c8       0x33 D:\qp\qpc/ports/arm-cm/qk/gnu/dbg\libqp_cortex-m3_cs.a(qk_sched.o)
 .ARM.attributes
                0x000004fb       0x33 D:\qp\qpc/ports/arm-cm/qk/gnu/dbg\libqp_cortex-m3_cs.a(qk_mutex.o)
 .ARM.attributes
                0x0000052e       0x21 D:\qp\qpc/ports/arm-cm/qk/gnu/dbg\libqp_cortex-m3_cs.a(qk_port.o)
 .ARM.attributes
                0x0000054f       0x33 D:\qp\qpc/ports/arm-cm/qk/gnu/dbg\libqp_cortex-m3_cs.a(qhsm_ini.o)
 .ARM.attributes
                0x00000582       0x33 D:\qp\qpc/ports/arm-cm/qk/gnu/dbg\libqp_cortex-m3_cs.a(qhsm_dis.o)
 .ARM.attributes
                0x000005b5       0x33 D:\qp\qpc/ports/arm-cm/qk/gnu/dbg\libqp_cortex-m3_cs.a(qa_get_.o)
 .ARM.attributes
                0x000005e8       0x33 D:\qp\qpc/ports/arm-cm/qk/gnu/dbg\libqp_cortex-m3_cs.a(qeq_init.o)
 .ARM.attributes
                0x0000061b       0x33 D:\qp\qpc/ports/arm-cm/qk/gnu/dbg\libqp_cortex-m3_cs.a(qf_gc.o)
 .ARM.attributes
                0x0000064e       0x33 D:\qp\qpc/ports/arm-cm/qk/gnu/dbg\libqp_cortex-m3_cs.a(qmp_put.o)
 .ARM.attributes
                0x00000681       0x33 D:\qp\qpc/ports/arm-cm/qk/gnu/dbg\libqp_cortex-m3_cs.a(qep.o)

.debug_frame    0x00000000      0x98c
 .debug_frame   0x00000000       0x5c dbg/startup_lm3s.o
 .debug_frame   0x0000005c       0x34 dbg/main.o
 .debug_frame   0x00000090       0xa4 dbg/table.o
 .debug_frame   0x00000134      0x14c dbg/display96x16x1.o
 .debug_frame   0x00000280       0x2c dbg/system_lm3s.o
 .debug_frame   0x000002ac       0x94 dbg/philo.o
 .debug_frame   0x00000340      0x114 dbg/bsp.o
 .debug_frame   0x00000454       0x20 D:\qp\qpc/ports/arm-cm/qk/gnu/dbg\libqp_cortex-m3_cs.a(qhsm_top.o)
 .debug_frame   0x00000474       0x28 D:\qp\qpc/ports/arm-cm/qk/gnu/dbg\libqp_cortex-m3_cs.a(qa_ctor.o)
 .debug_frame   0x0000049c       0x2c D:\qp\qpc/ports/arm-cm/qk/gnu/dbg\libqp_cortex-m3_cs.a(qa_fifo.o)
 .debug_frame   0x000004c8       0x2c D:\qp\qpc/ports/arm-cm/qk/gnu/dbg\libqp_cortex-m3_cs.a(qa_lifo.o)
 .debug_frame   0x000004f4       0x2c D:\qp\qpc/ports/arm-cm/qk/gnu/dbg\libqp_cortex-m3_cs.a(qa_sub.o)
 .debug_frame   0x00000520       0x44 D:\qp\qpc/ports/arm-cm/qk/gnu/dbg\libqp_cortex-m3_cs.a(qf_act.o)
 .debug_frame   0x00000564       0x30 D:\qp\qpc/ports/arm-cm/qk/gnu/dbg\libqp_cortex-m3_cs.a(qf_new.o)
 .debug_frame   0x00000594       0x30 D:\qp\qpc/ports/arm-cm/qk/gnu/dbg\libqp_cortex-m3_cs.a(qf_pool.o)
 .debug_frame   0x000005c4       0x20 D:\qp\qpc/ports/arm-cm/qk/gnu/dbg\libqp_cortex-m3_cs.a(qf_psini.o)
 .debug_frame   0x000005e4       0x38 D:\qp\qpc/ports/arm-cm/qk/gnu/dbg\libqp_cortex-m3_cs.a(qf_pspub.o)
 .debug_frame   0x0000061c       0x4c D:\qp\qpc/ports/arm-cm/qk/gnu/dbg\libqp_cortex-m3_cs.a(qf_tick.o)
 .debug_frame   0x00000668       0x44 D:\qp\qpc/ports/arm-cm/qk/gnu/dbg\libqp_cortex-m3_cs.a(qmp_get.o)
 .debug_frame   0x000006ac       0x34 D:\qp\qpc/ports/arm-cm/qk/gnu/dbg\libqp_cortex-m3_cs.a(qmp_init.o)
 .debug_frame   0x000006e0       0x30 D:\qp\qpc/ports/arm-cm/qk/gnu/dbg\libqp_cortex-m3_cs.a(qte_ctor.o)
 .debug_frame   0x00000710       0x30 D:\qp\qpc/ports/arm-cm/qk/gnu/dbg\libqp_cortex-m3_cs.a(qte_arm.o)
 .debug_frame   0x00000740       0x90 D:\qp\qpc/ports/arm-cm/qk/gnu/dbg\libqp_cortex-m3_cs.a(qk.o)
 .debug_frame   0x000007d0       0x48 D:\qp\qpc/ports/arm-cm/qk/gnu/dbg\libqp_cortex-m3_cs.a(qk_sched.o)
 .debug_frame   0x00000818       0x38 D:\qp\qpc/ports/arm-cm/qk/gnu/dbg\libqp_cortex-m3_cs.a(qk_mutex.o)
 .debug_frame   0x00000850       0x48 D:\qp\qpc/ports/arm-cm/qk/gnu/dbg\libqp_cortex-m3_cs.a(qhsm_ini.o)
 .debug_frame   0x00000898       0x38 D:\qp\qpc/ports/arm-cm/qk/gnu/dbg\libqp_cortex-m3_cs.a(qhsm_dis.o)
 .debug_frame   0x000008d0       0x44 D:\qp\qpc/ports/arm-cm/qk/gnu/dbg\libqp_cortex-m3_cs.a(qa_get_.o)
 .debug_frame   0x00000914       0x20 D:\qp\qpc/ports/arm-cm/qk/gnu/dbg\libqp_cortex-m3_cs.a(qeq_init.o)
 .debug_frame   0x00000934       0x2c D:\qp\qpc/ports/arm-cm/qk/gnu/dbg\libqp_cortex-m3_cs.a(qf_gc.o)
 .debug_frame   0x00000960       0x2c D:\qp\qpc/ports/arm-cm/qk/gnu/dbg\libqp_cortex-m3_cs.a(qmp_put.o)

.debug_ranges   0x00000000       0xe0
 .debug_ranges  0x00000000       0x48 dbg/table.o
 .debug_ranges  0x00000048       0x18 D:\qp\qpc/ports/arm-cm/qk/gnu/dbg\libqp_cortex-m3_cs.a(qa_fifo.o)
 .debug_ranges  0x00000060       0x18 D:\qp\qpc/ports/arm-cm/qk/gnu/dbg\libqp_cortex-m3_cs.a(qf_pspub.o)
 .debug_ranges  0x00000078       0x28 D:\qp\qpc/ports/arm-cm/qk/gnu/dbg\libqp_cortex-m3_cs.a(qk_port.o)
 .debug_ranges  0x000000a0       0x20 D:\qp\qpc/ports/arm-cm/qk/gnu/dbg\libqp_cortex-m3_cs.a(qhsm_ini.o)
 .debug_ranges  0x000000c0       0x20 D:\qp\qpc/ports/arm-cm/qk/gnu/dbg\libqp_cortex-m3_cs.a(qhsm_dis.o)
