###############################################################################
#                                                                             #
# IAR ELF Linker V6.60.1.5097/W32 for ARM               13/Oct/2013  23:06:48 #
# Copyright 2007-2013 IAR Systems AB.                                         #
#                                                                             #
#    Output file  =  D:\qp\qpc\examples\arm-cm\qk\iar\dpp-qk_ek-tm4c123gxl\sp #
#                    y\dpp-qk.out                                             #
#    Map file     =  D:\qp\qpc\examples\arm-cm\qk\iar\dpp-qk_ek-tm4c123gxl\sp #
#                    y\dpp-qk.map                                             #
#    Command line =  D:\qp\qpc\examples\arm-cm\qk\iar\dpp-qk_ek-tm4c123gxl\sp #
#                    y\bsp.o D:\qp\qpc\examples\arm-cm\qk\iar\dpp-qk_ek-tm4c1 #
#                    23gxl\spy\main.o D:\qp\qpc\examples\arm-cm\qk\iar\dpp-qk #
#                    _ek-tm4c123gxl\spy\philo.o D:\qp\qpc\examples\arm-cm\qk\ #
#                    iar\dpp-qk_ek-tm4c123gxl\spy\startup_tm4c.o              #
#                    D:\qp\qpc\examples\arm-cm\qk\iar\dpp-qk_ek-tm4c123gxl\sp #
#                    y\table.o --redirect _Printf=_PrintfTiny --redirect      #
#                    _Scanf=_ScanfSmall -o D:\qp\qpc\examples\arm-cm\qk\iar\d #
#                    pp-qk_ek-tm4c123gxl\spy\dpp-qk.out --map                 #
#                    D:\qp\qpc\examples\arm-cm\qk\iar\dpp-qk_ek-tm4c123gxl\sp #
#                    y\dpp-qk.map --config D:\qp\qpc\examples\arm-cm\qk\iar\d #
#                    pp-qk_ek-tm4c123gxl\tm4c123gh6pm.icf --semihosting       #
#                    D:\qp\qpc\ports\arm-cm\qk\iar\spy\libqp_cortex-m4f.a     #
#                    --entry __iar_program_start --vfe                        #
#                                                                             #
#                                                                             #
###############################################################################

*******************************************************************************
*** RUNTIME MODEL ATTRIBUTES
***

CppFlavor       = *
__SystemLibrary = DLib


*******************************************************************************
*** PLACEMENT SUMMARY
***

"A1":  place at start of [0x00000000-0x0003ffff] { ro section .intvec };
"P1":  place in [from 0x00000000 to 0x0003ffff] { ro };
"P2":  place in [from 0x20000000 to 0x20007fff] { rw, block HEAP };

  Section            Kind        Address    Size  Object
  -------            ----        -------    ----  ------
"A1":                                      0x26c
  .intvec            const    0x00000000   0x26c  startup_tm4c.o [1]
                            - 0x0000026c   0x26c

"P1":                                     0x3618
  .text              ro code  0x0000026c   0x6d8  bsp.o [1]
  .text              ro code  0x00000944   0x17c  qf_tick.o [4]
  .text              ro code  0x00000ac0   0x104  qf_pspub.o [4]
  .text              ro code  0x00000bc4    0xb8  qf_new.o [4]
  .text              ro code  0x00000c7c    0xa0  qs_dict.o [4]
  .text              ro code  0x00000d1c   0x320  qs.o [4]
  .text              ro code  0x0000103c   0x2e4  qs_.o [4]
  .text              ro code  0x00001320    0x60  qs_str.o [4]
  .text              ro code  0x00001380    0x44  qs_blk.o [4]
  .text              ro code  0x000013c4    0xb4  qf_gc.o [4]
  .text              ro code  0x00001478    0xd4  qmp_get.o [4]
  .text              ro code  0x0000154c    0x3a  ABImemset48.o [6]
  .text              ro code  0x00001586    0x2e  copy_init3.o [6]
  .text              ro code  0x000015b4    0x8c  qmp_put.o [4]
  .text              ro code  0x00001640   0x64c  qhsm_dis.o [4]
  .text              ro code  0x00001c8c   0x5e4  table.o [1]
  .text              ro code  0x00002270    0x28  qa_ctor.o [4]
  .text              ro code  0x00002298    0xc4  qa_sub.o [4]
  .text              ro code  0x0000235c   0x19c  qhsm_ini.o [4]
  .text              ro code  0x000024f8   0x3b0  philo.o [1]
  .text              ro code  0x000028a8    0x44  qte_ctor.o [4]
  .text              ro code  0x000028ec    0xcc  qte_arm.o [4]
  .text              ro code  0x000029b8   0x198  qa_fifo.o [4]
  .text              ro code  0x00002b50   0x124  qk_sched.o [4]
  .text              ro code  0x00002c74   0x13c  qa_get_.o [4]
  .text              ro code  0x00002db0   0x134  main.o [1]
  .text              ro code  0x00002ee4    0xa4  qk.o [4]
  .text              ro code  0x00002f88    0x14  qf_psini.o [4]
  .text              ro code  0x00002f9c    0x78  qf_pool.o [4]
  CODE               ro code  0x00003014    0x74  qk_port.o [4]
  .text              ro code  0x00003088    0x60  qeq_init.o [4]
  .text              ro code  0x000030e8    0x88  qf_act.o [4]
  .text              ro code  0x00003170    0xdc  qmp_init.o [4]
  .text              ro code  0x0000324c   0x114  qa_lifo.o [4]
  .rodata            const    0x00003360    0xcc  qf_pwr2.o [4]
  .rodata            const    0x0000342c    0x40  philo.o [1]
  .rodata            const    0x0000346c    0x40  table.o [1]
  .rodata            const    0x000034ac    0x3c  bsp.o [1]
  .text              ro code  0x000034e8    0x28  data_init.o [6]
  .text              ro code  0x00003510    0x24  startup_tm4c.o [1]
  .text              ro code  0x00003534    0x22  zero_init3.o [6]
  .iar.init_table    const    0x00003558    0x24  - Linker created -
  .text              ro code  0x0000357c    0x1a  fpinit_M.o [5]
  .text              ro code  0x00003598    0x1a  cmain.o [6]
  .text              ro code  0x000035b2     0x4  low_level_init.o [3]
  .text              ro code  0x000035b6     0x4  exit.o [3]
  .text              ro code  0x000035bc     0xa  cexit.o [6]
  .text              ro code  0x000035c8    0x14  exit.o [7]
  .rodata            const    0x000035dc    0x18  bsp.o [1]
  .rodata            const    0x000035f4    0x14  bsp.o [1]
  .rodata            const    0x00003608    0x14  main.o [1]
  .rodata            const    0x0000361c    0x14  main.o [1]
  .rodata            const    0x00003630    0x14  main.o [1]
  .rodata            const    0x00003644    0x14  main.o [1]
  .rodata            const    0x00003658    0x14  main.o [1]
  .rodata            const    0x0000366c    0x14  philo.o [1]
  .rodata            const    0x00003680    0x14  philo.o [1]
  .rodata            const    0x00003694    0x14  philo.o [1]
  .rodata            const    0x000036a8    0x14  philo.o [1]
  .rodata            const    0x000036bc    0x14  philo.o [1]
  .rodata            const    0x000036d0    0x14  philo.o [1]
  .rodata            const    0x000036e4    0x14  startup_tm4c.o [1]
  .rodata            const    0x000036f8    0x10  main.o [1]
  .rodata            const    0x00003708    0x10  main.o [1]
  .rodata            const    0x00003718    0x10  philo.o [1]
  .rodata            const    0x00003728    0x10  philo.o [1]
  .rodata            const    0x00003738    0x10  philo.o [1]
  .rodata            const    0x00003748    0x10  philo.o [1]
  .rodata            const    0x00003758    0x10  table.o [1]
  .rodata            const    0x00003768    0x10  table.o [1]
  .rodata            const    0x00003778    0x10  table.o [1]
  .rodata            const    0x00003788    0x10  qep.o [4]
  .rodata            const    0x00003798     0xc  philo.o [1]
  .rodata            const    0x000037a4     0xc  philo.o [1]
  .rodata            const    0x000037b0     0xc  philo.o [1]
  .rodata            const    0x000037bc     0xc  philo.o [1]
  .rodata            const    0x000037c8     0xc  philo.o [1]
  .rodata            const    0x000037d4     0xc  philo.o [1]
  .rodata            const    0x000037e0     0xc  philo.o [1]
  .rodata            const    0x000037ec     0xc  startup_tm4c.o [1]
  .rodata            const    0x000037f8     0xc  table.o [1]
  .rodata            const    0x00003804     0xc  table.o [1]
  .rodata            const    0x00003810     0xc  table.o [1]
  .rodata            const    0x0000381c     0xc  table.o [1]
  .rodata            const    0x00003828     0xc  table.o [1]
  .rodata            const    0x00003834     0xc  table.o [1]
  .rodata            const    0x00003840     0xc  table.o [1]
  .rodata            const    0x0000384c     0xc  table.o [1]
  .text              ro code  0x00003858     0xc  cstartup_M.o [6]
  .rodata            const    0x00003864     0x8  table.o [1]
  .rodata            const    0x0000386c     0x4  bsp.o [1]
  .rodata            const    0x00003870     0x4  bsp.o [1]
  .rodata            const    0x00003874     0x4  table.o [1]
  .text              ro code  0x00003878     0x4  qhsm_top.o [4]
  .rodata            const    0x0000387c     0x0  zero_init3.o [6]
  .rodata            const    0x0000387c     0x0  copy_init3.o [6]
  Initializer bytes  ro data  0x0000387c     0x8  <for P2 s0>
                            - 0x00003884  0x3618

"P2", part 1 of 3:                           0x8
  P2 s0                       0x20000000     0x8  <Init block>
    .data            inited   0x20000000     0x4  bsp.o [1]
    .data            inited   0x20000004     0x1  qk.o [4]
                            - 0x20000008     0x8

"P2", part 2 of 3:                         0xb50
  .bss               zero     0x20000008   0x800  bsp.o [1]
  .bss               zero     0x20000808    0xf0  philo.o [1]
  .bss               zero     0x200008f8    0x84  qf_act.o [4]
  .bss               zero     0x2000097c    0x64  main.o [1]
  .bss               zero     0x200009e0    0x50  main.o [1]
  .bss               zero     0x20000a30    0x40  qs.o [4]
  .bss               zero     0x20000a70    0x3c  qf_pool.o [4]
  .bss               zero     0x20000aac    0x2c  table.o [1]
  .bss               zero     0x20000ad8    0x20  main.o [1]
  .bss               zero     0x20000af8    0x20  qf_tick.o [4]
  .bss               zero     0x20000b18    0x14  main.o [1]
  .bss               zero     0x20000b2c     0xc  qk.o [4]
  .bss               zero     0x20000b38     0x4  bsp.o [1]
  .bss               zero     0x20000b3c     0x4  bsp.o [1]
  .bss               zero     0x20000b40     0x4  bsp.o [1]
  .bss               zero     0x20000b44     0x4  qf_pool.o [4]
  .bss               zero     0x20000b48     0x4  qf_psini.o [4]
  .bss               zero     0x20000b4c     0x4  qf_psini.o [4]
  .bss               zero     0x20000b50     0x1  bsp.o [1]
  .bss               zero     0x20000b51     0x1  bsp.o [1]
  .bss               zero     0x20000b52     0x1  bsp.o [1]
  .bss               zero     0x20000b53     0x1  philo.o [1]
  .bss               zero     0x20000b54     0x1  qk.o [4]
  .bss               zero     0x20000b55     0x1  qk_mutex.o [4]
                            - 0x20000b56   0xb4e

"P2", part 3 of 3:                         0x400
  .noinit            uninit   0x20000b58   0x400  startup_tm4c.o [1]
                            - 0x20000f58   0x400


*******************************************************************************
*** INIT TABLE
***

          Address     Size
          -------     ----
Zero (__iar_zero_init3)
    1 destination range, total size 0xb4e:
          0x20000008  0xb4e

Copy (__iar_copy_init3)
    1 source range, total size 0x8 (160% of destination):
          0x0000387c    0x8
    1 destination range, total size 0x5:
          0x20000000    0x5



*******************************************************************************
*** MODULE SUMMARY
***

    Module            ro code  ro data  rw data
    ------            -------  -------  -------
D:\qp\qpc\examples\arm-cm\qk\iar\dpp-qk_ek-tm4c123gxl\spy: [1]
    bsp.o               1 752      116    2 067
    main.o                308      132      232
    philo.o               944      332      241
    startup_tm4c.o         36      652    1 024
    table.o             1 508      220       44
    -------------------------------------------
    Total:              4 548    1 452    3 608

command line: [2]
    -------------------------------------------
    Total:

dl7M_tln.a: [3]
    exit.o                  4
    low_level_init.o        4
    -------------------------------------------
    Total:                  8

libqp_cortex-m4f.a: [4]
    qa_ctor.o              40
    qa_fifo.o             408
    qa_get_.o             316
    qa_lifo.o             276
    qa_sub.o              196
    qep.o                           16
    qeq_init.o             96
    qf_act.o              136               132
    qf_gc.o               180
    qf_new.o              184
    qf_pool.o             120                64
    qf_psini.o             20                 8
    qf_pspub.o            260
    qf_pwr2.o                      204
    qf_tick.o             380                32
    qhsm_dis.o          1 612
    qhsm_ini.o            412
    qhsm_top.o              4
    qk.o                  164        1       14
    qk_mutex.o                                1
    qk_port.o             116
    qk_sched.o            292
    qmp_get.o             212
    qmp_init.o            220
    qmp_put.o             140
    qs.o                  800                64
    qs_.o                 740
    qs_blk.o               68
    qs_dict.o             160
    qs_str.o               96
    qte_arm.o             204
    qte_ctor.o             68
    -------------------------------------------
    Total:              7 920      221      315

m7M_tlv.a: [5]
    fpinit_M.o             26
    -------------------------------------------
    Total:                 26

rt7M_tl.a: [6]
    ABImemset48.o          58
    cexit.o                10
    cmain.o                26
    copy_init3.o           46
    cstartup_M.o           12
    data_init.o            40
    zero_init3.o           34
    -------------------------------------------
    Total:                226

shb_l.a: [7]
    exit.o                 20
    -------------------------------------------
    Total:                 20

    Gaps                    6        2
    Linker created                  39
-----------------------------------------------
    Grand Total:       12 754    1 714    3 923


*******************************************************************************
*** ENTRY LIST
***

Entry                      Address   Size  Type      Object
-----                      -------   ----  ----      ------
?main                   0x00003599         Code  Gb  cmain.o [6]
AO_Philo                0x0000366c   0x14  Data  Gb  philo.o [1]
AO_Table                0x00003874    0x4  Data  Gb  table.o [1]
BSP_displayPaused       0x000005d3   0x12  Code  Gb  bsp.o [1]
BSP_displayPhilStat     0x00000563   0x70  Code  Gb  bsp.o [1]
BSP_init                0x00000477   0xec  Code  Gb  bsp.o [1]
BSP_random              0x000005e5   0x2c  Code  Gb  bsp.o [1]
BSP_randomSeed          0x00000611    0x6  Code  Gb  bsp.o [1]
BSP_terminate           0x00000617    0x2  Code  Gb  bsp.o [1]
GPIOPortA_IRQHandler    0x00000411   0x66  Code  Gb  bsp.o [1]
HardFault_Handler       0x0000351f    0xe  Code  Gb  startup_tm4c.o [1]
NMI_Handler             0x00003511    0xe  Code  Gb  startup_tm4c.o [1]
NVIC_EnableIRQ          0x00000291   0x1a  Code  Lc  bsp.o [1]
NVIC_SetPriority        0x000002ab   0x26  Code  Lc  bsp.o [1]
NVIC_SetPriorityGrouping
                        0x0000026d   0x24  Code  Lc  bsp.o [1]
PendSV_Handler          0x00003035         Code  Gb  qk_port.o [4]
Philo_ctor              0x000024f9   0x38  Code  Gb  philo.o [1]
Philo_eating            0x00002781   0xa2  Code  Lc  philo.o [1]
Philo_hungry            0x000026dd   0xa2  Code  Lc  philo.o [1]
Philo_initial           0x00002531  0x130  Code  Lc  philo.o [1]
Philo_thinking          0x00002661   0x7a  Code  Lc  philo.o [1]
QActive_ctor            0x00002271   0x12  Code  Gb  qa_ctor.o [4]
QActive_get_            0x00002c75  0x122  Code  Gb  qa_get_.o [4]
QActive_post            0x000029b9  0x17c  Code  Gb  qa_fifo.o [4]
QActive_postLIFO        0x0000324d   0xf8  Code  Gb  qa_lifo.o [4]
QActive_start           0x00002f29   0x5c  Code  Gb  qk.o [4]
QActive_subscribe       0x00002299   0xa4  Code  Gb  qa_sub.o [4]
QEP_reservedEvt_        0x00003788   0x10  Data  Gb  qep.o [4]
QEQueue_init            0x00003089   0x60  Code  Gb  qeq_init.o [4]
QF_active_              0x200008f8   0x84  Data  Gb  qf_act.o [4]
QF_add_                 0x000030e9   0x76  Code  Gb  qf_act.o [4]
QF_div8Lkup             0x000033e8   0x44  Data  Gb  qf_pwr2.o [4]
QF_gc                   0x000013c5   0xa0  Code  Gb  qf_gc.o [4]
QF_init                 0x00002ee5    0x8  Code  Gb  qk.o [4]
QF_invPwr2Lkup          0x000033a4   0x44  Data  Gb  qf_pwr2.o [4]
QF_maxPool_             0x20000b44    0x4  Data  Gb  qf_pool.o [4]
QF_maxSignal_           0x20000b4c    0x4  Data  Gb  qf_psini.o [4]
QF_newX_                0x00000bc5   0xa4  Code  Gb  qf_new.o [4]
QF_onStartup            0x00000619   0x38  Code  Gb  bsp.o [1]
QF_poolInit             0x00002f9d   0x68  Code  Gb  qf_pool.o [4]
QF_pool_                0x20000a70   0x3c  Data  Gb  qf_pool.o [4]
QF_psInit               0x00002f89   0x14  Code  Gb  qf_psini.o [4]
QF_publish              0x00000ac1   0xe2  Code  Gb  qf_pspub.o [4]
QF_pwr2Lkup             0x00003360   0x44  Data  Gb  qf_pwr2.o [4]
QF_run                  0x00002f0d   0x1c  Code  Gb  qk.o [4]
QF_subscrList_          0x20000b48    0x4  Data  Gb  qf_psini.o [4]
QF_tickX                0x00000945  0x16c  Code  Gb  qf_tick.o [4]
QF_timeEvtHead_         0x20000af8   0x20  Data  Gb  qf_tick.o [4]
QHsm_ctor               0x0000235d    0xe  Code  Gb  qhsm_ini.o [4]
QHsm_dispatch           0x00001641  0x62a  Code  Gb  qhsm_dis.o [4]
QHsm_init               0x0000236b  0x164  Code  Gb  qhsm_ini.o [4]
QHsm_top                0x00003879    0x4  Code  Gb  qhsm_top.o [4]
QK_ceilingPrio_         0x20000b55    0x1  Data  Gb  qk_mutex.o [4]
QK_currPrio_            0x20000004    0x1  Data  Gb  qk.o [4]
QK_init                 0x00003015         Code  Gb  qk_port.o [4]
QK_intNest_             0x20000b54    0x1  Data  Gb  qk.o [4]
QK_onIdle               0x00000651   0x6c  Code  Gb  bsp.o [1]
QK_readySet_            0x20000b2c    0xc  Data  Gb  qk.o [4]
QK_schedPrio_           0x00002b51   0x4c  Code  Gb  qk_sched.o [4]
QK_sched_               0x00002b9d   0xc4  Code  Gb  qk_sched.o [4]
QMPool_get              0x00001479   0xc6  Code  Gb  qmp_get.o [4]
QMPool_init             0x00003171   0xcc  Code  Gb  qmp_init.o [4]
QMPool_put              0x000015b5   0x80  Code  Gb  qmp_put.o [4]
QS_beginRec             0x00000ed5   0x66  Code  Gb  qs.o [4]
QS_endRec               0x00000f3b   0x68  Code  Gb  qs.o [4]
QS_filterOff            0x00000e95   0x40  Code  Gb  qs.o [4]
QS_filterOn             0x00000e4f   0x46  Code  Gb  qs.o [4]
QS_fun_dict             0x00000ce9   0x34  Code  Gb  qs_dict.o [4]
QS_getBlock             0x00001381   0x44  Code  Gb  qs_blk.o [4]
QS_initBuf              0x00000d1d  0x132  Code  Gb  qs.o [4]
QS_obj_dict             0x00000cb5   0x34  Code  Gb  qs_dict.o [4]
QS_onFlush              0x00000809   0x5a  Code  Gb  bsp.o [1]
QS_onGetTime            0x000007dd   0x26  Code  Gb  bsp.o [1]
QS_onStartup            0x000006d5  0x108  Code  Gb  bsp.o [1]
QS_priv_                0x20000a30   0x40  Data  Gb  qs.o [4]
QS_sig_dict             0x00000c7d   0x38  Code  Gb  qs_dict.o [4]
QS_str                  0x00001321   0x5a  Code  Gb  qs_str.o [4]
QS_str_ROM_             0x000012d3   0x46  Code  Gb  qs_.o [4]
QS_tickPeriod_          0x20000b40    0x4  Data  Gb  bsp.o [1]
QS_tickTime_            0x20000b3c    0x4  Data  Gb  bsp.o [1]
QS_u16_                 0x0000112b   0x96  Code  Gb  qs_.o [4]
QS_u32_                 0x000011c1  0x112  Code  Gb  qs_.o [4]
QS_u8                   0x00000fa3   0x92  Code  Gb  qs.o [4]
QS_u8_                  0x0000103d   0x5c  Code  Gb  qs_.o [4]
QS_u8u8_                0x00001099   0x92  Code  Gb  qs_.o [4]
QTimeEvt_armX           0x000028ed   0xbc  Code  Gb  qte_arm.o [4]
QTimeEvt_ctorX          0x000028a9   0x36  Code  Gb  qte_ctor.o [4]
Q_onAssert              0x000006bd    0x8  Code  Gb  bsp.o [1]
Q_this_module_          0x000034ac   0x3c  Data  Lc  bsp.o [1]
Q_this_module_          0x0000342c   0x40  Data  Lc  philo.o [1]
Q_this_module_          0x0000346c   0x40  Data  Lc  table.o [1]
Q_this_module_          0x00000c74    0x8  Data  Lc  qf_new.o [4]
Q_this_module_          0x00000bb8    0xc  Data  Lc  qf_pspub.o [4]
Q_this_module_          0x00000ab8    0x8  Data  Lc  qf_tick.o [4]
Q_this_module_          0x00002f84    0x4  Data  Lc  qk.o [4]
Q_this_module_          0x00001038    0x4  Data  Lc  qs.o [4]
Q_this_module_          0x0000300c    0x8  Data  Lc  qf_pool.o [4]
Q_this_module_          0x00002354    0x8  Data  Lc  qa_sub.o [4]
Q_this_module_          0x000029b0    0x8  Data  Lc  qte_arm.o [4]
Q_this_module_          0x000028e0    0xc  Data  Lc  qte_ctor.o [4]
Q_this_module_          0x00001544    0x8  Data  Lc  qmp_get.o [4]
Q_this_module_          0x00003168    0x8  Data  Lc  qf_act.o [4]
Q_this_module_          0x00001470    0x8  Data  Lc  qf_gc.o [4]
Q_this_module_          0x00003240    0xc  Data  Lc  qmp_init.o [4]
Q_this_module_          0x00002b48    0x8  Data  Lc  qa_fifo.o [4]
Q_this_module_          0x00003358    0x8  Data  Lc  qa_lifo.o [4]
Q_this_module_          0x000024e4    0xc  Data  Lc  qhsm_ini.o [4]
Q_this_module_          0x00001c80    0xc  Data  Lc  qhsm_dis.o [4]
Q_this_module_          0x00001638    0x8  Data  Lc  qmp_put.o [4]
Q_this_module_          0x00002da8    0x8  Data  Lc  qa_get_.o [4]
Region$$Table$$Base     0x00003558          --   Gb  - Linker created -
Region$$Table$$Limit    0x0000357c          --   Gb  - Linker created -
SVC_Handler             0x00003077         Code  Gb  qk_port.o [4]
SysTick_Config          0x000002d1   0x36  Code  Lc  bsp.o [1]
SysTick_Handler         0x00000307  0x10a  Code  Gb  bsp.o [1]
Table_active            0x00001ddd   0x3c  Code  Lc  table.o [1]
Table_ctor              0x00001c8d   0x34  Code  Gb  table.o [1]
Table_initial           0x00001cc1  0x11c  Code  Lc  table.o [1]
Table_paused            0x0000211d  0x108  Code  Lc  table.o [1]
Table_serving           0x00001e19  0x304  Code  Lc  table.o [1]
__aeabi_memset4         0x0000154d         Code  Gb  ABImemset48.o [6]
__aeabi_memset8         0x0000154d         Code  Gb  ABImemset48.o [6]
__cmain                 0x00003599         Code  Gb  cmain.o [6]
__exit                  0x000035c9   0x14  Code  Gb  exit.o [7]
__iar_Memset4_word      0x00001555         Code  Gb  ABImemset48.o [6]
__iar_Memset8_word      0x00001555         Code  Gb  ABImemset48.o [6]
__iar_copy_init3        0x00001587   0x2e  Code  Gb  copy_init3.o [6]
__iar_data_init3        0x000034e9   0x28  Code  Gb  data_init.o [6]
__iar_init_vfp          0x0000357d         Code  Gb  fpinit_M.o [5]
__iar_program_start     0x00003859         Code  Gb  cstartup_M.o [6]
__iar_zero_init3        0x00003535   0x22  Code  Gb  zero_init3.o [6]
__low_level_init        0x000035b3    0x4  Code  Gb  low_level_init.o [3]
__vector_table          0x00000000  0x26c  Data  Gb  startup_tm4c.o [1]
_call_main              0x000035a5         Code  Gb  cmain.o [6]
_exit                   0x000035bd         Code  Gb  cexit.o [6]
_main                   0x000035af         Code  Gb  cmain.o [6]
assert_failed           0x000006c5   0x10  Code  Gb  bsp.o [1]
exit                    0x000035b7    0x4  Code  Gb  exit.o [3]
initialize              0x00002eed   0x1a  Code  Lc  qk.o [4]
l_GPIOPortA_IRQHandler  0x20000b51    0x1  Data  Lc  bsp.o [1]
l_SysTick_Handler       0x20000b50    0x1  Data  Lc  bsp.o [1]
l_philo                 0x20000808   0xf0  Data  Lc  philo.o [1]
l_philoQueueSto         0x2000097c   0x64  Data  Lc  main.o [1]
l_rnd                   0x20000b38    0x4  Data  Lc  bsp.o [1]
l_smlPoolSto            0x200009e0   0x50  Data  Lc  main.o [1]
l_subscrSto             0x20000ad8   0x20  Data  Lc  main.o [1]
l_table                 0x20000aac   0x2c  Data  Lc  table.o [1]
l_tableQueueSto         0x20000b18   0x14  Data  Lc  main.o [1]
main                    0x00002db1  0x134  Code  Gb  main.o [1]
pulStack                0x20000b58  0x400  Data  Lc  startup_tm4c.o [1]


[1] = D:\qp\qpc\examples\arm-cm\qk\iar\dpp-qk_ek-tm4c123gxl\spy
[2] = command line
[3] = dl7M_tln.a
[4] = libqp_cortex-m4f.a
[5] = m7M_tlv.a
[6] = rt7M_tl.a
[7] = shb_l.a

  12 754 bytes of readonly  code memory
   1 714 bytes of readonly  data memory
   3 923 bytes of readwrite data memory

Errors: none
Warnings: none
