###############################################################################
#                                                                             #
# IAR ELF Linker V6.60.1.5097/W32 for ARM               13/Oct/2013  23:05:17 #
# Copyright 2007-2013 IAR Systems AB.                                         #
#                                                                             #
#    Output file  =  D:\qp\qpc\examples\arm-cm\vanilla\iar\dpp_ek-lm3s811\dbg #
#                    \dpp.out                                                 #
#    Map file     =  D:\qp\qpc\examples\arm-cm\vanilla\iar\dpp_ek-lm3s811\dbg #
#                    \dpp.map                                                 #
#    Command line =  D:\qp\qpc\examples\arm-cm\vanilla\iar\dpp_ek-lm3s811\dbg #
#                    \bsp.o D:\qp\qpc\examples\arm-cm\vanilla\iar\dpp_ek-lm3s #
#                    811\dbg\display96x16x1.o D:\qp\qpc\examples\arm-cm\vanil #
#                    la\iar\dpp_ek-lm3s811\dbg\main.o                         #
#                    D:\qp\qpc\examples\arm-cm\vanilla\iar\dpp_ek-lm3s811\dbg #
#                    \philo.o D:\qp\qpc\examples\arm-cm\vanilla\iar\dpp_ek-lm #
#                    3s811\dbg\startup_lm3s.o D:\qp\qpc\examples\arm-cm\vanil #
#                    la\iar\dpp_ek-lm3s811\dbg\system_lm3s.o                  #
#                    D:\qp\qpc\examples\arm-cm\vanilla\iar\dpp_ek-lm3s811\dbg #
#                    \table.o --redirect _Printf=_PrintfTiny --redirect       #
#                    _Scanf=_ScanfSmall -o D:\qp\qpc\examples\arm-cm\vanilla\ #
#                    iar\dpp_ek-lm3s811\dbg\dpp.out --map                     #
#                    D:\qp\qpc\examples\arm-cm\vanilla\iar\dpp_ek-lm3s811\dbg #
#                    \dpp.map --config D:\qp\qpc\examples\arm-cm\vanilla\iar\ #
#                    dpp_ek-lm3s811\lm3s811.icf --semihosting                 #
#                    D:\qp\qpc\ports\arm-cm\vanilla\iar\dbg\libqp_cortex-m3.a #
#                     --entry __iar_program_start --vfe                       #
#                                                                             #
#                                                                             #
###############################################################################

*******************************************************************************
*** RUNTIME MODEL ATTRIBUTES
***

CppFlavor       = *
__SystemLibrary = DLib


*******************************************************************************
*** PLACEMENT SUMMARY
***

"A1":  place at start of [0x00000000-0x0000ffff] { ro section .intvec };
"P1":  place in [from 0x00000000 to 0x0000ffff] { ro };
"P2":  place in [from 0x20000000 to 0x20001fff] { rw, block HEAP };

  Section            Kind        Address    Size  Object
  -------            ----        -------    ----  ------
"A1":                                       0xf0
  .intvec            const    0x00000000    0xf0  startup_lm3s.o [1]
                            - 0x000000f0    0xf0

"P1":                                     0x2350
  .text              ro code  0x000000f0   0x4ec  table.o [1]
  .text              ro code  0x000005dc    0x28  qa_ctor.o [4]
  .text              ro code  0x00000604    0x88  qa_sub.o [4]
  .text              ro code  0x0000068c   0x2c0  bsp.o [1]
  .text              ro code  0x0000094c    0x7c  qf_new.o [4]
  .text              ro code  0x000009c8    0xb8  qf_pspub.o [4]
  .text              ro code  0x00000a80    0xd4  qhsm_ini.o [4]
  .text              ro code  0x00000b54    0xc8  qf_tick.o [4]
  .text              ro code  0x00000c1c   0x2a0  system_lm3s.o [1]
  .text              ro code  0x00000ebc   0x414  display96x16x1.o [1]
  .text              ro code  0x000012d0    0x50  qmp_get.o [4]
  .text              ro code  0x00001320    0x60  qf_gc.o [4]
  .text              ro code  0x00001380    0x50  qmp_put.o [4]
  .text              ro code  0x000013d0   0x258  qhsm_dis.o [4]
  .text              ro code  0x00001628   0x22c  philo.o [1]
  .text              ro code  0x00001854    0x44  qte_ctor.o [4]
  .text              ro code  0x00001898    0x7c  qte_arm.o [4]
  .rodata            const    0x00001914   0x1dc  display96x16x1.o [1]
  .text              ro code  0x00001af0    0xd0  qvanilla.o [4]
  .text              ro code  0x00001bc0    0xb4  qa_get_.o [4]
  .text              ro code  0x00001c74    0x1a  qeq_init.o [4]
  .text              ro code  0x00001c8e    0x2e  copy_init3.o [5]
  .text              ro code  0x00001cbc    0x4c  qf_act.o [4]
  .rodata            const    0x00001d08    0xcc  qf_pwr2.o [4]
  .text              ro code  0x00001dd4    0xc8  qa_fifo.o [4]
  .text              ro code  0x00001e9c    0xa8  qa_lifo.o [4]
  .text              ro code  0x00001f44    0x9c  qmp_init.o [4]
  .text              ro code  0x00001fe0    0x98  main.o [1]
  .text              ro code  0x00002078    0x14  qf_psini.o [4]
  .text              ro code  0x0000208c    0x78  qf_pool.o [4]
  .rodata            const    0x00002104    0x74  display96x16x1.o [1]
  .rodata            const    0x00002178    0x5c  system_lm3s.o [1]
  .rodata            const    0x000021d4    0x50  display96x16x1.o [1]
  .rodata            const    0x00002224    0x40  philo.o [1]
  .rodata            const    0x00002264    0x40  table.o [1]
  .text              ro code  0x000022a4    0x28  data_init.o [5]
  .text              ro code  0x000022cc    0x22  zero_init3.o [5]
  .iar.init_table    const    0x000022f0    0x24  - Linker created -
  .text              ro code  0x00002314    0x20  startup_lm3s.o [1]
  .text              ro code  0x00002334    0x1a  cmain.o [5]
  .text              ro code  0x0000234e     0x4  low_level_init.o [3]
  .text              ro code  0x00002352     0x4  exit.o [3]
  .text              ro code  0x00002358     0xa  cexit.o [5]
  .text              ro code  0x00002364    0x14  exit.o [6]
  .rodata            const    0x00002378    0x14  philo.o [1]
  .rodata            const    0x0000238c    0x14  startup_lm3s.o [1]
  .rodata            const    0x000023a0    0x10  bsp.o [1]
  .rodata            const    0x000023b0    0x10  bsp.o [1]
  .rodata            const    0x000023c0    0x10  qep.o [4]
  .rodata            const    0x000023d0     0xc  startup_lm3s.o [1]
  .rodata            const    0x000023dc     0xc  table.o [1]
  .rodata            const    0x000023e8     0xc  table.o [1]
  .rodata            const    0x000023f4     0xc  table.o [1]
  .text              ro code  0x00002400     0xc  cstartup_M.o [5]
  .rodata            const    0x0000240c     0x8  display96x16x1.o [1]
  .rodata            const    0x00002414     0x8  display96x16x1.o [1]
  .rodata            const    0x0000241c     0x8  display96x16x1.o [1]
  .rodata            const    0x00002424     0x8  display96x16x1.o [1]
  .rodata            const    0x0000242c     0x4  bsp.o [1]
  .rodata            const    0x00002430     0x4  bsp.o [1]
  .rodata            const    0x00002434     0x4  table.o [1]
  .text              ro code  0x00002438     0x4  qhsm_top.o [4]
  .rodata            const    0x0000243c     0x0  zero_init3.o [5]
  .rodata            const    0x0000243c     0x0  copy_init3.o [5]
  Initializer bytes  ro data  0x0000243c     0x4  <for P2 s0>
                            - 0x00002440  0x2350

"P2", part 1 of 3:                           0x4
  P2 s0                       0x20000000     0x4  <Init block>
    .data            inited   0x20000000     0x4  bsp.o [1]
                            - 0x20000004     0x4

"P2", part 2 of 3:                         0x30c
  .bss               zero     0x20000004    0xf0  philo.o [1]
  .bss               zero     0x200000f4    0x84  qf_act.o [4]
  .bss               zero     0x20000178    0x64  main.o [1]
  .bss               zero     0x200001dc    0x50  main.o [1]
  .bss               zero     0x2000022c    0x3c  qf_pool.o [4]
  .bss               zero     0x20000268    0x2c  table.o [1]
  .bss               zero     0x20000294    0x20  main.o [1]
  .bss               zero     0x200002b4    0x20  qf_tick.o [4]
  .bss               zero     0x200002d4    0x14  main.o [1]
  .bss               zero     0x200002e8     0xc  qvanilla.o [4]
  .bss               zero     0x200002f4     0x4  bsp.o [1]
  .bss               zero     0x200002f8     0x4  display96x16x1.o [1]
  .bss               zero     0x200002fc     0x4  system_lm3s.o [1]
  .bss               zero     0x20000300     0x4  qf_pool.o [4]
  .bss               zero     0x20000304     0x4  qf_psini.o [4]
  .bss               zero     0x20000308     0x4  qf_psini.o [4]
  .bss               zero     0x2000030c     0x1  bsp.o [1]
  .bss               zero     0x2000030d     0x1  display96x16x1.o [1]
  .bss               zero     0x2000030e     0x1  display96x16x1.o [1]
  .bss               zero     0x2000030f     0x1  philo.o [1]
                            - 0x20000310   0x30c

"P2", part 3 of 3:                         0x190
  .noinit            uninit   0x20000310   0x190  startup_lm3s.o [1]
                            - 0x200004a0   0x190


*******************************************************************************
*** INIT TABLE
***

          Address     Size
          -------     ----
Zero (__iar_zero_init3)
    1 destination range, total size 0x30c:
          0x20000004  0x30c

Copy (__iar_copy_init3)
    1 source range, total size 0x4:
          0x0000243c    0x4
    1 destination range, total size 0x4:
          0x20000000    0x4



*******************************************************************************
*** MODULE SUMMARY
***

    Module            ro code  ro data  rw data
    ------            -------  -------  -------
D:\qp\qpc\examples\arm-cm\vanilla\iar\dpp_ek-lm3s811\dbg: [1]
    bsp.o                 704       44        9
    display96x16x1.o    1 044      704        6
    main.o                152               232
    philo.o               556       84      241
    startup_lm3s.o         32      272      400
    system_lm3s.o         672       92        4
    table.o             1 260      104       44
    -------------------------------------------
    Total:              4 420    1 300      936

command line: [2]
    -------------------------------------------
    Total:

dl7M_tln.a: [3]
    exit.o                  4
    low_level_init.o        4
    -------------------------------------------
    Total:                  8

libqp_cortex-m3.a: [4]
    qa_ctor.o              40
    qa_fifo.o             200
    qa_get_.o             180
    qa_lifo.o             168
    qa_sub.o              136
    qep.o                           16
    qeq_init.o             26
    qf_act.o               76               132
    qf_gc.o                96
    qf_new.o              124
    qf_pool.o             120                64
    qf_psini.o             20                 8
    qf_pspub.o            184
    qf_pwr2.o                      204
    qf_tick.o             200                32
    qhsm_dis.o            600
    qhsm_ini.o            212
    qhsm_top.o              4
    qmp_get.o              80
    qmp_init.o            156
    qmp_put.o              80
    qte_arm.o             124
    qte_ctor.o             68
    qvanilla.o            208                12
    -------------------------------------------
    Total:              3 102      220      248

rt7M_tl.a: [5]
    cexit.o                10
    cmain.o                26
    copy_init3.o           46
    cstartup_M.o           12
    data_init.o            40
    zero_init3.o           34
    -------------------------------------------
    Total:                168

shb_l.a: [6]
    exit.o                 20
    -------------------------------------------
    Total:                 20

    Gaps                    4        2
    Linker created                  36
-----------------------------------------------
    Grand Total:        7 722    1 558    1 184


*******************************************************************************
*** ENTRY LIST
***

Entry                    Address   Size  Type      Object
-----                    -------   ----  ----      ------
?main                 0x00002335         Code  Gb  cmain.o [5]
AO_Philo              0x00002378   0x14  Data  Gb  philo.o [1]
AO_Table              0x00002434    0x4  Data  Gb  table.o [1]
BSP_displayPaused     0x00000855   0x1a  Code  Gb  bsp.o [1]
BSP_displayPhilStat   0x0000082f   0x26  Code  Gb  bsp.o [1]
BSP_init              0x000007bd   0x72  Code  Gb  bsp.o [1]
BSP_random            0x0000086f   0x14  Code  Gb  bsp.o [1]
BSP_randomSeed        0x00000883    0x6  Code  Gb  bsp.o [1]
BSP_terminate         0x00000889    0x2  Code  Gb  bsp.o [1]
Display96x16x1Clear   0x00000f7d   0x74  Code  Gb  display96x16x1.o [1]
Display96x16x1Init    0x000010b5  0x19a  Code  Gb  display96x16x1.o [1]
Display96x16x1StringDraw
                      0x00000ff1   0xc4  Code  Gb  display96x16x1.o [1]
Display96x16x1WriteArray
                      0x00000f09   0x36  Code  Lc  display96x16x1.o [1]
Display96x16x1WriteByte
                      0x00000edf   0x2a  Code  Lc  display96x16x1.o [1]
Display96x16x1WriteFinal
                      0x00000f3f   0x3e  Code  Lc  display96x16x1.o [1]
Display96x16x1WriteFirst
                      0x00000ec5   0x1a  Code  Lc  display96x16x1.o [1]
GPIOPortA_IRQHandler  0x0000079d   0x20  Code  Gb  bsp.o [1]
HardFault_Handler     0x00002321    0xc  Code  Gb  startup_lm3s.o [1]
NMI_Handler           0x00002315    0xc  Code  Gb  startup_lm3s.o [1]
NVIC_EnableIRQ        0x000006ab   0x18  Code  Lc  bsp.o [1]
NVIC_SetPriority      0x000006c3   0x22  Code  Lc  bsp.o [1]
NVIC_SetPriorityGrouping
                      0x0000068d   0x1e  Code  Lc  bsp.o [1]
Philo_ctor            0x00001629   0x36  Code  Gb  philo.o [1]
Philo_eating          0x0000179d   0xa0  Code  Lc  philo.o [1]
Philo_hungry          0x00001705   0x98  Code  Lc  philo.o [1]
Philo_initial         0x00001661   0x26  Code  Lc  philo.o [1]
Philo_thinking        0x00001689   0x7a  Code  Lc  philo.o [1]
QActive_ctor          0x000005dd   0x12  Code  Gb  qa_ctor.o [4]
QActive_get_          0x00001bc1   0x9e  Code  Gb  qa_get_.o [4]
QActive_post          0x00001dd5   0xb4  Code  Gb  qa_fifo.o [4]
QActive_postLIFO      0x00001e9d   0x94  Code  Gb  qa_lifo.o [4]
QActive_start         0x00001b6d   0x48  Code  Gb  qvanilla.o [4]
QActive_subscribe     0x00000605   0x6a  Code  Gb  qa_sub.o [4]
QEP_reservedEvt_      0x000023c0   0x10  Data  Gb  qep.o [4]
QEQueue_init          0x00001c75   0x1a  Code  Gb  qeq_init.o [4]
QF_active_            0x200000f4   0x84  Data  Gb  qf_act.o [4]
QF_add_               0x00001cbd   0x3e  Code  Gb  qf_act.o [4]
QF_div8Lkup           0x00001d90   0x44  Data  Gb  qf_pwr2.o [4]
QF_gc                 0x00001321   0x50  Code  Gb  qf_gc.o [4]
QF_init               0x00001af1    0x2  Code  Gb  qvanilla.o [4]
QF_invPwr2Lkup        0x00001d4c   0x44  Data  Gb  qf_pwr2.o [4]
QF_maxPool_           0x20000300    0x4  Data  Gb  qf_pool.o [4]
QF_maxSignal_         0x20000308    0x4  Data  Gb  qf_psini.o [4]
QF_newX_              0x0000094d   0x6c  Code  Gb  qf_new.o [4]
QF_onIdle             0x000008bb   0x14  Code  Gb  bsp.o [1]
QF_onStartup          0x0000088b   0x30  Code  Gb  bsp.o [1]
QF_poolInit           0x0000208d   0x68  Code  Gb  qf_pool.o [4]
QF_pool_              0x2000022c   0x3c  Data  Gb  qf_pool.o [4]
QF_psInit             0x00002079   0x14  Code  Gb  qf_psini.o [4]
QF_publish            0x000009c9   0x9c  Code  Gb  qf_pspub.o [4]
QF_pwr2Lkup           0x00001d08   0x44  Data  Gb  qf_pwr2.o [4]
QF_readySet_          0x200002e8    0xc  Data  Gb  qvanilla.o [4]
QF_run                0x00001af3   0x70  Code  Gb  qvanilla.o [4]
QF_subscrList_        0x20000304    0x4  Data  Gb  qf_psini.o [4]
QF_tickX              0x00000b55   0xbc  Code  Gb  qf_tick.o [4]
QF_timeEvtHead_       0x200002b4   0x20  Data  Gb  qf_tick.o [4]
QHsm_ctor             0x00000a81    0xe  Code  Gb  qhsm_ini.o [4]
QHsm_dispatch         0x000013d1  0x23a  Code  Gb  qhsm_dis.o [4]
QHsm_init             0x00000a8f   0xa2  Code  Gb  qhsm_ini.o [4]
QHsm_top              0x00002439    0x4  Code  Gb  qhsm_top.o [4]
QMPool_get            0x000012d1   0x46  Code  Gb  qmp_get.o [4]
QMPool_init           0x00001f45   0x90  Code  Gb  qmp_init.o [4]
QMPool_put            0x00001381   0x48  Code  Gb  qmp_put.o [4]
QTimeEvt_armX         0x00001899   0x6e  Code  Gb  qte_arm.o [4]
QTimeEvt_ctorX        0x00001855   0x36  Code  Gb  qte_ctor.o [4]
Q_onAssert            0x00000935    0x8  Code  Gb  bsp.o [1]
Q_this_module_        0x00002224   0x40  Data  Lc  philo.o [1]
Q_this_module_        0x00002264   0x40  Data  Lc  table.o [1]
Q_this_module_        0x000009c0    0x8  Data  Lc  qf_new.o [4]
Q_this_module_        0x00000a74    0xc  Data  Lc  qf_pspub.o [4]
Q_this_module_        0x00000c14    0x8  Data  Lc  qf_tick.o [4]
Q_this_module_        0x00001bb4    0xc  Data  Lc  qvanilla.o [4]
Q_this_module_        0x000020fc    0x8  Data  Lc  qf_pool.o [4]
Q_this_module_        0x00000684    0x8  Data  Lc  qa_sub.o [4]
Q_this_module_        0x0000190c    0x8  Data  Lc  qte_arm.o [4]
Q_this_module_        0x0000188c    0xc  Data  Lc  qte_ctor.o [4]
Q_this_module_        0x00001318    0x8  Data  Lc  qmp_get.o [4]
Q_this_module_        0x00001d00    0x8  Data  Lc  qf_act.o [4]
Q_this_module_        0x00001378    0x8  Data  Lc  qf_gc.o [4]
Q_this_module_        0x00001c6c    0x8  Data  Lc  qa_get_.o [4]
Q_this_module_        0x00001fd4    0xc  Data  Lc  qmp_init.o [4]
Q_this_module_        0x00001e94    0x8  Data  Lc  qa_fifo.o [4]
Q_this_module_        0x00001f3c    0x8  Data  Lc  qa_lifo.o [4]
Q_this_module_        0x00000b40    0xc  Data  Lc  qhsm_ini.o [4]
Q_this_module_        0x0000161c    0xc  Data  Lc  qhsm_dis.o [4]
Q_this_module_        0x000013c8    0x8  Data  Lc  qmp_put.o [4]
Region$$Table$$Base   0x000022f0          --   Gb  - Linker created -
Region$$Table$$Limit  0x00002314          --   Gb  - Linker created -
SysCtlDelay           0x00000ebd    0x8  Code  Lc  display96x16x1.o [1]
SysTick_Config        0x000006e5   0x30  Code  Lc  bsp.o [1]
SysTick_Handler       0x00000715   0x88  Code  Gb  bsp.o [1]
SystemFrequency       0x200002fc    0x4  Data  Gb  system_lm3s.o [1]
SystemInit            0x00000c1d  0x2a0  Code  Gb  system_lm3s.o [1]
Table_active          0x0000017b   0x3c  Code  Lc  table.o [1]
Table_ctor            0x000000f1   0x34  Code  Gb  table.o [1]
Table_initial         0x00000125   0x56  Code  Lc  table.o [1]
Table_paused          0x000004b5  0x108  Code  Lc  table.o [1]
Table_serving         0x000001b9  0x2fa  Code  Lc  table.o [1]
__cmain               0x00002335         Code  Gb  cmain.o [5]
__exit                0x00002365   0x14  Code  Gb  exit.o [6]
__iar_copy_init3      0x00001c8f   0x2e  Code  Gb  copy_init3.o [5]
__iar_data_init3      0x000022a5   0x28  Code  Gb  data_init.o [5]
__iar_program_start   0x00002401         Code  Gb  cstartup_M.o [5]
__iar_zero_init3      0x000022cd   0x22  Code  Gb  zero_init3.o [5]
__low_level_init      0x0000234f    0x4  Code  Gb  low_level_init.o [3]
__vector_table        0x00000000   0xf0  Data  Gb  startup_lm3s.o [1]
_call_main            0x00002341         Code  Gb  cmain.o [5]
_exit                 0x00002359         Code  Gb  cexit.o [5]
_main                 0x0000234b         Code  Gb  cmain.o [5]
assert_failed         0x0000093d   0x10  Code  Gb  bsp.o [1]
exit                  0x00002353    0x4  Code  Gb  exit.o [3]
g_pucFont             0x00001914  0x1dc  Data  Lc  display96x16x1.o [1]
g_pucOSRAMInit        0x00002104   0x74  Data  Lc  display96x16x1.o [1]
g_pucOSRAMRow1        0x0000240c    0x8  Data  Lc  display96x16x1.o [1]
g_pucOSRAMRow2        0x00002414    0x8  Data  Lc  display96x16x1.o [1]
g_pucRITInit          0x000021d4   0x50  Data  Lc  display96x16x1.o [1]
g_pucRITRow1          0x0000241c    0x8  Data  Lc  display96x16x1.o [1]
g_pucRITRow2          0x00002424    0x8  Data  Lc  display96x16x1.o [1]
g_ucColumnAdjust      0x2000030e    0x1  Data  Lc  display96x16x1.o [1]
g_ucDisplayIsRIT      0x2000030d    0x1  Data  Lc  display96x16x1.o [1]
g_ulDelay             0x200002f8    0x4  Data  Lc  display96x16x1.o [1]
l_philo               0x20000004   0xf0  Data  Lc  philo.o [1]
l_philoQueueSto       0x20000178   0x64  Data  Lc  main.o [1]
l_pulXtals            0x00002178   0x5c  Data  Lc  system_lm3s.o [1]
l_rnd                 0x200002f4    0x4  Data  Lc  bsp.o [1]
l_smlPoolSto          0x200001dc   0x50  Data  Lc  main.o [1]
l_subscrSto           0x20000294   0x20  Data  Lc  main.o [1]
l_table               0x20000268   0x2c  Data  Lc  table.o [1]
l_tableQueueSto       0x200002d4   0x14  Data  Lc  main.o [1]
main                  0x00001fe1   0x98  Code  Gb  main.o [1]
pulStack              0x20000310  0x190  Data  Lc  startup_lm3s.o [1]


[1] = D:\qp\qpc\examples\arm-cm\vanilla\iar\dpp_ek-lm3s811\dbg
[2] = command line
[3] = dl7M_tln.a
[4] = libqp_cortex-m3.a
[5] = rt7M_tl.a
[6] = shb_l.a

  7 722 bytes of readonly  code memory
  1 558 bytes of readonly  data memory
  1 184 bytes of readwrite data memory

Errors: none
Warnings: none
